=== BASE (défaut, men-only, 106 extras) ===
  base : endgame_mse=3.5355  Elo_vs_hc=+171.2 (779-15-286)
=== KMOB (+JASS_KING_MOBILITY : king_mob séparé + roi-piégé) ===
  kmob : endgame_mse=4.2535  Elo_vs_hc=+204.0 (814-22-244)
=== ENDG (+JASS_ENDGAME_FEATURES : centralité+proximité) ===
  endg : endgame_mse=5.0861  Elo_vs_hc=+258.4 (875-12-193)
=== KINGPAT (+JASS_KING_PATTERNS : rois dans patterns) ===
  kingpat : endgame_mse=3.7951  Elo_vs_hc=+176.6 (785-16-279)
=== autopsie vs Scan : BASE puis KMOB ===
  [Scan-oracle init] init eval
  [Scan-oracle] bb-size=0 (no bitbases — FAIR comparison)
================================================================
  AUTOPSIE vs SCAN — où et combien on perd (oracle depth 11, 54 parties)
================================================================
  GLOBAL           n= 3590  accord=0.534  perte_moy=   0.75

-- par PHASE --
  opening          n=  952  accord=0.517  perte_moy=   0.03
  midgame          n=  667  accord=0.523  perte_moy=   0.07
  late-mid         n=  580  accord=0.557  perte_moy=   0.13
  endgame          n=  967  accord=0.556  perte_moy=   1.24
  deep-eg          n=  424  accord=0.509  perte_moy=   3.19

-- par ROIS (global — CONFONDU avec la phase) --
  no-kings         n= 2560  accord=0.541  perte_moy=   0.16
  kings            n= 1030  accord=0.518  perte_moy=   2.22

-- PHASE × ROIS (isole la VRAIE part rois : comparer dans la MÊME phase) --
  phase         no-king perte (n)       king perte (n)   ratio
  opening              0.03 (951)             0.00 (1)       —
  midgame              0.06 (643)            0.21 (24)    ×3.4
  late-mid             0.11 (500)            0.24 (80)    ×2.2
  endgame              0.42 (439)           1.92 (528)    ×4.6
  deep-eg               3.66 (27)           3.16 (397)    ×0.9
  → si le ratio king/no-king reste GRAND dans une même phase = effet ROI réel ;
    s'il tombe ~1 = le ×14 global était surtout l'effet PHASE (finale dure), pas les rois.

-- par TACTIQUE --
  quiet            n= 2807  accord=0.414  perte_moy=   0.81
  capture-avail    n=  783  accord=0.967  perte_moy=   0.53

-- par RÉSULTAT --
  drawn            n=  268  accord=0.500  perte_moy=   0.10
  lost             n= 3322  accord=0.537  perte_moy=   0.80

-- 4 PIRES BÉVUES (FEN · notre coup → coup de Scan · phase · rois · perte) --
  g46 [lost ] deep-eg  K perte= 95.0      26-31 → 40-45      B:W28,33,36,K49:B26,40
  g17 [lost ] deep-eg  K perte= 91.5      23-14 → 23-34      W:WK23:B24,36,K35,K42
  g31 [lost ] endgame  K perte= 90.7      33-28 → 49-43      W:W15,25,33,49:B3,4,9,K18,K35
  g6  [lost ] endgame  K perte= 90.7      30-35 → 8-12       B:W11,19,33,39,48,K45:B8,30,K50
  --- base vs Scan ---
      endgame          n=  967  accord=0.556  perte_moy=   1.24
      deep-eg          n=  424  accord=0.509  perte_moy=   3.19
      endgame              0.42 (439)           1.92 (528)    ×4.6
      deep-eg               3.66 (27)           3.16 (397)    ×0.9
  Jass score rate: 0.028 (1.5 / 54)   ELO estimate:    -618 (95% CI ≈ ±109) 
  [Scan-oracle init] init eval
  [Scan-oracle] bb-size=0 (no bitbases — FAIR comparison)
================================================================
  AUTOPSIE vs SCAN — où et combien on perd (oracle depth 11, 54 parties)
================================================================
  GLOBAL           n= 3417  accord=0.549  perte_moy=   0.88

-- par PHASE --
  opening          n= 1023  accord=0.514  perte_moy=   0.03
  midgame          n=  691  accord=0.524  perte_moy=   0.08
  late-mid         n=  625  accord=0.558  perte_moy=   0.17
  endgame          n=  709  accord=0.568  perte_moy=   1.72
  deep-eg          n=  369  accord=0.640  perte_moy=   4.35

-- par ROIS (global — CONFONDU avec la phase) --
  no-kings         n= 2611  accord=0.531  perte_moy=   0.24
  kings            n=  806  accord=0.608  perte_moy=   2.97

-- PHASE × ROIS (isole la VRAIE part rois : comparer dans la MÊME phase) --
  phase         no-king perte (n)       king perte (n)   ratio
  opening             0.03 (1022)             0.00 (1)       —
  midgame              0.07 (665)            0.18 (26)    ×2.5
  late-mid             0.16 (557)            0.19 (68)    ×1.1
  endgame              0.20 (336)           3.08 (373)   ×15.4
  deep-eg              12.29 (31)           3.62 (338)    ×0.3
  → si le ratio king/no-king reste GRAND dans une même phase = effet ROI réel ;
    s'il tombe ~1 = le ×14 global était surtout l'effet PHASE (finale dure), pas les rois.

-- par TACTIQUE --
  quiet            n= 2648  accord=0.428  perte_moy=   1.02
  capture-avail    n=  769  accord=0.965  perte_moy=   0.41

-- par RÉSULTAT --
  lost             n= 3417  accord=0.549  perte_moy=   0.88

-- 4 PIRES BÉVUES (FEN · notre coup → coup de Scan · phase · rois · perte) --
  g15 [lost ] deep-eg  K perte= 99.3      17-33 → 17-8       W:WK17:B24,42,K43
  g10 [lost ] deep-eg  K perte= 96.7      19-24 → 25-30      B:W41,K45:B19,25
  g40 [lost ] deep-eg    perte= 96.0      10-14 → 16-21      B:W29,31,39,43:B10,16
  g50 [lost ] endgame  K perte= 94.5      27-31 → 27-32      B:W18,24,37,50,K3:B25,26,27,40
  --- kmob vs Scan ---
      endgame          n=  709  accord=0.568  perte_moy=   1.72
      deep-eg          n=  369  accord=0.640  perte_moy=   4.35
      endgame              0.20 (336)           3.08 (373)   ×15.4
      deep-eg              12.29 (31)           3.62 (338)    ×0.3
  Jass score rate: 0.000 (0.0 / 54)   ELO estimate:    -800 (95% CI ≈ ±109) 

==========================================================
   cpx62-0311 — features rois manquantes (LEAD 1+2, toutes linéaires)
----------------------------------------------------------
  base     endgame_mse=3.5355   Elo=+171.2 (779-15-286)
  kmob     endgame_mse=4.2535   Elo=+204.0 (814-22-244)
  endg     endgame_mse=5.0861   Elo=+258.4 (875-12-193)
  kingpat  endgame_mse=3.7951   Elo=+176.6 (785-16-279)
----------------------------------------------------------
  KMOB endgame_mse < BASE + endgame-rois(KMOB) < 2.91(BASE) + Elo ≈/> → la feature king_mob
     APPORTE le gradient de conversion (ce que 0306/MTC ratait) → l'intégrer + raffiner (sûreté).
  KINGPAT/ENDG > BASE → quick wins à activer par défaut. Sinon → piste suivante (densité données).
==========================================================
