[  3%] Building CXX object CMakeFiles/jass_lib.dir/src/position.cpp.o
[  7%] Building CXX object CMakeFiles/jass_lib.dir/src/nnue_accumulator.cpp.o
[ 15%] Building CXX object CMakeFiles/jass_lib.dir/src/board.cpp.o
[ 15%] Building CXX object CMakeFiles/jass_lib.dir/src/movegen.cpp.o
[ 23%] Building CXX object CMakeFiles/jass_lib.dir/src/eval.cpp.o
[ 23%] Building CXX object CMakeFiles/jass_lib.dir/src/nnue.cpp.o
[ 26%] Building CXX object CMakeFiles/jass_lib.dir/src/nnue_server_client.cpp.o
[ 30%] Building CXX object CMakeFiles/jass_lib.dir/src/pattern_network.cpp.o
[ 34%] Building CXX object CMakeFiles/jass_lib.dir/src/pattern_jass_bridge.cpp.o
[ 38%] Building CXX object CMakeFiles/jass_lib.dir/src/scan_eval.cpp.o
[ 42%] Building CXX object CMakeFiles/jass_lib.dir/pattern_jass/src/pattern.cpp.o
/root/jass/src/pattern_network.cpp: In member function ‘bool jass::PatternNetwork::save(std::string_view, uint32_t) const’:
/root/jass/src/pattern_network.cpp:846:31: warning: declaration of ‘n’ shadows a previous local [-Wshadow]
  846 |             const std::size_t n = patterns_.size();
      |                               ^
/root/jass/src/pattern_network.cpp:814:25: note: shadowed declaration is here
  814 |     const std::uint32_t n = static_cast<std::uint32_t>(patterns_.size());
      |                         ^
[ 46%] Building CXX object CMakeFiles/jass_lib.dir/pattern_jass/src/weights.cpp.o
[ 50%] Building CXX object CMakeFiles/jass_lib.dir/generated/nnue_default_data.cpp.o
[ 53%] Building CXX object CMakeFiles/jass_lib.dir/src/search.cpp.o
[ 57%] Building CXX object CMakeFiles/jass_lib.dir/src/zobrist.cpp.o
[ 61%] Building CXX object CMakeFiles/jass_lib.dir/src/tt.cpp.o
[ 65%] Building CXX object CMakeFiles/jass_lib.dir/src/engine.cpp.o
/root/jass/src/scan_eval.cpp: In function ‘std::optional<jass::scan_eval::ScanWeights> jass::scan_eval::load_scan_weights(const std::string&, std::string*)’:
/root/jass/src/scan_eval.cpp:138:9: warning: this ‘if’ clause does not guard... [-Wmisleading-indentation]
  138 |         if (err) *err = "file too short"; return std::nullopt;
      |         ^~
/root/jass/src/scan_eval.cpp:138:43: note: ...this statement, but the latter is misleadingly indented as if it were guarded by the ‘if’
  138 |         if (err) *err = "file too short"; return std::nullopt;
      |                                           ^~~~~~
[ 69%] Building CXX object CMakeFiles/jass_lib.dir/src/endgame.cpp.o
[ 73%] Building CXX object CMakeFiles/jass_lib.dir/src/bitbase.cpp.o
[ 76%] Building CXX object CMakeFiles/jass_lib.dir/src/book.cpp.o
[ 80%] Building CXX object CMakeFiles/jass_lib.dir/src/timemgr.cpp.o
/root/jass/src/search.cpp: In member function ‘int jass::{anonymous}::Searcher::eval_leaf(const jass::Position&, int) const’:
/root/jass/src/search.cpp:222:32: warning: conversion to ‘std::array<jass::AccumulatorPair, 66>::size_type’ {aka ‘long unsigned int’} from ‘int’ may change the sign of the result [-Wsign-conversion]
  222 |                 ? accumulators[ply].white
      |                                ^~~
/root/jass/src/search.cpp:223:32: warning: conversion to ‘std::array<jass::AccumulatorPair, 66>::size_type’ {aka ‘long unsigned int’} from ‘int’ may change the sign of the result [-Wsign-conversion]
  223 |                 : accumulators[ply].black;
      |                                ^~~
[ 84%] Building CXX object CMakeFiles/jass_lib.dir/src/tournament.cpp.o
[ 88%] Building CXX object CMakeFiles/jass_lib.dir/src/hub.cpp.o
[ 92%] Linking CXX static library libjass_lib.a
[ 92%] Built target jass_lib
[ 96%] Building CXX object CMakeFiles/jass.dir/src/main.cpp.o
/root/jass/src/main.cpp: In function ‘int run_gen_tdleaf_mode(int, char**)’:
/root/jass/src/main.cpp:555:11: warning: conversion to ‘long long unsigned int’ from ‘uint64_t’ {aka ‘long unsigned int’} may change the sign of the result [-Wsign-conversion]
  555 |         ? static_cast<std::uint64_t>(parse_int_or(argv[7], 1)) : 1ULL;
      |           ^~~~~~~~~~~~~~~~~~~~~~~~~~~~~~~~~~~~~~~~~~~~~~~~~~~~
/root/jass/src/main.cpp:555:9: warning: conversion to ‘uint64_t’ {aka ‘long unsigned int’} from ‘long long unsigned int’ may change the sign of the result [-Wsign-conversion]
  554 |     const std::uint64_t seed = (argc > 7)
      |                                ~~~~~~~~~~
  555 |         ? static_cast<std::uint64_t>(parse_int_or(argv[7], 1)) : 1ULL;
      |         ^~~~~~~~~~~~~~~~~~~~~~~~~~~~~~~~~~~~~~~~~~~~~~~~~~~~~~~~~~~~~
/root/jass/src/main.cpp: In function ‘int run_depth_at_movetime_mode(int, char**)’:
/root/jass/src/main.cpp:1422:24: warning: conversion from ‘long long int’ to ‘double’ may change value [-Wconversion]
 1422 |         avg_depth[s] = sum_depth / n;
      |                        ^~~~~~~~~
[100%] Linking CXX executable jass
[100%] Built target jass
[ 63%] Built target jass_lib
[ 65%] Building CXX object CMakeFiles/jass_tests.dir/tests/test_main.cpp.o
[ 76%] Building CXX object CMakeFiles/jass_tests.dir/tests/test_position.cpp.o
[ 76%] Building CXX object CMakeFiles/jass_tests.dir/tests/test_tt.cpp.o
[ 76%] Building CXX object CMakeFiles/jass_tests.dir/tests/test_movegen.cpp.o
[ 76%] Building CXX object CMakeFiles/jass_tests.dir/tests/test_search.cpp.o
[ 78%] Building CXX object CMakeFiles/jass_tests.dir/tests/test_engine.cpp.o
[ 81%] Building CXX object CMakeFiles/jass_tests.dir/tests/test_draws.cpp.o
[ 84%] Building CXX object CMakeFiles/jass_tests.dir/tests/test_endgame.cpp.o
[ 86%] Building CXX object CMakeFiles/jass_tests.dir/tests/test_book.cpp.o
[ 89%] Building CXX object CMakeFiles/jass_tests.dir/tests/test_tournament.cpp.o
[ 92%] Building CXX object CMakeFiles/jass_tests.dir/tests/test_nnue.cpp.o
[ 94%] Building CXX object CMakeFiles/jass_tests.dir/tests/test_hub.cpp.o
[ 97%] Building CXX object CMakeFiles/jass_tests.dir/tests/test_scan_eval.cpp.o
/root/jass/tests/test_nnue.cpp: In function ‘void {anonymous}::test_evaluate_with_accumulator_matches_evaluate()’:
/root/jass/tests/test_nnue.cpp:970:70: warning: conversion from ‘std::size_t’ {aka ‘long unsigned int’} to ‘std::array<int, 64>::value_type’ {aka ‘int’} may change value [-Wconversion]
  970 |     for (std::size_t j = 0; j < MLPNetworkQ::HIDDEN1; ++j) b1[j] = j - 50;
      |                                                                    ~~^~~~
[100%] Linking CXX executable jass_tests
[100%] Built target jass_tests
