  [preflight] build ×1 ≈ 4 min
  [preflight] train: 1 × 2500000 lignes @ 4min/M ≈ 10.0 min
  [preflight] gen d10 cap relevé + pool + refit champion2: ≈ 110 min
  [preflight] TOTAL estimé ≈ 124.0 min  (cap 150 min)
  [preflight] OK — sous le cap, lancement.
=== récupère champion + pool (0369) et attend le shard d12 (0370) ===
  attente jobs/results/cpx62-0369-merge-champion/artefacts/champion.pjtw (1/24)
  attente jobs/results/cpx62-0369-merge-champion/artefacts/champion.pjtw (2/24)
  attente jobs/results/cpx62-0369-merge-champion/artefacts/champion.pjtw (3/24)
  attente jobs/results/cpx62-0369-merge-champion/artefacts/champion.pjtw (4/24)
  attente jobs/results/cpx62-0369-merge-champion/artefacts/champion.pjtw (5/24)
  attente jobs/results/cpx62-0369-merge-champion/artefacts/champion.pjtw (6/24)
  attente jobs/results/cpx62-0369-merge-champion/artefacts/champion.pjtw (7/24)
  attente jobs/results/cpx62-0369-merge-champion/artefacts/champion.pjtw (8/24)
  attente jobs/results/cpx62-0369-merge-champion/artefacts/champion.pjtw (9/24)
  attente jobs/results/cpx62-0369-merge-champion/artefacts/champion.pjtw (10/24)
  attente jobs/results/cpx62-0369-merge-champion/artefacts/champion.pjtw (11/24)
  attente jobs/results/cpx62-0369-merge-champion/artefacts/champion.pjtw (12/24)
  attente jobs/results/cpx62-0369-merge-champion/artefacts/champion.pjtw (13/24)
  attente jobs/results/cpx62-0369-merge-champion/artefacts/champion.pjtw (14/24)
  attente jobs/results/cpx62-0369-merge-champion/artefacts/champion.pjtw (15/24)
  attente jobs/results/cpx62-0369-merge-champion/artefacts/champion.pjtw (16/24)
  attente jobs/results/cpx62-0369-merge-champion/artefacts/champion.pjtw (17/24)
  attente jobs/results/cpx62-0369-merge-champion/artefacts/champion.pjtw (18/24)
  attente jobs/results/cpx62-0369-merge-champion/artefacts/champion.pjtw (19/24)
  attente jobs/results/cpx62-0369-merge-champion/artefacts/champion.pjtw (20/24)
  attente jobs/results/cpx62-0369-merge-champion/artefacts/champion.pjtw (21/24)
  attente jobs/results/cpx62-0369-merge-champion/artefacts/champion.pjtw (22/24)
  attente jobs/results/cpx62-0369-merge-champion/artefacts/champion.pjtw (23/24)
  attente jobs/results/cpx62-0369-merge-champion/artefacts/champion.pjtw (24/24)
  attente jobs/results/cpx62-0369-merge-champion/artefacts/champion.pjtw (25/24)
  attente jobs/results/cpx62-0369-merge-champion/artefacts/champion.pjtw (26/24)
  attente jobs/results/cpx62-0369-merge-champion/artefacts/champion.pjtw (27/24)
  attente jobs/results/cpx62-0369-merge-champion/artefacts/champion.pjtw (28/24)
  attente jobs/results/cpx62-0369-merge-champion/artefacts/champion.pjtw (29/24)
  attente jobs/results/cpx62-0369-merge-champion/artefacts/champion.pjtw (30/24)
  attente jobs/results/cpx62-0369-merge-champion/artefacts/champion.pjtw (31/24)
  attente jobs/results/cpx62-0369-merge-champion/artefacts/champion.pjtw (32/24)
  attente jobs/results/cpx62-0369-merge-champion/artefacts/champion.pjtw (33/24)
  attente jobs/results/cpx62-0369-merge-champion/artefacts/champion.pjtw (34/24)
  attente jobs/results/cpx62-0369-merge-champion/artefacts/champion.pjtw (35/24)
  attente jobs/results/cpx62-0369-merge-champion/artefacts/champion.pjtw (36/24)
  attente jobs/results/cpx62-0369-merge-champion/artefacts/champion.pjtw (37/24)
  attente jobs/results/cpx62-0369-merge-champion/artefacts/champion.pjtw (38/24)
  attente jobs/results/cpx62-0369-merge-champion/artefacts/champion.pjtw (39/24)
  attente jobs/results/cpx62-0369-merge-champion/artefacts/champion.pjtw (40/24)
  attente jobs/results/cpx62-0369-merge-champion/artefacts/champion.pjtw (41/24)
  attente jobs/results/cpx62-0369-merge-champion/artefacts/champion.pjtw (42/24)
  attente jobs/results/cpx62-0369-merge-champion/artefacts/champion.pjtw (43/24)
  attente jobs/results/cpx62-0369-merge-champion/artefacts/champion.pjtw (44/24)
  attente jobs/results/cpx62-0369-merge-champion/artefacts/champion.pjtw (45/24)
  attente jobs/results/cpx62-0369-merge-champion/artefacts/champion.pjtw (46/24)
  attente jobs/results/cpx62-0369-merge-champion/artefacts/champion.pjtw (47/24)
  attente jobs/results/cpx62-0369-merge-champion/artefacts/champion.pjtw (48/24)
  attente jobs/results/cpx62-0369-merge-champion/artefacts/champion.pjtw (49/24)
  attente jobs/results/cpx62-0369-merge-champion/artefacts/champion.pjtw (50/24)
  attente jobs/results/cpx62-0369-merge-champion/artefacts/champion.pjtw (51/24)
  attente jobs/results/cpx62-0369-merge-champion/artefacts/champion.pjtw (52/24)
  attente jobs/results/cpx62-0369-merge-champion/artefacts/champion.pjtw (53/24)
  attente jobs/results/cpx62-0369-merge-champion/artefacts/champion.pjtw (54/24)
  attente jobs/results/cpx62-0369-merge-champion/artefacts/champion.pjtw (55/24)
  attente jobs/results/cpx62-0369-merge-champion/artefacts/champion.pjtw (56/24)
  attente jobs/results/cpx62-0369-merge-champion/artefacts/champion.pjtw (57/24)
  attente jobs/results/cpx62-0369-merge-champion/artefacts/champion.pjtw (58/24)
  attente jobs/results/cpx62-0369-merge-champion/artefacts/champion.pjtw (59/24)
  attente jobs/results/cpx62-0369-merge-champion/artefacts/champion.pjtw (60/24)
  attente jobs/results/cpx62-0369-merge-champion/artefacts/champion.pjtw (61/24)
  attente jobs/results/cpx62-0369-merge-champion/artefacts/champion.pjtw (62/24)
  attente jobs/results/cpx62-0369-merge-champion/artefacts/champion.pjtw (63/24)
  attente jobs/results/cpx62-0369-merge-champion/artefacts/champion.pjtw (64/24)
  attente jobs/results/cpx62-0369-merge-champion/artefacts/champion.pjtw (65/24)
  attente jobs/results/cpx62-0369-merge-champion/artefacts/champion.pjtw (66/24)
  attente jobs/results/cpx62-0369-merge-champion/artefacts/champion.pjtw (67/24)
  attente jobs/results/cpx62-0369-merge-champion/artefacts/champion.pjtw (68/24)
  attente jobs/results/cpx62-0369-merge-champion/artefacts/champion.pjtw (69/24)
  attente jobs/results/cpx62-0369-merge-champion/artefacts/champion.pjtw (70/24)
  attente jobs/results/cpx62-0369-merge-champion/artefacts/champion.pjtw (71/24)
  attente jobs/results/cpx62-0369-merge-champion/artefacts/champion.pjtw (72/24)
  attente jobs/results/cpx62-0369-merge-champion/artefacts/champion.pjtw (73/24)
  attente jobs/results/cpx62-0369-merge-champion/artefacts/champion.pjtw (74/24)
  attente jobs/results/cpx62-0369-merge-champion/artefacts/champion.pjtw (75/24)
  attente jobs/results/cpx62-0369-merge-champion/artefacts/champion.pjtw (76/24)
  attente jobs/results/cpx62-0369-merge-champion/artefacts/champion.pjtw (77/24)
  attente jobs/results/cpx62-0369-merge-champion/artefacts/champion.pjtw (78/24)
  attente jobs/results/cpx62-0369-merge-champion/artefacts/champion.pjtw (79/24)
  attente jobs/results/cpx62-0369-merge-champion/artefacts/champion.pjtw (80/24)
  attente jobs/results/cpx62-0369-merge-champion/artefacts/champion.pjtw (81/24)
  attente jobs/results/cpx62-0369-merge-champion/artefacts/champion.pjtw (82/24)
  attente jobs/results/cpx62-0369-merge-champion/artefacts/champion.pjtw (83/24)
  attente jobs/results/cpx62-0369-merge-champion/artefacts/champion.pjtw (84/24)
  attente jobs/results/cpx62-0369-merge-champion/artefacts/champion.pjtw (85/24)
  attente jobs/results/cpx62-0369-merge-champion/artefacts/champion.pjtw (86/24)
  attente jobs/results/cpx62-0369-merge-champion/artefacts/champion.pjtw (87/24)
  attente jobs/results/cpx62-0369-merge-champion/artefacts/champion.pjtw (88/24)
  attente jobs/results/cpx62-0369-merge-champion/artefacts/champion.pjtw (89/24)
  attente jobs/results/cpx62-0369-merge-champion/artefacts/champion.pjtw (90/24)
  attente jobs/results/cpx62-0369-merge-champion/artefacts/champion.pjtw (91/24)
  attente jobs/results/cpx62-0369-merge-champion/artefacts/champion.pjtw (92/24)
  attente jobs/results/cpx62-0369-merge-champion/artefacts/champion.pjtw (93/24)
  attente jobs/results/cpx62-0369-merge-champion/artefacts/champion.pjtw (94/24)
  attente jobs/results/cpx62-0369-merge-champion/artefacts/champion.pjtw (95/24)
  attente jobs/results/cpx62-0369-merge-champion/artefacts/champion.pjtw (96/24)
  attente jobs/results/cpx62-0369-merge-champion/artefacts/champion.pjtw (97/24)
  attente jobs/results/cpx62-0369-merge-champion/artefacts/champion.pjtw (98/24)
  attente jobs/results/cpx62-0369-merge-champion/artefacts/champion.pjtw (99/24)
  attente jobs/results/cpx62-0369-merge-champion/artefacts/champion.pjtw (100/24)
  attente jobs/results/cpx62-0369-merge-champion/artefacts/champion.pjtw (101/24)
  attente jobs/results/cpx62-0369-merge-champion/artefacts/champion.pjtw (102/24)
  attente jobs/results/cpx62-0369-merge-champion/artefacts/champion.pjtw (103/24)
  attente jobs/results/cpx62-0369-merge-champion/artefacts/champion.pjtw (104/24)
  attente jobs/results/cpx62-0369-merge-champion/artefacts/champion.pjtw (105/24)
  attente jobs/results/cpx62-0369-merge-champion/artefacts/champion.pjtw (106/24)
  attente jobs/results/cpx62-0369-merge-champion/artefacts/champion.pjtw (107/24)
  attente jobs/results/cpx62-0369-merge-champion/artefacts/champion.pjtw (108/24)
  attente jobs/results/cpx62-0369-merge-champion/artefacts/champion.pjtw (109/24)
  attente jobs/results/cpx62-0369-merge-champion/artefacts/champion.pjtw (110/24)
  attente jobs/results/cpx62-0369-merge-champion/artefacts/champion.pjtw (111/24)
  attente jobs/results/cpx62-0369-merge-champion/artefacts/champion.pjtw (112/24)
  attente jobs/results/cpx62-0369-merge-champion/artefacts/champion.pjtw (113/24)
  attente jobs/results/cpx62-0369-merge-champion/artefacts/champion.pjtw (114/24)
  attente jobs/results/cpx62-0369-merge-champion/artefacts/champion.pjtw (115/24)
  attente jobs/results/cpx62-0369-merge-champion/artefacts/champion.pjtw (116/24)
  attente jobs/results/cpx62-0369-merge-champion/artefacts/champion.pjtw (117/24)
  attente jobs/results/cpx62-0369-merge-champion/artefacts/champion.pjtw (118/24)
  attente jobs/results/cpx62-0369-merge-champion/artefacts/champion.pjtw (119/24)
  attente jobs/results/cpx62-0369-merge-champion/artefacts/champion.pjtw (120/24)
ABORT: jobs/results/cpx62-0369-merge-champion/artefacts/champion.pjtw absent
