=== host : ubuntu-16gb-hel1-2  nproc=8  mem=30Gi ===
v15 weights : /root/jass/jobs/results/0090-small-arch-sweep-movetime/artefacts.src/arch-128-64/nnue-128-64-q.bin (66K)

=== Phase 1 : build prod ===
BUILD FAIL
  814 |     const std::uint32_t n = static_cast<std::uint32_t>(patterns_.size());
      |                         ^
[ 60%] Building CXX object CMakeFiles/jass_lib.dir/src/tt.cpp.o
[ 64%] Building CXX object CMakeFiles/jass_lib.dir/src/engine.cpp.o
[ 68%] Building CXX object CMakeFiles/jass_lib.dir/src/endgame.cpp.o
[ 72%] Building CXX object CMakeFiles/jass_lib.dir/src/bitbase.cpp.o
[ 76%] Building CXX object CMakeFiles/jass_lib.dir/src/book.cpp.o
[ 80%] Building CXX object CMakeFiles/jass_lib.dir/src/timemgr.cpp.o
[ 84%] Building CXX object CMakeFiles/jass_lib.dir/src/tournament.cpp.o
/root/jass/src/search.cpp: In member function ‘int jass::{anonymous}::Searcher::eval_leaf(const jass::Position&, int) const’:
/root/jass/src/search.cpp:193:32: warning: conversion to ‘std::array<jass::AccumulatorPair, 66>::size_type’ {aka ‘long unsigned int’} from ‘int’ may change the sign of the result [-Wsign-conversion]
  193 |                 ? accumulators[ply].white
      |                                ^~~
/root/jass/src/search.cpp:194:32: warning: conversion to ‘std::array<jass::AccumulatorPair, 66>::size_type’ {aka ‘long unsigned int’} from ‘int’ may change the sign of the result [-Wsign-conversion]
  194 |                 : accumulators[ply].black;
      |                                ^~~
[ 88%] Building CXX object CMakeFiles/jass_lib.dir/src/hub.cpp.o
Assembler messages:
Error: can't open /tmp/ccOWJjMM.s for reading: No such file or directory
gmake[3]: *** [CMakeFiles/jass_lib.dir/build.make:370: CMakeFiles/jass_lib.dir/src/hub.cpp.o] Error 1
gmake[3]: *** Waiting for unfinished jobs....
Assembler messages:
Error: can't open /tmp/ccD0qezr.s for reading: No such file or directory
gmake[3]: *** [CMakeFiles/jass_lib.dir/build.make:244: CMakeFiles/jass_lib.dir/src/search.cpp.o] Error 1
Assembler messages:
Error: can't open /tmp/ccQ5FK9V.s for reading: No such file or directory
gmake[3]: *** [CMakeFiles/jass_lib.dir/build.make:314: CMakeFiles/jass_lib.dir/src/bitbase.cpp.o] Error 1
gmake[2]: *** [CMakeFiles/Makefile2:87: CMakeFiles/jass_lib.dir/all] Error 2
gmake[1]: *** [CMakeFiles/Makefile2:120: CMakeFiles/jass.dir/rule] Error 2
gmake: *** [Makefile:147: jass] Error 2
