=== host ===
host: ubuntu-16gb-hel1-2  nproc: 8

=== Phase 0 : install scipy if missing ===
WARNING: Running pip as the 'root' user can result in broken permissions and conflicting behaviour with the system package manager. It is recommended to use a virtual environment instead: https://pip.pypa.io/warnings/venv
scipy 1.17.1 numpy 2.4.4

=== Phase 1 : build prod (avec pattern_jass_bridge) ===

=== Phase 2 : train pattern_jass v1 sur master 1.6M ===
loading JNNW /root/jass/jobs/results/0014-fetch-master-games/artefacts.src/master-1600.jnnw
  4738008 records  (0.25s)
extracting pattern indices (men only)
  shape (4738008, 8) buckets=472392  (3.32s)
split : train=4264208 val=473800
L-BFGS  l2=1e-05  max_iter=200
  train_loss=0.376444  iters=200  (67.22s)
val   : mse=0.753738  sign_acc=0.5015
quant : scale=1000  range=[-746,711]  nnz=77249
wrote /root/jass/jobs/results/0118bis-pattern-jass-train-gate2/artefacts.src/pattern_jass_v1.pjtw  (472392 weights, 1889584 bytes)
  train wall: 71s (1m 11s)
-rw-r--r-- 1 root root 1889584 Jun  5 07:07 /root/jass/jobs/results/0118bis-pattern-jass-train-gate2/artefacts.src/pattern_jass_v1.pjtw

=== Phase 3 : bench --benchmark-pattern-jass depth 6 pairs 3 ===
Benchmark: PATTERN_JASS (/root/jass/jobs/results/0118bis-pattern-jass-train-gate2/artefacts.src/pattern_jass_v1.pjtw, 472392 weights, scale=1000) vs handcrafted, depth 6, threads 1, movetime_ms 0, 54 games (9 openings × 3 pairs × 2 colours)
Result: PATTERN_JASS=0 Handcrafted=54 Draws=0 (total 54)
PATTERN_JASS score rate: 0 (0 / 54)
GATE 2 FAIL (rate < 0.55)
  bench wall: 4s

==========================================================
       0118bis PATTERN_JASS GATE 2 VERDICT
==========================================================
  train      : 71s (1m)
  bench      : 4s
  weights    : /root/jass/jobs/results/0118bis-pattern-jass-train-gate2/artefacts.src/pattern_jass_v1.pjtw (1889584 bytes)
  rate       : 0
  GATE 2 FAIL (rate < 0.55)

  rate 0.000 = ΔELO ≈ +inf vs handcrafted
  → GATE 2 FAIL (0.000) : pattern_jass insuffisant
  → l'infra Othello marchait, donc le pb est draughts-spécifique
     hypothèses : géométrie pattern, encoding, kings ignorés, ...
==========================================================
