opening pool: 9 positions
jass setup:   nnue=/root/jass/jobs/results/0083-scan-distill-v11-capacity-bump/artefacts.src/arch-768-384/nnue-768-384-q.bin  book=(default/none)
scan setup:   book=off  bb-size=0
  game   1: Jass=W Scan=B → L (no legal move from Jass-player, 121 plies)  Jass +0.0  [8s]
  game   2: Scan=W Jass=B → W (no legal move from Jass-player, 120 plies)  Jass +0.0  [20s]
  game   3: Jass=W Scan=B → L (no legal move from Jass-player, 121 plies)  Jass +0.0  [29s]
  game   4: Scan=W Jass=B → W (no legal move from Jass-player, 120 plies)  Jass +0.0  [41s]
  game   5: Jass=W Scan=B → L (no legal move from Jass-player, 121 plies)  Jass +0.0  [49s]
  game   6: Scan=W Jass=B → W (no legal move from Jass-player, 120 plies)  Jass +0.0  [61s]
  game   7: Jass=W Scan=B → L (no legal move from Jass-player, 117 plies)  Jass +0.0  [72s]
  game   8: Scan=W Jass=B → W (no legal move from Jass-player, 102 plies)  Jass +0.0  [81s]
  game   9: Jass=W Scan=B → L (no legal move from Jass-player, 117 plies)  Jass +0.0  [92s]
  game  10: Scan=W Jass=B → W (no legal move from Jass-player, 102 plies)  Jass +0.0  [101s]
  game  11: Jass=W Scan=B → L (no legal move from Jass-player, 117 plies)  Jass +0.0  [113s]
  game  12: Scan=W Jass=B → W (no legal move from Jass-player, 102 plies)  Jass +0.0  [122s]
  game  13: Jass=W Scan=B → L (no legal move from Jass-player, 113 plies)  Jass +0.0  [134s]
  game  14: Scan=W Jass=B → W (no legal move from Jass-player, 106 plies)  Jass +0.0  [142s]
  game  15: Jass=W Scan=B → L (no legal move from Jass-player, 113 plies)  Jass +0.0  [155s]
  game  16: Scan=W Jass=B → W (no legal move from Jass-player, 106 plies)  Jass +0.0  [163s]
  game  17: Jass=W Scan=B → L (no legal move from Jass-player, 113 plies)  Jass +0.0  [176s]
  game  18: Scan=W Jass=B → W (no legal move from Jass-player, 106 plies)  Jass +0.0  [184s]
  game  19: Jass=W Scan=B → L (no legal move from Jass-player, 119 plies)  Jass +0.0  [202s]
  game  20: Scan=W Jass=B → W (no legal move from Jass-player, 106 plies)  Jass +0.0  [211s]
  game  21: Jass=W Scan=B → L (no legal move from Jass-player, 119 plies)  Jass +0.0  [228s]
  game  22: Scan=W Jass=B → W (no legal move from Jass-player, 106 plies)  Jass +0.0  [237s]
  game  23: Jass=W Scan=B → L (no legal move from Jass-player, 119 plies)  Jass +0.0  [255s]
  game  24: Scan=W Jass=B → W (no legal move from Jass-player, 106 plies)  Jass +0.0  [263s]
  game  25: Jass=W Scan=B → L (no legal move from Jass-player, 141 plies)  Jass +0.0  [298s]
  game  26: Scan=W Jass=B → W (no legal move from Jass-player, 126 plies)  Jass +0.0  [308s]
  game  27: Jass=W Scan=B → L (no legal move from Jass-player, 141 plies)  Jass +0.0  [336s]
  game  28: Scan=W Jass=B → W (no legal move from Jass-player, 126 plies)  Jass +0.0  [346s]
  game  29: Jass=W Scan=B → L (no legal move from Jass-player, 141 plies)  Jass +0.0  [375s]
  game  30: Scan=W Jass=B → W (no legal move from Jass-player, 126 plies)  Jass +0.0  [385s]
  game  31: Jass=W Scan=B → L (no legal move from Jass-player, 127 plies)  Jass +0.0  [398s]
  game  32: Scan=W Jass=B → W (no legal move from Jass-player, 142 plies)  Jass +0.0  [416s]
  game  33: Jass=W Scan=B → L (no legal move from Jass-player, 127 plies)  Jass +0.0  [430s]
  game  34: Scan=W Jass=B → W (no legal move from Jass-player, 142 plies)  Jass +0.0  [447s]
  game  35: Jass=W Scan=B → L (no legal move from Jass-player, 127 plies)  Jass +0.0  [461s]
  game  36: Scan=W Jass=B → W (no legal move from Jass-player, 142 plies)  Jass +0.0  [478s]
  game  37: Jass=W Scan=B → L (no legal move from Jass-player, 119 plies)  Jass +0.0  [492s]
  game  38: Scan=W Jass=B → W (no legal move from Jass-player, 102 plies)  Jass +0.0  [498s]
  game  39: Jass=W Scan=B → L (no legal move from Jass-player, 119 plies)  Jass +0.0  [511s]
  game  40: Scan=W Jass=B → W (no legal move from Jass-player, 102 plies)  Jass +0.0  [517s]
  game  41: Jass=W Scan=B → L (no legal move from Jass-player, 119 plies)  Jass +0.0  [531s]
  game  42: Scan=W Jass=B → W (no legal move from Jass-player, 102 plies)  Jass +0.0  [537s]
  game  43: Jass=W Scan=B → L (no legal move from Jass-player, 175 plies)  Jass +0.0  [582s]
  game  44: Scan=W Jass=B → W (no legal move from Jass-player, 126 plies)  Jass +0.0  [593s]
  game  45: Jass=W Scan=B → L (no legal move from Jass-player, 175 plies)  Jass +0.0  [638s]
  game  46: Scan=W Jass=B → W (no legal move from Jass-player, 126 plies)  Jass +0.0  [648s]
  game  47: Jass=W Scan=B → L (no legal move from Jass-player, 175 plies)  Jass +0.0  [693s]
  game  48: Scan=W Jass=B → W (no legal move from Jass-player, 126 plies)  Jass +0.0  [704s]
  game  49: Jass=W Scan=B → L (no legal move from Jass-player, 141 plies)  Jass +0.0  [721s]
  game  50: Scan=W Jass=B → W (no legal move from Jass-player, 118 plies)  Jass +0.0  [735s]
  game  51: Jass=W Scan=B → L (no legal move from Jass-player, 141 plies)  Jass +0.0  [752s]
  game  52: Scan=W Jass=B → W (no legal move from Jass-player, 118 plies)  Jass +0.0  [766s]
  game  53: Jass=W Scan=B → L (no legal move from Jass-player, 141 plies)  Jass +0.0  [783s]
  game  54: Scan=W Jass=B → W (no legal move from Jass-player, 118 plies)  Jass +0.0  [797s]

=== Jass vs Scan, depth 10, 54 games ===
  Jass=0  Scan=54  Draws=0
  Jass score rate: 0.000 (0.0 / 54)
  ELO estimate:    -800 (95% CI ≈ ±109)
