  [preflight] build ×1 ≈ 4 min
  [preflight] train: 7 × 1500000 lignes @ 4min/M ≈ 42.0 min
  [preflight] boucle profonde d12 6 gens (sonde débit) + DIRECT self: ≈ 150 min
  [preflight] TOTAL estimé ≈ 196.0 min  (cap 280 min)
  [preflight] OK — sous le cap, lancement.
=== build (EGDB ON = adjudication finale exacte) ===
  egdb data: ON
=== seed matériel-seul (recherche d12 compense) ===
seed ok n_ext=120
=== sonde de débit @ d12 (dimensionne NPER pour ~18 min/gen) ===
  débit ≈ 5333 pos/min @ d12 → NPER=95994/gen
=== gen1 : self-play(gen0) d12 +95994 → cumulé → logistique ===
Traceback (most recent call last):
  File "<stdin>", line 10, in <module>
struct.error: unpack requires a buffer of 4 bytes
TRAIN FAIL /root/jass/jobs/results/ccx33-0367-virtuous-loop-deep12/artefacts.src/gen1
    return train_scan_eval(args)
           ^^^^^^^^^^^^^^^^^^^^^
  File "/root/jass/pattern_jass/tools/train.py", line 592, in train_scan_eval
    ds = master_loader.load(args.data, max_records=args.max_records)
         ^^^^^^^^^^^^^^^^^^^^^^^^^^^^^^^^^^^^^^^^^^^^^^^^^^^^^^^^^^^
  File "/root/jass/pattern_jass/tools/master_loader.py", line 47, in load
    raise ValueError(f"file too short : {len(raw)} bytes")
ValueError: file too short : 0 bytes
