dumping per-game JSONs to: /root/jass/jobs/results/cpx62-0311-king-mobility-ab/artefacts.src/games-base
opening pool: 9 positions
jass setup:   pattern=/root/jass/jobs/results/cpx62-0311-king-mobility-ab/artefacts.src/base.pjtw  book=(default/none)
scan setup:   book=off  bb-size=0
  [Scan-player init] init eval
  [Scan-player] bb-size=0 (no bitbases — FAIR comparison)
  game   1: Jass=W Scan=B → L (no legal move from Jass-player, 149 plies)  Jass +0.0  [60s]
  game   2: Scan=W Jass=B → W (no legal move from Jass-player, 126 plies)  Jass +0.0  [108s]
  game   3: Jass=W Scan=B → L (no legal move from Jass-player, 119 plies)  Jass +0.0  [151s]
  game   4: Scan=W Jass=B → W (no legal move from Jass-player, 156 plies)  Jass +0.0  [211s]
  game   5: Jass=W Scan=B → L (no legal move from Jass-player, 139 plies)  Jass +0.0  [261s]
  game   6: Scan=W Jass=B → W (no legal move from Jass-player, 130 plies)  Jass +0.0  [310s]
  game   7: Jass=W Scan=B → L (no legal move from Jass-player, 143 plies)  Jass +0.0  [362s]
  game   8: Scan=W Jass=B → W (no legal move from Jass-player, 138 plies)  Jass +0.0  [414s]
  game   9: Jass=W Scan=B → L (no legal move from Jass-player, 149 plies)  Jass +0.0  [471s]
  game  10: Scan=W Jass=B → D (25-move rule, 172 plies)  Jass +0.5  [541s]
  game  11: Jass=W Scan=B → L (no legal move from Jass-player, 139 plies)  Jass +0.0  [592s]
  game  12: Scan=W Jass=B → W (no legal move from Jass-player, 150 plies)  Jass +0.0  [650s]
  game  13: Jass=W Scan=B → L (no legal move from Jass-player, 129 plies)  Jass +0.0  [700s]
  game  14: Scan=W Jass=B → W (no legal move from Jass-player, 120 plies)  Jass +0.0  [742s]
  game  15: Jass=W Scan=B → D (ply cap, 200 plies)  Jass +0.5  [823s]
  game  16: Scan=W Jass=B → W (no legal move from Jass-player, 102 plies)  Jass +0.0  [861s]
  game  17: Jass=W Scan=B → L (no legal move from Jass-player, 137 plies)  Jass +0.0  [911s]
  game  18: Scan=W Jass=B → W (no legal move from Jass-player, 132 plies)  Jass +0.0  [961s]
  game  19: Jass=W Scan=B → L (no legal move from Jass-player, 93 plies)  Jass +0.0  [995s]
  game  20: Scan=W Jass=B → W (no legal move from Jass-player, 142 plies)  Jass +0.0  [1049s]
  game  21: Jass=W Scan=B → L (no legal move from Jass-player, 115 plies)  Jass +0.0  [1090s]
  game  22: Scan=W Jass=B → W (no legal move from Jass-player, 130 plies)  Jass +0.0  [1136s]
  game  23: Jass=W Scan=B → L (no legal move from Jass-player, 121 plies)  Jass +0.0  [1180s]
  game  24: Scan=W Jass=B → W (no legal move from Jass-player, 118 plies)  Jass +0.0  [1222s]
  game  25: Jass=W Scan=B → L (no legal move from Jass-player, 119 plies)  Jass +0.0  [1264s]
  game  26: Scan=W Jass=B → W (no legal move from Jass-player, 120 plies)  Jass +0.0  [1308s]
  game  27: Jass=W Scan=B → L (no legal move from Jass-player, 145 plies)  Jass +0.0  [1363s]
  game  28: Scan=W Jass=B → W (no legal move from Jass-player, 114 plies)  Jass +0.0  [1406s]
  game  29: Jass=W Scan=B → L (no legal move from Jass-player, 153 plies)  Jass +0.0  [1463s]
  game  30: Scan=W Jass=B → W (no legal move from Jass-player, 130 plies)  Jass +0.0  [1513s]
  game  31: Jass=W Scan=B → L (no legal move from Jass-player, 131 plies)  Jass +0.0  [1562s]
  game  32: Scan=W Jass=B → W (no legal move from Jass-player, 162 plies)  Jass +0.0  [1625s]
  game  33: Jass=W Scan=B → L (no legal move from Jass-player, 155 plies)  Jass +0.0  [1686s]
  game  34: Scan=W Jass=B → W (no legal move from Jass-player, 180 plies)  Jass +0.0  [1757s]
  game  35: Jass=W Scan=B → L (no legal move from Jass-player, 113 plies)  Jass +0.0  [1798s]
  game  36: Scan=W Jass=B → W (no legal move from Jass-player, 132 plies)  Jass +0.0  [1847s]
  game  37: Jass=W Scan=B → L (no legal move from Jass-player, 107 plies)  Jass +0.0  [1887s]
  game  38: Scan=W Jass=B → W (no legal move from Jass-player, 128 plies)  Jass +0.0  [1933s]
  game  39: Jass=W Scan=B → L (no legal move from Jass-player, 147 plies)  Jass +0.0  [1990s]
  game  40: Scan=W Jass=B → W (no legal move from Jass-player, 120 plies)  Jass +0.0  [2034s]
  game  41: Jass=W Scan=B → L (no legal move from Jass-player, 113 plies)  Jass +0.0  [2073s]
  game  42: Scan=W Jass=B → W (no legal move from Jass-player, 124 plies)  Jass +0.0  [2117s]
  game  43: Jass=W Scan=B → L (no legal move from Jass-player, 129 plies)  Jass +0.0  [2168s]
  game  44: Scan=W Jass=B → W (no legal move from Jass-player, 106 plies)  Jass +0.0  [2203s]
  game  45: Jass=W Scan=B → L (no legal move from Jass-player, 127 plies)  Jass +0.0  [2250s]
  game  46: Scan=W Jass=B → W (no legal move from Jass-player, 132 plies)  Jass +0.0  [2296s]
  game  47: Jass=W Scan=B → L (no legal move from Jass-player, 109 plies)  Jass +0.0  [2336s]
  game  48: Scan=W Jass=B → W (no legal move from Jass-player, 122 plies)  Jass +0.0  [2381s]
  game  49: Jass=W Scan=B → L (no legal move from Jass-player, 129 plies)  Jass +0.0  [2428s]
  game  50: Scan=W Jass=B → W (no legal move from Jass-player, 164 plies)  Jass +0.0  [2492s]
  game  51: Jass=W Scan=B → L (no legal move from Jass-player, 123 plies)  Jass +0.0  [2535s]
  game  52: Scan=W Jass=B → W (no legal move from Jass-player, 138 plies)  Jass +0.0  [2587s]
  game  53: Jass=W Scan=B → L (no legal move from Jass-player, 121 plies)  Jass +0.0  [2631s]
  game  54: Scan=W Jass=B → D (25-move rule, 164 plies)  Jass +0.5  [2697s]

=== Jass vs Scan, movetime 0.5s, 54 games ===
  Jass=0  Scan=51  Draws=3
  Jass score rate: 0.028 (1.5 / 54)
  ELO estimate:    -618 (95% CI ≈ ±109)
