dumping per-game JSONs to: /root/jass/jobs/results/cpx62-0311-king-mobility-ab/artefacts.src/games-kmob
opening pool: 9 positions
jass setup:   pattern=/root/jass/jobs/results/cpx62-0311-king-mobility-ab/artefacts.src/kmob.pjtw  book=(default/none)
scan setup:   book=off  bb-size=0
  [Scan-player init] init eval
  [Scan-player] bb-size=0 (no bitbases — FAIR comparison)
  game   1: Jass=W Scan=B → L (no legal move from Jass-player, 125 plies)  Jass +0.0  [50s]
  game   2: Scan=W Jass=B → W (no legal move from Jass-player, 136 plies)  Jass +0.0  [97s]
  game   3: Jass=W Scan=B → L (no legal move from Jass-player, 147 plies)  Jass +0.0  [155s]
  game   4: Scan=W Jass=B → W (no legal move from Jass-player, 120 plies)  Jass +0.0  [201s]
  game   5: Jass=W Scan=B → L (no legal move from Jass-player, 115 plies)  Jass +0.0  [242s]
  game   6: Scan=W Jass=B → W (no legal move from Jass-player, 118 plies)  Jass +0.0  [284s]
  game   7: Jass=W Scan=B → L (no legal move from Jass-player, 119 plies)  Jass +0.0  [327s]
  game   8: Scan=W Jass=B → W (no legal move from Jass-player, 138 plies)  Jass +0.0  [380s]
  game   9: Jass=W Scan=B → L (no legal move from Jass-player, 115 plies)  Jass +0.0  [421s]
  game  10: Scan=W Jass=B → W (no legal move from Jass-player, 144 plies)  Jass +0.0  [474s]
  game  11: Jass=W Scan=B → L (no legal move from Jass-player, 129 plies)  Jass +0.0  [521s]
  game  12: Scan=W Jass=B → W (no legal move from Jass-player, 158 plies)  Jass +0.0  [580s]
  game  13: Jass=W Scan=B → L (no legal move from Jass-player, 143 plies)  Jass +0.0  [631s]
  game  14: Scan=W Jass=B → W (no legal move from Jass-player, 118 plies)  Jass +0.0  [673s]
  game  15: Jass=W Scan=B → L (no legal move from Jass-player, 137 plies)  Jass +0.0  [727s]
  game  16: Scan=W Jass=B → W (no legal move from Jass-player, 124 plies)  Jass +0.0  [770s]
  game  17: Jass=W Scan=B → L (no legal move from Jass-player, 155 plies)  Jass +0.0  [828s]
  game  18: Scan=W Jass=B → W (no legal move from Jass-player, 110 plies)  Jass +0.0  [869s]
  game  19: Jass=W Scan=B → L (no legal move from Jass-player, 123 plies)  Jass +0.0  [917s]
  game  20: Scan=W Jass=B → W (no legal move from Jass-player, 124 plies)  Jass +0.0  [962s]
  game  21: Jass=W Scan=B → L (no legal move from Jass-player, 143 plies)  Jass +0.0  [1017s]
  game  22: Scan=W Jass=B → W (no legal move from Jass-player, 122 plies)  Jass +0.0  [1062s]
  game  23: Jass=W Scan=B → L (no legal move from Jass-player, 133 plies)  Jass +0.0  [1111s]
  game  24: Scan=W Jass=B → W (no legal move from Jass-player, 110 plies)  Jass +0.0  [1150s]
  game  25: Jass=W Scan=B → L (no legal move from Jass-player, 115 plies)  Jass +0.0  [1191s]
  game  26: Scan=W Jass=B → W (no legal move from Jass-player, 122 plies)  Jass +0.0  [1234s]
  game  27: Jass=W Scan=B → L (no legal move from Jass-player, 123 plies)  Jass +0.0  [1277s]
  game  28: Scan=W Jass=B → W (no legal move from Jass-player, 158 plies)  Jass +0.0  [1337s]
  game  29: Jass=W Scan=B → L (no legal move from Jass-player, 119 plies)  Jass +0.0  [1379s]
  game  30: Scan=W Jass=B → W (no legal move from Jass-player, 112 plies)  Jass +0.0  [1419s]
  game  31: Jass=W Scan=B → L (no legal move from Jass-player, 125 plies)  Jass +0.0  [1463s]
  game  32: Scan=W Jass=B → W (no legal move from Jass-player, 162 plies)  Jass +0.0  [1525s]
  game  33: Jass=W Scan=B → L (no legal move from Jass-player, 147 plies)  Jass +0.0  [1584s]
  game  34: Scan=W Jass=B → W (no legal move from Jass-player, 116 plies)  Jass +0.0  [1627s]
  game  35: Jass=W Scan=B → L (no legal move from Jass-player, 121 plies)  Jass +0.0  [1671s]
  game  36: Scan=W Jass=B → W (no legal move from Jass-player, 136 plies)  Jass +0.0  [1722s]
  game  37: Jass=W Scan=B → L (no legal move from Jass-player, 123 plies)  Jass +0.0  [1768s]
  game  38: Scan=W Jass=B → W (no legal move from Jass-player, 110 plies)  Jass +0.0  [1810s]
  game  39: Jass=W Scan=B → L (no legal move from Jass-player, 119 plies)  Jass +0.0  [1855s]
  game  40: Scan=W Jass=B → W (no legal move from Jass-player, 114 plies)  Jass +0.0  [1895s]
  game  41: Jass=W Scan=B → L (no legal move from Jass-player, 103 plies)  Jass +0.0  [1933s]
  game  42: Scan=W Jass=B → W (no legal move from Jass-player, 146 plies)  Jass +0.0  [1988s]
  game  43: Jass=W Scan=B → L (no legal move from Jass-player, 107 plies)  Jass +0.0  [2024s]
  game  44: Scan=W Jass=B → W (no legal move from Jass-player, 122 plies)  Jass +0.0  [2069s]
  game  45: Jass=W Scan=B → L (no legal move from Jass-player, 123 plies)  Jass +0.0  [2114s]
  game  46: Scan=W Jass=B → W (no legal move from Jass-player, 130 plies)  Jass +0.0  [2163s]
  game  47: Jass=W Scan=B → L (no legal move from Jass-player, 125 plies)  Jass +0.0  [2206s]
  game  48: Scan=W Jass=B → W (no legal move from Jass-player, 130 plies)  Jass +0.0  [2251s]
  game  49: Jass=W Scan=B → L (no legal move from Jass-player, 119 plies)  Jass +0.0  [2292s]
  game  50: Scan=W Jass=B → W (no legal move from Jass-player, 128 plies)  Jass +0.0  [2338s]
  game  51: Jass=W Scan=B → L (no legal move from Jass-player, 129 plies)  Jass +0.0  [2385s]
  game  52: Scan=W Jass=B → W (no legal move from Jass-player, 132 plies)  Jass +0.0  [2431s]
  game  53: Jass=W Scan=B → L (no legal move from Jass-player, 131 plies)  Jass +0.0  [2480s]
  game  54: Scan=W Jass=B → W (no legal move from Jass-player, 108 plies)  Jass +0.0  [2520s]

=== Jass vs Scan, movetime 0.5s, 54 games ===
  Jass=0  Scan=54  Draws=0
  Jass score rate: 0.000 (0.0 / 54)
  ELO estimate:    -800 (95% CI ≈ ±109)
