=== host facts ===
host: ubuntu-16gb-hel1-2  nproc: 4  mem: 15Gi
shards: 4 × 250000 = 1000000 records @ depth 16
filters: --quiet-only --pv-extract 3
v5 labeller: /root/jass/jobs/results/0018-train-with-master-bce/artefacts.src/nnue-256-128-q.bin
v6 bench ref: /root/jass/jobs/results/0045-quiet-pv-extract-scaleup/artefacts.src/nnue-256-128-q.bin
[ 57%] Built target jass_lib
[ 62%] Built target jass
[100%] Built target jass_tests

=== Phase 0a : gen-data 1M WITH --quiet-only --pv-extract 3 (v5 labeller) ===
  shard 1 launched as pid 439178 (seed 22001)
  shard 2 launched as pid 439179 (seed 22002)
  shard 3 launched as pid 439181 (seed 22003)
  shard 4 launched as pid 439183 (seed 22004)

=== merging into v7-quiet-pv-1M.bin ===
merged 1000000 records into /root/jass/jobs/results/0050-v7-quiet-pv-extract-1M/artefacts.src/v7-quiet-pv-1M.bin

=== Phase 0b : train v6-recipe sur dataset v7 (1M quiet+pv-extract) ===
loading /root/jass/jobs/results/0050-v7-quiet-pv-extract-1M/artefacts.src/v7-quiet-pv-1M.bin (encoding=halfmen, input_dim=450) …
  1000000 self-play records  (4.1s to encode)
  WDL distribution: W=34.1% D=29.0% L=36.9%
  score range: [-29998, 29999]  mean=-378.0  std=6887.8
loading master /root/jass/jobs/results/0014-fetch-master-games/artefacts.src/master-1600.jnnw (encoding=halfmen) …
  2000000 master records  (9.3s to encode)
  master WDL: W=40.6% D=18.4% L=41.0%
  master blend: weight=1.0  lam=0.0  (pure-WDL when lam=0)
  blended total: 3000000 records (1000000 self-play + 2000000 master)

=== arch 64-32 ===
  params: 30,977
  epoch   1: train=  53958.8  val=  81537.1 *
  epoch   2: train=  42511.8  val=  58282.0 *
  epoch   3: train=  38169.0  val=  48297.0 *
  epoch   4: train=  36546.8  val=  45999.6 *
  epoch   5: train=  35595.9  val=  42960.4 *
  epoch   6: train=  35045.7  val=  41355.0 *
  epoch   7: train=  34703.4  val=  40843.2 *
  epoch   8: train=  34481.4  val=  41045.3
  epoch   9: train=  34311.4  val=  39008.1 *
  epoch  10: train=  34171.1  val=  39909.2
  epoch  11: train=  34060.4  val=  38662.1 *
  epoch  12: train=  33960.5  val=  39677.3
  epoch  13: train=  33874.5  val=  40004.3
  epoch  14: train=  33799.6  val=  37715.7 *
  epoch  15: train=  33729.1  val=  39113.4
  epoch  16: train=  33661.8  val=  38988.9
  epoch  17: train=  33603.9  val=  39126.4
  epoch  18: train=  33556.5  val=  39685.2
  epoch  19: train=  33506.1  val=  38635.8
  epoch  20: train=  33466.0  val=  38366.3
  epoch  21: train=  33427.2  val=  39922.7
  epoch  22: train=  33386.1  val=  37779.1
  early-stop at epoch 22
  wrote /root/jass/jobs/results/0050-v7-quiet-pv-extract-1M/artefacts.src/nnue-64-32.bin (123932 bytes)

=== arch 128-64 ===
  params: 66,049
  epoch   1: train=  50598.3  val=  70963.1 *
  epoch   2: train=  39808.6  val=  50502.7 *
  epoch   3: train=  36638.1  val=  43533.3 *
  epoch   4: train=  35326.0  val=  42540.0 *
  epoch   5: train=  34636.8  val=  40602.9 *
  epoch   6: train=  34211.8  val=  39523.4 *
  epoch   7: train=  33900.1  val=  38047.7 *
  epoch   8: train=  33668.4  val=  39483.1
  epoch   9: train=  33468.3  val=  37508.9 *
  epoch  10: train=  33298.6  val=  38640.2
  epoch  11: train=  33157.3  val=  37492.4 *
  epoch  12: train=  33034.3  val=  38118.6
  epoch  13: train=  32921.8  val=  37911.6
  epoch  14: train=  32823.0  val=  36544.3 *
  epoch  15: train=  32732.3  val=  37580.6
  epoch  16: train=  32649.9  val=  37698.8
  epoch  17: train=  32573.0  val=  37795.2
  epoch  18: train=  32504.0  val=  39069.1
  epoch  19: train=  32449.4  val=  37449.4
  epoch  20: train=  32395.6  val=  37531.9
  epoch  21: train=  32337.5  val=  39447.9
  epoch  22: train=  32289.1  val=  37760.5
  early-stop at epoch 22
  wrote /root/jass/jobs/results/0050-v7-quiet-pv-extract-1M/artefacts.src/nnue-128-64.bin (264220 bytes)

=== arch 256-128 ===
  params: 148,481
  epoch   1: train=  48425.9  val=  62529.3 *
  epoch   2: train=  38154.9  val=  46409.2 *
  epoch   3: train=  35394.5  val=  39519.4 *
  epoch   4: train=  34351.2  val=  39933.6
  epoch   5: train=  33753.9  val=  37820.6 *
  epoch   6: train=  33332.2  val=  38515.8
  epoch   7: train=  32976.9  val=  36628.7 *
  epoch   8: train=  32708.4  val=  37793.0
  epoch   9: train=  32475.1  val=  36700.0
  epoch  10: train=  32273.9  val=  37034.7
  epoch  11: train=  32091.6  val=  36619.6 *
  epoch  12: train=  31936.8  val=  37445.7
  epoch  13: train=  31792.3  val=  36350.3 *
  epoch  14: train=  31670.9  val=  36766.3
  epoch  15: train=  31556.6  val=  35959.7 *
  epoch  16: train=  31454.6  val=  36769.6
  epoch  17: train=  31353.2  val=  37271.1
  epoch  18: train=  31265.0  val=  37290.5
  epoch  19: train=  31182.0  val=  36095.6
  epoch  20: train=  31108.3  val=  36435.7
  epoch  21: train=  31037.5  val=  38395.1
  epoch  22: train=  30972.2  val=  37611.1
  epoch  23: train=  30910.8  val=  35316.7 *
  epoch  24: train=  30847.2  val=  36392.8
  epoch  25: train=  30796.0  val=  37281.8
  epoch  26: train=  30746.1  val=  37271.7
  epoch  27: train=  30688.5  val=  34581.1 *
  epoch  28: train=  30642.0  val=  35945.6
  epoch  29: train=  30603.1  val=  37104.9
  epoch  30: train=  30559.0  val=  37414.8
  wrote /root/jass/jobs/results/0050-v7-quiet-pv-extract-1M/artefacts.src/nnue-256-128.bin (593948 bytes)

=== arch 512-256 ===
  params: 362,497
  epoch   1: train=  45221.2  val=  51252.9 *
  epoch   2: train=  36423.7  val=  42809.3 *
  epoch   3: train=  34758.3  val=  38166.8 *
  epoch   4: train=  33901.9  val=  39690.1
  epoch   5: train=  33293.8  val=  37591.3 *
  epoch   6: train=  32823.2  val=  38088.0
  epoch   7: train=  32415.7  val=  36371.6 *
  epoch   8: train=  32104.7  val=  36794.6
  epoch   9: train=  31815.1  val=  36817.1
  epoch  10: train=  31557.1  val=  36370.7 *
  epoch  11: train=  31323.2  val=  37031.9
  epoch  12: train=  31121.5  val=  37646.6
  epoch  13: train=  30923.7  val=  35622.3 *
  epoch  14: train=  30755.1  val=  36312.3
  epoch  15: train=  30588.0  val=  36217.4
  epoch  16: train=  30440.8  val=  36055.4
  epoch  17: train=  30302.5  val=  38288.9
  epoch  18: train=  30172.7  val=  37625.9
  epoch  19: train=  30065.3  val=  36315.3
  epoch  20: train=  29947.7  val=  38102.2
  epoch  21: train=  29836.4  val=  38236.1
  early-stop at epoch 21
  wrote /root/jass/jobs/results/0050-v7-quiet-pv-extract-1M/artefacts.src/nnue-512-256.bin (1450012 bytes)

=== Summary (sorted by val MSE) ===
  arch                params     val MSE   val RMSE     time
  256-128            148,481     34581.1      186.0    1349s
  512-256            362,497     35622.3      188.7    1320s
  128-64              66,049     36544.3      191.2     845s
  64-32               30,977     37715.7      194.2     787s

summary → /root/jass/jobs/results/0050-v7-quiet-pv-extract-1M/artefacts.src/summary.json
loading float reference /root/jass/jobs/results/0050-v7-quiet-pv-extract-1M/artefacts.src/nnue-256-128.bin …
  topology: 450 → 256 → 128 → 1  (encoding=halfmen)
loading 2000 calibration positions from /root/jass/jobs/results/0050-v7-quiet-pv-extract-1M/artefacts.src/v7-quiet-pv-1M.bin …
  2000 positions, feature dim 450
quantising …
  scales: sw1=0.049257 sw2=0.10048 sw3=0.069539 sh1=0.066415 sh2=0.86485
  multipliers: mul1=0.74165 mul2=0.0077164 mul_out=0.06014
  reference range: float [-1753.4, 1802.1], quantised [-2376.3, 1829.0]
  diff: mean=+13.12  std=72.46  |max|=862.42  RMSE=73.64
wrote /root/jass/jobs/results/0050-v7-quiet-pv-extract-1M/artefacts.src/nnue-256-128-q.bin (149672 bytes)

=== Phase 0c : bench v7 vs handcrafted + vs v5 + vs v6 ===
Benchmark: NNUE (/root/jass/jobs/results/0050-v7-quiet-pv-extract-1M/artefacts.src/nnue-256-128-q.bin) vs handcrafted, depth 6, 18 games (9 openings × 1 pairs × 2 colours)
Result: NNUE=17 Handcrafted=1 Draws=0 (total 18)
NNUE score rate: 0.944444 (17 / 18)
Benchmark: A=NNUE(/root/jass/jobs/results/0050-v7-quiet-pv-extract-1M/artefacts.src/nnue-256-128-q.bin) vs B=NNUE(/root/jass/jobs/results/0018-train-with-master-bce/artefacts.src/nnue-256-128-q.bin), depth 6, 54 games (9 openings × 3 pairs × 2 colours)
Result: A=30 B=24 Draws=0 (total 54)
A score rate: 0.555556 (30 / 54)
Benchmark: A=NNUE(/root/jass/jobs/results/0050-v7-quiet-pv-extract-1M/artefacts.src/nnue-256-128-q.bin) vs B=NNUE(/root/jass/jobs/results/0018-train-with-master-bce/artefacts.src/nnue-256-128-q.bin), depth 10, 54 games (9 openings × 3 pairs × 2 colours)
Result: A=27 B=18 Draws=9 (total 54)
A score rate: 0.583333 (31.5 / 54)
Benchmark: A=NNUE(/root/jass/jobs/results/0050-v7-quiet-pv-extract-1M/artefacts.src/nnue-256-128-q.bin) vs B=NNUE(/root/jass/jobs/results/0045-quiet-pv-extract-scaleup/artefacts.src/nnue-256-128-q.bin), depth 6, 54 games (9 openings × 3 pairs × 2 colours)
Result: A=21 B=30 Draws=3 (total 54)
A score rate: 0.416667 (22.5 / 54)
Benchmark: A=NNUE(/root/jass/jobs/results/0050-v7-quiet-pv-extract-1M/artefacts.src/nnue-256-128-q.bin) vs B=NNUE(/root/jass/jobs/results/0045-quiet-pv-extract-scaleup/artefacts.src/nnue-256-128-q.bin), depth 10, 54 games (9 openings × 3 pairs × 2 colours)
Result: A=36 B=18 Draws=0 (total 54)
A score rate: 0.666667 (36 / 54)

==========================================================
       0050 v7 QUIET+PV-EXTRACT 1M VERDICT
==========================================================
  gen wall:        129291s (35.9h)
  train wall:      4316s
  best arch:       256-128
  records:         1000000 (quiet + pv-extract 3)

  vs handcrafted:        rate=0.944444
  vs v5 (depth 6):       rate=0.555556
  vs v5 (depth 10):      rate=0.583333
  vs v6 (depth 6):       rate=0.416667
  vs v6 (depth 10):      rate=0.666667

  References :
    v6 (0045 500K) vs handcrafted: 0.861
    v6 vs v5 d10:                  0.556 (+39 ELO)
    v6 vs v5 d6:                   0.722 (+165 ELO)

  Decision :
    v7 BEATS v6 — ship v7 as new reference. Continue volume axis
    (envisager 2M, master refresh, FMJD scrape).
==========================================================
