dumping per-game JSONs to: /root/jass/jobs/results/0087-master-opening-targeted-augmentation/artefacts.src/games-vs-scan
opening pool: 9 positions
jass setup:   nnue=/root/jass/jobs/results/0087-master-opening-targeted-augmentation/artefacts.src/arch-1024-512/nnue-1024-512-q.bin  book=(default/none)
scan setup:   book=off  bb-size=0
  game   1: Jass=W Scan=B → L (no legal move from Jass-player, 121 plies)  Jass +0.0  [10s]
  game   2: Scan=W Jass=B → W (no legal move from Jass-player, 106 plies)  Jass +0.0  [21s]
  game   3: Jass=W Scan=B → L (no legal move from Jass-player, 121 plies)  Jass +0.0  [31s]
  game   4: Scan=W Jass=B → W (no legal move from Jass-player, 106 plies)  Jass +0.0  [42s]
  game   5: Jass=W Scan=B → L (no legal move from Jass-player, 121 plies)  Jass +0.0  [52s]
  game   6: Scan=W Jass=B → W (no legal move from Jass-player, 106 plies)  Jass +0.0  [64s]
  game   7: Jass=W Scan=B → L (no legal move from Jass-player, 103 plies)  Jass +0.0  [75s]
  game   8: Scan=W Jass=B → W (no legal move from Jass-player, 114 plies)  Jass +0.0  [85s]
  game   9: Jass=W Scan=B → L (no legal move from Jass-player, 103 plies)  Jass +0.0  [97s]
  game  10: Scan=W Jass=B → W (no legal move from Jass-player, 114 plies)  Jass +0.0  [106s]
  game  11: Jass=W Scan=B → L (no legal move from Jass-player, 103 plies)  Jass +0.0  [118s]
  game  12: Scan=W Jass=B → W (no legal move from Jass-player, 114 plies)  Jass +0.0  [127s]
  game  13: Jass=W Scan=B → L (no legal move from Jass-player, 103 plies)  Jass +0.0  [143s]
  game  14: Scan=W Jass=B → W (no legal move from Jass-player, 106 plies)  Jass +0.0  [161s]
  game  15: Jass=W Scan=B → L (no legal move from Jass-player, 103 plies)  Jass +0.0  [177s]
  game  16: Scan=W Jass=B → W (no legal move from Jass-player, 106 plies)  Jass +0.0  [194s]
  game  17: Jass=W Scan=B → L (no legal move from Jass-player, 103 plies)  Jass +0.0  [210s]
  game  18: Scan=W Jass=B → W (no legal move from Jass-player, 106 plies)  Jass +0.0  [228s]
  game  19: Jass=W Scan=B → L (no legal move from Jass-player, 95 plies)  Jass +0.0  [241s]
  game  20: Scan=W Jass=B → W (no legal move from Jass-player, 148 plies)  Jass +0.0  [267s]
  game  21: Jass=W Scan=B → L (no legal move from Jass-player, 95 plies)  Jass +0.0  [281s]
  game  22: Scan=W Jass=B → W (no legal move from Jass-player, 148 plies)  Jass +0.0  [301s]
  game  23: Jass=W Scan=B → L (no legal move from Jass-player, 95 plies)  Jass +0.0  [314s]
  game  24: Scan=W Jass=B → W (no legal move from Jass-player, 148 plies)  Jass +0.0  [334s]
  game  25: Jass=W Scan=B → L (no legal move from Jass-player, 103 plies)  Jass +0.0  [347s]
  game  26: Scan=W Jass=B → L (illegal move 28-19 from Scan-player, 121 plies)  Jass +1.0  [361s]
  game  27: Jass=W Scan=B → L (no legal move from Jass-player, 103 plies)  Jass +0.0  [374s]
  game  28: Scan=W Jass=B → L (illegal move 28-19 from Scan-player, 121 plies)  Jass +1.0  [388s]
  game  29: Jass=W Scan=B → L (no legal move from Jass-player, 103 plies)  Jass +0.0  [401s]
  game  30: Scan=W Jass=B → L (illegal move 28-19 from Scan-player, 121 plies)  Jass +1.0  [415s]
  game  31: Jass=W Scan=B → L (no legal move from Jass-player, 163 plies)  Jass +0.0  [437s]
  game  32: Scan=W Jass=B → W (no legal move from Jass-player, 102 plies)  Jass +0.0  [445s]
  game  33: Jass=W Scan=B → L (no legal move from Jass-player, 163 plies)  Jass +0.0  [467s]
  game  34: Scan=W Jass=B → W (no legal move from Jass-player, 102 plies)  Jass +0.0  [475s]
  game  35: Jass=W Scan=B → L (no legal move from Jass-player, 163 plies)  Jass +0.0  [497s]
  game  36: Scan=W Jass=B → W (no legal move from Jass-player, 102 plies)  Jass +0.0  [505s]
  game  37: Jass=W Scan=B → L (no legal move from Jass-player, 113 plies)  Jass +0.0  [521s]
  game  38: Scan=W Jass=B → W (no legal move from Jass-player, 114 plies)  Jass +0.0  [530s]
  game  39: Jass=W Scan=B → L (no legal move from Jass-player, 113 plies)  Jass +0.0  [546s]
  game  40: Scan=W Jass=B → W (no legal move from Jass-player, 114 plies)  Jass +0.0  [554s]
  game  41: Jass=W Scan=B → L (no legal move from Jass-player, 113 plies)  Jass +0.0  [571s]
  game  42: Scan=W Jass=B → W (no legal move from Jass-player, 114 plies)  Jass +0.0  [579s]
  game  43: Jass=W Scan=B → D (25-move rule, 151 plies)  Jass +0.5  [606s]
  game  44: Scan=W Jass=B → W (no legal move from Jass-player, 112 plies)  Jass +0.0  [619s]
  game  45: Jass=W Scan=B → D (25-move rule, 151 plies)  Jass +0.5  [646s]
  game  46: Scan=W Jass=B → W (no legal move from Jass-player, 112 plies)  Jass +0.0  [658s]
  game  47: Jass=W Scan=B → D (25-move rule, 151 plies)  Jass +0.5  [685s]
  game  48: Scan=W Jass=B → W (no legal move from Jass-player, 112 plies)  Jass +0.0  [698s]
  game  49: Jass=W Scan=B → L (no legal move from Jass-player, 105 plies)  Jass +0.0  [708s]
  game  50: Scan=W Jass=B → W (no legal move from Jass-player, 118 plies)  Jass +0.0  [737s]
  game  51: Jass=W Scan=B → L (no legal move from Jass-player, 105 plies)  Jass +0.0  [746s]
  game  52: Scan=W Jass=B → W (no legal move from Jass-player, 118 plies)  Jass +0.0  [775s]
  game  53: Jass=W Scan=B → L (no legal move from Jass-player, 105 plies)  Jass +0.0  [785s]
  game  54: Scan=W Jass=B → W (no legal move from Jass-player, 118 plies)  Jass +0.0  [814s]

=== Jass vs Scan, depth 10, 54 games ===
  Jass=3  Scan=48  Draws=3
  Jass score rate: 0.083 (4.5 / 54)
  ELO estimate:    -417 (95% CI ≈ ±109)
