[  3%] Building CXX object CMakeFiles/jass_lib.dir/src/nnue_accumulator.cpp.o
[  7%] Building CXX object CMakeFiles/jass_lib.dir/src/board.cpp.o
[ 10%] Building CXX object CMakeFiles/jass_lib.dir/src/position.cpp.o
[ 14%] Building CXX object CMakeFiles/jass_lib.dir/src/movegen.cpp.o
[ 17%] Building CXX object CMakeFiles/jass_lib.dir/src/tt.cpp.o
[ 25%] Building CXX object CMakeFiles/jass_lib.dir/src/eval.cpp.o
[ 28%] Building CXX object CMakeFiles/jass_lib.dir/src/zobrist.cpp.o
[ 28%] Building CXX object CMakeFiles/jass_lib.dir/src/pattern_jass_bridge.cpp.o
[ 32%] Building CXX object CMakeFiles/jass_lib.dir/src/nnue.cpp.o
[ 35%] Building CXX object CMakeFiles/jass_lib.dir/src/nnue_server_client.cpp.o
[ 39%] Building CXX object CMakeFiles/jass_lib.dir/src/pattern_network.cpp.o
[ 42%] Building CXX object CMakeFiles/jass_lib.dir/src/scan_eval.cpp.o
[ 46%] Building CXX object CMakeFiles/jass_lib.dir/pattern_jass/src/pattern.cpp.o
[ 50%] Building CXX object CMakeFiles/jass_lib.dir/pattern_jass/src/weights.cpp.o
[ 53%] Building CXX object CMakeFiles/jass_lib.dir/generated/nnue_default_data.cpp.o
[ 57%] Building CXX object CMakeFiles/jass_lib.dir/src/search.cpp.o
[ 60%] Building CXX object CMakeFiles/jass_lib.dir/src/engine.cpp.o
/root/jass/pattern_jass/src/pattern.cpp: In constructor ‘pattern_jass::{anonymous}::ReverseMap::ReverseMap()’:
/root/jass/pattern_jass/src/pattern.cpp:28:44: warning: conversion to ‘std::array<short unsigned int, 51>::size_type’ {aka ‘long unsigned int’} from ‘int’ may change the sign of the result [-Wsign-conversion]
   28 |         for (int b = 0; b < 50; ++b) { off[b] = acc; acc = static_cast<std::uint16_t>(acc + cnt[b]); }
      |                                            ^
/root/jass/pattern_jass/src/pattern.cpp:28:97: warning: conversion to ‘std::array<short unsigned int, 50>::size_type’ {aka ‘long unsigned int’} from ‘int’ may change the sign of the result [-Wsign-conversion]
   28 |         for (int b = 0; b < 50; ++b) { off[b] = acc; acc = static_cast<std::uint16_t>(acc + cnt[b]); }
      |                                                                                                 ^
/root/jass/pattern_jass/src/pattern.cpp:31:42: warning: conversion to ‘std::array<short unsigned int, 50>::size_type’ {aka ‘long unsigned int’} from ‘int’ may change the sign of the result [-Wsign-conversion]
   31 |         for (int b = 0; b < 50; ++b) cur[b] = off[b];
      |                                          ^
/root/jass/pattern_jass/src/pattern.cpp:31:51: warning: conversion to ‘std::array<short unsigned int, 51>::size_type’ {aka ‘long unsigned int’} from ‘int’ may change the sign of the result [-Wsign-conversion]
   31 |         for (int b = 0; b < 50; ++b) cur[b] = off[b];
      |                                                   ^
/root/jass/pattern_jass/src/pattern.cpp:35:26: warning: conversion to ‘std::array<short unsigned int, 50>::size_type’ {aka ‘long unsigned int’} from ‘int’ may change the sign of the result [-Wsign-conversion]
   35 |                 flat[cur[b]++] = PatRef{static_cast<std::uint8_t>(p),
      |                          ^
/root/jass/pattern_jass/src/pattern.cpp: In function ‘void pattern_jass::update_all(Bitboard, Bitboard, Bitboard, Bitboard, std::array<unsigned int, 32>&)’:
/root/jass/pattern_jass/src/pattern.cpp:80:45: warning: conversion to ‘std::array<short unsigned int, 51>::size_type’ {aka ‘long unsigned int’} from ‘int’ may change the sign of the result [-Wsign-conversion]
   80 |         for (std::uint16_t k = g_revmap.off[b]; k < g_revmap.off[b + 1]; ++k) {
      |                                             ^
/root/jass/pattern_jass/src/pattern.cpp:80:68: warning: conversion to ‘std::array<short unsigned int, 51>::size_type’ {aka ‘long unsigned int’} from ‘int’ may change the sign of the result [-Wsign-conversion]
   80 |         for (std::uint16_t k = g_revmap.off[b]; k < g_revmap.off[b + 1]; ++k) {
      |                                                                  ~~^~~
[ 64%] Building CXX object CMakeFiles/jass_lib.dir/src/endgame.cpp.o
[ 67%] Building CXX object CMakeFiles/jass_lib.dir/src/bitbase.cpp.o
[ 71%] Building CXX object CMakeFiles/jass_lib.dir/src/egdb_bridge.cpp.o
[ 75%] Building CXX object CMakeFiles/jass_lib.dir/src/book.cpp.o
[ 78%] Building CXX object CMakeFiles/jass_lib.dir/src/scan_book.cpp.o
[ 82%] Building CXX object CMakeFiles/jass_lib.dir/src/timemgr.cpp.o
[ 85%] Building CXX object CMakeFiles/jass_lib.dir/src/tournament.cpp.o
[ 89%] Building CXX object CMakeFiles/jass_lib.dir/src/hub.cpp.o
/root/jass/src/pattern_network.cpp: In member function ‘bool jass::PatternNetwork::save(std::string_view, uint32_t) const’:
/root/jass/src/pattern_network.cpp:846:31: warning: declaration of ‘n’ shadows a previous local [-Wshadow]
  846 |             const std::size_t n = patterns_.size();
      |                               ^
/root/jass/src/pattern_network.cpp:814:25: note: shadowed declaration is here
  814 |     const std::uint32_t n = static_cast<std::uint32_t>(patterns_.size());
      |                         ^
/root/jass/src/scan_eval.cpp: In function ‘std::optional<jass::scan_eval::ScanWeights> jass::scan_eval::load_scan_weights(const std::string&, std::string*)’:
/root/jass/src/scan_eval.cpp:203:9: warning: this ‘if’ clause does not guard... [-Wmisleading-indentation]
  203 |         if (err) *err = "file too short"; return std::nullopt;
      |         ^~
/root/jass/src/scan_eval.cpp:203:43: note: ...this statement, but the latter is misleadingly indented as if it were guarded by the ‘if’
  203 |         if (err) *err = "file too short"; return std::nullopt;
      |                                           ^~~~~~
/root/jass/src/scan_eval.cpp:250:13: warning: this ‘if’ clause does not guard... [-Wmisleading-indentation]
  250 |             if (err) *err = "v4 file too short for FM header"; return std::nullopt;
      |             ^~
/root/jass/src/scan_eval.cpp:250:64: note: ...this statement, but the latter is misleadingly indented as if it were guarded by the ‘if’
  250 |             if (err) *err = "v4 file too short for FM header"; return std::nullopt;
      |                                                                ^~~~~~
/root/jass/src/search.cpp: In member function ‘int jass::{anonymous}::Searcher::eval_leaf(const jass::Position&, int) const’:
/root/jass/src/search.cpp:233:32: warning: conversion to ‘std::array<jass::AccumulatorPair, 66>::size_type’ {aka ‘long unsigned int’} from ‘int’ may change the sign of the result [-Wsign-conversion]
  233 |                 ? accumulators[ply].white
      |                                ^~~
/root/jass/src/search.cpp:234:32: warning: conversion to ‘std::array<jass::AccumulatorPair, 66>::size_type’ {aka ‘long unsigned int’} from ‘int’ may change the sign of the result [-Wsign-conversion]
  234 |                 : accumulators[ply].black;
      |                                ^~~
[ 92%] Linking CXX static library libjass_lib.a
[ 92%] Built target jass_lib
[ 96%] Building CXX object CMakeFiles/jass.dir/src/main.cpp.o
/root/jass/src/main.cpp: In function ‘std::array<int, 5> parse_depth_by_phase(const std::string&, const char*)’:
/root/jass/src/main.cpp:167:47: warning: conversion to ‘std::array<int, 5>::size_type’ {aka ‘long unsigned int’} from ‘int’ may change the sign of the result [-Wsign-conversion]
  167 |             if (name == PHASE_NAMES[p]) { out[p] = d; known = true; break; }
      |                                               ^
/root/jass/src/main.cpp: In function ‘int run_gen_data_wdl_mode(int, char**)’:
/root/jass/src/main.cpp:413:29: warning: conversion to ‘std::array<int, 5>::size_type’ {aka ‘long unsigned int’} from ‘int’ may change the sign of the result [-Wsign-conversion]
  413 |             if (label_depth[p] > 0) {
      |                             ^
/root/jass/src/main.cpp:415:67: warning: conversion to ‘std::array<int, 5>::size_type’ {aka ‘long unsigned int’} from ‘int’ may change the sign of the result [-Wsign-conversion]
  415 |                           << PHASE_NAMES[p] << ":" << label_depth[p];
      |                                                                   ^
/root/jass/src/main.cpp:424:37: warning: conversion to ‘std::array<int, 5>::size_type’ {aka ‘long unsigned int’} from ‘int’ may change the sign of the result [-Wsign-conversion]
  424 |             if (play_depth_by_phase[p] > 0) {
      |                                     ^
/root/jass/src/main.cpp:426:75: warning: conversion to ‘std::array<int, 5>::size_type’ {aka ‘long unsigned int’} from ‘int’ may change the sign of the result [-Wsign-conversion]
  426 |                           << PHASE_NAMES[p] << ":" << play_depth_by_phase[p];
      |                                                                           ^
/root/jass/src/main.cpp:603:65: warning: conversion to ‘std::array<int, 5>::size_type’ {aka ‘long unsigned int’} from ‘int’ may change the sign of the result [-Wsign-conversion]
  603 |                 const int phase_ovr = label_depth[phase_index_of(popcount(pos.occupied()))];
      |                                                   ~~~~~~~~~~~~~~^~~~~~~~~~~~~~~~~~~~~~~~~~
/root/jass/src/main.cpp:683:51: warning: conversion to ‘std::array<int, 5>::size_type’ {aka ‘long unsigned int’} from ‘int’ may change the sign of the result [-Wsign-conversion]
  683 |                 play_depth_by_phase[phase_index_of(popcount(e.position().occupied()))];
      |                                     ~~~~~~~~~~~~~~^~~~~~~~~~~~~~~~~~~~~~~~~~~~~~~~~~~
/root/jass/src/main.cpp: In function ‘int run_gen_tdleaf_mode(int, char**)’:
/root/jass/src/main.cpp:753:11: warning: conversion to ‘long long unsigned int’ from ‘uint64_t’ {aka ‘long unsigned int’} may change the sign of the result [-Wsign-conversion]
  753 |         ? static_cast<std::uint64_t>(parse_int_or(argv[7], 1)) : 1ULL;
      |           ^~~~~~~~~~~~~~~~~~~~~~~~~~~~~~~~~~~~~~~~~~~~~~~~~~~~
/root/jass/src/main.cpp:753:9: warning: conversion to ‘uint64_t’ {aka ‘long unsigned int’} from ‘long long unsigned int’ may change the sign of the result [-Wsign-conversion]
  752 |     const std::uint64_t seed = (argc > 7)
      |                                ~~~~~~~~~~
  753 |         ? static_cast<std::uint64_t>(parse_int_or(argv[7], 1)) : 1ULL;
      |         ^~~~~~~~~~~~~~~~~~~~~~~~~~~~~~~~~~~~~~~~~~~~~~~~~~~~~~~~~~~~~
/root/jass/src/main.cpp: In function ‘int run_rewrite_scores_with_search_mode(int, char**)’:
/root/jass/src/main.cpp:1145:61: warning: conversion to ‘std::size_t’ {aka ‘long unsigned int’} from ‘int’ may change the sign of the result [-Wsign-conversion]
 1145 |             std::cerr << "error: short read at record " << (start + i) << "\n";
      |                                                             ^~~~~
/root/jass/src/main.cpp:1155:47: warning: conversion to ‘std::size_t’ {aka ‘long unsigned int’} from ‘int’ may change the sign of the result [-Wsign-conversion]
 1155 |             std::cerr << "error: record " << (start + i) << " has invalid stm byte "
      |                                               ^~~~~
/root/jass/src/main.cpp:1161:47: warning: conversion to ‘std::size_t’ {aka ‘long unsigned int’} from ‘int’ may change the sign of the result [-Wsign-conversion]
 1161 |             std::cerr << "error: record " << (start + i)
      |                                               ^~~~~
/root/jass/src/main.cpp:1167:47: warning: conversion to ‘std::size_t’ {aka ‘long unsigned int’} from ‘int’ may change the sign of the result [-Wsign-conversion]
 1167 |             std::cerr << "error: record " << (start + i)
      |                                               ^~~~~
/root/jass/src/main.cpp: In function ‘int run_perft_mode(int, char**)’:
/root/jass/src/main.cpp:1306:67: warning: conversion from ‘long unsigned int’ to ‘double’ may change value [-Wconversion]
 1306 |                   << "   " << (s > 0 ? static_cast<std::uint64_t>(n / s) : 0)
      |                                                                   ^
/root/jass/src/main.cpp: In lambda function:
/root/jass/src/main.cpp:1346:17: warning: this ‘if’ clause does not guard... [-Wmisleading-indentation]
 1346 |                 if (!first) s += ','; first = false; s += std::to_string(q); }
      |                 ^~
/root/jass/src/main.cpp:1346:39: note: ...this statement, but the latter is misleadingly indented as if it were guarded by the ‘if’
 1346 |                 if (!first) s += ','; first = false; s += std::to_string(q); }
      |                                       ^~~~~
/root/jass/src/main.cpp: In function ‘int run_gen_egdb_wld_mode(int, char**)’:
/root/jass/src/main.cpp:1549:11: warning: conversion to ‘long long unsigned int’ from ‘uint64_t’ {aka ‘long unsigned int’} may change the sign of the result [-Wsign-conversion]
 1549 |         ? static_cast<std::uint64_t>(parse_int_or(argv[7], 0)) : 0xC0FFEEULL;
      |           ^~~~~~~~~~~~~~~~~~~~~~~~~~~~~~~~~~~~~~~~~~~~~~~~~~~~
/root/jass/src/main.cpp:1549:9: warning: conversion to ‘uint64_t’ {aka ‘long unsigned int’} from ‘long long unsigned int’ may change the sign of the result [-Wsign-conversion]
 1548 |     const std::uint64_t seed = (argc > 7)
      |                                ~~~~~~~~~~
 1549 |         ? static_cast<std::uint64_t>(parse_int_or(argv[7], 0)) : 0xC0FFEEULL;
      |         ^~~~~~~~~~~~~~~~~~~~~~~~~~~~~~~~~~~~~~~~~~~~~~~~~~~~~~~~~~~~~~~~~~~~
/root/jass/src/main.cpp: In function ‘int run_depth_at_movetime_mode(int, char**)’:
/root/jass/src/main.cpp:2491:24: warning: conversion from ‘long long int’ to ‘double’ may change value [-Wconversion]
 2491 |         avg_depth[s] = sum_depth / n;
      |                        ^~~~~~~~~
/root/jass/src/main.cpp: In function ‘int run_book_audit_mode(int, char**)’:
/root/jass/src/main.cpp:2836:75: warning: conversion to ‘std::vector<long int>::size_type’ {aka ‘long unsigned int’} from ‘int’ may change the sign of the result [-Wsign-conversion]
 2836 |         if (ply >= static_cast<int>(ply_hist.size())) ply_hist.resize(ply + 1, 0);
      |                                                                       ~~~~^~~
/root/jass/src/main.cpp:2837:18: warning: conversion to ‘std::vector<long int>::size_type’ {aka ‘long unsigned int’} from ‘int’ may change the sign of the result [-Wsign-conversion]
 2837 |         ply_hist[ply]++;
      |                  ^~~
/root/jass/src/main.cpp:2892:52: warning: conversion from ‘long int’ to ‘double’ may change value [-Wconversion]
 2892 |                   << (static_cast<double>(edges) / internal) << " in-book children/internal\n";
      |                                                    ^~~~~~~~
/root/jass/src/main.cpp:2894:56: warning: conversion from ‘long int’ to ‘double’ may change value [-Wconversion]
 2894 |                   << (static_cast<double>(width_sum) / internal)
      |                                                        ^~~~~~~~
/root/jass/src/main.cpp: In lambda function:
/root/jass/src/main.cpp:3051:61: warning: conversion from ‘long unsigned int’ to ‘int’ may change value [-Wconversion]
 3051 |                                        std::max<std::size_t>(1, fresh.size()));
      |                                        ~~~~~~~~~~~~~~~~~~~~~^~~~~~~~~~~~~~~~~
[100%] Linking CXX executable jass
[100%] Built target jass
