Using distilled dataset : /root/jass/jobs/results/0075-scan-distillation-pure-no-master/artefacts.src/v10-distilled-100K.bin
=== host facts ===
host: ubuntu-16gb-hel1-2  nproc: 8  mem: 30Gi
[ 57%] Built target jass_lib
[ 62%] Built target jass
[100%] Built target jass_tests

==========================================================
=== train v10 256-128 PURE distillation ===
==========================================================
loading /root/jass/jobs/results/0076-scan-distill-256-128-pure/artefacts.src/v10-distilled-100K.bin (encoding=halfmen, input_dim=450) …
  100000 self-play records  (0.3s to encode)
  WDL distribution: W=29.5% D=38.3% L=32.2%
  score range: [-29998, 9999]  mean=-191.4  std=2707.4

=== arch 256-128 ===
  params: 148,481
  epoch   1: train= 171816.9  val=  87779.6 *
  epoch   2: train=  65872.0  val=  68559.0 *
  epoch   3: train=  61087.1  val=  65610.7 *
  epoch   4: train=  58861.4  val=  63425.4 *
  epoch   5: train=  56751.5  val=  61280.7 *
  epoch   6: train=  54939.3  val=  59468.4 *
  epoch   7: train=  53716.0  val=  58421.5 *
  epoch   8: train=  53081.0  val=  57220.8 *
  epoch   9: train=  52207.9  val=  56758.0 *
  epoch  10: train=  51777.1  val=  56177.3 *
  epoch  11: train=  51289.1  val=  55951.6 *
  epoch  12: train=  50998.0  val=  55210.3 *
  epoch  13: train=  50576.8  val=  55235.6
  epoch  14: train=  50296.6  val=  54698.1 *
  epoch  15: train=  50187.0  val=  54687.8 *
  epoch  16: train=  49773.4  val=  53898.9 *
  epoch  17: train=  49398.1  val=  53765.4 *
  epoch  18: train=  49227.5  val=  53265.6 *
  epoch  19: train=  48859.8  val=  53018.2 *
  epoch  20: train=  48622.5  val=  52769.3 *
  epoch  21: train=  48185.8  val=  53116.2
  epoch  22: train=  47950.7  val=  52069.7 *
  epoch  23: train=  47487.0  val=  51776.1 *
  epoch  24: train=  47135.2  val=  51476.4 *
  epoch  25: train=  46946.0  val=  51176.6 *
  epoch  26: train=  46532.9  val=  50117.0 *
  epoch  27: train=  45795.6  val=  50000.2 *
  epoch  28: train=  45229.1  val=  49539.4 *
  epoch  29: train=  44605.8  val=  49180.7 *
  epoch  30: train=  43921.4  val=  48402.8 *
  wrote /root/jass/jobs/results/0076-scan-distill-256-128-pure/artefacts.src/nnue-256-128.bin (593948 bytes)

=== Summary (sorted by val MSE) ===
  arch                params     val MSE   val RMSE     time
  256-128            148,481     48402.8      220.0      45s

summary → /root/jass/jobs/results/0076-scan-distill-256-128-pure/artefacts.src/summary.json
loading float reference /root/jass/jobs/results/0076-scan-distill-256-128-pure/artefacts.src/nnue-256-128.bin …
  topology: 450 → 256 → 128 → 1  (encoding=halfmen)
loading 2000 calibration positions from /root/jass/jobs/results/0076-scan-distill-256-128-pure/artefacts.src/v10-distilled-100K.bin …
  2000 positions, feature dim 450
quantising …
  scales: sw1=0.014415 sw2=0.024136 sw3=0.023718 sh1=0.07929 sh2=0.83623
  multipliers: mul1=0.1818 mul2=0.0022885 mul_out=0.019834
  reference range: float [-2141.3, 2150.2], quantised [-2007.3, 2063.9]
  diff: mean=-4.19  std=5.89  |max|=133.98  RMSE=7.23
wrote /root/jass/jobs/results/0076-scan-distill-256-128-pure/artefacts.src/nnue-256-128-q.bin (149672 bytes)

==========================================================
=== bench v10-256-128 vs Scan / v6 / v7 / v8 d10 ===
==========================================================
opening pool: 9 positions
jass setup:   nnue=/root/jass/jobs/results/0076-scan-distill-256-128-pure/artefacts.src/nnue-256-128-q.bin  book=(default/none)
scan setup:   book=off  bb-size=0
  game   1: Jass=W Scan=B → L (no legal move from Jass-player, 103 plies)  Jass +0.0  [2s]
  game   2: Scan=W Jass=B → W (no legal move from Jass-player, 130 plies)  Jass +0.0  [5s]
  game   3: Jass=W Scan=B → L (no legal move from Jass-player, 103 plies)  Jass +0.0  [7s]
  game   4: Scan=W Jass=B → W (no legal move from Jass-player, 130 plies)  Jass +0.0  [9s]
  game   5: Jass=W Scan=B → L (no legal move from Jass-player, 103 plies)  Jass +0.0  [11s]
  game   6: Scan=W Jass=B → W (no legal move from Jass-player, 130 plies)  Jass +0.0  [14s]
  game   7: Jass=W Scan=B → L (no legal move from Jass-player, 141 plies)  Jass +0.0  [25s]
  game   8: Scan=W Jass=B → W (no legal move from Jass-player, 114 plies)  Jass +0.0  [27s]
  game   9: Jass=W Scan=B → L (no legal move from Jass-player, 141 plies)  Jass +0.0  [32s]
  game  10: Scan=W Jass=B → W (no legal move from Jass-player, 114 plies)  Jass +0.0  [35s]
  game  11: Jass=W Scan=B → L (no legal move from Jass-player, 141 plies)  Jass +0.0  [40s]
  game  12: Scan=W Jass=B → W (no legal move from Jass-player, 114 plies)  Jass +0.0  [43s]
  game  13: Jass=W Scan=B → L (no legal move from Jass-player, 125 plies)  Jass +0.0  [45s]
  game  14: Scan=W Jass=B → W (no legal move from Jass-player, 120 plies)  Jass +0.0  [48s]
  game  15: Jass=W Scan=B → L (no legal move from Jass-player, 125 plies)  Jass +0.0  [51s]
  game  16: Scan=W Jass=B → W (no legal move from Jass-player, 120 plies)  Jass +0.0  [54s]
  game  17: Jass=W Scan=B → L (no legal move from Jass-player, 125 plies)  Jass +0.0  [56s]
  game  18: Scan=W Jass=B → W (no legal move from Jass-player, 120 plies)  Jass +0.0  [59s]
  game  19: Jass=W Scan=B → D (25-move rule, 163 plies)  Jass +0.5  [62s]
  game  20: Scan=W Jass=B → D (25-move rule, 184 plies)  Jass +0.5  [67s]
  game  21: Jass=W Scan=B → D (25-move rule, 163 plies)  Jass +0.5  [70s]
  game  22: Scan=W Jass=B → D (25-move rule, 184 plies)  Jass +0.5  [74s]
  game  23: Jass=W Scan=B → D (25-move rule, 163 plies)  Jass +0.5  [77s]
  game  24: Scan=W Jass=B → D (25-move rule, 184 plies)  Jass +0.5  [82s]
  game  25: Jass=W Scan=B → L (no legal move from Jass-player, 137 plies)  Jass +0.0  [86s]
  game  26: Scan=W Jass=B → W (no legal move from Jass-player, 124 plies)  Jass +0.0  [89s]
  game  27: Jass=W Scan=B → L (no legal move from Jass-player, 137 plies)  Jass +0.0  [94s]
  game  28: Scan=W Jass=B → W (no legal move from Jass-player, 124 plies)  Jass +0.0  [97s]
  game  29: Jass=W Scan=B → L (no legal move from Jass-player, 137 plies)  Jass +0.0  [101s]
  game  30: Scan=W Jass=B → W (no legal move from Jass-player, 124 plies)  Jass +0.0  [104s]
  game  31: Jass=W Scan=B → L (no legal move from Jass-player, 93 plies)  Jass +0.0  [106s]
  game  32: Scan=W Jass=B → W (no legal move from Jass-player, 102 plies)  Jass +0.0  [108s]
  game  33: Jass=W Scan=B → L (no legal move from Jass-player, 93 plies)  Jass +0.0  [109s]
  game  34: Scan=W Jass=B → W (no legal move from Jass-player, 102 plies)  Jass +0.0  [112s]
  game  35: Jass=W Scan=B → L (no legal move from Jass-player, 93 plies)  Jass +0.0  [113s]
  game  36: Scan=W Jass=B → W (no legal move from Jass-player, 102 plies)  Jass +0.0  [116s]
  game  37: Jass=W Scan=B → L (no legal move from Jass-player, 165 plies)  Jass +0.0  [121s]
  game  38: Scan=W Jass=B → W (no legal move from Jass-player, 118 plies)  Jass +0.0  [124s]
  game  39: Jass=W Scan=B → L (no legal move from Jass-player, 165 plies)  Jass +0.0  [129s]
  game  40: Scan=W Jass=B → W (no legal move from Jass-player, 118 plies)  Jass +0.0  [131s]
  game  41: Jass=W Scan=B → L (no legal move from Jass-player, 165 plies)  Jass +0.0  [137s]
  game  42: Scan=W Jass=B → W (no legal move from Jass-player, 118 plies)  Jass +0.0  [139s]
  game  43: Jass=W Scan=B → L (no legal move from Jass-player, 149 plies)  Jass +0.0  [145s]
  game  44: Scan=W Jass=B → W (no legal move from Jass-player, 102 plies)  Jass +0.0  [147s]
  game  45: Jass=W Scan=B → L (no legal move from Jass-player, 149 plies)  Jass +0.0  [153s]
  game  46: Scan=W Jass=B → W (no legal move from Jass-player, 102 plies)  Jass +0.0  [155s]
  game  47: Jass=W Scan=B → L (no legal move from Jass-player, 149 plies)  Jass +0.0  [161s]
  game  48: Scan=W Jass=B → W (no legal move from Jass-player, 102 plies)  Jass +0.0  [163s]
  game  49: Jass=W Scan=B → L (no legal move from Jass-player, 105 plies)  Jass +0.0  [165s]
  game  50: Scan=W Jass=B → W (no legal move from Jass-player, 134 plies)  Jass +0.0  [168s]
  game  51: Jass=W Scan=B → L (no legal move from Jass-player, 105 plies)  Jass +0.0  [170s]
  game  52: Scan=W Jass=B → W (no legal move from Jass-player, 134 plies)  Jass +0.0  [174s]
  game  53: Jass=W Scan=B → L (no legal move from Jass-player, 105 plies)  Jass +0.0  [176s]
  game  54: Scan=W Jass=B → W (no legal move from Jass-player, 134 plies)  Jass +0.0  [179s]

=== Jass vs Scan, depth 10, 54 games ===
  Jass=0  Scan=48  Draws=6
  Jass score rate: 0.056 (3.0 / 54)
  ELO estimate:    -492 (95% CI ≈ ±109)
Benchmark: A=NNUE(/root/jass/jobs/results/0076-scan-distill-256-128-pure/artefacts.src/nnue-256-128-q.bin) vs B=NNUE(/root/jass/jobs/results/0045-quiet-pv-extract-scaleup/artefacts.src/nnue-256-128-q.bin), depth 10, threads 1, movetime_ms 0, 54 games (9 openings × 3 pairs × 2 colours)
Result: A=12 B=42 Draws=0 (total 54)
A score rate: 0.222222 (12 / 54)
Benchmark: A=NNUE(/root/jass/jobs/results/0076-scan-distill-256-128-pure/artefacts.src/nnue-256-128-q.bin) vs B=NNUE(/root/jass/jobs/results/0050-v7-quiet-pv-extract-1M/artefacts.src/nnue-256-128-q.bin), depth 10, threads 1, movetime_ms 0, 54 games (9 openings × 3 pairs × 2 colours)
Result: A=18 B=36 Draws=0 (total 54)
A score rate: 0.333333 (18 / 54)
Benchmark: A=NNUE(/root/jass/jobs/results/0076-scan-distill-256-128-pure/artefacts.src/nnue-256-128-q.bin) vs B=NNUE(/root/jass/jobs/results/0056-v8-quiet-pv-1M-v7-labeller/artefacts.src/nnue-512-256-q.bin), depth 10, threads 1, movetime_ms 0, 54 games (9 openings × 3 pairs × 2 colours)
Result: A=3 B=39 Draws=12 (total 54)
A score rate: 0.166667 (9 / 54)

==========================================================
       0076 SCAN DISTILL 256-128 PURE VERDICT
==========================================================
  train wall : 46s
  vs Scan d10 : 0.056
  vs v6 d10   : 0.222222
  vs v7 d10   : 0.333333
  vs v8 d10   : 0.166667

  Comparaison capacité :
    0075 (512-256, 362K params) : val RMSE 212, vs Scan 0.000, vs v8 0.111
    0076 (256-128, 150K params) : val RMSE val, vs Scan 0.056, vs v8 0.166667

  Decision :
    * 256-128 vs v8 > 0.40 → capacity était le bug, scale up data ou archi
    * 256-128 ≈ 0075 (~0.10) → bug ailleurs (data, pipeline, search)
                                → debug profond ou drop distillation
==========================================================
