opening pool: 9 positions
jass setup:   nnue=/root/jass/jobs/results/0076-scan-distill-256-128-pure/artefacts.src/nnue-256-128-q.bin  book=(default/none)
scan setup:   book=off  bb-size=0
  game   1: Jass=W Scan=B → L (no legal move from Jass-player, 103 plies)  Jass +0.0  [2s]
  game   2: Scan=W Jass=B → W (no legal move from Jass-player, 130 plies)  Jass +0.0  [5s]
  game   3: Jass=W Scan=B → L (no legal move from Jass-player, 103 plies)  Jass +0.0  [7s]
  game   4: Scan=W Jass=B → W (no legal move from Jass-player, 130 plies)  Jass +0.0  [9s]
  game   5: Jass=W Scan=B → L (no legal move from Jass-player, 103 plies)  Jass +0.0  [11s]
  game   6: Scan=W Jass=B → W (no legal move from Jass-player, 130 plies)  Jass +0.0  [14s]
  game   7: Jass=W Scan=B → L (no legal move from Jass-player, 141 plies)  Jass +0.0  [25s]
  game   8: Scan=W Jass=B → W (no legal move from Jass-player, 114 plies)  Jass +0.0  [27s]
  game   9: Jass=W Scan=B → L (no legal move from Jass-player, 141 plies)  Jass +0.0  [32s]
  game  10: Scan=W Jass=B → W (no legal move from Jass-player, 114 plies)  Jass +0.0  [35s]
  game  11: Jass=W Scan=B → L (no legal move from Jass-player, 141 plies)  Jass +0.0  [40s]
  game  12: Scan=W Jass=B → W (no legal move from Jass-player, 114 plies)  Jass +0.0  [43s]
  game  13: Jass=W Scan=B → L (no legal move from Jass-player, 125 plies)  Jass +0.0  [45s]
  game  14: Scan=W Jass=B → W (no legal move from Jass-player, 120 plies)  Jass +0.0  [48s]
  game  15: Jass=W Scan=B → L (no legal move from Jass-player, 125 plies)  Jass +0.0  [51s]
  game  16: Scan=W Jass=B → W (no legal move from Jass-player, 120 plies)  Jass +0.0  [54s]
  game  17: Jass=W Scan=B → L (no legal move from Jass-player, 125 plies)  Jass +0.0  [56s]
  game  18: Scan=W Jass=B → W (no legal move from Jass-player, 120 plies)  Jass +0.0  [59s]
  game  19: Jass=W Scan=B → D (25-move rule, 163 plies)  Jass +0.5  [62s]
  game  20: Scan=W Jass=B → D (25-move rule, 184 plies)  Jass +0.5  [67s]
  game  21: Jass=W Scan=B → D (25-move rule, 163 plies)  Jass +0.5  [70s]
  game  22: Scan=W Jass=B → D (25-move rule, 184 plies)  Jass +0.5  [74s]
  game  23: Jass=W Scan=B → D (25-move rule, 163 plies)  Jass +0.5  [77s]
  game  24: Scan=W Jass=B → D (25-move rule, 184 plies)  Jass +0.5  [82s]
  game  25: Jass=W Scan=B → L (no legal move from Jass-player, 137 plies)  Jass +0.0  [86s]
  game  26: Scan=W Jass=B → W (no legal move from Jass-player, 124 plies)  Jass +0.0  [89s]
  game  27: Jass=W Scan=B → L (no legal move from Jass-player, 137 plies)  Jass +0.0  [94s]
  game  28: Scan=W Jass=B → W (no legal move from Jass-player, 124 plies)  Jass +0.0  [97s]
  game  29: Jass=W Scan=B → L (no legal move from Jass-player, 137 plies)  Jass +0.0  [101s]
  game  30: Scan=W Jass=B → W (no legal move from Jass-player, 124 plies)  Jass +0.0  [104s]
  game  31: Jass=W Scan=B → L (no legal move from Jass-player, 93 plies)  Jass +0.0  [106s]
  game  32: Scan=W Jass=B → W (no legal move from Jass-player, 102 plies)  Jass +0.0  [108s]
  game  33: Jass=W Scan=B → L (no legal move from Jass-player, 93 plies)  Jass +0.0  [109s]
  game  34: Scan=W Jass=B → W (no legal move from Jass-player, 102 plies)  Jass +0.0  [112s]
  game  35: Jass=W Scan=B → L (no legal move from Jass-player, 93 plies)  Jass +0.0  [113s]
  game  36: Scan=W Jass=B → W (no legal move from Jass-player, 102 plies)  Jass +0.0  [116s]
  game  37: Jass=W Scan=B → L (no legal move from Jass-player, 165 plies)  Jass +0.0  [121s]
  game  38: Scan=W Jass=B → W (no legal move from Jass-player, 118 plies)  Jass +0.0  [124s]
  game  39: Jass=W Scan=B → L (no legal move from Jass-player, 165 plies)  Jass +0.0  [129s]
  game  40: Scan=W Jass=B → W (no legal move from Jass-player, 118 plies)  Jass +0.0  [131s]
  game  41: Jass=W Scan=B → L (no legal move from Jass-player, 165 plies)  Jass +0.0  [137s]
  game  42: Scan=W Jass=B → W (no legal move from Jass-player, 118 plies)  Jass +0.0  [139s]
  game  43: Jass=W Scan=B → L (no legal move from Jass-player, 149 plies)  Jass +0.0  [145s]
  game  44: Scan=W Jass=B → W (no legal move from Jass-player, 102 plies)  Jass +0.0  [147s]
  game  45: Jass=W Scan=B → L (no legal move from Jass-player, 149 plies)  Jass +0.0  [153s]
  game  46: Scan=W Jass=B → W (no legal move from Jass-player, 102 plies)  Jass +0.0  [155s]
  game  47: Jass=W Scan=B → L (no legal move from Jass-player, 149 plies)  Jass +0.0  [161s]
  game  48: Scan=W Jass=B → W (no legal move from Jass-player, 102 plies)  Jass +0.0  [163s]
  game  49: Jass=W Scan=B → L (no legal move from Jass-player, 105 plies)  Jass +0.0  [165s]
  game  50: Scan=W Jass=B → W (no legal move from Jass-player, 134 plies)  Jass +0.0  [168s]
  game  51: Jass=W Scan=B → L (no legal move from Jass-player, 105 plies)  Jass +0.0  [170s]
  game  52: Scan=W Jass=B → W (no legal move from Jass-player, 134 plies)  Jass +0.0  [174s]
  game  53: Jass=W Scan=B → L (no legal move from Jass-player, 105 plies)  Jass +0.0  [176s]
  game  54: Scan=W Jass=B → W (no legal move from Jass-player, 134 plies)  Jass +0.0  [179s]

=== Jass vs Scan, depth 10, 54 games ===
  Jass=0  Scan=48  Draws=6
  Jass score rate: 0.056 (3.0 / 54)
  ELO estimate:    -492 (95% CI ≈ ±109)
