  ⚠️  EQUAL fixed-time vs Scan is NOT a fair eval comparison (jass NPS << Scan → fewer plies). Standard = --depth/--jass-depth +--scan-depth, or NPS-compensated --jass-movetime/--scan-movetime. See docs/SCAN_METHODOLOGY_GAP.md.
opening pool: 9 positions
jass setup:   pattern=/root/jass/jobs/results/cpx62-0338-combo-vs-scan/artefacts.src/eval.pjtw  book=(default/none)
scan setup:   book=off  bb-size=0
  [Scan-player init] init eval
  [Scan-player] bb-size=0 (no bitbases — FAIR comparison)
  game   1: Jass=W Scan=B → D (ply cap, 150 plies)  Jass +0.5  [126s]
  game   2: Scan=W Jass=B → W (no legal move from Jass-player, 106 plies)  Jass +0.0  [205s]
  game   3: Jass=W Scan=B → L (no legal move from Jass-player, 147 plies)  Jass +0.0  [322s]
  game   4: Scan=W Jass=B → W (no legal move from Jass-player, 138 plies)  Jass +0.0  [428s]
  game   5: Jass=W Scan=B → L (no legal move from Jass-player, 115 plies)  Jass +0.0  [514s]
  game   6: Scan=W Jass=B → W (no legal move from Jass-player, 136 plies)  Jass +0.0  [614s]
  game   7: Jass=W Scan=B → D (ply cap, 150 plies)  Jass +0.5  [735s]
  game   8: Scan=W Jass=B → D (25-move rule, 140 plies)  Jass +0.5  [847s]
  game   9: Jass=W Scan=B → L (no legal move from Jass-player, 125 plies)  Jass +0.0  [938s]
  game  10: Scan=W Jass=B → D (25-move rule, 146 plies)  Jass +0.5  [1054s]
  game  11: Jass=W Scan=B → L (no legal move from Jass-player, 123 plies)  Jass +0.0  [1143s]
  game  12: Scan=W Jass=B → W (no legal move from Jass-player, 130 plies)  Jass +0.0  [1246s]
  game  13: Jass=W Scan=B → L (no legal move from Jass-player, 119 plies)  Jass +0.0  [1334s]
  game  14: Scan=W Jass=B → D (ply cap, 150 plies)  Jass +0.5  [1453s]
  game  15: Jass=W Scan=B → L (no legal move from Jass-player, 127 plies)  Jass +0.0  [1551s]
  game  16: Scan=W Jass=B → W (no legal move from Jass-player, 140 plies)  Jass +0.0  [1655s]
  game  17: Jass=W Scan=B → L (no legal move from Jass-player, 139 plies)  Jass +0.0  [1760s]
  game  18: Scan=W Jass=B → W (no legal move from Jass-player, 148 plies)  Jass +0.0  [1872s]
  game  19: Jass=W Scan=B → L (no legal move from Jass-player, 131 plies)  Jass +0.0  [1972s]
  game  20: Scan=W Jass=B → W (no legal move from Jass-player, 142 plies)  Jass +0.0  [2081s]
  game  21: Jass=W Scan=B → L (no legal move from Jass-player, 121 plies)  Jass +0.0  [2169s]
  game  22: Scan=W Jass=B → W (no legal move from Jass-player, 120 plies)  Jass +0.0  [2253s]
  game  23: Jass=W Scan=B → L (no legal move from Jass-player, 117 plies)  Jass +0.0  [2337s]
  game  24: Scan=W Jass=B → W (no legal move from Jass-player, 126 plies)  Jass +0.0  [2430s]
  game  25: Jass=W Scan=B → D (ply cap, 150 plies)  Jass +0.5  [2551s]
  game  26: Scan=W Jass=B → D (ply cap, 150 plies)  Jass +0.5  [2673s]
  game  27: Jass=W Scan=B → D (ply cap, 150 plies)  Jass +0.5  [2789s]
  game  28: Scan=W Jass=B → W (no legal move from Jass-player, 128 plies)  Jass +0.0  [2884s]
  game  29: Jass=W Scan=B → D (ply cap, 150 plies)  Jass +0.5  [3000s]
  game  30: Scan=W Jass=B → W (no legal move from Jass-player, 134 plies)  Jass +0.0  [3100s]
  game  31: Jass=W Scan=B → D (ply cap, 150 plies)  Jass +0.5  [3216s]
  game  32: Scan=W Jass=B → W (no legal move from Jass-player, 142 plies)  Jass +0.0  [3322s]
  game  33: Jass=W Scan=B → L (no legal move from Jass-player, 119 plies)  Jass +0.0  [3409s]
  game  34: Scan=W Jass=B → W (no legal move from Jass-player, 134 plies)  Jass +0.0  [3511s]
  game  35: Jass=W Scan=B → L (no legal move from Jass-player, 147 plies)  Jass +0.0  [3621s]
  game  36: Scan=W Jass=B → W (no legal move from Jass-player, 132 plies)  Jass +0.0  [3719s]

=== Jass vs Scan, movetime 1.0s, 36 games ===
  Jass=0  Scan=26  Draws=10
  Jass score rate: 0.139 (5.0 / 36)
  ELO estimate:    -317 (95% CI ≈ ±133)
