opening pool: 9 positions
jass setup:   pattern=/root/jass/jobs/results/cpx62-0254-densify-endgame/artefacts.src/gen8.pjtw  book=(default/none)
scan setup:   book=off  bb-size=0
  [Scan-player init] init eval
  [Scan-player] bb-size=0 (no bitbases — FAIR comparison)
  game   1: Jass=W Scan=B → L (no legal move from Jass-player, 137 plies)  Jass +0.0  [114s]
  game   2: Scan=W Jass=B → W (no legal move from Jass-player, 110 plies)  Jass +0.0  [192s]
  game   3: Jass=W Scan=B → L (no legal move from Jass-player, 119 plies)  Jass +0.0  [278s]
  game   4: Scan=W Jass=B → W (no legal move from Jass-player, 126 plies)  Jass +0.0  [371s]
  game   5: Jass=W Scan=B → L (no legal move from Jass-player, 121 plies)  Jass +0.0  [463s]
  game   6: Scan=W Jass=B → W (no legal move from Jass-player, 108 plies)  Jass +0.0  [537s]
  game   7: Jass=W Scan=B → L (no legal move from Jass-player, 113 plies)  Jass +0.0  [620s]
  game   8: Scan=W Jass=B → W (no legal move from Jass-player, 106 plies)  Jass +0.0  [696s]
  game   9: Jass=W Scan=B → L (no legal move from Jass-player, 89 plies)  Jass +0.0  [760s]
  game  10: Scan=W Jass=B → W (no legal move from Jass-player, 106 plies)  Jass +0.0  [840s]
  game  11: Jass=W Scan=B → L (no legal move from Jass-player, 97 plies)  Jass +0.0  [909s]
  game  12: Scan=W Jass=B → W (no legal move from Jass-player, 108 plies)  Jass +0.0  [990s]
  game  13: Jass=W Scan=B → L (no legal move from Jass-player, 111 plies)  Jass +0.0  [1071s]
  game  14: Scan=W Jass=B → W (no legal move from Jass-player, 100 plies)  Jass +0.0  [1142s]
  game  15: Jass=W Scan=B → L (no legal move from Jass-player, 149 plies)  Jass +0.0  [1252s]
  game  16: Scan=W Jass=B → W (no legal move from Jass-player, 102 plies)  Jass +0.0  [1322s]
  game  17: Jass=W Scan=B → L (no legal move from Jass-player, 121 plies)  Jass +0.0  [1408s]
  game  18: Scan=W Jass=B → W (no legal move from Jass-player, 118 plies)  Jass +0.0  [1496s]
  game  19: Jass=W Scan=B → L (no legal move from Jass-player, 137 plies)  Jass +0.0  [1600s]
  game  20: Scan=W Jass=B → W (no legal move from Jass-player, 116 plies)  Jass +0.0  [1683s]
  game  21: Jass=W Scan=B → L (no legal move from Jass-player, 103 plies)  Jass +0.0  [1759s]
  game  22: Scan=W Jass=B → W (no legal move from Jass-player, 108 plies)  Jass +0.0  [1836s]
  game  23: Jass=W Scan=B → L (no legal move from Jass-player, 111 plies)  Jass +0.0  [1914s]
  game  24: Scan=W Jass=B → W (no legal move from Jass-player, 132 plies)  Jass +0.0  [2005s]
  game  25: Jass=W Scan=B → L (no legal move from Jass-player, 107 plies)  Jass +0.0  [2080s]
  game  26: Scan=W Jass=B → W (no legal move from Jass-player, 112 plies)  Jass +0.0  [2160s]
  game  27: Jass=W Scan=B → L (no legal move from Jass-player, 121 plies)  Jass +0.0  [2250s]
  game  28: Scan=W Jass=B → W (no legal move from Jass-player, 128 plies)  Jass +0.0  [2345s]
  game  29: Jass=W Scan=B → L (no legal move from Jass-player, 105 plies)  Jass +0.0  [2425s]
  game  30: Scan=W Jass=B → W (no legal move from Jass-player, 112 plies)  Jass +0.0  [2507s]
  game  31: Jass=W Scan=B → L (no legal move from Jass-player, 109 plies)  Jass +0.0  [2586s]
  game  32: Scan=W Jass=B → W (no legal move from Jass-player, 112 plies)  Jass +0.0  [2668s]
  game  33: Jass=W Scan=B → L (no legal move from Jass-player, 101 plies)  Jass +0.0  [2738s]
  game  34: Scan=W Jass=B → W (no legal move from Jass-player, 102 plies)  Jass +0.0  [2813s]
  game  35: Jass=W Scan=B → L (no legal move from Jass-player, 99 plies)  Jass +0.0  [2886s]
  game  36: Scan=W Jass=B → W (no legal move from Jass-player, 108 plies)  Jass +0.0  [2963s]
  game  37: Jass=W Scan=B → L (no legal move from Jass-player, 141 plies)  Jass +0.0  [3069s]
  game  38: Scan=W Jass=B → W (no legal move from Jass-player, 114 plies)  Jass +0.0  [3154s]
  game  39: Jass=W Scan=B → L (no legal move from Jass-player, 115 plies)  Jass +0.0  [3239s]
  game  40: Scan=W Jass=B → W (no legal move from Jass-player, 108 plies)  Jass +0.0  [3320s]
  game  41: Jass=W Scan=B → L (no legal move from Jass-player, 119 plies)  Jass +0.0  [3407s]
  game  42: Scan=W Jass=B → W (no legal move from Jass-player, 120 plies)  Jass +0.0  [3490s]
  game  43: Jass=W Scan=B → L (no legal move from Jass-player, 107 plies)  Jass +0.0  [3565s]
  game  44: Scan=W Jass=B → W (no legal move from Jass-player, 126 plies)  Jass +0.0  [3659s]
  game  45: Jass=W Scan=B → L (no legal move from Jass-player, 109 plies)  Jass +0.0  [3742s]
  game  46: Scan=W Jass=B → W (no legal move from Jass-player, 110 plies)  Jass +0.0  [3820s]
  game  47: Jass=W Scan=B → L (no legal move from Jass-player, 115 plies)  Jass +0.0  [3900s]
  game  48: Scan=W Jass=B → W (no legal move from Jass-player, 144 plies)  Jass +0.0  [4010s]
  game  49: Jass=W Scan=B → L (no legal move from Jass-player, 123 plies)  Jass +0.0  [4103s]
  game  50: Scan=W Jass=B → D (25-move rule, 160 plies)  Jass +0.5  [4231s]
  game  51: Jass=W Scan=B → L (no legal move from Jass-player, 115 plies)  Jass +0.0  [4313s]
  game  52: Scan=W Jass=B → W (no legal move from Jass-player, 130 plies)  Jass +0.0  [4406s]
  game  53: Jass=W Scan=B → L (no legal move from Jass-player, 103 plies)  Jass +0.0  [4481s]
  game  54: Scan=W Jass=B → W (no legal move from Jass-player, 96 plies)  Jass +0.0  [4551s]

=== Jass vs Scan, movetime 1.0s, 54 games ===
  Jass=0  Scan=53  Draws=1
  Jass score rate: 0.009 (0.5 / 54)
  ELO estimate:    -812 (95% CI ≈ ±109)
