opening pool: 9 positions
jass setup:   nnue=/root/jass/jobs/results/0081-scan-distill-pattern-amplitude-fix/artefacts.src/pattern-v3-scan-1M-scaled.jpat  book=(default/none)
scan setup:   book=off  bb-size=0
  game   1: Jass=W Scan=B → L (no legal move from Jass-player, 115 plies)  Jass +0.0  [1s]
  game   2: Scan=W Jass=B → W (no legal move from Jass-player, 168 plies)  Jass +0.0  [9s]
  game   3: Jass=W Scan=B → L (no legal move from Jass-player, 115 plies)  Jass +0.0  [10s]
  game   4: Scan=W Jass=B → W (no legal move from Jass-player, 168 plies)  Jass +0.0  [12s]
  game   5: Jass=W Scan=B → L (no legal move from Jass-player, 115 plies)  Jass +0.0  [14s]
  game   6: Scan=W Jass=B → W (no legal move from Jass-player, 168 plies)  Jass +0.0  [16s]
  game   7: Jass=W Scan=B → L (no legal move from Jass-player, 117 plies)  Jass +0.0  [17s]
  game   8: Scan=W Jass=B → W (no legal move from Jass-player, 102 plies)  Jass +0.0  [18s]
  game   9: Jass=W Scan=B → L (no legal move from Jass-player, 117 plies)  Jass +0.0  [19s]
  game  10: Scan=W Jass=B → W (no legal move from Jass-player, 102 plies)  Jass +0.0  [20s]
  game  11: Jass=W Scan=B → L (no legal move from Jass-player, 117 plies)  Jass +0.0  [21s]
  game  12: Scan=W Jass=B → W (no legal move from Jass-player, 102 plies)  Jass +0.0  [22s]
  game  13: Jass=W Scan=B → L (no legal move from Jass-player, 97 plies)  Jass +0.0  [23s]
  game  14: Scan=W Jass=B → W (no legal move from Jass-player, 116 plies)  Jass +0.0  [24s]
  game  15: Jass=W Scan=B → L (no legal move from Jass-player, 97 plies)  Jass +0.0  [25s]
  game  16: Scan=W Jass=B → W (no legal move from Jass-player, 116 plies)  Jass +0.0  [26s]
  game  17: Jass=W Scan=B → L (no legal move from Jass-player, 97 plies)  Jass +0.0  [26s]
  game  18: Scan=W Jass=B → W (no legal move from Jass-player, 116 plies)  Jass +0.0  [27s]
  game  19: Jass=W Scan=B → L (no legal move from Jass-player, 143 plies)  Jass +0.0  [30s]
  game  20: Scan=W Jass=B → W (no legal move from Jass-player, 98 plies)  Jass +0.0  [31s]
  game  21: Jass=W Scan=B → L (no legal move from Jass-player, 143 plies)  Jass +0.0  [34s]
  game  22: Scan=W Jass=B → W (no legal move from Jass-player, 98 plies)  Jass +0.0  [35s]
  game  23: Jass=W Scan=B → L (no legal move from Jass-player, 143 plies)  Jass +0.0  [38s]
  game  24: Scan=W Jass=B → W (no legal move from Jass-player, 98 plies)  Jass +0.0  [38s]
  game  25: Jass=W Scan=B → L (no legal move from Jass-player, 113 plies)  Jass +0.0  [40s]
  game  26: Scan=W Jass=B → W (no legal move from Jass-player, 106 plies)  Jass +0.0  [40s]
  game  27: Jass=W Scan=B → L (no legal move from Jass-player, 113 plies)  Jass +0.0  [42s]
  game  28: Scan=W Jass=B → W (no legal move from Jass-player, 106 plies)  Jass +0.0  [42s]
  game  29: Jass=W Scan=B → L (no legal move from Jass-player, 113 plies)  Jass +0.0  [44s]
  game  30: Scan=W Jass=B → W (no legal move from Jass-player, 106 plies)  Jass +0.0  [44s]
  game  31: Jass=W Scan=B → L (no legal move from Jass-player, 121 plies)  Jass +0.0  [45s]
  game  32: Scan=W Jass=B → W (no legal move from Jass-player, 120 plies)  Jass +0.0  [46s]
  game  33: Jass=W Scan=B → L (no legal move from Jass-player, 121 plies)  Jass +0.0  [47s]
  game  34: Scan=W Jass=B → W (no legal move from Jass-player, 120 plies)  Jass +0.0  [48s]
  game  35: Jass=W Scan=B → L (no legal move from Jass-player, 121 plies)  Jass +0.0  [49s]
  game  36: Scan=W Jass=B → W (no legal move from Jass-player, 120 plies)  Jass +0.0  [50s]
  game  37: Jass=W Scan=B → L (no legal move from Jass-player, 111 plies)  Jass +0.0  [51s]
  game  38: Scan=W Jass=B → W (no legal move from Jass-player, 90 plies)  Jass +0.0  [52s]
  game  39: Jass=W Scan=B → L (no legal move from Jass-player, 111 plies)  Jass +0.0  [53s]
  game  40: Scan=W Jass=B → W (no legal move from Jass-player, 90 plies)  Jass +0.0  [53s]
  game  41: Jass=W Scan=B → L (no legal move from Jass-player, 111 plies)  Jass +0.0  [55s]
  game  42: Scan=W Jass=B → W (no legal move from Jass-player, 90 plies)  Jass +0.0  [55s]
  game  43: Jass=W Scan=B → L (no legal move from Jass-player, 137 plies)  Jass +0.0  [57s]
  game  44: Scan=W Jass=B → W (no legal move from Jass-player, 118 plies)  Jass +0.0  [58s]
  game  45: Jass=W Scan=B → L (no legal move from Jass-player, 137 plies)  Jass +0.0  [59s]
  game  46: Scan=W Jass=B → W (no legal move from Jass-player, 118 plies)  Jass +0.0  [60s]
  game  47: Jass=W Scan=B → L (no legal move from Jass-player, 137 plies)  Jass +0.0  [62s]
  game  48: Scan=W Jass=B → W (no legal move from Jass-player, 118 plies)  Jass +0.0  [63s]
  game  49: Jass=W Scan=B → L (no legal move from Jass-player, 121 plies)  Jass +0.0  [64s]
  game  50: Scan=W Jass=B → W (no legal move from Jass-player, 120 plies)  Jass +0.0  [64s]
  game  51: Jass=W Scan=B → L (no legal move from Jass-player, 121 plies)  Jass +0.0  [66s]
  game  52: Scan=W Jass=B → W (no legal move from Jass-player, 120 plies)  Jass +0.0  [66s]
  game  53: Jass=W Scan=B → L (no legal move from Jass-player, 121 plies)  Jass +0.0  [67s]
  game  54: Scan=W Jass=B → W (no legal move from Jass-player, 120 plies)  Jass +0.0  [68s]

=== Jass vs Scan, depth 10, 54 games ===
  Jass=0  Scan=54  Draws=0
  Jass score rate: 0.000 (0.0 / 54)
  ELO estimate:    -800 (95% CI ≈ ±109)
