loading /root/jass/jobs/results/0081-scan-distill-pattern-amplitude-fix/artefacts.src/v10-distilled-1M-scaled.bin...
  1000000 records loaded
augmenting with horizontal mirror (×2)...
  augmented dataset: 2000000 records
encoding pattern indices (8 patterns, base=3)...
  done, shape=(8, 2000000)
epoch  0: train_loss=     43.99  val_mse= 434367.94  lr=1.00e-03  man=  99.5  king= 299.5
epoch  1: train_loss=     43.93  val_mse= 433833.34  lr=1.00e-03  man=  99.1  king= 299.1
epoch  2: train_loss=     43.88  val_mse= 433310.34  lr=1.00e-03  man=  98.6  king= 298.6
epoch  3: train_loss=     43.82  val_mse= 432798.31  lr=1.00e-03  man=  98.2  king= 298.2
epoch  4: train_loss=     43.77  val_mse= 432295.00  lr=1.00e-03  man=  97.7  king= 297.7
epoch  5: train_loss=     43.72  val_mse= 431799.72  lr=1.00e-03  man=  97.3  king= 297.2
epoch  6: train_loss=     43.67  val_mse= 431311.50  lr=1.00e-03  man=  96.8  king= 296.8
epoch  7: train_loss=     43.62  val_mse= 430830.88  lr=1.00e-03  man=  96.4  king= 296.3
epoch  8: train_loss=     43.57  val_mse= 430356.72  lr=1.00e-03  man=  95.9  king= 295.9
epoch  9: train_loss=     43.52  val_mse= 429889.41  lr=1.00e-03  man=  95.4  king= 295.4
epoch 10: train_loss=     43.47  val_mse= 429427.44  lr=1.00e-03  man=  95.0  king= 295.0
epoch 11: train_loss=     43.42  val_mse= 428971.28  lr=1.00e-03  man=  94.5  king= 294.5
epoch 12: train_loss=     43.37  val_mse= 428520.56  lr=1.00e-03  man=  94.1  king= 294.0
epoch 13: train_loss=     43.33  val_mse= 428075.25  lr=1.00e-03  man=  93.6  king= 293.6
epoch 14: train_loss=     43.28  val_mse= 427635.03  lr=1.00e-03  man=  93.2  king= 293.1
epoch 15: train_loss=     43.24  val_mse= 427200.09  lr=1.00e-03  man=  92.7  king= 292.7
epoch 16: train_loss=     43.19  val_mse= 426769.84  lr=1.00e-03  man=  92.3  king= 292.2
epoch 17: train_loss=     43.15  val_mse= 426343.78  lr=1.00e-03  man=  91.8  king= 291.7
epoch 18: train_loss=     43.11  val_mse= 425922.31  lr=1.00e-03  man=  91.4  king= 291.3
epoch 19: train_loss=     43.06  val_mse= 425505.34  lr=1.00e-03  man=  90.9  king= 290.8
epoch 20: train_loss=     43.02  val_mse= 425092.62  lr=1.00e-03  man=  90.5  king= 290.4
epoch 21: train_loss=     42.97  val_mse= 424684.09  lr=1.00e-03  man=  90.0  king= 289.9
epoch 22: train_loss=     42.93  val_mse= 424279.41  lr=1.00e-03  man=  89.6  king= 289.5
epoch 23: train_loss=     42.89  val_mse= 423878.41  lr=1.00e-03  man=  89.1  king= 289.0
epoch 24: train_loss=     42.85  val_mse= 423481.59  lr=1.00e-03  man=  88.7  king= 288.5
epoch 25: train_loss=     42.81  val_mse= 423088.81  lr=1.00e-03  man=  88.2  king= 288.1
epoch 26: train_loss=     42.77  val_mse= 422699.16  lr=1.00e-03  man=  87.7  king= 287.6
epoch 27: train_loss=     42.73  val_mse= 422313.56  lr=1.00e-03  man=  87.3  king= 287.2
epoch 28: train_loss=     42.68  val_mse= 421930.84  lr=1.00e-03  man=  86.8  king= 286.7
epoch 29: train_loss=     42.65  val_mse= 421553.47  lr=1.00e-03  man=  86.4  king= 286.2
epoch 30: train_loss=     42.61  val_mse= 421178.16  lr=1.00e-03  man=  85.9  king= 285.8
epoch 31: train_loss=     42.57  val_mse= 420806.22  lr=1.00e-03  man=  85.5  king= 285.3
epoch 32: train_loss=     42.53  val_mse= 420437.66  lr=1.00e-03  man=  85.0  king= 284.9
epoch 33: train_loss=     42.49  val_mse= 420072.38  lr=1.00e-03  man=  84.6  king= 284.4
epoch 34: train_loss=     42.45  val_mse= 419710.44  lr=1.00e-03  man=  84.1  king= 284.0
epoch 35: train_loss=     42.42  val_mse= 419351.34  lr=1.00e-03  man=  83.7  king= 283.5
epoch 36: train_loss=     42.38  val_mse= 418995.53  lr=1.00e-03  man=  83.2  king= 283.0
epoch 37: train_loss=     42.34  val_mse= 418643.06  lr=1.00e-03  man=  82.8  king= 282.6
epoch 38: train_loss=     42.31  val_mse= 418293.34  lr=1.00e-03  man=  82.3  king= 282.1
epoch 39: train_loss=     42.27  val_mse= 417946.66  lr=1.00e-03  man=  81.9  king= 281.7
epoch 40: train_loss=     42.23  val_mse= 417602.75  lr=1.00e-03  man=  81.4  king= 281.2
epoch 41: train_loss=     42.19  val_mse= 417262.59  lr=1.00e-03  man=  81.0  king= 280.8
epoch 42: train_loss=     42.16  val_mse= 416925.03  lr=1.00e-03  man=  80.5  king= 280.3
epoch 43: train_loss=     42.12  val_mse= 416589.34  lr=1.00e-03  man=  80.1  king= 279.8
epoch 44: train_loss=     42.09  val_mse= 416257.97  lr=1.00e-03  man=  79.6  king= 279.4
epoch 45: train_loss=     42.06  val_mse= 415928.91  lr=1.00e-03  man=  79.2  king= 278.9
epoch 46: train_loss=     42.02  val_mse= 415601.88  lr=1.00e-03  man=  78.7  king= 278.5
epoch 47: train_loss=     41.99  val_mse= 415278.09  lr=1.00e-03  man=  78.3  king= 278.0
epoch 48: train_loss=     41.95  val_mse= 414956.91  lr=1.00e-03  man=  77.8  king= 277.5
epoch 49: train_loss=     41.92  val_mse= 414638.25  lr=1.00e-03  man=  77.4  king= 277.1
epoch 50: train_loss=     41.89  val_mse= 414323.19  lr=1.00e-03  man=  76.9  king= 276.6
epoch 51: train_loss=     41.85  val_mse= 414009.78  lr=1.00e-03  man=  76.5  king= 276.2
epoch 52: train_loss=     41.82  val_mse= 413699.28  lr=1.00e-03  man=  76.0  king= 275.7
epoch 53: train_loss=     41.79  val_mse= 413391.31  lr=1.00e-03  man=  75.6  king= 275.3
epoch 54: train_loss=     41.76  val_mse= 413085.44  lr=1.00e-03  man=  75.1  king= 274.8
epoch 55: train_loss=     41.72  val_mse= 412782.22  lr=1.00e-03  man=  74.7  king= 274.3
epoch 56: train_loss=     41.69  val_mse= 412483.00  lr=1.00e-03  man=  74.2  king= 273.9
epoch 57: train_loss=     41.66  val_mse= 412184.91  lr=1.00e-03  man=  73.8  king= 273.4
epoch 58: train_loss=     41.63  val_mse= 411889.09  lr=1.00e-03  man=  73.3  king= 273.0
epoch 59: train_loss=     41.60  val_mse= 411596.28  lr=1.00e-03  man=  72.9  king= 272.5
final (saved) val_mse= 411596.28  man=72.9  king=272.5
wrote /root/jass/jobs/results/0081-scan-distill-pattern-amplitude-fix/artefacts.src/pattern-v3-scan-1M-scaled.jpat (17006241 bytes)
