=== COUPLAGE Phase-A FIT+A/B — HEAD 08e0acc46 queue 0646 COUPLAGE Phase-A fit+A/B (cpx62) : merge 3M mix -> fit WDL frais -> MMTO sweep anchor {0,0.01,0.05} WS-OFF -> A/B vs gen2-mmto ===
  ✓ build+geom (NP=32) + gen2-mmto
3039097
  WDL corpus mergé (2 box) = 3039097 positions
323664
  prefs mergés (2 box) = 323664 parents

=== (1) fit WDL frais : train_stream --target wdl --color-fold --l2 3e-5 (chunk 1000000, iter 25) sur 3039097 ===
    target=WDL  win=719298 draw=1594159 loss=725640 (52.5% draws)  (6.7s)
    train_loss=0.549145  iters=25  (380.4s)
  wrote /root/cw-cpl-fit/wdlbase.pjtw  (v3, 34,012,464 weights, 136,049,876 bytes)  [total 387.6s]

=== (2) MMTO gen-siblings --leaf-mode WS-OFF (ancre=wdlbase, d5) ===
6952258
  MMTO paires (feuilles-PV, WS-OFF) = 3476129

=== (3) rank_finetune --leaf-pov --chunk 500000, SWEEP anchor {0 0.01 0.05} (ancre=wdlbase) ===
  [anchor=0] pairwise-acc champion (avant fit) = 0.6474 ; cols visitées=362476 fit : loss 0.18683->0.16567 ; pairwise-acc 0.6474->0.7027 (delta +0.0552) 
  [anchor=0.01] pairwise-acc champion (avant fit) = 0.6474 ; cols visitées=362476 fit : loss 0.18683->0.17254 ; pairwise-acc 0.6474->0.6865 (delta +0.0390) 
  [anchor=0.05] pairwise-acc champion (avant fit) = 0.6474 ; cols visitées=362476 fit : loss 0.18683->0.17482 ; pairwise-acc 0.6474->0.6806 (delta +0.0332) 
  generaliste : 66 openings
  openings généralistes ≥38p : 66

=== (4) A/B candidats gen3-wdlmmto vs gen2-mmto (généraliste mt0.2) ===
  [anchor 0 vs gen2-mmto | generaliste mt] A=274 B=457 D=325 n=1056 rate_A=0.4134+-0.0245 elo~-61 IC=[0.389,0.438] => PERD hors-IC
  [anchor 0p01 vs gen2-mmto | generaliste mt] A=305 B=457 D=294 n=1056 rate_A=0.4280+-0.0252 elo~-50 IC=[0.403,0.453] => PERD hors-IC
  [anchor 0p05 vs gen2-mmto | generaliste mt] A=328 B=429 D=299 n=1056 rate_A=0.4522+-0.0254 elo~-33 IC=[0.427,0.478] => PERD hors-IC

  GATE : un candidat rate_A>0.5 hors-IC => le COUPLAGE WDL<->MMTO AJOUTE sur gen2-mmto (levier orthogonal).
  => si oui : confirmer le meilleur anchor (mt0.3 + dilf) + gate d9-vs-Scan, puis bake candidat gen3-wdlmmto.
  => si neutre partout : le fresh-WDL-base n'ajoute pas non plus ; conclusion sur le pipeline linéaire.
  RESULTS committé ✓
=== fin couplage fit+A/B ===
