note: --weight-decay=1e-05 applied as manual L2 inside the LBFGS closure (PyTorch LBFGS doesn't support weight_decay natively)
loading /root/jass/jobs/results/0014-fetch-master-games/artefacts.src/master-1600.jnnw...
  4738008 records loaded
augmenting with horizontal mirror (×2)...
  augmented dataset: 9476016 records
encoding pattern indices (8 patterns, base=3)...
  done, shape=(8, 9476016)
=== run 1/3 (seed 42) ===
[seed 42] iter  0: train_loss=  35351.54  val_mse=  12504.66  man=  -2.6  king=-105.6 *
[seed 42] iter  1: train_loss=  34200.22  val_mse=  16289.54  man= -11.0  king=  47.1
[seed 42] iter  2: train_loss=  33933.77  val_mse=  17508.88  man=  13.6  king=  50.1
[seed 42] iter  3: train_loss=  33791.64  val_mse=  15790.46  man=  -4.7  king= -52.3
[seed 42] iter  4: train_loss=  33729.56  val_mse=  16552.81  man=   6.7  king=  31.9
[seed 42] iter  5: train_loss=  33705.30  val_mse=  16601.61  man=   2.7  king=   6.2
[seed 42] early stop: no val improvement for 5 iters (best val_mse=12504.66)
=== run 2/3 (seed 43) ===
[seed 43] iter  0: train_loss=  35351.54  val_mse=  12504.66  man=  -2.6  king=-105.6 *
[seed 43] iter  1: train_loss=  34200.22  val_mse=  16289.54  man= -11.0  king=  47.1
[seed 43] iter  2: train_loss=  33933.77  val_mse=  17508.88  man=  13.6  king=  50.1
[seed 43] iter  3: train_loss=  33791.64  val_mse=  15790.46  man=  -4.7  king= -52.3
[seed 43] iter  4: train_loss=  33729.56  val_mse=  16552.81  man=   6.7  king=  31.9
[seed 43] iter  5: train_loss=  33705.30  val_mse=  16601.61  man=   2.7  king=   6.2
[seed 43] early stop: no val improvement for 5 iters (best val_mse=12504.66)
=== run 3/3 (seed 44) ===
[seed 44] iter  0: train_loss=  35351.54  val_mse=  12504.66  man=  -2.6  king=-105.6 *
[seed 44] iter  1: train_loss=  34200.22  val_mse=  16289.54  man= -11.0  king=  47.1
[seed 44] iter  2: train_loss=  33933.77  val_mse=  17508.88  man=  13.6  king=  50.1
[seed 44] iter  3: train_loss=  33791.64  val_mse=  15790.46  man=  -4.7  king= -52.3
[seed 44] iter  4: train_loss=  33729.56  val_mse=  16552.81  man=   6.7  king=  31.9
[seed 44] iter  5: train_loss=  33705.30  val_mse=  16601.61  man=   2.7  king=   6.2
[seed 44] early stop: no val improvement for 5 iters (best val_mse=12504.66)
averaging 3 models...
final (saved) val_mse=  13531.87  man=-2.6  king=-105.6
wrote /root/jass/jobs/results/0059-h1-h3-combined/artefacts.src/pattern-bootstrap.jpat (17006661 bytes)
