note: --weight-decay=1e-05 applied as manual L2 inside the LBFGS closure (PyTorch LBFGS doesn't support weight_decay natively)
loading /root/jass/jobs/results/0059-h1-h3-combined/artefacts.src/iter5-data.bin...
  20000 records loaded
augmenting with horizontal mirror (×2)...
  augmented dataset: 40000 records
encoding pattern indices (8 patterns, base=3)...
  done, shape=(8, 40000)
iter  0: train_loss=  40740.68  val_mse=28573880.00  man=  -1.2  king= -44.7 *
iter  1: train_loss=  30371.62  val_mse=28485126.00  man=  -4.5  king= -27.4 *
iter  2: train_loss=  27517.37  val_mse=28613792.00  man=   5.7  king=  -2.1
iter  3: train_loss=  26423.96  val_mse=28449700.00  man=  -0.3  king= -32.6 *
iter  4: train_loss=  25893.73  val_mse=28472644.00  man=  -0.4  king=   3.6
iter  5: train_loss=  25561.70  val_mse=28423012.00  man=   0.3  king= -19.5 *
iter  6: train_loss=  25404.40  val_mse=28503790.00  man=   4.6  king=  -9.7
iter  7: train_loss=  25315.41  val_mse=28497584.00  man=   0.0  king=  -8.6
iter  8: train_loss=  25268.74  val_mse=28461548.00  man=   0.7  king= -17.1
iter  9: train_loss=  25240.48  val_mse=28478596.00  man=   1.3  king= -15.2
early stop: no val improvement for 4 iters (best val_mse=28423012.00)
final (saved) val_mse=28453912.00  man=0.3  king=-19.5
wrote /root/jass/jobs/results/0059-h1-h3-combined/artefacts.src/h3-v5.jpat (17006661 bytes)
