Extracting "Kingsrow International WLD 7-piece database" - setup data version 5.5.0
Opening "/root/egdb_db/Kingsrow_Intl_7pc_WLD_Setup-1.bin"
 - "app/db2.cpr1"
 - "app/db2.idx1"
 - "app/db3.cpr1"
 - "app/db3.idx1"
 - "app/db4.cpr1"
 - "app/db4.idx1"
 - "app/db5.cpr1"
 - "app/db5.idx1"
 - "app/db6-0303.cpr1"
 - "app/db6-0303.idx1"
 - "app/db6-0312.cpr1"
 - "app/db6-0312.idx1"
 - "app/db6-0321.cpr1"
 - "app/db6-0321.idx1"
 - "app/db6-0330.cpr1"
 - "app/db6-0330.idx1"
 - "app/db6-0402.cpr1"
 - "app/db6-0402.idx1"
 - "app/db6-0411.cpr1"
 - "app/db6-0411.idx1"
 - "app/db6-0420.cpr1"
 - "app/db6-0420.idx1"
 - "app/db6-0501.cpr1"
 - "app/db6-0501.idx1"
 - "app/db6-0510.cpr1"
 - "app/db6-0510.idx1"
 - "app/db6-1212.cpr1"
 - "app/db6-1212.idx1"
 - "app/db6-1221.cpr1"
 - "app/db6-1221.idx1"
 - "app/db6-1230.cpr1"
 - "app/db6-1230.idx1"
 - "app/db6-1302.cpr1"
 - "app/db6-1302.idx1"
 - "app/db6-1311.cpr1"
 - "app/db6-1311.idx1"
 - "app/db6-1320.cpr1"
 - "app/db6-1320.idx1"
 - "app/db6-1401.cpr1"
 - "app/db6-1401.idx1"
 - "app/db6-1410.cpr1"
 - "app/db6-1410.idx1"
 - "app/db6-2121.cpr1"
 - "app/db6-2121.idx1"
 - "app/db6-2130.cpr1"
 - "app/db6-2130.idx1"
 - "app/db6-2202.cpr1"
 - "app/db6-2202.idx1"
 - "app/db6-2211.cpr1"
 - "app/db6-2211.idx1"
 - "app/db6-2220.cpr1"
 - "app/db6-2220.idx1"
 - "app/db6-2301.cpr1"
 - "app/db6-2301.idx1"
 - "app/db6-2310.cpr1"
 - "app/db6-2310.idx1"
 - "app/db6-3030.cpr1"
 - "app/db6-3030.idx1"
 - "app/db6-3102.cpr1"
 - "app/db6-3102.idx1"
 - "app/db6-3111.cpr1"
 - "app/db6-3111.idx1"
 - "app/db6-3120.cpr1"
 - "app/db6-3120.idx1"
 - "app/db6-3201.cpr1"
 - "app/db6-3201.idx1"
 - "app/db6-3210.cpr1"
 - "app/db6-3210.idx1"
 - "app/db6-4002.cpr1"
 - "app/db6-4002.idx1"
 - "app/db6-4011.cpr1"
 - "app/db6-4011.idx1"
 - "app/db6-4020.cpr1"
 - "app/db6-4020.idx1"
 - "app/db6-4101.cpr1"
 - "app/db6-4101.idx1"
 - "app/db6-4110.cpr1"
 - "app/db6-4110.idx1"
 - "app/db6-5001.cpr1"
 - "app/db6-5001.idx1"
 - "app/db6-5010.cpr1"
 - "app/db6-5010.idx1"
 - "app/db7-0403.cpr1"
 - "app/db7-0403.idx1"
 - "app/db7-0412.cpr1"
 - "app/db7-0412.idx1"
 - "app/db7-0421.cpr1"
 - "app/db7-0421.idx1"
 - "app/db7-0430.cpr1"
 - "app/db7-0430.idx1"
 - "app/db7-0502.cpr1"
 - "app/db7-0502.idx1"
 - "app/db7-0511.cpr1"
 - "app/db7-0511.idx1"
 - "app/db7-0520.cpr1"
 - "app/db7-0520.idx1"
 - "app/db7-1303.cpr1"
 - "app/db7-1303.idx1"
 - "app/db7-1312.cpr1"
 - "app/db7-1312.idx1"
 - "app/db7-1321.cpr1"
 - "app/db7-1321.idx1"
 - "app/db7-1330.cpr1"
 - "app/db7-1330.idx1"
 - "app/db7-1402.cpr1"
 - "app/db7-1402.idx1"
 - "app/db7-1411.cpr1"
 - "app/db7-1411.idx1"
 - "app/db7-1420.cpr1"
 - "app/db7-1420.idx1"
 - "app/db7-2203.cpr1"
 - "app/db7-2203.idx1"
 - "app/db7-2212.cpr1"
 - "app/db7-2212.idx1"
 - "app/db7-2221.cpr1"
 - "app/db7-2221.idx1"
 - "app/db7-2230.cpr1"
 - "app/db7-2230.idx1"
 - "app/db7-2302.cpr1"
 - "app/db7-2302.idx1"
 - "app/db7-2311.cpr1"
 - "app/db7-2311.idx1"
 - "app/db7-2320.cpr1"
 - "app/db7-2320.idx1"
 - "app/db7-3103.cpr1"
 - "app/db7-3103.idx1"
 - "app/db7-3112.cpr1"
Opening "/root/egdb_db/Kingsrow_Intl_7pc_WLD_Setup-2.bin"
 - "app/db7-3112.idx1"
 - "app/db7-3121.cpr1"
 - "app/db7-3121.idx1"
 - "app/db7-3130.cpr1"
 - "app/db7-3130.idx1"
 - "app/db7-3202.cpr1"
 - "app/db7-3202.idx1"
 - "app/db7-3211.cpr1"
 - "app/db7-3211.idx1"
 - "app/db7-3220.cpr1"
 - "app/db7-3220.idx1"
 - "app/db7-4003.cpr1"
 - "app/db7-4003.idx1"
 - "app/db7-4012.cpr1"
 - "app/db7-4012.idx1"
 - "app/db7-4021.cpr1"
 - "app/db7-4021.idx1"
 - "app/db7-4030.cpr1"
 - "app/db7-4030.idx1"
 - "app/db7-4102.cpr1"
 - "app/db7-4102.idx1"
 - "app/db7-4111.cpr1"
 - "app/db7-4111.idx1"
 - "app/db7-4120.cpr1"
 - "app/db7-4120.idx1"
 - "app/db7-5002.cpr1"
 - "app/db7-5002.idx1"
 - "app/db7-5011.cpr1"
 - "app/db7-5011.idx1"
 - "app/db7-5020.cpr1"
 - "app/db7-5020.idx1"
Done.
