=== host facts ===
host: ubuntu-16gb-hel1-2  nproc: 4  mem: 15Gi
dataset: /root/jass/jobs/results/0010-gen-data-depth20-1M-smallbox/artefacts.src/depth20-1M.bin (38000008 bytes)
v5 ref:  /root/jass/jobs/results/0018-train-with-master-bce/artefacts.src/nnue-256-128-q.bin
[ 57%] Built target jass_lib
[ 62%] Built target jass
[100%] Built target jass_tests

=== train pattern v2 HYBRID base-5 — G1 (L-BFGS full-batch) ===
note: --weight-decay=1e-05 applied as manual L2 inside the LBFGS closure (PyTorch LBFGS doesn't support weight_decay natively)
loading /root/jass/jobs/results/0010-gen-data-depth20-1M-smallbox/artefacts.src/depth20-1M.bin...
  1000000 records loaded
augmenting with horizontal mirror (×2)...
  augmented dataset: 2000000 records
encoding pattern indices (16 patterns, base=5)...
  done, shape=(16, 2000000)
=== run 1/3 (seed 42) ===
[seed 42] iter  0: train_loss=  23045.07  val_mse=89188560.00  man=  -2.4  king=  31.3 *
[seed 42] iter  1: train_loss=  20045.26  val_mse=88409392.00  man= -11.1  king=  30.9 *
[seed 42] iter  2: train_loss=  19564.66  val_mse=88231208.00  man=  -2.5  king=   1.9 *
[seed 42] iter  3: train_loss=  19414.73  val_mse=88206360.00  man=  -3.1  king=   0.8 *
[seed 42] iter  4: train_loss=  19380.33  val_mse=88265832.00  man=  -3.0  king=  -1.6
[seed 42] iter  5: train_loss=  19374.88  val_mse=88268112.00  man=  -2.6  king=   0.8
[seed 42] iter  6: train_loss=  19373.59  val_mse=88246712.00  man=  -2.5  king=   0.9
[seed 42] iter  7: train_loss=  19373.20  val_mse=88235928.00  man=  -2.7  king=   0.0
[seed 42] iter  8: train_loss=  19373.13  val_mse=88236360.00  man=  -2.7  king=   0.5
[seed 42] early stop: no val improvement for 5 iters (best val_mse=88206360.00)
=== run 2/3 (seed 43) ===
[seed 43] iter  0: train_loss=  23045.07  val_mse=89188560.00  man=  -2.4  king=  31.3 *
[seed 43] iter  1: train_loss=  20045.26  val_mse=88409392.00  man= -11.1  king=  30.9 *
[seed 43] iter  2: train_loss=  19564.66  val_mse=88231208.00  man=  -2.5  king=   1.9 *
[seed 43] iter  3: train_loss=  19414.73  val_mse=88206360.00  man=  -3.1  king=   0.8 *
[seed 43] iter  4: train_loss=  19380.33  val_mse=88265832.00  man=  -3.0  king=  -1.6
[seed 43] iter  5: train_loss=  19374.88  val_mse=88268112.00  man=  -2.6  king=   0.8
[seed 43] iter  6: train_loss=  19373.59  val_mse=88246712.00  man=  -2.5  king=   0.9
[seed 43] iter  7: train_loss=  19373.20  val_mse=88235928.00  man=  -2.7  king=   0.0
[seed 43] iter  8: train_loss=  19373.13  val_mse=88236360.00  man=  -2.7  king=   0.5
[seed 43] early stop: no val improvement for 5 iters (best val_mse=88206360.00)
=== run 3/3 (seed 44) ===
[seed 44] iter  0: train_loss=  23045.07  val_mse=89188560.00  man=  -2.4  king=  31.3 *
[seed 44] iter  1: train_loss=  20045.26  val_mse=88409392.00  man= -11.1  king=  30.9 *
[seed 44] iter  2: train_loss=  19564.66  val_mse=88231208.00  man=  -2.5  king=   1.9 *
[seed 44] iter  3: train_loss=  19414.73  val_mse=88206360.00  man=  -3.1  king=   0.8 *
[seed 44] iter  4: train_loss=  19380.33  val_mse=88265832.00  man=  -3.0  king=  -1.6
[seed 44] iter  5: train_loss=  19374.88  val_mse=88268112.00  man=  -2.6  king=   0.8
[seed 44] iter  6: train_loss=  19373.59  val_mse=88246712.00  man=  -2.5  king=   0.9
[seed 44] iter  7: train_loss=  19373.20  val_mse=88235928.00  man=  -2.7  king=   0.0
[seed 44] iter  8: train_loss=  19373.13  val_mse=88236360.00  man=  -2.7  king=   0.5
[seed 44] early stop: no val improvement for 5 iters (best val_mse=88206360.00)
averaging 3 models...
final (saved) val_mse=88206360.00  man=-3.1  king=0.8
wrote /root/jass/jobs/results/0051-g1-lbfgs-d1-hybrid/artefacts.src/pattern-v2-g1-lbfgs.jpat (25000168 bytes)
-rw-r--r-- 1 root root 24M May 28 07:17 /root/jass/jobs/results/0051-g1-lbfgs-d1-hybrid/artefacts.src/pattern-v2-g1-lbfgs.jpat

=== bench vs handcrafted (depth 6) ===
Benchmark: NNUE (/root/jass/jobs/results/0051-g1-lbfgs-d1-hybrid/artefacts.src/pattern-v2-g1-lbfgs.jpat) vs handcrafted, depth 6, 18 games (9 openings × 1 pairs × 2 colours)
Result: NNUE=0 Handcrafted=18 Draws=0 (total 18)
NNUE score rate: 0 (0 / 18)
=== bench vs v5 (depth 6) ===
Benchmark: A=NNUE(/root/jass/jobs/results/0051-g1-lbfgs-d1-hybrid/artefacts.src/pattern-v2-g1-lbfgs.jpat) vs B=NNUE(/root/jass/jobs/results/0018-train-with-master-bce/artefacts.src/nnue-256-128-q.bin), depth 6, 54 games (9 openings × 3 pairs × 2 colours)
Result: A=0 B=54 Draws=0 (total 54)
A score rate: 0 (0 / 54)
=== bench vs v5 (depth 10) ===
Benchmark: A=NNUE(/root/jass/jobs/results/0051-g1-lbfgs-d1-hybrid/artefacts.src/pattern-v2-g1-lbfgs.jpat) vs B=NNUE(/root/jass/jobs/results/0018-train-with-master-bce/artefacts.src/nnue-256-128-q.bin), depth 10, 54 games (9 openings × 3 pairs × 2 colours)
Result: A=0 B=54 Draws=0 (total 54)
A score rate: 0 (0 / 54)

==========================================================
       0051 G1 PATTERN v2 HYBRID + L-BFGS VERDICT
==========================================================
  train wall:           961s (16.0 min)
  vs handcrafted:       rate=0
  vs v5 (depth 6):      rate=0
  vs v5 (depth 10):     rate=0

  References (Adam paths) :
    0046 Phase 1 pure pattern   : 0/18 hc, 0/54 d6, 0/54 d10
    0048 D1 hybrid base-5 Adam  : 0/18 hc, 6/54 d6, 0/54 d10
    0049 D2 hybrid base-3 Adam  : 0/18 hc, 1.5/54 d6, 0/54 d10

  Decision (per docs/SCAN_METHODOLOGY_GAP.md §G1) :
    NOT THE BOTTLENECK — Adam n'était pas en cause. Le problème
    est ailleurs (probablement labels score bruités). Pivot G2
    (distillation depuis v6 = labels propres) avec garde-fou
    strict : si G2 ne décolle pas non plus, abandon pattern axis.
==========================================================
