opening pool: 9 positions
jass setup:   pattern=/root/jass/jobs/results/0196-selfplay-wdl-1M/artefacts.src/champ.pjtw  book=(default/none)
scan setup:   book=off  bb-size=0
  [Scan-player init] init eval
  [Scan-player] bb-size=0 (no bitbases — FAIR comparison)
  game   1: Jass=W Scan=B → L (no legal move from Jass-player, 127 plies)  Jass +0.0  [49s]
  game   2: Scan=W Jass=B → W (no legal move from Jass-player, 174 plies)  Jass +0.0  [120s]
  game   3: Jass=W Scan=B → L (no legal move from Jass-player, 129 plies)  Jass +0.0  [167s]
  game   4: Scan=W Jass=B → W (no legal move from Jass-player, 130 plies)  Jass +0.0  [213s]
  game   5: Jass=W Scan=B → L (no legal move from Jass-player, 127 plies)  Jass +0.0  [261s]
  game   6: Scan=W Jass=B → W (no legal move from Jass-player, 114 plies)  Jass +0.0  [305s]
  game   7: Jass=W Scan=B → L (no legal move from Jass-player, 115 plies)  Jass +0.0  [347s]
  game   8: Scan=W Jass=B → W (no legal move from Jass-player, 104 plies)  Jass +0.0  [385s]
  game   9: Jass=W Scan=B → L (no legal move from Jass-player, 119 plies)  Jass +0.0  [429s]
  game  10: Scan=W Jass=B → W (no legal move from Jass-player, 140 plies)  Jass +0.0  [483s]
  game  11: Jass=W Scan=B → L (no legal move from Jass-player, 149 plies)  Jass +0.0  [541s]
  game  12: Scan=W Jass=B → W (no legal move from Jass-player, 104 plies)  Jass +0.0  [582s]
  game  13: Jass=W Scan=B → L (no legal move from Jass-player, 103 plies)  Jass +0.0  [620s]
  game  14: Scan=W Jass=B → W (no legal move from Jass-player, 124 plies)  Jass +0.0  [665s]
  game  15: Jass=W Scan=B → L (no legal move from Jass-player, 109 plies)  Jass +0.0  [706s]
  game  16: Scan=W Jass=B → W (no legal move from Jass-player, 160 plies)  Jass +0.0  [769s]
  game  17: Jass=W Scan=B → L (no legal move from Jass-player, 119 plies)  Jass +0.0  [812s]
  game  18: Scan=W Jass=B → W (no legal move from Jass-player, 164 plies)  Jass +0.0  [875s]
  game  19: Jass=W Scan=B → L (no legal move from Jass-player, 109 plies)  Jass +0.0  [916s]
  game  20: Scan=W Jass=B → W (no legal move from Jass-player, 134 plies)  Jass +0.0  [969s]
  game  21: Jass=W Scan=B → L (no legal move from Jass-player, 111 plies)  Jass +0.0  [1008s]
  game  22: Scan=W Jass=B → W (no legal move from Jass-player, 138 plies)  Jass +0.0  [1063s]
  game  23: Jass=W Scan=B → L (no legal move from Jass-player, 115 plies)  Jass +0.0  [1106s]
  game  24: Scan=W Jass=B → W (no legal move from Jass-player, 90 plies)  Jass +0.0  [1140s]
  game  25: Jass=W Scan=B → L (no legal move from Jass-player, 105 plies)  Jass +0.0  [1178s]
  game  26: Scan=W Jass=B → W (no legal move from Jass-player, 104 plies)  Jass +0.0  [1216s]
  game  27: Jass=W Scan=B → L (no legal move from Jass-player, 109 plies)  Jass +0.0  [1257s]
  game  28: Scan=W Jass=B → W (no legal move from Jass-player, 106 plies)  Jass +0.0  [1295s]
  game  29: Jass=W Scan=B → L (no legal move from Jass-player, 119 plies)  Jass +0.0  [1338s]
  game  30: Scan=W Jass=B → W (no legal move from Jass-player, 102 plies)  Jass +0.0  [1375s]
  game  31: Jass=W Scan=B → L (no legal move from Jass-player, 115 plies)  Jass +0.0  [1418s]
  game  32: Scan=W Jass=B → W (no legal move from Jass-player, 146 plies)  Jass +0.0  [1472s]
  game  33: Jass=W Scan=B → L (no legal move from Jass-player, 105 plies)  Jass +0.0  [1509s]
  game  34: Scan=W Jass=B → W (no legal move from Jass-player, 112 plies)  Jass +0.0  [1549s]
  game  35: Jass=W Scan=B → L (no legal move from Jass-player, 111 plies)  Jass +0.0  [1591s]
  game  36: Scan=W Jass=B → W (no legal move from Jass-player, 118 plies)  Jass +0.0  [1632s]
  game  37: Jass=W Scan=B → L (no legal move from Jass-player, 99 plies)  Jass +0.0  [1668s]
  game  38: Scan=W Jass=B → W (no legal move from Jass-player, 118 plies)  Jass +0.0  [1711s]
  game  39: Jass=W Scan=B → L (no legal move from Jass-player, 103 plies)  Jass +0.0  [1748s]
  game  40: Scan=W Jass=B → W (no legal move from Jass-player, 138 plies)  Jass +0.0  [1800s]
  game  41: Jass=W Scan=B → L (no legal move from Jass-player, 107 plies)  Jass +0.0  [1840s]
  game  42: Scan=W Jass=B → W (no legal move from Jass-player, 124 plies)  Jass +0.0  [1885s]
  game  43: Jass=W Scan=B → L (no legal move from Jass-player, 109 plies)  Jass +0.0  [1923s]
  game  44: Scan=W Jass=B → W (no legal move from Jass-player, 118 plies)  Jass +0.0  [1964s]
  game  45: Jass=W Scan=B → L (no legal move from Jass-player, 127 plies)  Jass +0.0  [2012s]
  game  46: Scan=W Jass=B → W (no legal move from Jass-player, 112 plies)  Jass +0.0  [2054s]
  game  47: Jass=W Scan=B → L (no legal move from Jass-player, 137 plies)  Jass +0.0  [2104s]
  game  48: Scan=W Jass=B → W (no legal move from Jass-player, 118 plies)  Jass +0.0  [2148s]
  game  49: Jass=W Scan=B → L (no legal move from Jass-player, 113 plies)  Jass +0.0  [2189s]
  game  50: Scan=W Jass=B → W (no legal move from Jass-player, 118 plies)  Jass +0.0  [2235s]
  game  51: Jass=W Scan=B → L (no legal move from Jass-player, 89 plies)  Jass +0.0  [2263s]
  game  52: Scan=W Jass=B → W (no legal move from Jass-player, 116 plies)  Jass +0.0  [2308s]
  game  53: Jass=W Scan=B → L (no legal move from Jass-player, 119 plies)  Jass +0.0  [2350s]
  game  54: Scan=W Jass=B → W (no legal move from Jass-player, 148 plies)  Jass +0.0  [2404s]
  game  55: Jass=W Scan=B → L (no legal move from Jass-player, 99 plies)  Jass +0.0  [2441s]
  game  56: Scan=W Jass=B → W (no legal move from Jass-player, 104 plies)  Jass +0.0  [2479s]
  game  57: Jass=W Scan=B → L (no legal move from Jass-player, 155 plies)  Jass +0.0  [2538s]
  game  58: Scan=W Jass=B → W (no legal move from Jass-player, 108 plies)  Jass +0.0  [2576s]
  game  59: Jass=W Scan=B → L (no legal move from Jass-player, 109 plies)  Jass +0.0  [2616s]
  game  60: Scan=W Jass=B → W (no legal move from Jass-player, 116 plies)  Jass +0.0  [2659s]
  game  61: Jass=W Scan=B → L (no legal move from Jass-player, 153 plies)  Jass +0.0  [2720s]
  game  62: Scan=W Jass=B → W (no legal move from Jass-player, 108 plies)  Jass +0.0  [2758s]
  game  63: Jass=W Scan=B → L (no legal move from Jass-player, 93 plies)  Jass +0.0  [2791s]
  game  64: Scan=W Jass=B → W (no legal move from Jass-player, 114 plies)  Jass +0.0  [2833s]
  game  65: Jass=W Scan=B → L (no legal move from Jass-player, 123 plies)  Jass +0.0  [2875s]
  game  66: Scan=W Jass=B → W (no legal move from Jass-player, 112 plies)  Jass +0.0  [2914s]
  game  67: Jass=W Scan=B → L (no legal move from Jass-player, 117 plies)  Jass +0.0  [2954s]
  game  68: Scan=W Jass=B → W (no legal move from Jass-player, 116 plies)  Jass +0.0  [2996s]
  game  69: Jass=W Scan=B → L (no legal move from Jass-player, 115 plies)  Jass +0.0  [3038s]
  game  70: Scan=W Jass=B → W (no legal move from Jass-player, 98 plies)  Jass +0.0  [3074s]
  game  71: Jass=W Scan=B → L (no legal move from Jass-player, 115 plies)  Jass +0.0  [3115s]
  game  72: Scan=W Jass=B → W (no legal move from Jass-player, 112 plies)  Jass +0.0  [3154s]

=== Jass vs Scan, movetime 0.5s, 72 games ===
  Jass=0  Scan=72  Draws=0
  Jass score rate: 0.000 (0.0 / 72)
  ELO estimate:    -800 (95% CI ≈ ±94)
