opening pool: 9 positions
jass setup:   nnue=/root/jass/jobs/results/0090-small-arch-sweep-movetime/artefacts.src/arch-128-64/nnue-128-64-q.bin  book=(default/none)
scan setup:   book=off  bb-size=0
  [Scan-player init] init eval
  [Scan-player] bb-size=0 (no bitbases — FAIR comparison)
  game   1: Jass=W Scan=B → L (no legal move from Jass-player, 111 plies)  Jass +0.0  [2s]
  game   2: Scan=W Jass=B → W (no legal move from Jass-player, 102 plies)  Jass +0.0  [4s]
  game   3: Jass=W Scan=B → L (no legal move from Jass-player, 111 plies)  Jass +0.0  [6s]
  game   4: Scan=W Jass=B → W (no legal move from Jass-player, 102 plies)  Jass +0.0  [7s]
  game   5: Jass=W Scan=B → L (no legal move from Jass-player, 111 plies)  Jass +0.0  [8s]
  game   6: Scan=W Jass=B → W (no legal move from Jass-player, 102 plies)  Jass +0.0  [10s]
  game   7: Jass=W Scan=B → L (no legal move from Jass-player, 111 plies)  Jass +0.0  [11s]
  game   8: Scan=W Jass=B → W (no legal move from Jass-player, 102 plies)  Jass +0.0  [12s]
  game   9: Jass=W Scan=B → L (no legal move from Jass-player, 111 plies)  Jass +0.0  [14s]
  game  10: Scan=W Jass=B → W (no legal move from Jass-player, 102 plies)  Jass +0.0  [15s]
  game  11: Jass=W Scan=B → L (no legal move from Jass-player, 111 plies)  Jass +0.0  [16s]
  game  12: Scan=W Jass=B → W (no legal move from Jass-player, 102 plies)  Jass +0.0  [18s]
  game  13: Jass=W Scan=B → L (no legal move from Jass-player, 111 plies)  Jass +0.0  [19s]
  game  14: Scan=W Jass=B → W (no legal move from Jass-player, 102 plies)  Jass +0.0  [20s]
  game  15: Jass=W Scan=B → L (no legal move from Jass-player, 111 plies)  Jass +0.0  [22s]
  game  16: Scan=W Jass=B → W (no legal move from Jass-player, 102 plies)  Jass +0.0  [23s]
  game  17: Jass=W Scan=B → L (no legal move from Jass-player, 105 plies)  Jass +0.0  [24s]
  game  18: Scan=W Jass=B → W (no legal move from Jass-player, 100 plies)  Jass +0.0  [26s]
  game  19: Jass=W Scan=B → L (no legal move from Jass-player, 105 plies)  Jass +0.0  [28s]
  game  20: Scan=W Jass=B → W (no legal move from Jass-player, 100 plies)  Jass +0.0  [30s]
  game  21: Jass=W Scan=B → L (no legal move from Jass-player, 105 plies)  Jass +0.0  [31s]
  game  22: Scan=W Jass=B → W (no legal move from Jass-player, 100 plies)  Jass +0.0  [33s]
  game  23: Jass=W Scan=B → L (no legal move from Jass-player, 105 plies)  Jass +0.0  [35s]
  game  24: Scan=W Jass=B → W (no legal move from Jass-player, 100 plies)  Jass +0.0  [37s]
  game  25: Jass=W Scan=B → L (no legal move from Jass-player, 105 plies)  Jass +0.0  [38s]
  game  26: Scan=W Jass=B → W (no legal move from Jass-player, 100 plies)  Jass +0.0  [41s]
  game  27: Jass=W Scan=B → L (no legal move from Jass-player, 105 plies)  Jass +0.0  [42s]
  game  28: Scan=W Jass=B → W (no legal move from Jass-player, 100 plies)  Jass +0.0  [44s]
  game  29: Jass=W Scan=B → L (no legal move from Jass-player, 105 plies)  Jass +0.0  [46s]
  game  30: Scan=W Jass=B → W (no legal move from Jass-player, 100 plies)  Jass +0.0  [48s]
  game  31: Jass=W Scan=B → L (no legal move from Jass-player, 105 plies)  Jass +0.0  [49s]
  game  32: Scan=W Jass=B → W (no legal move from Jass-player, 100 plies)  Jass +0.0  [51s]
  game  33: Jass=W Scan=B → L (no legal move from Jass-player, 107 plies)  Jass +0.0  [53s]
  game  34: Scan=W Jass=B → W (no legal move from Jass-player, 152 plies)  Jass +0.0  [60s]
  game  35: Jass=W Scan=B → L (no legal move from Jass-player, 107 plies)  Jass +0.0  [62s]
  game  36: Scan=W Jass=B → W (no legal move from Jass-player, 152 plies)  Jass +0.0  [65s]
  game  37: Jass=W Scan=B → L (no legal move from Jass-player, 107 plies)  Jass +0.0  [66s]
  game  38: Scan=W Jass=B → W (no legal move from Jass-player, 152 plies)  Jass +0.0  [69s]
  game  39: Jass=W Scan=B → L (no legal move from Jass-player, 107 plies)  Jass +0.0  [71s]
  game  40: Scan=W Jass=B → W (no legal move from Jass-player, 152 plies)  Jass +0.0  [74s]
  game  41: Jass=W Scan=B → L (no legal move from Jass-player, 107 plies)  Jass +0.0  [75s]
  game  42: Scan=W Jass=B → W (no legal move from Jass-player, 152 plies)  Jass +0.0  [78s]
  game  43: Jass=W Scan=B → L (no legal move from Jass-player, 107 plies)  Jass +0.0  [80s]
  game  44: Scan=W Jass=B → W (no legal move from Jass-player, 152 plies)  Jass +0.0  [82s]
  game  45: Jass=W Scan=B → L (no legal move from Jass-player, 107 plies)  Jass +0.0  [84s]
  game  46: Scan=W Jass=B → W (no legal move from Jass-player, 152 plies)  Jass +0.0  [87s]
  game  47: Jass=W Scan=B → L (no legal move from Jass-player, 107 plies)  Jass +0.0  [88s]
  game  48: Scan=W Jass=B → W (no legal move from Jass-player, 152 plies)  Jass +0.0  [91s]
  game  49: Jass=W Scan=B → L (no legal move from Jass-player, 109 plies)  Jass +0.0  [93s]
  game  50: Scan=W Jass=B → W (no legal move from Jass-player, 128 plies)  Jass +0.0  [96s]
  game  51: Jass=W Scan=B → L (no legal move from Jass-player, 109 plies)  Jass +0.0  [97s]
  game  52: Scan=W Jass=B → W (no legal move from Jass-player, 128 plies)  Jass +0.0  [100s]
  game  53: Jass=W Scan=B → L (no legal move from Jass-player, 109 plies)  Jass +0.0  [102s]
  game  54: Scan=W Jass=B → W (no legal move from Jass-player, 128 plies)  Jass +0.0  [106s]
  game  55: Jass=W Scan=B → L (no legal move from Jass-player, 109 plies)  Jass +0.0  [107s]
  game  56: Scan=W Jass=B → W (no legal move from Jass-player, 128 plies)  Jass +0.0  [110s]
  game  57: Jass=W Scan=B → L (no legal move from Jass-player, 109 plies)  Jass +0.0  [112s]
  game  58: Scan=W Jass=B → W (no legal move from Jass-player, 128 plies)  Jass +0.0  [115s]
  game  59: Jass=W Scan=B → L (no legal move from Jass-player, 109 plies)  Jass +0.0  [117s]
  game  60: Scan=W Jass=B → W (no legal move from Jass-player, 128 plies)  Jass +0.0  [120s]
  game  61: Jass=W Scan=B → L (no legal move from Jass-player, 109 plies)  Jass +0.0  [122s]
  game  62: Scan=W Jass=B → W (no legal move from Jass-player, 128 plies)  Jass +0.0  [125s]
  game  63: Jass=W Scan=B → L (no legal move from Jass-player, 109 plies)  Jass +0.0  [127s]
  game  64: Scan=W Jass=B → W (no legal move from Jass-player, 128 plies)  Jass +0.0  [130s]
  game  65: Jass=W Scan=B → L (no legal move from Jass-player, 141 plies)  Jass +0.0  [133s]
  game  66: Scan=W Jass=B → D (25-move rule, 172 plies)  Jass +0.5  [136s]
  game  67: Jass=W Scan=B → L (no legal move from Jass-player, 141 plies)  Jass +0.0  [139s]
  game  68: Scan=W Jass=B → D (25-move rule, 172 plies)  Jass +0.5  [142s]
  game  69: Jass=W Scan=B → L (no legal move from Jass-player, 141 plies)  Jass +0.0  [145s]
  game  70: Scan=W Jass=B → D (25-move rule, 172 plies)  Jass +0.5  [148s]
  game  71: Jass=W Scan=B → L (no legal move from Jass-player, 141 plies)  Jass +0.0  [151s]
  game  72: Scan=W Jass=B → D (25-move rule, 172 plies)  Jass +0.5  [154s]
  game  73: Jass=W Scan=B → L (no legal move from Jass-player, 141 plies)  Jass +0.0  [157s]
  game  74: Scan=W Jass=B → D (25-move rule, 172 plies)  Jass +0.5  [160s]
  game  75: Jass=W Scan=B → L (no legal move from Jass-player, 141 plies)  Jass +0.0  [163s]
  game  76: Scan=W Jass=B → D (25-move rule, 172 plies)  Jass +0.5  [166s]
  game  77: Jass=W Scan=B → L (no legal move from Jass-player, 141 plies)  Jass +0.0  [169s]
  game  78: Scan=W Jass=B → D (25-move rule, 172 plies)  Jass +0.5  [171s]
  game  79: Jass=W Scan=B → L (no legal move from Jass-player, 141 plies)  Jass +0.0  [174s]
  game  80: Scan=W Jass=B → D (25-move rule, 172 plies)  Jass +0.5  [177s]
  game  81: Jass=W Scan=B → L (no legal move from Jass-player, 119 plies)  Jass +0.0  [179s]
  game  82: Scan=W Jass=B → W (no legal move from Jass-player, 148 plies)  Jass +0.0  [181s]
  game  83: Jass=W Scan=B → L (no legal move from Jass-player, 119 plies)  Jass +0.0  [183s]
  game  84: Scan=W Jass=B → W (no legal move from Jass-player, 148 plies)  Jass +0.0  [185s]
  game  85: Jass=W Scan=B → L (no legal move from Jass-player, 119 plies)  Jass +0.0  [187s]
  game  86: Scan=W Jass=B → W (no legal move from Jass-player, 148 plies)  Jass +0.0  [189s]
  game  87: Jass=W Scan=B → L (no legal move from Jass-player, 119 plies)  Jass +0.0  [191s]
  game  88: Scan=W Jass=B → W (no legal move from Jass-player, 148 plies)  Jass +0.0  [193s]
  game  89: Jass=W Scan=B → L (no legal move from Jass-player, 119 plies)  Jass +0.0  [195s]
  game  90: Scan=W Jass=B → W (no legal move from Jass-player, 148 plies)  Jass +0.0  [197s]
  game  91: Jass=W Scan=B → L (no legal move from Jass-player, 119 plies)  Jass +0.0  [199s]
  game  92: Scan=W Jass=B → W (no legal move from Jass-player, 148 plies)  Jass +0.0  [201s]
  game  93: Jass=W Scan=B → L (no legal move from Jass-player, 119 plies)  Jass +0.0  [203s]
  game  94: Scan=W Jass=B → W (no legal move from Jass-player, 148 plies)  Jass +0.0  [206s]
  game  95: Jass=W Scan=B → L (no legal move from Jass-player, 119 plies)  Jass +0.0  [207s]
  game  96: Scan=W Jass=B → W (no legal move from Jass-player, 148 plies)  Jass +0.0  [210s]
  game  97: Jass=W Scan=B → L (no legal move from Jass-player, 117 plies)  Jass +0.0  [212s]
  game  98: Scan=W Jass=B → W (no legal move from Jass-player, 162 plies)  Jass +0.0  [216s]
  game  99: Jass=W Scan=B → L (no legal move from Jass-player, 117 plies)  Jass +0.0  [219s]
  game 100: Scan=W Jass=B → W (no legal move from Jass-player, 162 plies)  Jass +0.0  [223s]
  game 101: Jass=W Scan=B → L (no legal move from Jass-player, 117 plies)  Jass +0.0  [226s]
  game 102: Scan=W Jass=B → W (no legal move from Jass-player, 162 plies)  Jass +0.0  [230s]
  game 103: Jass=W Scan=B → L (no legal move from Jass-player, 117 plies)  Jass +0.0  [232s]
  game 104: Scan=W Jass=B → W (no legal move from Jass-player, 162 plies)  Jass +0.0  [237s]
  game 105: Jass=W Scan=B → L (no legal move from Jass-player, 117 plies)  Jass +0.0  [239s]
  game 106: Scan=W Jass=B → W (no legal move from Jass-player, 162 plies)  Jass +0.0  [243s]
  game 107: Jass=W Scan=B → L (no legal move from Jass-player, 117 plies)  Jass +0.0  [246s]
  game 108: Scan=W Jass=B → W (no legal move from Jass-player, 162 plies)  Jass +0.0  [250s]
  game 109: Jass=W Scan=B → L (no legal move from Jass-player, 117 plies)  Jass +0.0  [253s]
  game 110: Scan=W Jass=B → W (no legal move from Jass-player, 162 plies)  Jass +0.0  [257s]
  game 111: Jass=W Scan=B → L (no legal move from Jass-player, 117 plies)  Jass +0.0  [260s]
  game 112: Scan=W Jass=B → W (no legal move from Jass-player, 162 plies)  Jass +0.0  [264s]
  game 113: Jass=W Scan=B → L (no legal move from Jass-player, 115 plies)  Jass +0.0  [266s]
  game 114: Scan=W Jass=B → W (no legal move from Jass-player, 134 plies)  Jass +0.0  [268s]
  game 115: Jass=W Scan=B → L (no legal move from Jass-player, 115 plies)  Jass +0.0  [270s]
  game 116: Scan=W Jass=B → W (no legal move from Jass-player, 134 plies)  Jass +0.0  [273s]
  game 117: Jass=W Scan=B → L (no legal move from Jass-player, 115 plies)  Jass +0.0  [275s]
  game 118: Scan=W Jass=B → W (no legal move from Jass-player, 134 plies)  Jass +0.0  [278s]
  game 119: Jass=W Scan=B → L (no legal move from Jass-player, 115 plies)  Jass +0.0  [280s]
  game 120: Scan=W Jass=B → W (no legal move from Jass-player, 134 plies)  Jass +0.0  [282s]
  game 121: Jass=W Scan=B → L (no legal move from Jass-player, 115 plies)  Jass +0.0  [284s]
  game 122: Scan=W Jass=B → W (no legal move from Jass-player, 134 plies)  Jass +0.0  [287s]
  game 123: Jass=W Scan=B → L (no legal move from Jass-player, 115 plies)  Jass +0.0  [289s]
  game 124: Scan=W Jass=B → W (no legal move from Jass-player, 134 plies)  Jass +0.0  [291s]
  game 125: Jass=W Scan=B → L (no legal move from Jass-player, 115 plies)  Jass +0.0  [293s]
  game 126: Scan=W Jass=B → W (no legal move from Jass-player, 134 plies)  Jass +0.0  [296s]
  game 127: Jass=W Scan=B → L (no legal move from Jass-player, 115 plies)  Jass +0.0  [298s]
  game 128: Scan=W Jass=B → W (no legal move from Jass-player, 134 plies)  Jass +0.0  [301s]
  game 129: Jass=W Scan=B → L (no legal move from Jass-player, 145 plies)  Jass +0.0  [304s]
  game 130: Scan=W Jass=B → D (25-move rule, 183 plies)  Jass +0.5  [308s]
  game 131: Jass=W Scan=B → L (no legal move from Jass-player, 145 plies)  Jass +0.0  [311s]
  game 132: Scan=W Jass=B → D (25-move rule, 183 plies)  Jass +0.5  [314s]
  game 133: Jass=W Scan=B → L (no legal move from Jass-player, 145 plies)  Jass +0.0  [318s]
  game 134: Scan=W Jass=B → D (25-move rule, 183 plies)  Jass +0.5  [321s]
  game 135: Jass=W Scan=B → L (no legal move from Jass-player, 145 plies)  Jass +0.0  [325s]
  game 136: Scan=W Jass=B → D (25-move rule, 183 plies)  Jass +0.5  [328s]
  game 137: Jass=W Scan=B → L (no legal move from Jass-player, 145 plies)  Jass +0.0  [332s]
  game 138: Scan=W Jass=B → D (25-move rule, 183 plies)  Jass +0.5  [335s]
  game 139: Jass=W Scan=B → L (no legal move from Jass-player, 145 plies)  Jass +0.0  [339s]
  game 140: Scan=W Jass=B → D (25-move rule, 183 plies)  Jass +0.5  [342s]
  game 141: Jass=W Scan=B → L (no legal move from Jass-player, 145 plies)  Jass +0.0  [346s]
  game 142: Scan=W Jass=B → D (25-move rule, 183 plies)  Jass +0.5  [349s]
  game 143: Jass=W Scan=B → L (no legal move from Jass-player, 145 plies)  Jass +0.0  [353s]
  game 144: Scan=W Jass=B → D (25-move rule, 183 plies)  Jass +0.5  [356s]

=== Jass vs Scan, depth 11, 144 games ===
  Jass=0  Scan=128  Draws=16
  Jass score rate: 0.056 (8.0 / 144)
  ELO estimate:    -492 (95% CI ≈ ±67)
