opening pool: 9 positions
jass setup:   nnue=/root/jass/jobs/results/0083-scan-distill-v11-capacity-bump/artefacts.src/arch-1024-512/nnue-1024-512-q.bin  book=(default/none)
scan setup:   book=off  bb-size=0
  game   1: Jass=W Scan=B → L (no legal move from Jass-player, 127 plies)  Jass +0.0  [46s]
  game   2: Scan=W Jass=B → W (no legal move from Jass-player, 106 plies)  Jass +0.0  [86s]
  game   3: Jass=W Scan=B → L (no legal move from Jass-player, 127 plies)  Jass +0.0  [136s]
  game   4: Scan=W Jass=B → W (no legal move from Jass-player, 104 plies)  Jass +0.0  [173s]
  game   5: Jass=W Scan=B → L (no legal move from Jass-player, 117 plies)  Jass +0.0  [217s]
  game   6: Scan=W Jass=B → W (no legal move from Jass-player, 112 plies)  Jass +0.0  [257s]
  game   7: Jass=W Scan=B → L (no legal move from Jass-player, 115 plies)  Jass +0.0  [299s]
  game   8: Scan=W Jass=B → W (no legal move from Jass-player, 114 plies)  Jass +0.0  [341s]
  game   9: Jass=W Scan=B → L (no legal move from Jass-player, 105 plies)  Jass +0.0  [378s]
  game  10: Scan=W Jass=B → W (no legal move from Jass-player, 106 plies)  Jass +0.0  [417s]
  game  11: Jass=W Scan=B → L (no legal move from Jass-player, 133 plies)  Jass +0.0  [469s]
  game  12: Scan=W Jass=B → W (no legal move from Jass-player, 138 plies)  Jass +0.0  [520s]
  game  13: Jass=W Scan=B → L (no legal move from Jass-player, 123 plies)  Jass +0.0  [567s]
  game  14: Scan=W Jass=B → W (no legal move from Jass-player, 130 plies)  Jass +0.0  [616s]
  game  15: Jass=W Scan=B → L (no legal move from Jass-player, 97 plies)  Jass +0.0  [654s]
  game  16: Scan=W Jass=B → W (no legal move from Jass-player, 152 plies)  Jass +0.0  [719s]
  game  17: Jass=W Scan=B → L (no legal move from Jass-player, 123 plies)  Jass +0.0  [763s]
  game  18: Scan=W Jass=B → W (no legal move from Jass-player, 128 plies)  Jass +0.0  [808s]
  game  19: Jass=W Scan=B → L (no legal move from Jass-player, 123 plies)  Jass +0.0  [853s]
  game  20: Scan=W Jass=B → W (no legal move from Jass-player, 132 plies)  Jass +0.0  [902s]
  game  21: Jass=W Scan=B → L (no legal move from Jass-player, 99 plies)  Jass +0.0  [937s]
  game  22: Scan=W Jass=B → W (no legal move from Jass-player, 152 plies)  Jass +0.0  [996s]
  game  23: Jass=W Scan=B → L (no legal move from Jass-player, 81 plies)  Jass +0.0  [1024s]
  game  24: Scan=W Jass=B → W (no legal move from Jass-player, 96 plies)  Jass +0.0  [1057s]
  game  25: Jass=W Scan=B → L (no legal move from Jass-player, 115 plies)  Jass +0.0  [1100s]
  game  26: Scan=W Jass=B → W (no legal move from Jass-player, 108 plies)  Jass +0.0  [1140s]
  game  27: Jass=W Scan=B → L (no legal move from Jass-player, 121 plies)  Jass +0.0  [1184s]
  game  28: Scan=W Jass=B → W (no legal move from Jass-player, 116 plies)  Jass +0.0  [1224s]
  game  29: Jass=W Scan=B → L (no legal move from Jass-player, 125 plies)  Jass +0.0  [1270s]
  game  30: Scan=W Jass=B → W (no legal move from Jass-player, 108 plies)  Jass +0.0  [1309s]
  game  31: Jass=W Scan=B → L (no legal move from Jass-player, 97 plies)  Jass +0.0  [1346s]
  game  32: Scan=W Jass=B → W (no legal move from Jass-player, 122 plies)  Jass +0.0  [1392s]
  game  33: Jass=W Scan=B → L (no legal move from Jass-player, 109 plies)  Jass +0.0  [1430s]
  game  34: Scan=W Jass=B → W (no legal move from Jass-player, 144 plies)  Jass +0.0  [1485s]
  game  35: Jass=W Scan=B → L (no legal move from Jass-player, 91 plies)  Jass +0.0  [1517s]
  game  36: Scan=W Jass=B → W (no legal move from Jass-player, 110 plies)  Jass +0.0  [1556s]
  game  37: Jass=W Scan=B → L (no legal move from Jass-player, 117 plies)  Jass +0.0  [1600s]
  game  38: Scan=W Jass=B → W (no legal move from Jass-player, 138 plies)  Jass +0.0  [1653s]
  game  39: Jass=W Scan=B → L (no legal move from Jass-player, 113 plies)  Jass +0.0  [1693s]
  game  40: Scan=W Jass=B → W (no legal move from Jass-player, 122 plies)  Jass +0.0  [1736s]
  game  41: Jass=W Scan=B → D (25-move rule, 170 plies)  Jass +0.5  [1804s]
  game  42: Scan=W Jass=B → W (no legal move from Jass-player, 120 plies)  Jass +0.0  [1850s]
  game  43: Jass=W Scan=B → L (no legal move from Jass-player, 123 plies)  Jass +0.0  [1896s]
  game  44: Scan=W Jass=B → W (no legal move from Jass-player, 106 plies)  Jass +0.0  [1933s]
  game  45: Jass=W Scan=B → L (no legal move from Jass-player, 99 plies)  Jass +0.0  [1970s]
  game  46: Scan=W Jass=B → W (no legal move from Jass-player, 104 plies)  Jass +0.0  [2009s]
  game  47: Jass=W Scan=B → L (no legal move from Jass-player, 109 plies)  Jass +0.0  [2052s]
  game  48: Scan=W Jass=B → W (no legal move from Jass-player, 102 plies)  Jass +0.0  [2091s]
  game  49: Jass=W Scan=B → L (no legal move from Jass-player, 93 plies)  Jass +0.0  [2124s]
  game  50: Scan=W Jass=B → W (no legal move from Jass-player, 108 plies)  Jass +0.0  [2162s]
  game  51: Jass=W Scan=B → L (no legal move from Jass-player, 93 plies)  Jass +0.0  [2195s]
  game  52: Scan=W Jass=B → W (no legal move from Jass-player, 128 plies)  Jass +0.0  [2242s]
  game  53: Jass=W Scan=B → L (no legal move from Jass-player, 117 plies)  Jass +0.0  [2283s]
  game  54: Scan=W Jass=B → W (no legal move from Jass-player, 144 plies)  Jass +0.0  [2342s]

=== Jass vs Scan, movetime 0.5s, 54 games ===
  Jass=0  Scan=53  Draws=1
  Jass score rate: 0.009 (0.5 / 54)
  ELO estimate:    -812 (95% CI ≈ ±109)
