opening pool: 9 positions
jass setup:   nnue=/root/jass/jobs/results/0083-scan-distill-v11-capacity-bump/artefacts.src/arch-1024-512/nnue-1024-512-q.bin  book=(default/none)
scan setup:   book=off  bb-size=0
  game   1: Jass=W Scan=B → L (no legal move from Jass-player, 103 plies)  Jass +0.0  [39s]
  game   2: Scan=W Jass=B → W (no legal move from Jass-player, 116 plies)  Jass +0.0  [85s]
  game   3: Jass=W Scan=B → L (no legal move from Jass-player, 115 plies)  Jass +0.0  [129s]
  game   4: Scan=W Jass=B → W (no legal move from Jass-player, 122 plies)  Jass +0.0  [177s]
  game   5: Jass=W Scan=B → D (25-move rule, 157 plies)  Jass +0.5  [240s]
  game   6: Scan=W Jass=B → W (no legal move from Jass-player, 106 plies)  Jass +0.0  [278s]
  game   7: Jass=W Scan=B → L (no legal move from Jass-player, 113 plies)  Jass +0.0  [319s]
  game   8: Scan=W Jass=B → W (no legal move from Jass-player, 144 plies)  Jass +0.0  [377s]
  game   9: Jass=W Scan=B → L (no legal move from Jass-player, 111 plies)  Jass +0.0  [417s]
  game  10: Scan=W Jass=B → W (no legal move from Jass-player, 140 plies)  Jass +0.0  [469s]
  game  11: Jass=W Scan=B → L (no legal move from Jass-player, 117 plies)  Jass +0.0  [512s]
  game  12: Scan=W Jass=B → W (no legal move from Jass-player, 130 plies)  Jass +0.0  [561s]
  game  13: Jass=W Scan=B → L (no legal move from Jass-player, 113 plies)  Jass +0.0  [604s]
  game  14: Scan=W Jass=B → W (no legal move from Jass-player, 146 plies)  Jass +0.0  [660s]
  game  15: Jass=W Scan=B → L (no legal move from Jass-player, 107 plies)  Jass +0.0  [696s]
  game  16: Scan=W Jass=B → W (no legal move from Jass-player, 110 plies)  Jass +0.0  [736s]
  game  17: Jass=W Scan=B → L (no legal move from Jass-player, 113 plies)  Jass +0.0  [778s]
  game  18: Scan=W Jass=B → W (no legal move from Jass-player, 100 plies)  Jass +0.0  [816s]
  game  19: Jass=W Scan=B → L (no legal move from Jass-player, 103 plies)  Jass +0.0  [853s]
  game  20: Scan=W Jass=B → W (no legal move from Jass-player, 148 plies)  Jass +0.0  [907s]
  game  21: Jass=W Scan=B → L (no legal move from Jass-player, 109 plies)  Jass +0.0  [945s]
  game  22: Scan=W Jass=B → W (no legal move from Jass-player, 142 plies)  Jass +0.0  [1000s]
  game  23: Jass=W Scan=B → L (no legal move from Jass-player, 109 plies)  Jass +0.0  [1039s]
  game  24: Scan=W Jass=B → W (no legal move from Jass-player, 130 plies)  Jass +0.0  [1087s]
  game  25: Jass=W Scan=B → L (no legal move from Jass-player, 107 plies)  Jass +0.0  [1125s]
  game  26: Scan=W Jass=B → W (no legal move from Jass-player, 110 plies)  Jass +0.0  [1165s]
  game  27: Jass=W Scan=B → L (no legal move from Jass-player, 125 plies)  Jass +0.0  [1210s]
  game  28: Scan=W Jass=B → W (no legal move from Jass-player, 126 plies)  Jass +0.0  [1260s]
  game  29: Jass=W Scan=B → L (no legal move from Jass-player, 129 plies)  Jass +0.0  [1309s]
  game  30: Scan=W Jass=B → W (no legal move from Jass-player, 116 plies)  Jass +0.0  [1354s]
  game  31: Jass=W Scan=B → L (no legal move from Jass-player, 99 plies)  Jass +0.0  [1393s]
  game  32: Scan=W Jass=B → W (no legal move from Jass-player, 120 plies)  Jass +0.0  [1437s]
  game  33: Jass=W Scan=B → L (no legal move from Jass-player, 111 plies)  Jass +0.0  [1477s]
  game  34: Scan=W Jass=B → W (no legal move from Jass-player, 104 plies)  Jass +0.0  [1515s]
  game  35: Jass=W Scan=B → L (no legal move from Jass-player, 119 plies)  Jass +0.0  [1556s]
  game  36: Scan=W Jass=B → W (no legal move from Jass-player, 136 plies)  Jass +0.0  [1608s]
  game  37: Jass=W Scan=B → L (no legal move from Jass-player, 105 plies)  Jass +0.0  [1647s]
  game  38: Scan=W Jass=B → W (no legal move from Jass-player, 126 plies)  Jass +0.0  [1698s]
  game  39: Jass=W Scan=B → L (no legal move from Jass-player, 117 plies)  Jass +0.0  [1741s]
  game  40: Scan=W Jass=B → W (no legal move from Jass-player, 142 plies)  Jass +0.0  [1792s]
  game  41: Jass=W Scan=B → L (no legal move from Jass-player, 107 plies)  Jass +0.0  [1830s]
  game  42: Scan=W Jass=B → W (no legal move from Jass-player, 150 plies)  Jass +0.0  [1888s]
  game  43: Jass=W Scan=B → L (no legal move from Jass-player, 145 plies)  Jass +0.0  [1944s]
  game  44: Scan=W Jass=B → D (25-move rule, 159 plies)  Jass +0.5  [2010s]
  game  45: Jass=W Scan=B → L (no legal move from Jass-player, 119 plies)  Jass +0.0  [2054s]
  game  46: Scan=W Jass=B → W (no legal move from Jass-player, 100 plies)  Jass +0.0  [2089s]
  game  47: Jass=W Scan=B → L (no legal move from Jass-player, 111 plies)  Jass +0.0  [2130s]
  game  48: Scan=W Jass=B → W (no legal move from Jass-player, 108 plies)  Jass +0.0  [2170s]
  game  49: Jass=W Scan=B → L (no legal move from Jass-player, 85 plies)  Jass +0.0  [2200s]
  game  50: Scan=W Jass=B → W (no legal move from Jass-player, 114 plies)  Jass +0.0  [2242s]
  game  51: Jass=W Scan=B → L (no legal move from Jass-player, 107 plies)  Jass +0.0  [2282s]
  game  52: Scan=W Jass=B → W (no legal move from Jass-player, 146 plies)  Jass +0.0  [2338s]
  game  53: Jass=W Scan=B → L (no legal move from Jass-player, 103 plies)  Jass +0.0  [2373s]
  game  54: Scan=W Jass=B → W (no legal move from Jass-player, 168 plies)  Jass +0.0  [2439s]

=== Jass vs Scan, movetime 0.5s, 54 games ===
  Jass=0  Scan=52  Draws=2
  Jass score rate: 0.019 (1.0 / 54)
  ELO estimate:    -690 (95% CI ≈ ±109)
