  [preflight] build ×1 ≈ 4 min
  [preflight] train: 4 × 240000 lignes @ 4min/M ≈ 3.8 min
  [preflight] loop 3 gens : selfplay + relabel Scan d9 + DIRECT/vsScan: ≈ 150 min
  [preflight] TOTAL estimé ≈ 157.8 min  (cap 240 min)
  [preflight] OK — sous le cap, lancement.
=== régénère le jeu LEAN 8 (bandes verticales de Scan) + build ===
=== gen0 : distill old-scan (8-pat) = baseline F ===
  gen0 vsScan=0.028
=== gen1 : self-play(gen0) +15000 → relabel Scan d9 → pool → refit ===
  [relabel] 15000 positions, 8 shards × ~1875 (Scan depth 9)
  [relabel] mergé 13848 positions (score=Scan) -> /root/jass/jobs/results/ccx33-0361-lean8-distill-loop/artefacts.src/sp1.scan.jnnw
pool 249866
  gen1 : DIRECT(vs gen0)=0.666667  vsScan=-
=== gen2 : self-play(gen1) +15000 → relabel Scan d9 → pool → refit ===
  [relabel] 15000 positions, 8 shards × ~1875 (Scan depth 9)
  [relabel] mergé 13829 positions (score=Scan) -> /root/jass/jobs/results/ccx33-0361-lean8-distill-loop/artefacts.src/sp2.scan.jnnw
pool 263695
  gen2 : DIRECT(vs gen0)=  vsScan=-
=== gen3 : self-play(gen2) +15000 → relabel Scan d9 → pool → refit ===
  [relabel] 0 positions, 8 shards × ~0 (Scan depth 9)
  [relabel] mergé 0 positions (score=Scan) -> /root/jass/jobs/results/ccx33-0361-lean8-distill-loop/artefacts.src/sp3.scan.jnnw
pool 263695
