=== COUPLAGE Phase-A GEN cpx62 (⅔) — HEAD f298352a3 queue 0645 COUPLAGE Phase-A gen ccx33 (⅓, ~1.0M WDL + prefs, sharding disjoint 32..47, monitor ETA) ===
  ✓ build+Scan+geom (NP=32) ; seeds=2000000 ; NSH=16 PERG=490 (BAL base=0, ASYM base=16, /48)

=== BAL équilibré d10 jitter2 (prefs OFF) : 490×16 ===
  WDL BAL positions = 1032871 (125s, 224000 parties/h)

=== ASYM mt0.3/0.03 (WDL + prefs) : 490×16 ===
  [progress asym] 0/7840 parties, 0 positions, 600s
  [progress asym] 800/7840 parties, 102522 positions, 22674 prefs, 1204s, ETA ~176 min
  [progress asym] 1600/7840 parties, 203016 positions, 43979 prefs, 1808s, ETA ~117 min
  [progress asym] 1600/7840 parties, 203016 positions, 43979 prefs, 2412s, ETA ~156 min
  [progress asym] 2400/7840 parties, 303639 positions, 65993 prefs, 3023s, ETA ~114 min
  [progress asym] 3200/7840 parties, 404950 positions, 86004 prefs, 3626s, ETA ~87 min
  [progress asym] 3850/7840 parties, 486480 positions, 103387 prefs, 4230s, ETA ~73 min
  [progress asym] 4000/7840 parties, 506076 positions, 107166 prefs, 4834s, ETA ~77 min
  [progress asym] 4800/7840 parties, 607523 positions, 128957 prefs, 5437s, ETA ~57 min
  [progress asym] 5600/7840 parties, 708910 positions, 151863 prefs, 6041s, ETA ~40 min
  [progress asym] 5850/7840 parties, 739558 positions, 158488 prefs, 6645s, ETA ~37 min
  [progress asym] 6400/7840 parties, 809981 positions, 173473 prefs, 7248s, ETA ~27 min
  [progress asym] 7200/7840 parties, 913771 positions, 195972 prefs, 7852s, ETA ~11 min
  [progress asym] 7200/7840 parties, 913771 positions, 195972 prefs, 8456s, ETA ~12 min
  WDL ASYM positions = 995056 (8483s)
2027927
  WDL corpus cpx62 (BAL+ASYM) = 2027927 positions
214352
  prefs ASYM parents cpx62 = 214352

  => cpx62 gen fait : WDL=2027927 prefs=214352 committés. Attend ccx33 (0645-ccx33) puis fit/A-B.
  RESULTS committé ✓
=== fin gen cpx62 ===
