  [preflight] build ×1 ≈ 4 min
  [preflight] train: 7 × 1500000 lignes @ 4min/M ≈ 42.0 min
  [preflight] boucle profonde d12 6 gens (sonde débit) + DIRECT self: ≈ 150 min
  [preflight] TOTAL estimé ≈ 196.0 min  (cap 280 min)
  [preflight] OK — sous le cap, lancement.
=== build (EGDB ON = adjudication finale exacte) ===
  egdb data: ON
=== seed matériel-seul (recherche d12 compense) ===
seed ok n_ext=120
=== sonde de débit @ d12 (dimensionne NPER pour ~20 min/gen) ===
  débit ≈ 4800 pos/min @ d12 → NPER=96000/gen
=== gen1 : self-play(gen0) d12 +96000 → cumulé → logistique ===
cumulative 96000
  gen1 : (baseline self)
=== gen2 : self-play(gen1) d12 +96000 → cumulé → logistique ===
cumulative 192000
  gen2 : vs gen1=0.722222   vs gen1=0.722222
=== gen3 : self-play(gen2) d12 +96000 → cumulé → logistique ===
cumulative 288000
  gen3 : vs gen2=0.611111   vs gen1=0.666667
=== gen4 : self-play(gen3) d12 +96000 → cumulé → logistique ===
cumulative 384000
  gen4 : vs gen3=0.611111   vs gen1=0.833333
=== gen5 : self-play(gen4) d12 +96000 → cumulé → logistique ===
cumulative 480000
  gen5 : vs gen4=0.75   vs gen1=0.722222
=== gen6 : self-play(gen5) d12 +96000 → cumulé → logistique ===
cumulative 576000
  gen6 : vs gen5=0.444444   vs gen1=0.694444

==========================================================
   cpx62-0373 — BOUCLE VIRTUELLE PROFONDE (FIX bug CUM + cap relevé 600k) (d12), jugée SELF (aucun Scan)
   NPER=96000/gen  cumul final=576000
   gen :  vs gen(k-1)   vs gen1
    2 :   0.722222        0.722222
    3 :   0.611111        0.666667
    4 :   0.611111        0.833333
    5 :   0.75        0.722222
    6 :   0.444444        0.694444
----------------------------------------------------------
   vs gen(k-1) > 0.5 SOUTENU → la boucle GRIMPE encore (jeu profond = issues véridiques) → continuer/scaler.
   vs gen(k-1) ~0.5 → PLATEAU → c'est LÀ qu'on ressort Scan (et pas avant).
==========================================================
