opening pool: 9 positions
jass setup:   nnue=/root/jass/jobs/results/0082-scan-distill-pattern-clipped-labels/artefacts.src/pattern-noclip-v3-huber200.jpat  book=(default/none)
scan setup:   book=off  bb-size=0
  game   1: Jass=W Scan=B → L (no legal move from Jass-player, 121 plies)  Jass +0.0  [1s]
  game   2: Scan=W Jass=B → W (no legal move from Jass-player, 112 plies)  Jass +0.0  [2s]
  game   3: Jass=W Scan=B → L (no legal move from Jass-player, 121 plies)  Jass +0.0  [3s]
  game   4: Scan=W Jass=B → W (no legal move from Jass-player, 112 plies)  Jass +0.0  [3s]
  game   5: Jass=W Scan=B → L (no legal move from Jass-player, 121 plies)  Jass +0.0  [4s]
  game   6: Scan=W Jass=B → W (no legal move from Jass-player, 112 plies)  Jass +0.0  [5s]
  game   7: Jass=W Scan=B → L (no legal move from Jass-player, 123 plies)  Jass +0.0  [6s]
  game   8: Scan=W Jass=B → W (no legal move from Jass-player, 106 plies)  Jass +0.0  [6s]
  game   9: Jass=W Scan=B → L (no legal move from Jass-player, 123 plies)  Jass +0.0  [8s]
  game  10: Scan=W Jass=B → W (no legal move from Jass-player, 106 plies)  Jass +0.0  [8s]
  game  11: Jass=W Scan=B → L (no legal move from Jass-player, 123 plies)  Jass +0.0  [9s]
  game  12: Scan=W Jass=B → W (no legal move from Jass-player, 106 plies)  Jass +0.0  [10s]
  game  13: Jass=W Scan=B → L (no legal move from Jass-player, 111 plies)  Jass +0.0  [11s]
  game  14: Scan=W Jass=B → W (no legal move from Jass-player, 110 plies)  Jass +0.0  [12s]
  game  15: Jass=W Scan=B → L (no legal move from Jass-player, 111 plies)  Jass +0.0  [13s]
  game  16: Scan=W Jass=B → W (no legal move from Jass-player, 110 plies)  Jass +0.0  [14s]
  game  17: Jass=W Scan=B → L (no legal move from Jass-player, 111 plies)  Jass +0.0  [16s]
  game  18: Scan=W Jass=B → W (no legal move from Jass-player, 110 plies)  Jass +0.0  [17s]
  game  19: Jass=W Scan=B → L (no legal move from Jass-player, 103 plies)  Jass +0.0  [17s]
  game  20: Scan=W Jass=B → W (no legal move from Jass-player, 120 plies)  Jass +0.0  [18s]
  game  21: Jass=W Scan=B → L (no legal move from Jass-player, 103 plies)  Jass +0.0  [19s]
  game  22: Scan=W Jass=B → W (no legal move from Jass-player, 120 plies)  Jass +0.0  [20s]
  game  23: Jass=W Scan=B → L (no legal move from Jass-player, 103 plies)  Jass +0.0  [21s]
  game  24: Scan=W Jass=B → W (no legal move from Jass-player, 120 plies)  Jass +0.0  [21s]
  game  25: Jass=W Scan=B → L (no legal move from Jass-player, 119 plies)  Jass +0.0  [22s]
  game  26: Scan=W Jass=B → W (no legal move from Jass-player, 90 plies)  Jass +0.0  [23s]
  game  27: Jass=W Scan=B → L (no legal move from Jass-player, 119 plies)  Jass +0.0  [24s]
  game  28: Scan=W Jass=B → W (no legal move from Jass-player, 90 plies)  Jass +0.0  [25s]
  game  29: Jass=W Scan=B → L (no legal move from Jass-player, 119 plies)  Jass +0.0  [26s]
  game  30: Scan=W Jass=B → W (no legal move from Jass-player, 90 plies)  Jass +0.0  [27s]
  game  31: Jass=W Scan=B → L (no legal move from Jass-player, 105 plies)  Jass +0.0  [27s]
  game  32: Scan=W Jass=B → W (no legal move from Jass-player, 106 plies)  Jass +0.0  [28s]
  game  33: Jass=W Scan=B → L (no legal move from Jass-player, 105 plies)  Jass +0.0  [29s]
  game  34: Scan=W Jass=B → W (no legal move from Jass-player, 106 plies)  Jass +0.0  [29s]
  game  35: Jass=W Scan=B → L (no legal move from Jass-player, 105 plies)  Jass +0.0  [30s]
  game  36: Scan=W Jass=B → W (no legal move from Jass-player, 106 plies)  Jass +0.0  [31s]
  game  37: Jass=W Scan=B → L (no legal move from Jass-player, 103 plies)  Jass +0.0  [31s]
  game  38: Scan=W Jass=B → W (no legal move from Jass-player, 110 plies)  Jass +0.0  [32s]
  game  39: Jass=W Scan=B → L (no legal move from Jass-player, 103 plies)  Jass +0.0  [33s]
  game  40: Scan=W Jass=B → W (no legal move from Jass-player, 110 plies)  Jass +0.0  [33s]
  game  41: Jass=W Scan=B → L (no legal move from Jass-player, 103 plies)  Jass +0.0  [34s]
  game  42: Scan=W Jass=B → W (no legal move from Jass-player, 110 plies)  Jass +0.0  [35s]
  game  43: Jass=W Scan=B → L (no legal move from Jass-player, 105 plies)  Jass +0.0  [36s]
  game  44: Scan=W Jass=B → W (no legal move from Jass-player, 120 plies)  Jass +0.0  [37s]
  game  45: Jass=W Scan=B → L (no legal move from Jass-player, 105 plies)  Jass +0.0  [38s]
  game  46: Scan=W Jass=B → W (no legal move from Jass-player, 120 plies)  Jass +0.0  [39s]
  game  47: Jass=W Scan=B → L (no legal move from Jass-player, 105 plies)  Jass +0.0  [40s]
  game  48: Scan=W Jass=B → W (no legal move from Jass-player, 120 plies)  Jass +0.0  [41s]
  game  49: Jass=W Scan=B → L (no legal move from Jass-player, 111 plies)  Jass +0.0  [42s]
  game  50: Scan=W Jass=B → W (no legal move from Jass-player, 108 plies)  Jass +0.0  [43s]
  game  51: Jass=W Scan=B → L (no legal move from Jass-player, 111 plies)  Jass +0.0  [44s]
  game  52: Scan=W Jass=B → W (no legal move from Jass-player, 108 plies)  Jass +0.0  [45s]
  game  53: Jass=W Scan=B → L (no legal move from Jass-player, 111 plies)  Jass +0.0  [46s]
  game  54: Scan=W Jass=B → W (no legal move from Jass-player, 108 plies)  Jass +0.0  [47s]

=== Jass vs Scan, depth 10, 54 games ===
  Jass=0  Scan=54  Draws=0
  Jass score rate: 0.000 (0.0 / 54)
  ELO estimate:    -800 (95% CI ≈ ±109)
