loading /root/jass/jobs/results/0078-scan-distill-1M-mlp-scaleup/artefacts.src/v10-distilled-1M.bin...
  1000000 records loaded
augmenting with horizontal mirror (×2)...
  augmented dataset: 2000000 records
encoding pattern indices (8 patterns, base=3)...
  done, shape=(8, 2000000)
epoch  0: train_loss=     30.21  val_mse=7464046.00  lr=1.00e-03  man=  99.5  king= 299.5
epoch  1: train_loss=     30.20  val_mse=7463055.00  lr=1.00e-03  man=  99.1  king= 299.1
epoch  2: train_loss=     30.19  val_mse=7462207.50  lr=1.00e-03  man=  98.6  king= 298.6
epoch  3: train_loss=     30.18  val_mse=7461459.50  lr=1.00e-03  man=  98.2  king= 298.1
epoch  4: train_loss=     30.17  val_mse=7460788.50  lr=1.00e-03  man=  97.7  king= 297.7
epoch  5: train_loss=     30.17  val_mse=7460175.00  lr=1.00e-03  man=  97.3  king= 297.2
epoch  6: train_loss=     30.16  val_mse=7459609.50  lr=1.00e-03  man=  96.8  king= 296.8
epoch  7: train_loss=     30.15  val_mse=7459086.00  lr=1.00e-03  man=  96.3  king= 296.3
epoch  8: train_loss=     30.15  val_mse=7458594.50  lr=1.00e-03  man=  95.9  king= 295.8
epoch  9: train_loss=     30.14  val_mse=7458135.50  lr=1.00e-03  man=  95.4  king= 295.4
epoch 10: train_loss=     30.14  val_mse=7457704.50  lr=1.00e-03  man=  95.0  king= 294.9
epoch 11: train_loss=     30.13  val_mse=7457296.00  lr=1.00e-03  man=  94.5  king= 294.4
epoch 12: train_loss=     30.12  val_mse=7456911.00  lr=1.00e-03  man=  94.1  king= 294.0
epoch 13: train_loss=     30.12  val_mse=7456547.00  lr=1.00e-03  man=  93.6  king= 293.5
epoch 14: train_loss=     30.11  val_mse=7456201.00  lr=1.00e-03  man=  93.2  king= 293.1
epoch 15: train_loss=     30.11  val_mse=7455871.00  lr=1.00e-03  man=  92.7  king= 292.6
epoch 16: train_loss=     30.10  val_mse=7455557.00  lr=1.00e-03  man=  92.2  king= 292.1
epoch 17: train_loss=     30.10  val_mse=7455258.00  lr=1.00e-03  man=  91.8  king= 291.7
epoch 18: train_loss=     30.09  val_mse=7454971.50  lr=1.00e-03  man=  91.3  king= 291.2
epoch 19: train_loss=     30.09  val_mse=7454697.50  lr=1.00e-03  man=  90.9  king= 290.7
epoch 20: train_loss=     30.08  val_mse=7454433.50  lr=1.00e-03  man=  90.4  king= 290.3
epoch 21: train_loss=     30.08  val_mse=7454180.50  lr=1.00e-03  man=  90.0  king= 289.8
epoch 22: train_loss=     30.07  val_mse=7453935.00  lr=1.00e-03  man=  89.5  king= 289.4
epoch 23: train_loss=     30.07  val_mse=7453697.50  lr=1.00e-03  man=  89.1  king= 288.9
epoch 24: train_loss=     30.06  val_mse=7453469.50  lr=1.00e-03  man=  88.6  king= 288.4
epoch 25: train_loss=     30.06  val_mse=7453247.50  lr=1.00e-03  man=  88.2  king= 288.0
epoch 26: train_loss=     30.05  val_mse=7453034.50  lr=1.00e-03  man=  87.7  king= 287.5
epoch 27: train_loss=     30.05  val_mse=7452826.50  lr=1.00e-03  man=  87.3  king= 287.0
epoch 28: train_loss=     30.04  val_mse=7452623.00  lr=1.00e-03  man=  86.8  king= 286.6
epoch 29: train_loss=     30.04  val_mse=7452430.00  lr=1.00e-03  man=  86.4  king= 286.1
epoch 30: train_loss=     30.03  val_mse=7452237.50  lr=1.00e-03  man=  85.9  king= 285.7
epoch 31: train_loss=     30.03  val_mse=7452052.00  lr=1.00e-03  man=  85.4  king= 285.2
epoch 32: train_loss=     30.02  val_mse=7451873.00  lr=1.00e-03  man=  85.0  king= 284.7
epoch 33: train_loss=     30.02  val_mse=7451699.00  lr=1.00e-03  man=  84.5  king= 284.3
epoch 34: train_loss=     30.01  val_mse=7451529.00  lr=1.00e-03  man=  84.1  king= 283.8
epoch 35: train_loss=     30.01  val_mse=7451363.00  lr=1.00e-03  man=  83.6  king= 283.4
epoch 36: train_loss=     30.01  val_mse=7451200.50  lr=1.00e-03  man=  83.2  king= 282.9
epoch 37: train_loss=     30.00  val_mse=7451043.50  lr=1.00e-03  man=  82.7  king= 282.4
epoch 38: train_loss=     30.00  val_mse=7450890.00  lr=1.00e-03  man=  82.3  king= 282.0
epoch 39: train_loss=     29.99  val_mse=7450739.50  lr=1.00e-03  man=  81.8  king= 281.5
epoch 40: train_loss=     29.99  val_mse=7450592.00  lr=1.00e-03  man=  81.4  king= 281.0
epoch 41: train_loss=     29.98  val_mse=7450450.50  lr=1.00e-03  man=  80.9  king= 280.6
epoch 42: train_loss=     29.98  val_mse=7450310.50  lr=1.00e-03  man=  80.5  king= 280.1
epoch 43: train_loss=     29.98  val_mse=7450173.00  lr=1.00e-03  man=  80.0  king= 279.7
epoch 44: train_loss=     29.97  val_mse=7450040.50  lr=1.00e-03  man=  79.6  king= 279.2
epoch 45: train_loss=     29.97  val_mse=7449909.50  lr=1.00e-03  man=  79.1  king= 278.7
epoch 46: train_loss=     29.96  val_mse=7449782.50  lr=1.00e-03  man=  78.7  king= 278.3
epoch 47: train_loss=     29.96  val_mse=7449658.00  lr=1.00e-03  man=  78.2  king= 277.8
epoch 48: train_loss=     29.96  val_mse=7449535.50  lr=1.00e-03  man=  77.8  king= 277.3
epoch 49: train_loss=     29.95  val_mse=7449416.00  lr=1.00e-03  man=  77.3  king= 276.9
epoch 50: train_loss=     29.95  val_mse=7449299.00  lr=1.00e-03  man=  76.9  king= 276.4
epoch 51: train_loss=     29.95  val_mse=7449183.00  lr=1.00e-03  man=  76.4  king= 276.0
epoch 52: train_loss=     29.94  val_mse=7449072.00  lr=1.00e-03  man=  76.0  king= 275.5
epoch 53: train_loss=     29.94  val_mse=7448962.50  lr=1.00e-03  man=  75.5  king= 275.0
epoch 54: train_loss=     29.93  val_mse=7448853.00  lr=1.00e-03  man=  75.1  king= 274.6
epoch 55: train_loss=     29.93  val_mse=7448748.50  lr=1.00e-03  man=  74.6  king= 274.1
epoch 56: train_loss=     29.93  val_mse=7448646.00  lr=1.00e-03  man=  74.2  king= 273.7
epoch 57: train_loss=     29.92  val_mse=7448544.00  lr=1.00e-03  man=  73.7  king= 273.2
epoch 58: train_loss=     29.92  val_mse=7448446.00  lr=1.00e-03  man=  73.3  king= 272.7
epoch 59: train_loss=     29.92  val_mse=7448349.00  lr=1.00e-03  man=  72.8  king= 272.3
final (saved) val_mse=7448349.00  man=72.8  king=272.3
wrote /root/jass/jobs/results/0082-scan-distill-pattern-clipped-labels/artefacts.src/pattern-noclip-v3-huber500.jpat (17006241 bytes)
