loading /root/jass/jobs/results/0082-scan-distill-pattern-clipped-labels/artefacts.src/v10-distilled-1M-clip2000.bin...
  1000000 records loaded
augmenting with horizontal mirror (×2)...
  augmented dataset: 2000000 records
encoding pattern indices (8 patterns, base=3)...
  done, shape=(8, 2000000)
epoch  0: train_loss=     31.82  val_mse= 314178.59  lr=1.00e-03  man=  99.5  king= 299.5
epoch  1: train_loss=     31.76  val_mse= 313589.25  lr=1.00e-03  man=  99.1  king= 299.1
epoch  2: train_loss=     31.70  val_mse= 313021.53  lr=1.00e-03  man=  98.6  king= 298.6
epoch  3: train_loss=     31.64  val_mse= 312472.22  lr=1.00e-03  man=  98.2  king= 298.2
epoch  4: train_loss=     31.58  val_mse= 311938.16  lr=1.00e-03  man=  97.7  king= 297.7
epoch  5: train_loss=     31.53  val_mse= 311416.91  lr=1.00e-03  man=  97.2  king= 297.2
epoch  6: train_loss=     31.47  val_mse= 310906.66  lr=1.00e-03  man=  96.8  king= 296.8
epoch  7: train_loss=     31.42  val_mse= 310407.34  lr=1.00e-03  man=  96.3  king= 296.3
epoch  8: train_loss=     31.37  val_mse= 309917.56  lr=1.00e-03  man=  95.9  king= 295.9
epoch  9: train_loss=     31.32  val_mse= 309436.81  lr=1.00e-03  man=  95.4  king= 295.4
epoch 10: train_loss=     31.27  val_mse= 308964.28  lr=1.00e-03  man=  95.0  king= 294.9
epoch 11: train_loss=     31.22  val_mse= 308498.75  lr=1.00e-03  man=  94.5  king= 294.5
epoch 12: train_loss=     31.17  val_mse= 308040.72  lr=1.00e-03  man=  94.1  king= 294.0
epoch 13: train_loss=     31.13  val_mse= 307589.44  lr=1.00e-03  man=  93.6  king= 293.6
epoch 14: train_loss=     31.08  val_mse= 307144.31  lr=1.00e-03  man=  93.1  king= 293.1
epoch 15: train_loss=     31.04  val_mse= 306705.56  lr=1.00e-03  man=  92.7  king= 292.6
epoch 16: train_loss=     30.99  val_mse= 306272.47  lr=1.00e-03  man=  92.2  king= 292.2
epoch 17: train_loss=     30.95  val_mse= 305845.16  lr=1.00e-03  man=  91.8  king= 291.7
epoch 18: train_loss=     30.90  val_mse= 305422.94  lr=1.00e-03  man=  91.3  king= 291.3
epoch 19: train_loss=     30.86  val_mse= 305006.00  lr=1.00e-03  man=  90.9  king= 290.8
epoch 20: train_loss=     30.82  val_mse= 304593.81  lr=1.00e-03  man=  90.4  king= 290.3
epoch 21: train_loss=     30.77  val_mse= 304186.88  lr=1.00e-03  man=  90.0  king= 289.9
epoch 22: train_loss=     30.73  val_mse= 303784.09  lr=1.00e-03  man=  89.5  king= 289.4
epoch 23: train_loss=     30.69  val_mse= 303385.59  lr=1.00e-03  man=  89.0  king= 289.0
epoch 24: train_loss=     30.65  val_mse= 302991.72  lr=1.00e-03  man=  88.6  king= 288.5
epoch 25: train_loss=     30.61  val_mse= 302602.12  lr=1.00e-03  man=  88.1  king= 288.0
epoch 26: train_loss=     30.57  val_mse= 302216.44  lr=1.00e-03  man=  87.7  king= 287.6
epoch 27: train_loss=     30.53  val_mse= 301834.78  lr=1.00e-03  man=  87.2  king= 287.1
epoch 28: train_loss=     30.49  val_mse= 301456.44  lr=1.00e-03  man=  86.8  king= 286.7
epoch 29: train_loss=     30.45  val_mse= 301083.25  lr=1.00e-03  man=  86.3  king= 286.2
epoch 30: train_loss=     30.41  val_mse= 300712.62  lr=1.00e-03  man=  85.9  king= 285.7
epoch 31: train_loss=     30.37  val_mse= 300345.91  lr=1.00e-03  man=  85.4  king= 285.3
epoch 32: train_loss=     30.34  val_mse= 299982.72  lr=1.00e-03  man=  84.9  king= 284.8
epoch 33: train_loss=     30.30  val_mse= 299623.56  lr=1.00e-03  man=  84.5  king= 284.4
epoch 34: train_loss=     30.26  val_mse= 299267.72  lr=1.00e-03  man=  84.0  king= 283.9
epoch 35: train_loss=     30.22  val_mse= 298914.78  lr=1.00e-03  man=  83.6  king= 283.4
epoch 36: train_loss=     30.19  val_mse= 298565.25  lr=1.00e-03  man=  83.1  king= 283.0
epoch 37: train_loss=     30.15  val_mse= 298219.28  lr=1.00e-03  man=  82.7  king= 282.5
epoch 38: train_loss=     30.12  val_mse= 297876.44  lr=1.00e-03  man=  82.2  king= 282.1
epoch 39: train_loss=     30.08  val_mse= 297536.41  lr=1.00e-03  man=  81.8  king= 281.6
epoch 40: train_loss=     30.05  val_mse= 297199.34  lr=1.00e-03  man=  81.3  king= 281.1
epoch 41: train_loss=     30.01  val_mse= 296865.97  lr=1.00e-03  man=  80.9  king= 280.7
epoch 42: train_loss=     29.98  val_mse= 296535.38  lr=1.00e-03  man=  80.4  king= 280.2
epoch 43: train_loss=     29.94  val_mse= 296206.84  lr=1.00e-03  man=  79.9  king= 279.8
epoch 44: train_loss=     29.91  val_mse= 295882.75  lr=1.00e-03  man=  79.5  king= 279.3
epoch 45: train_loss=     29.87  val_mse= 295560.72  lr=1.00e-03  man=  79.0  king= 278.9
epoch 46: train_loss=     29.84  val_mse= 295241.56  lr=1.00e-03  man=  78.6  king= 278.4
epoch 47: train_loss=     29.81  val_mse= 294925.44  lr=1.00e-03  man=  78.1  king= 277.9
epoch 48: train_loss=     29.78  val_mse= 294611.94  lr=1.00e-03  man=  77.7  king= 277.5
epoch 49: train_loss=     29.74  val_mse= 294301.41  lr=1.00e-03  man=  77.2  king= 277.0
epoch 50: train_loss=     29.71  val_mse= 293993.78  lr=1.00e-03  man=  76.8  king= 276.6
epoch 51: train_loss=     29.68  val_mse= 293688.03  lr=1.00e-03  man=  76.3  king= 276.1
epoch 52: train_loss=     29.65  val_mse= 293385.38  lr=1.00e-03  man=  75.9  king= 275.6
epoch 53: train_loss=     29.62  val_mse= 293085.47  lr=1.00e-03  man=  75.4  king= 275.2
epoch 54: train_loss=     29.59  val_mse= 292787.28  lr=1.00e-03  man=  75.0  king= 274.7
epoch 55: train_loss=     29.55  val_mse= 292491.84  lr=1.00e-03  man=  74.5  king= 274.3
epoch 56: train_loss=     29.52  val_mse= 292200.12  lr=1.00e-03  man=  74.0  king= 273.8
epoch 57: train_loss=     29.49  val_mse= 291909.81  lr=1.00e-03  man=  73.6  king= 273.3
epoch 58: train_loss=     29.46  val_mse= 291622.19  lr=1.00e-03  man=  73.1  king= 272.9
epoch 59: train_loss=     29.43  val_mse= 291337.16  lr=1.00e-03  man=  72.7  king= 272.4
final (saved) val_mse= 291337.16  man=72.7  king=272.4
wrote /root/jass/jobs/results/0082-scan-distill-pattern-clipped-labels/artefacts.src/pattern-c2000-v3-mse.jpat (17006241 bytes)
