loading /root/jass/jobs/results/0078-scan-distill-1M-mlp-scaleup/artefacts.src/v10-distilled-1M.bin...
  1000000 records loaded
augmenting with horizontal mirror (×2)...
  augmented dataset: 2000000 records
encoding pattern indices (8 patterns, base=3)...
  done, shape=(8, 2000000)
epoch  0: train_loss=     13.02  val_mse=7464262.00  lr=1.00e-03  man=  99.5  king= 299.5
epoch  1: train_loss=     13.02  val_mse=7463550.50  lr=1.00e-03  man=  99.1  king= 299.1
epoch  2: train_loss=     13.02  val_mse=7462980.00  lr=1.00e-03  man=  98.6  king= 298.6
epoch  3: train_loss=     13.01  val_mse=7462498.50  lr=1.00e-03  man=  98.2  king= 298.1
epoch  4: train_loss=     13.01  val_mse=7462076.00  lr=1.00e-03  man=  97.7  king= 297.7
epoch  5: train_loss=     13.01  val_mse=7461697.00  lr=1.00e-03  man=  97.2  king= 297.2
epoch  6: train_loss=     13.01  val_mse=7461351.50  lr=1.00e-03  man=  96.8  king= 296.7
epoch  7: train_loss=     13.00  val_mse=7461037.50  lr=1.00e-03  man=  96.3  king= 296.3
epoch  8: train_loss=     13.00  val_mse=7460743.50  lr=1.00e-03  man=  95.9  king= 295.8
epoch  9: train_loss=     13.00  val_mse=7460469.00  lr=1.00e-03  man=  95.4  king= 295.3
epoch 10: train_loss=     13.00  val_mse=7460211.50  lr=1.00e-03  man=  95.0  king= 294.9
epoch 11: train_loss=     12.99  val_mse=7459966.00  lr=1.00e-03  man=  94.5  king= 294.4
epoch 12: train_loss=     12.99  val_mse=7459734.00  lr=1.00e-03  man=  94.1  king= 294.0
epoch 13: train_loss=     12.99  val_mse=7459510.50  lr=1.00e-03  man=  93.6  king= 293.5
epoch 14: train_loss=     12.99  val_mse=7459297.50  lr=1.00e-03  man=  93.2  king= 293.0
epoch 15: train_loss=     12.99  val_mse=7459090.50  lr=1.00e-03  man=  92.7  king= 292.6
epoch 16: train_loss=     12.98  val_mse=7458892.00  lr=1.00e-03  man=  92.2  king= 292.1
epoch 17: train_loss=     12.98  val_mse=7458700.50  lr=1.00e-03  man=  91.8  king= 291.6
epoch 18: train_loss=     12.98  val_mse=7458515.00  lr=1.00e-03  man=  91.3  king= 291.2
epoch 19: train_loss=     12.98  val_mse=7458334.50  lr=1.00e-03  man=  90.9  king= 290.7
epoch 20: train_loss=     12.98  val_mse=7458159.50  lr=1.00e-03  man=  90.4  king= 290.2
epoch 21: train_loss=     12.97  val_mse=7457989.00  lr=1.00e-03  man=  90.0  king= 289.8
epoch 22: train_loss=     12.97  val_mse=7457821.00  lr=1.00e-03  man=  89.5  king= 289.3
epoch 23: train_loss=     12.97  val_mse=7457658.50  lr=1.00e-03  man=  89.1  king= 288.8
epoch 24: train_loss=     12.97  val_mse=7457500.50  lr=1.00e-03  man=  88.6  king= 288.4
epoch 25: train_loss=     12.97  val_mse=7457346.00  lr=1.00e-03  man=  88.2  king= 287.9
epoch 26: train_loss=     12.96  val_mse=7457196.50  lr=1.00e-03  man=  87.7  king= 287.5
epoch 27: train_loss=     12.96  val_mse=7457048.00  lr=1.00e-03  man=  87.3  king= 287.0
epoch 28: train_loss=     12.96  val_mse=7456901.00  lr=1.00e-03  man=  86.8  king= 286.5
epoch 29: train_loss=     12.96  val_mse=7456762.00  lr=1.00e-03  man=  86.4  king= 286.1
epoch 30: train_loss=     12.96  val_mse=7456621.00  lr=1.00e-03  man=  85.9  king= 285.6
epoch 31: train_loss=     12.95  val_mse=7456484.00  lr=1.00e-03  man=  85.5  king= 285.1
epoch 32: train_loss=     12.95  val_mse=7456352.00  lr=1.00e-03  man=  85.0  king= 284.7
epoch 33: train_loss=     12.95  val_mse=7456220.00  lr=1.00e-03  man=  84.5  king= 284.2
epoch 34: train_loss=     12.95  val_mse=7456092.50  lr=1.00e-03  man=  84.1  king= 283.7
epoch 35: train_loss=     12.95  val_mse=7455966.50  lr=1.00e-03  man=  83.6  king= 283.3
epoch 36: train_loss=     12.94  val_mse=7455842.00  lr=1.00e-03  man=  83.2  king= 282.8
epoch 37: train_loss=     12.94  val_mse=7455719.50  lr=1.00e-03  man=  82.7  king= 282.3
epoch 38: train_loss=     12.94  val_mse=7455600.00  lr=1.00e-03  man=  82.3  king= 281.9
epoch 39: train_loss=     12.94  val_mse=7455481.50  lr=1.00e-03  man=  81.8  king= 281.4
epoch 40: train_loss=     12.94  val_mse=7455364.00  lr=1.00e-03  man=  81.4  king= 281.0
epoch 41: train_loss=     12.93  val_mse=7455252.00  lr=1.00e-03  man=  80.9  king= 280.5
epoch 42: train_loss=     12.93  val_mse=7455140.50  lr=1.00e-03  man=  80.5  king= 280.0
epoch 43: train_loss=     12.93  val_mse=7455029.50  lr=1.00e-03  man=  80.0  king= 279.6
epoch 44: train_loss=     12.93  val_mse=7454922.00  lr=1.00e-03  man=  79.6  king= 279.1
epoch 45: train_loss=     12.93  val_mse=7454814.50  lr=1.00e-03  man=  79.1  king= 278.6
epoch 46: train_loss=     12.93  val_mse=7454710.00  lr=1.00e-03  man=  78.7  king= 278.2
epoch 47: train_loss=     12.92  val_mse=7454606.50  lr=1.00e-03  man=  78.2  king= 277.7
epoch 48: train_loss=     12.92  val_mse=7454503.50  lr=1.00e-03  man=  77.8  king= 277.2
epoch 49: train_loss=     12.92  val_mse=7454404.00  lr=1.00e-03  man=  77.3  king= 276.8
epoch 50: train_loss=     12.92  val_mse=7454306.00  lr=1.00e-03  man=  76.9  king= 276.3
epoch 51: train_loss=     12.92  val_mse=7454209.00  lr=1.00e-03  man=  76.4  king= 275.8
epoch 52: train_loss=     12.92  val_mse=7454114.50  lr=1.00e-03  man=  76.0  king= 275.4
epoch 53: train_loss=     12.91  val_mse=7454021.50  lr=1.00e-03  man=  75.5  king= 274.9
epoch 54: train_loss=     12.91  val_mse=7453928.50  lr=1.00e-03  man=  75.1  king= 274.5
epoch 55: train_loss=     12.91  val_mse=7453837.00  lr=1.00e-03  man=  74.6  king= 274.0
epoch 56: train_loss=     12.91  val_mse=7453750.00  lr=1.00e-03  man=  74.2  king= 273.5
epoch 57: train_loss=     12.91  val_mse=7453662.00  lr=1.00e-03  man=  73.7  king= 273.1
epoch 58: train_loss=     12.91  val_mse=7453576.50  lr=1.00e-03  man=  73.3  king= 272.6
epoch 59: train_loss=     12.90  val_mse=7453494.00  lr=1.00e-03  man=  72.8  king= 272.1
final (saved) val_mse=7453493.00  man=72.8  king=272.1
wrote /root/jass/jobs/results/0082-scan-distill-pattern-clipped-labels/artefacts.src/pattern-noclip-v3-huber200.jpat (17006241 bytes)
