opening pool: 9 positions
jass setup:   pattern=/root/jass/jobs/results/cpx62-0353-drawish-confirm/artefacts.src/eval.pjtw  book=(default/none)
scan setup:   book=off  bb-size=0
  [Scan-player init] init eval
  [Scan-player] bb-size=0 (no bitbases — FAIR comparison)
  game   1: Jass=W Scan=B → L (no legal move from Jass-player, 119 plies)  Jass +0.0  [1s]
  game   2: Scan=W Jass=B → D (ply cap, 160 plies)  Jass +0.5  [7s]
  game   3: Jass=W Scan=B → L (no legal move from Jass-player, 119 plies)  Jass +0.0  [8s]
  game   4: Scan=W Jass=B → D (ply cap, 160 plies)  Jass +0.5  [10s]
  game   5: Jass=W Scan=B → L (no legal move from Jass-player, 119 plies)  Jass +0.0  [11s]
  game   6: Scan=W Jass=B → D (ply cap, 160 plies)  Jass +0.5  [14s]
  game   7: Jass=W Scan=B → L (no legal move from Jass-player, 119 plies)  Jass +0.0  [14s]
  game   8: Scan=W Jass=B → D (ply cap, 160 plies)  Jass +0.5  [17s]
  game   9: Jass=W Scan=B → L (no legal move from Jass-player, 119 plies)  Jass +0.0  [17s]
  game  10: Scan=W Jass=B → D (ply cap, 160 plies)  Jass +0.5  [20s]
  game  11: Jass=W Scan=B → L (no legal move from Jass-player, 119 plies)  Jass +0.0  [21s]
  game  12: Scan=W Jass=B → D (ply cap, 160 plies)  Jass +0.5  [23s]
  game  13: Jass=W Scan=B → L (no legal move from Jass-player, 119 plies)  Jass +0.0  [24s]
  game  14: Scan=W Jass=B → D (ply cap, 160 plies)  Jass +0.5  [26s]
  game  15: Jass=W Scan=B → L (no legal move from Jass-player, 119 plies)  Jass +0.0  [27s]
  game  16: Scan=W Jass=B → D (ply cap, 160 plies)  Jass +0.5  [29s]
  game  17: Jass=W Scan=B → L (no legal move from Jass-player, 119 plies)  Jass +0.0  [30s]
  game  18: Scan=W Jass=B → D (ply cap, 160 plies)  Jass +0.5  [32s]
  game  19: Jass=W Scan=B → L (no legal move from Jass-player, 119 plies)  Jass +0.0  [33s]
  game  20: Scan=W Jass=B → D (ply cap, 160 plies)  Jass +0.5  [36s]
  game  21: Jass=W Scan=B → L (no legal move from Jass-player, 119 plies)  Jass +0.0  [36s]
  game  22: Scan=W Jass=B → D (ply cap, 160 plies)  Jass +0.5  [39s]
  game  23: Jass=W Scan=B → L (no legal move from Jass-player, 119 plies)  Jass +0.0  [39s]
  game  24: Scan=W Jass=B → D (ply cap, 160 plies)  Jass +0.5  [42s]
  game  25: Jass=W Scan=B → L (no legal move from Jass-player, 119 plies)  Jass +0.0  [43s]
  game  26: Scan=W Jass=B → D (ply cap, 160 plies)  Jass +0.5  [45s]
  game  27: Jass=W Scan=B → L (no legal move from Jass-player, 119 plies)  Jass +0.0  [46s]
  game  28: Scan=W Jass=B → D (ply cap, 160 plies)  Jass +0.5  [48s]
  game  29: Jass=W Scan=B → L (no legal move from Jass-player, 119 plies)  Jass +0.0  [49s]
  game  30: Scan=W Jass=B → D (ply cap, 160 plies)  Jass +0.5  [51s]
  game  31: Jass=W Scan=B → L (no legal move from Jass-player, 99 plies)  Jass +0.0  [52s]
  game  32: Scan=W Jass=B → D (ply cap, 160 plies)  Jass +0.5  [54s]
  game  33: Jass=W Scan=B → L (no legal move from Jass-player, 99 plies)  Jass +0.0  [54s]
  game  34: Scan=W Jass=B → D (ply cap, 160 plies)  Jass +0.5  [56s]
  game  35: Jass=W Scan=B → L (no legal move from Jass-player, 99 plies)  Jass +0.0  [57s]
  game  36: Scan=W Jass=B → D (ply cap, 160 plies)  Jass +0.5  [59s]
  game  37: Jass=W Scan=B → L (no legal move from Jass-player, 99 plies)  Jass +0.0  [59s]
  game  38: Scan=W Jass=B → D (ply cap, 160 plies)  Jass +0.5  [61s]
  game  39: Jass=W Scan=B → L (no legal move from Jass-player, 99 plies)  Jass +0.0  [62s]
  game  40: Scan=W Jass=B → D (ply cap, 160 plies)  Jass +0.5  [64s]
  game  41: Jass=W Scan=B → L (no legal move from Jass-player, 99 plies)  Jass +0.0  [64s]
  game  42: Scan=W Jass=B → D (ply cap, 160 plies)  Jass +0.5  [66s]
  game  43: Jass=W Scan=B → L (no legal move from Jass-player, 99 plies)  Jass +0.0  [67s]
  game  44: Scan=W Jass=B → D (ply cap, 160 plies)  Jass +0.5  [69s]
  game  45: Jass=W Scan=B → L (no legal move from Jass-player, 99 plies)  Jass +0.0  [69s]
  game  46: Scan=W Jass=B → D (ply cap, 160 plies)  Jass +0.5  [71s]
  game  47: Jass=W Scan=B → L (no legal move from Jass-player, 99 plies)  Jass +0.0  [72s]
  game  48: Scan=W Jass=B → D (ply cap, 160 plies)  Jass +0.5  [74s]
  game  49: Jass=W Scan=B → L (no legal move from Jass-player, 99 plies)  Jass +0.0  [74s]
  game  50: Scan=W Jass=B → D (ply cap, 160 plies)  Jass +0.5  [76s]
  game  51: Jass=W Scan=B → L (no legal move from Jass-player, 99 plies)  Jass +0.0  [77s]
  game  52: Scan=W Jass=B → D (ply cap, 160 plies)  Jass +0.5  [79s]
  game  53: Jass=W Scan=B → L (no legal move from Jass-player, 99 plies)  Jass +0.0  [79s]
  game  54: Scan=W Jass=B → D (ply cap, 160 plies)  Jass +0.5  [81s]
  game  55: Jass=W Scan=B → L (no legal move from Jass-player, 99 plies)  Jass +0.0  [82s]
  game  56: Scan=W Jass=B → D (ply cap, 160 plies)  Jass +0.5  [84s]
  game  57: Jass=W Scan=B → L (no legal move from Jass-player, 99 plies)  Jass +0.0  [84s]
  game  58: Scan=W Jass=B → D (ply cap, 160 plies)  Jass +0.5  [86s]
  game  59: Jass=W Scan=B → L (no legal move from Jass-player, 99 plies)  Jass +0.0  [87s]
  game  60: Scan=W Jass=B → D (ply cap, 160 plies)  Jass +0.5  [88s]
  game  61: Jass=W Scan=B → L (no legal move from Jass-player, 107 plies)  Jass +0.0  [89s]
  game  62: Scan=W Jass=B → W (no legal move from Jass-player, 122 plies)  Jass +0.0  [90s]
  game  63: Jass=W Scan=B → L (no legal move from Jass-player, 107 plies)  Jass +0.0  [91s]
  game  64: Scan=W Jass=B → W (no legal move from Jass-player, 122 plies)  Jass +0.0  [92s]
  game  65: Jass=W Scan=B → L (no legal move from Jass-player, 107 plies)  Jass +0.0  [93s]
  game  66: Scan=W Jass=B → W (no legal move from Jass-player, 122 plies)  Jass +0.0  [94s]
  game  67: Jass=W Scan=B → L (no legal move from Jass-player, 107 plies)  Jass +0.0  [94s]
  game  68: Scan=W Jass=B → W (no legal move from Jass-player, 122 plies)  Jass +0.0  [95s]
  game  69: Jass=W Scan=B → L (no legal move from Jass-player, 107 plies)  Jass +0.0  [96s]
  game  70: Scan=W Jass=B → W (no legal move from Jass-player, 122 plies)  Jass +0.0  [97s]
  game  71: Jass=W Scan=B → L (no legal move from Jass-player, 107 plies)  Jass +0.0  [98s]
  game  72: Scan=W Jass=B → W (no legal move from Jass-player, 122 plies)  Jass +0.0  [99s]
  game  73: Jass=W Scan=B → L (no legal move from Jass-player, 107 plies)  Jass +0.0  [100s]
  game  74: Scan=W Jass=B → W (no legal move from Jass-player, 122 plies)  Jass +0.0  [101s]
  game  75: Jass=W Scan=B → L (no legal move from Jass-player, 107 plies)  Jass +0.0  [101s]
  game  76: Scan=W Jass=B → W (no legal move from Jass-player, 122 plies)  Jass +0.0  [102s]
  game  77: Jass=W Scan=B → L (no legal move from Jass-player, 107 plies)  Jass +0.0  [103s]
  game  78: Scan=W Jass=B → W (no legal move from Jass-player, 122 plies)  Jass +0.0  [104s]
  game  79: Jass=W Scan=B → L (no legal move from Jass-player, 107 plies)  Jass +0.0  [105s]
  game  80: Scan=W Jass=B → W (no legal move from Jass-player, 122 plies)  Jass +0.0  [106s]
  game  81: Jass=W Scan=B → L (no legal move from Jass-player, 107 plies)  Jass +0.0  [107s]
  game  82: Scan=W Jass=B → W (no legal move from Jass-player, 122 plies)  Jass +0.0  [107s]
  game  83: Jass=W Scan=B → L (no legal move from Jass-player, 107 plies)  Jass +0.0  [108s]
  game  84: Scan=W Jass=B → W (no legal move from Jass-player, 122 plies)  Jass +0.0  [109s]
  game  85: Jass=W Scan=B → L (no legal move from Jass-player, 107 plies)  Jass +0.0  [110s]
  game  86: Scan=W Jass=B → W (no legal move from Jass-player, 122 plies)  Jass +0.0  [111s]
  game  87: Jass=W Scan=B → L (no legal move from Jass-player, 107 plies)  Jass +0.0  [112s]
  game  88: Scan=W Jass=B → W (no legal move from Jass-player, 122 plies)  Jass +0.0  [113s]
  game  89: Jass=W Scan=B → L (no legal move from Jass-player, 107 plies)  Jass +0.0  [113s]
  game  90: Scan=W Jass=B → W (no legal move from Jass-player, 122 plies)  Jass +0.0  [114s]
  game  91: Jass=W Scan=B → L (no legal move from Jass-player, 117 plies)  Jass +0.0  [115s]
  game  92: Scan=W Jass=B → W (no legal move from Jass-player, 112 plies)  Jass +0.0  [116s]
  game  93: Jass=W Scan=B → L (no legal move from Jass-player, 117 plies)  Jass +0.0  [117s]
  game  94: Scan=W Jass=B → W (no legal move from Jass-player, 112 plies)  Jass +0.0  [118s]
  game  95: Jass=W Scan=B → L (no legal move from Jass-player, 117 plies)  Jass +0.0  [118s]
  game  96: Scan=W Jass=B → W (no legal move from Jass-player, 112 plies)  Jass +0.0  [119s]
  game  97: Jass=W Scan=B → L (no legal move from Jass-player, 117 plies)  Jass +0.0  [120s]
  game  98: Scan=W Jass=B → W (no legal move from Jass-player, 112 plies)  Jass +0.0  [121s]
  game  99: Jass=W Scan=B → L (no legal move from Jass-player, 117 plies)  Jass +0.0  [122s]
  game 100: Scan=W Jass=B → W (no legal move from Jass-player, 112 plies)  Jass +0.0  [123s]
  game 101: Jass=W Scan=B → L (no legal move from Jass-player, 117 plies)  Jass +0.0  [124s]
  game 102: Scan=W Jass=B → W (no legal move from Jass-player, 112 plies)  Jass +0.0  [125s]
  game 103: Jass=W Scan=B → L (no legal move from Jass-player, 117 plies)  Jass +0.0  [126s]
  game 104: Scan=W Jass=B → W (no legal move from Jass-player, 112 plies)  Jass +0.0  [127s]
  game 105: Jass=W Scan=B → L (no legal move from Jass-player, 117 plies)  Jass +0.0  [127s]
  game 106: Scan=W Jass=B → W (no legal move from Jass-player, 112 plies)  Jass +0.0  [128s]
  game 107: Jass=W Scan=B → L (no legal move from Jass-player, 117 plies)  Jass +0.0  [129s]
  game 108: Scan=W Jass=B → W (no legal move from Jass-player, 112 plies)  Jass +0.0  [130s]
  game 109: Jass=W Scan=B → L (no legal move from Jass-player, 117 plies)  Jass +0.0  [131s]
  game 110: Scan=W Jass=B → W (no legal move from Jass-player, 112 plies)  Jass +0.0  [132s]
  game 111: Jass=W Scan=B → L (no legal move from Jass-player, 117 plies)  Jass +0.0  [133s]
  game 112: Scan=W Jass=B → W (no legal move from Jass-player, 112 plies)  Jass +0.0  [134s]
  game 113: Jass=W Scan=B → L (no legal move from Jass-player, 117 plies)  Jass +0.0  [134s]
  game 114: Scan=W Jass=B → W (no legal move from Jass-player, 112 plies)  Jass +0.0  [135s]
  game 115: Jass=W Scan=B → L (no legal move from Jass-player, 117 plies)  Jass +0.0  [136s]
  game 116: Scan=W Jass=B → W (no legal move from Jass-player, 112 plies)  Jass +0.0  [137s]
  game 117: Jass=W Scan=B → L (no legal move from Jass-player, 117 plies)  Jass +0.0  [138s]
  game 118: Scan=W Jass=B → W (no legal move from Jass-player, 112 plies)  Jass +0.0  [139s]
  game 119: Jass=W Scan=B → L (no legal move from Jass-player, 117 plies)  Jass +0.0  [140s]
  game 120: Scan=W Jass=B → W (no legal move from Jass-player, 112 plies)  Jass +0.0  [141s]
  game 121: Jass=W Scan=B → D (ply cap, 160 plies)  Jass +0.5  [143s]
  game 122: Scan=W Jass=B → W (no legal move from Jass-player, 124 plies)  Jass +0.0  [144s]
  game 123: Jass=W Scan=B → D (ply cap, 160 plies)  Jass +0.5  [145s]
  game 124: Scan=W Jass=B → W (no legal move from Jass-player, 124 plies)  Jass +0.0  [147s]
  game 125: Jass=W Scan=B → D (ply cap, 160 plies)  Jass +0.5  [148s]
  game 126: Scan=W Jass=B → W (no legal move from Jass-player, 124 plies)  Jass +0.0  [149s]
  game 127: Jass=W Scan=B → D (ply cap, 160 plies)  Jass +0.5  [151s]
  game 128: Scan=W Jass=B → W (no legal move from Jass-player, 124 plies)  Jass +0.0  [152s]
  game 129: Jass=W Scan=B → D (ply cap, 160 plies)  Jass +0.5  [154s]
  game 130: Scan=W Jass=B → W (no legal move from Jass-player, 124 plies)  Jass +0.0  [155s]
  game 131: Jass=W Scan=B → D (ply cap, 160 plies)  Jass +0.5  [156s]
  game 132: Scan=W Jass=B → W (no legal move from Jass-player, 124 plies)  Jass +0.0  [157s]
  game 133: Jass=W Scan=B → D (ply cap, 160 plies)  Jass +0.5  [159s]
  game 134: Scan=W Jass=B → W (no legal move from Jass-player, 124 plies)  Jass +0.0  [160s]
  game 135: Jass=W Scan=B → D (ply cap, 160 plies)  Jass +0.5  [162s]
  game 136: Scan=W Jass=B → W (no legal move from Jass-player, 124 plies)  Jass +0.0  [163s]
  game 137: Jass=W Scan=B → D (ply cap, 160 plies)  Jass +0.5  [165s]
  game 138: Scan=W Jass=B → W (no legal move from Jass-player, 124 plies)  Jass +0.0  [166s]
  game 139: Jass=W Scan=B → D (ply cap, 160 plies)  Jass +0.5  [168s]
  game 140: Scan=W Jass=B → W (no legal move from Jass-player, 124 plies)  Jass +0.0  [169s]
  game 141: Jass=W Scan=B → D (ply cap, 160 plies)  Jass +0.5  [170s]
  game 142: Scan=W Jass=B → W (no legal move from Jass-player, 124 plies)  Jass +0.0  [171s]
  game 143: Jass=W Scan=B → D (ply cap, 160 plies)  Jass +0.5  [173s]
  game 144: Scan=W Jass=B → W (no legal move from Jass-player, 124 plies)  Jass +0.0  [174s]
  game 145: Jass=W Scan=B → D (ply cap, 160 plies)  Jass +0.5  [176s]
  game 146: Scan=W Jass=B → W (no legal move from Jass-player, 124 plies)  Jass +0.0  [177s]
  game 147: Jass=W Scan=B → D (ply cap, 160 plies)  Jass +0.5  [178s]
  game 148: Scan=W Jass=B → W (no legal move from Jass-player, 124 plies)  Jass +0.0  [180s]
  game 149: Jass=W Scan=B → D (ply cap, 160 plies)  Jass +0.5  [181s]
  game 150: Scan=W Jass=B → W (no legal move from Jass-player, 124 plies)  Jass +0.0  [182s]
  game 151: Jass=W Scan=B → L (no legal move from Jass-player, 111 plies)  Jass +0.0  [183s]
  game 152: Scan=W Jass=B → D (ply cap, 160 plies)  Jass +0.5  [184s]
  game 153: Jass=W Scan=B → L (no legal move from Jass-player, 111 plies)  Jass +0.0  [185s]
  game 154: Scan=W Jass=B → D (ply cap, 160 plies)  Jass +0.5  [186s]
  game 155: Jass=W Scan=B → L (no legal move from Jass-player, 111 plies)  Jass +0.0  [187s]
  game 156: Scan=W Jass=B → D (ply cap, 160 plies)  Jass +0.5  [188s]
  game 157: Jass=W Scan=B → L (no legal move from Jass-player, 111 plies)  Jass +0.0  [189s]
  game 158: Scan=W Jass=B → D (ply cap, 160 plies)  Jass +0.5  [190s]
  game 159: Jass=W Scan=B → L (no legal move from Jass-player, 111 plies)  Jass +0.0  [191s]
  game 160: Scan=W Jass=B → D (ply cap, 160 plies)  Jass +0.5  [192s]
  game 161: Jass=W Scan=B → L (no legal move from Jass-player, 111 plies)  Jass +0.0  [193s]
  game 162: Scan=W Jass=B → D (ply cap, 160 plies)  Jass +0.5  [194s]
  game 163: Jass=W Scan=B → L (no legal move from Jass-player, 111 plies)  Jass +0.0  [195s]
  game 164: Scan=W Jass=B → D (ply cap, 160 plies)  Jass +0.5  [196s]
  game 165: Jass=W Scan=B → L (no legal move from Jass-player, 111 plies)  Jass +0.0  [197s]
  game 166: Scan=W Jass=B → D (ply cap, 160 plies)  Jass +0.5  [198s]
  game 167: Jass=W Scan=B → L (no legal move from Jass-player, 111 plies)  Jass +0.0  [199s]
  game 168: Scan=W Jass=B → D (ply cap, 160 plies)  Jass +0.5  [200s]
  game 169: Jass=W Scan=B → L (no legal move from Jass-player, 111 plies)  Jass +0.0  [201s]
  game 170: Scan=W Jass=B → D (ply cap, 160 plies)  Jass +0.5  [202s]
  game 171: Jass=W Scan=B → L (no legal move from Jass-player, 111 plies)  Jass +0.0  [203s]
  game 172: Scan=W Jass=B → D (ply cap, 160 plies)  Jass +0.5  [204s]
  game 173: Jass=W Scan=B → L (no legal move from Jass-player, 111 plies)  Jass +0.0  [205s]
  game 174: Scan=W Jass=B → D (ply cap, 160 plies)  Jass +0.5  [206s]
  game 175: Jass=W Scan=B → L (no legal move from Jass-player, 111 plies)  Jass +0.0  [207s]
  game 176: Scan=W Jass=B → D (ply cap, 160 plies)  Jass +0.5  [208s]
  game 177: Jass=W Scan=B → L (no legal move from Jass-player, 111 plies)  Jass +0.0  [208s]
  game 178: Scan=W Jass=B → D (ply cap, 160 plies)  Jass +0.5  [210s]
  game 179: Jass=W Scan=B → L (no legal move from Jass-player, 111 plies)  Jass +0.0  [210s]
  game 180: Scan=W Jass=B → D (ply cap, 160 plies)  Jass +0.5  [212s]
  game 181: Jass=W Scan=B → L (no legal move from Jass-player, 123 plies)  Jass +0.0  [212s]
  game 182: Scan=W Jass=B → W (no legal move from Jass-player, 124 plies)  Jass +0.0  [213s]
  game 183: Jass=W Scan=B → L (no legal move from Jass-player, 123 plies)  Jass +0.0  [214s]
  game 184: Scan=W Jass=B → W (no legal move from Jass-player, 124 plies)  Jass +0.0  [215s]
  game 185: Jass=W Scan=B → L (no legal move from Jass-player, 123 plies)  Jass +0.0  [216s]
  game 186: Scan=W Jass=B → W (no legal move from Jass-player, 124 plies)  Jass +0.0  [217s]
  game 187: Jass=W Scan=B → L (no legal move from Jass-player, 123 plies)  Jass +0.0  [218s]
  game 188: Scan=W Jass=B → W (no legal move from Jass-player, 124 plies)  Jass +0.0  [219s]
  game 189: Jass=W Scan=B → L (no legal move from Jass-player, 123 plies)  Jass +0.0  [220s]
  game 190: Scan=W Jass=B → W (no legal move from Jass-player, 124 plies)  Jass +0.0  [221s]
  game 191: Jass=W Scan=B → L (no legal move from Jass-player, 123 plies)  Jass +0.0  [222s]
  game 192: Scan=W Jass=B → W (no legal move from Jass-player, 124 plies)  Jass +0.0  [223s]
  game 193: Jass=W Scan=B → L (no legal move from Jass-player, 123 plies)  Jass +0.0  [224s]
  game 194: Scan=W Jass=B → W (no legal move from Jass-player, 124 plies)  Jass +0.0  [225s]
  game 195: Jass=W Scan=B → L (no legal move from Jass-player, 123 plies)  Jass +0.0  [226s]
  game 196: Scan=W Jass=B → W (no legal move from Jass-player, 124 plies)  Jass +0.0  [226s]
  game 197: Jass=W Scan=B → L (no legal move from Jass-player, 123 plies)  Jass +0.0  [227s]
  game 198: Scan=W Jass=B → W (no legal move from Jass-player, 124 plies)  Jass +0.0  [228s]
  game 199: Jass=W Scan=B → L (no legal move from Jass-player, 123 plies)  Jass +0.0  [229s]
  game 200: Scan=W Jass=B → W (no legal move from Jass-player, 124 plies)  Jass +0.0  [230s]
  game 201: Jass=W Scan=B → L (no legal move from Jass-player, 123 plies)  Jass +0.0  [231s]
  game 202: Scan=W Jass=B → W (no legal move from Jass-player, 124 plies)  Jass +0.0  [232s]
  game 203: Jass=W Scan=B → L (no legal move from Jass-player, 123 plies)  Jass +0.0  [233s]
  game 204: Scan=W Jass=B → W (no legal move from Jass-player, 124 plies)  Jass +0.0  [234s]
  game 205: Jass=W Scan=B → L (no legal move from Jass-player, 123 plies)  Jass +0.0  [235s]
  game 206: Scan=W Jass=B → W (no legal move from Jass-player, 124 plies)  Jass +0.0  [236s]
  game 207: Jass=W Scan=B → L (no legal move from Jass-player, 123 plies)  Jass +0.0  [237s]
  game 208: Scan=W Jass=B → W (no legal move from Jass-player, 124 plies)  Jass +0.0  [237s]
  game 209: Jass=W Scan=B → L (no legal move from Jass-player, 123 plies)  Jass +0.0  [238s]
  game 210: Scan=W Jass=B → W (no legal move from Jass-player, 124 plies)  Jass +0.0  [239s]
  game 211: Jass=W Scan=B → L (no legal move from Jass-player, 127 plies)  Jass +0.0  [241s]
  game 212: Scan=W Jass=B → W (no legal move from Jass-player, 120 plies)  Jass +0.0  [242s]
  game 213: Jass=W Scan=B → L (no legal move from Jass-player, 127 plies)  Jass +0.0  [243s]
  game 214: Scan=W Jass=B → W (no legal move from Jass-player, 120 plies)  Jass +0.0  [244s]
  game 215: Jass=W Scan=B → L (no legal move from Jass-player, 127 plies)  Jass +0.0  [246s]
  game 216: Scan=W Jass=B → W (no legal move from Jass-player, 120 plies)  Jass +0.0  [247s]
  game 217: Jass=W Scan=B → L (no legal move from Jass-player, 127 plies)  Jass +0.0  [248s]
  game 218: Scan=W Jass=B → W (no legal move from Jass-player, 120 plies)  Jass +0.0  [249s]
  game 219: Jass=W Scan=B → L (no legal move from Jass-player, 127 plies)  Jass +0.0  [251s]
  game 220: Scan=W Jass=B → W (no legal move from Jass-player, 120 plies)  Jass +0.0  [251s]
  game 221: Jass=W Scan=B → L (no legal move from Jass-player, 127 plies)  Jass +0.0  [253s]
  game 222: Scan=W Jass=B → W (no legal move from Jass-player, 120 plies)  Jass +0.0  [254s]
  game 223: Jass=W Scan=B → L (no legal move from Jass-player, 127 plies)  Jass +0.0  [256s]
  game 224: Scan=W Jass=B → W (no legal move from Jass-player, 120 plies)  Jass +0.0  [256s]
  game 225: Jass=W Scan=B → L (no legal move from Jass-player, 127 plies)  Jass +0.0  [258s]
  game 226: Scan=W Jass=B → W (no legal move from Jass-player, 120 plies)  Jass +0.0  [259s]
  game 227: Jass=W Scan=B → L (no legal move from Jass-player, 127 plies)  Jass +0.0  [260s]
  game 228: Scan=W Jass=B → W (no legal move from Jass-player, 120 plies)  Jass +0.0  [261s]
  game 229: Jass=W Scan=B → L (no legal move from Jass-player, 127 plies)  Jass +0.0  [263s]
  game 230: Scan=W Jass=B → W (no legal move from Jass-player, 120 plies)  Jass +0.0  [264s]
  game 231: Jass=W Scan=B → L (no legal move from Jass-player, 127 plies)  Jass +0.0  [265s]
  game 232: Scan=W Jass=B → W (no legal move from Jass-player, 120 plies)  Jass +0.0  [266s]
  game 233: Jass=W Scan=B → L (no legal move from Jass-player, 127 plies)  Jass +0.0  [267s]
  game 234: Scan=W Jass=B → W (no legal move from Jass-player, 120 plies)  Jass +0.0  [268s]
  game 235: Jass=W Scan=B → L (no legal move from Jass-player, 127 plies)  Jass +0.0  [270s]
  game 236: Scan=W Jass=B → W (no legal move from Jass-player, 120 plies)  Jass +0.0  [271s]
  game 237: Jass=W Scan=B → L (no legal move from Jass-player, 127 plies)  Jass +0.0  [272s]
  game 238: Scan=W Jass=B → W (no legal move from Jass-player, 120 plies)  Jass +0.0  [273s]
  game 239: Jass=W Scan=B → L (no legal move from Jass-player, 127 plies)  Jass +0.0  [275s]
  game 240: Scan=W Jass=B → W (no legal move from Jass-player, 120 plies)  Jass +0.0  [275s]
  game 241: Jass=W Scan=B → L (no legal move from Jass-player, 123 plies)  Jass +0.0  [276s]
  game 242: Scan=W Jass=B → W (no legal move from Jass-player, 120 plies)  Jass +0.0  [277s]
  game 243: Jass=W Scan=B → L (no legal move from Jass-player, 123 plies)  Jass +0.0  [278s]
  game 244: Scan=W Jass=B → W (no legal move from Jass-player, 120 plies)  Jass +0.0  [279s]
  game 245: Jass=W Scan=B → L (no legal move from Jass-player, 123 plies)  Jass +0.0  [280s]
  game 246: Scan=W Jass=B → W (no legal move from Jass-player, 120 plies)  Jass +0.0  [281s]
  game 247: Jass=W Scan=B → L (no legal move from Jass-player, 123 plies)  Jass +0.0  [282s]
  game 248: Scan=W Jass=B → W (no legal move from Jass-player, 120 plies)  Jass +0.0  [283s]
  game 249: Jass=W Scan=B → L (no legal move from Jass-player, 123 plies)  Jass +0.0  [284s]
  game 250: Scan=W Jass=B → W (no legal move from Jass-player, 120 plies)  Jass +0.0  [285s]
  game 251: Jass=W Scan=B → L (no legal move from Jass-player, 123 plies)  Jass +0.0  [286s]
  game 252: Scan=W Jass=B → W (no legal move from Jass-player, 120 plies)  Jass +0.0  [287s]
  game 253: Jass=W Scan=B → L (no legal move from Jass-player, 123 plies)  Jass +0.0  [288s]
  game 254: Scan=W Jass=B → W (no legal move from Jass-player, 120 plies)  Jass +0.0  [289s]
  game 255: Jass=W Scan=B → L (no legal move from Jass-player, 123 plies)  Jass +0.0  [290s]
  game 256: Scan=W Jass=B → W (no legal move from Jass-player, 120 plies)  Jass +0.0  [291s]
  game 257: Jass=W Scan=B → L (no legal move from Jass-player, 123 plies)  Jass +0.0  [292s]
  game 258: Scan=W Jass=B → W (no legal move from Jass-player, 120 plies)  Jass +0.0  [293s]
  game 259: Jass=W Scan=B → L (no legal move from Jass-player, 123 plies)  Jass +0.0  [294s]
  game 260: Scan=W Jass=B → W (no legal move from Jass-player, 120 plies)  Jass +0.0  [295s]
  game 261: Jass=W Scan=B → L (no legal move from Jass-player, 123 plies)  Jass +0.0  [296s]
  game 262: Scan=W Jass=B → W (no legal move from Jass-player, 120 plies)  Jass +0.0  [297s]
  game 263: Jass=W Scan=B → L (no legal move from Jass-player, 123 plies)  Jass +0.0  [298s]
  game 264: Scan=W Jass=B → W (no legal move from Jass-player, 120 plies)  Jass +0.0  [299s]
  game 265: Jass=W Scan=B → L (no legal move from Jass-player, 123 plies)  Jass +0.0  [300s]
  game 266: Scan=W Jass=B → W (no legal move from Jass-player, 120 plies)  Jass +0.0  [301s]
  game 267: Jass=W Scan=B → L (no legal move from Jass-player, 123 plies)  Jass +0.0  [302s]
  game 268: Scan=W Jass=B → W (no legal move from Jass-player, 120 plies)  Jass +0.0  [303s]
  game 269: Jass=W Scan=B → L (no legal move from Jass-player, 123 plies)  Jass +0.0  [304s]
  game 270: Scan=W Jass=B → W (no legal move from Jass-player, 120 plies)  Jass +0.0  [305s]

=== Jass vs Scan, movetime Nones, 270 games ===
  Jass=0  Scan=210  Draws=60
  Jass score rate: 0.111 (30.0 / 270)
  ELO estimate:    -361 (95% CI ≈ ±49)
