opening pool: 9 positions
jass setup:   pattern=/root/jass/jobs/results/cpx62-0353-drawish-confirm/artefacts.src/eval.pjtw  book=(default/none)
scan setup:   book=off  bb-size=0
  [Scan-player init] init eval
  [Scan-player] bb-size=0 (no bitbases — FAIR comparison)
  game   1: Jass=W Scan=B → W (no legal move from Scan-player, 86 plies)  Jass +1.0  [0s]
  game   2: Scan=W Jass=B → W (no legal move from Jass-player, 122 plies)  Jass +0.0  [1s]
  game   3: Jass=W Scan=B → W (no legal move from Scan-player, 86 plies)  Jass +1.0  [2s]
  game   4: Scan=W Jass=B → W (no legal move from Jass-player, 122 plies)  Jass +0.0  [2s]
  game   5: Jass=W Scan=B → W (no legal move from Scan-player, 86 plies)  Jass +1.0  [3s]
  game   6: Scan=W Jass=B → W (no legal move from Jass-player, 122 plies)  Jass +0.0  [3s]
  game   7: Jass=W Scan=B → W (no legal move from Scan-player, 86 plies)  Jass +1.0  [4s]
  game   8: Scan=W Jass=B → W (no legal move from Jass-player, 122 plies)  Jass +0.0  [5s]
  game   9: Jass=W Scan=B → W (no legal move from Scan-player, 86 plies)  Jass +1.0  [5s]
  game  10: Scan=W Jass=B → W (no legal move from Jass-player, 122 plies)  Jass +0.0  [6s]
  game  11: Jass=W Scan=B → W (no legal move from Scan-player, 86 plies)  Jass +1.0  [6s]
  game  12: Scan=W Jass=B → W (no legal move from Jass-player, 122 plies)  Jass +0.0  [7s]
  game  13: Jass=W Scan=B → W (no legal move from Scan-player, 86 plies)  Jass +1.0  [7s]
  game  14: Scan=W Jass=B → W (no legal move from Jass-player, 122 plies)  Jass +0.0  [8s]
  game  15: Jass=W Scan=B → W (no legal move from Scan-player, 86 plies)  Jass +1.0  [8s]
  game  16: Scan=W Jass=B → W (no legal move from Jass-player, 122 plies)  Jass +0.0  [9s]
  game  17: Jass=W Scan=B → W (no legal move from Scan-player, 86 plies)  Jass +1.0  [9s]
  game  18: Scan=W Jass=B → W (no legal move from Jass-player, 122 plies)  Jass +0.0  [10s]
  game  19: Jass=W Scan=B → W (no legal move from Scan-player, 86 plies)  Jass +1.0  [11s]
  game  20: Scan=W Jass=B → W (no legal move from Jass-player, 122 plies)  Jass +0.0  [11s]
  game  21: Jass=W Scan=B → W (no legal move from Scan-player, 86 plies)  Jass +1.0  [12s]
  game  22: Scan=W Jass=B → W (no legal move from Jass-player, 122 plies)  Jass +0.0  [12s]
  game  23: Jass=W Scan=B → W (no legal move from Scan-player, 86 plies)  Jass +1.0  [13s]
  game  24: Scan=W Jass=B → W (no legal move from Jass-player, 122 plies)  Jass +0.0  [14s]
  game  25: Jass=W Scan=B → W (no legal move from Scan-player, 86 plies)  Jass +1.0  [14s]
  game  26: Scan=W Jass=B → W (no legal move from Jass-player, 122 plies)  Jass +0.0  [15s]
  game  27: Jass=W Scan=B → W (no legal move from Scan-player, 86 plies)  Jass +1.0  [15s]
  game  28: Scan=W Jass=B → W (no legal move from Jass-player, 122 plies)  Jass +0.0  [16s]
  game  29: Jass=W Scan=B → W (no legal move from Scan-player, 86 plies)  Jass +1.0  [16s]
  game  30: Scan=W Jass=B → W (no legal move from Jass-player, 122 plies)  Jass +0.0  [17s]
  game  31: Jass=W Scan=B → L (no legal move from Jass-player, 151 plies)  Jass +0.0  [22s]
  game  32: Scan=W Jass=B → W (no legal move from Jass-player, 112 plies)  Jass +0.0  [22s]
  game  33: Jass=W Scan=B → L (no legal move from Jass-player, 151 plies)  Jass +0.0  [23s]
  game  34: Scan=W Jass=B → W (no legal move from Jass-player, 112 plies)  Jass +0.0  [24s]
  game  35: Jass=W Scan=B → L (no legal move from Jass-player, 151 plies)  Jass +0.0  [24s]
  game  36: Scan=W Jass=B → W (no legal move from Jass-player, 112 plies)  Jass +0.0  [25s]
  game  37: Jass=W Scan=B → L (no legal move from Jass-player, 151 plies)  Jass +0.0  [26s]
  game  38: Scan=W Jass=B → W (no legal move from Jass-player, 112 plies)  Jass +0.0  [27s]
  game  39: Jass=W Scan=B → L (no legal move from Jass-player, 151 plies)  Jass +0.0  [27s]
  game  40: Scan=W Jass=B → W (no legal move from Jass-player, 112 plies)  Jass +0.0  [28s]
  game  41: Jass=W Scan=B → L (no legal move from Jass-player, 151 plies)  Jass +0.0  [29s]
  game  42: Scan=W Jass=B → W (no legal move from Jass-player, 112 plies)  Jass +0.0  [30s]
  game  43: Jass=W Scan=B → L (no legal move from Jass-player, 151 plies)  Jass +0.0  [31s]
  game  44: Scan=W Jass=B → W (no legal move from Jass-player, 112 plies)  Jass +0.0  [31s]
  game  45: Jass=W Scan=B → L (no legal move from Jass-player, 151 plies)  Jass +0.0  [32s]
  game  46: Scan=W Jass=B → W (no legal move from Jass-player, 112 plies)  Jass +0.0  [33s]
  game  47: Jass=W Scan=B → L (no legal move from Jass-player, 151 plies)  Jass +0.0  [34s]
  game  48: Scan=W Jass=B → W (no legal move from Jass-player, 112 plies)  Jass +0.0  [35s]
  game  49: Jass=W Scan=B → L (no legal move from Jass-player, 151 plies)  Jass +0.0  [35s]
  game  50: Scan=W Jass=B → W (no legal move from Jass-player, 112 plies)  Jass +0.0  [36s]
  game  51: Jass=W Scan=B → L (no legal move from Jass-player, 151 plies)  Jass +0.0  [37s]
  game  52: Scan=W Jass=B → W (no legal move from Jass-player, 112 plies)  Jass +0.0  [38s]
  game  53: Jass=W Scan=B → L (no legal move from Jass-player, 151 plies)  Jass +0.0  [39s]
  game  54: Scan=W Jass=B → W (no legal move from Jass-player, 112 plies)  Jass +0.0  [39s]
  game  55: Jass=W Scan=B → L (no legal move from Jass-player, 151 plies)  Jass +0.0  [40s]
  game  56: Scan=W Jass=B → W (no legal move from Jass-player, 112 plies)  Jass +0.0  [41s]
  game  57: Jass=W Scan=B → L (no legal move from Jass-player, 151 plies)  Jass +0.0  [42s]
  game  58: Scan=W Jass=B → W (no legal move from Jass-player, 112 plies)  Jass +0.0  [42s]
  game  59: Jass=W Scan=B → L (no legal move from Jass-player, 151 plies)  Jass +0.0  [43s]
  game  60: Scan=W Jass=B → W (no legal move from Jass-player, 112 plies)  Jass +0.0  [44s]
  game  61: Jass=W Scan=B → L (no legal move from Jass-player, 123 plies)  Jass +0.0  [44s]
  game  62: Scan=W Jass=B → W (no legal move from Jass-player, 112 plies)  Jass +0.0  [45s]
  game  63: Jass=W Scan=B → L (no legal move from Jass-player, 123 plies)  Jass +0.0  [45s]
  game  64: Scan=W Jass=B → W (no legal move from Jass-player, 112 plies)  Jass +0.0  [46s]
  game  65: Jass=W Scan=B → L (no legal move from Jass-player, 123 plies)  Jass +0.0  [47s]
  game  66: Scan=W Jass=B → W (no legal move from Jass-player, 112 plies)  Jass +0.0  [47s]
  game  67: Jass=W Scan=B → L (no legal move from Jass-player, 123 plies)  Jass +0.0  [48s]
  game  68: Scan=W Jass=B → W (no legal move from Jass-player, 112 plies)  Jass +0.0  [49s]
  game  69: Jass=W Scan=B → L (no legal move from Jass-player, 123 plies)  Jass +0.0  [49s]
  game  70: Scan=W Jass=B → W (no legal move from Jass-player, 112 plies)  Jass +0.0  [50s]
  game  71: Jass=W Scan=B → L (no legal move from Jass-player, 123 plies)  Jass +0.0  [50s]
  game  72: Scan=W Jass=B → W (no legal move from Jass-player, 112 plies)  Jass +0.0  [51s]
  game  73: Jass=W Scan=B → L (no legal move from Jass-player, 123 plies)  Jass +0.0  [51s]
  game  74: Scan=W Jass=B → W (no legal move from Jass-player, 112 plies)  Jass +0.0  [52s]
  game  75: Jass=W Scan=B → L (no legal move from Jass-player, 123 plies)  Jass +0.0  [53s]
  game  76: Scan=W Jass=B → W (no legal move from Jass-player, 112 plies)  Jass +0.0  [53s]
  game  77: Jass=W Scan=B → L (no legal move from Jass-player, 123 plies)  Jass +0.0  [54s]
  game  78: Scan=W Jass=B → W (no legal move from Jass-player, 112 plies)  Jass +0.0  [55s]
  game  79: Jass=W Scan=B → L (no legal move from Jass-player, 123 plies)  Jass +0.0  [55s]
  game  80: Scan=W Jass=B → W (no legal move from Jass-player, 112 plies)  Jass +0.0  [56s]
  game  81: Jass=W Scan=B → L (no legal move from Jass-player, 123 plies)  Jass +0.0  [57s]
  game  82: Scan=W Jass=B → W (no legal move from Jass-player, 112 plies)  Jass +0.0  [57s]
  game  83: Jass=W Scan=B → L (no legal move from Jass-player, 123 plies)  Jass +0.0  [58s]
  game  84: Scan=W Jass=B → W (no legal move from Jass-player, 112 plies)  Jass +0.0  [58s]
  game  85: Jass=W Scan=B → L (no legal move from Jass-player, 123 plies)  Jass +0.0  [59s]
  game  86: Scan=W Jass=B → W (no legal move from Jass-player, 112 plies)  Jass +0.0  [60s]
  game  87: Jass=W Scan=B → L (no legal move from Jass-player, 123 plies)  Jass +0.0  [60s]
  game  88: Scan=W Jass=B → W (no legal move from Jass-player, 112 plies)  Jass +0.0  [61s]
  game  89: Jass=W Scan=B → L (no legal move from Jass-player, 123 plies)  Jass +0.0  [62s]
  game  90: Scan=W Jass=B → W (no legal move from Jass-player, 112 plies)  Jass +0.0  [62s]
  game  91: Jass=W Scan=B → L (no legal move from Jass-player, 91 plies)  Jass +0.0  [63s]
  game  92: Scan=W Jass=B → W (no legal move from Jass-player, 114 plies)  Jass +0.0  [64s]
  game  93: Jass=W Scan=B → L (no legal move from Jass-player, 91 plies)  Jass +0.0  [64s]
  game  94: Scan=W Jass=B → W (no legal move from Jass-player, 114 plies)  Jass +0.0  [65s]
  game  95: Jass=W Scan=B → L (no legal move from Jass-player, 91 plies)  Jass +0.0  [65s]
  game  96: Scan=W Jass=B → W (no legal move from Jass-player, 114 plies)  Jass +0.0  [66s]
  game  97: Jass=W Scan=B → L (no legal move from Jass-player, 91 plies)  Jass +0.0  [66s]
  game  98: Scan=W Jass=B → W (no legal move from Jass-player, 114 plies)  Jass +0.0  [66s]
  game  99: Jass=W Scan=B → L (no legal move from Jass-player, 91 plies)  Jass +0.0  [67s]
  game 100: Scan=W Jass=B → W (no legal move from Jass-player, 114 plies)  Jass +0.0  [68s]
  game 101: Jass=W Scan=B → L (no legal move from Jass-player, 91 plies)  Jass +0.0  [68s]
  game 102: Scan=W Jass=B → W (no legal move from Jass-player, 114 plies)  Jass +0.0  [68s]
  game 103: Jass=W Scan=B → L (no legal move from Jass-player, 91 plies)  Jass +0.0  [69s]
  game 104: Scan=W Jass=B → W (no legal move from Jass-player, 114 plies)  Jass +0.0  [69s]
  game 105: Jass=W Scan=B → L (no legal move from Jass-player, 91 plies)  Jass +0.0  [70s]
  game 106: Scan=W Jass=B → W (no legal move from Jass-player, 114 plies)  Jass +0.0  [70s]
  game 107: Jass=W Scan=B → L (no legal move from Jass-player, 91 plies)  Jass +0.0  [71s]
  game 108: Scan=W Jass=B → W (no legal move from Jass-player, 114 plies)  Jass +0.0  [71s]
  game 109: Jass=W Scan=B → L (no legal move from Jass-player, 91 plies)  Jass +0.0  [72s]
  game 110: Scan=W Jass=B → W (no legal move from Jass-player, 114 plies)  Jass +0.0  [72s]
  game 111: Jass=W Scan=B → L (no legal move from Jass-player, 91 plies)  Jass +0.0  [73s]
  game 112: Scan=W Jass=B → W (no legal move from Jass-player, 114 plies)  Jass +0.0  [73s]
  game 113: Jass=W Scan=B → L (no legal move from Jass-player, 91 plies)  Jass +0.0  [74s]
  game 114: Scan=W Jass=B → W (no legal move from Jass-player, 114 plies)  Jass +0.0  [74s]
  game 115: Jass=W Scan=B → L (no legal move from Jass-player, 91 plies)  Jass +0.0  [75s]
  game 116: Scan=W Jass=B → W (no legal move from Jass-player, 114 plies)  Jass +0.0  [75s]
  game 117: Jass=W Scan=B → L (no legal move from Jass-player, 91 plies)  Jass +0.0  [76s]
  game 118: Scan=W Jass=B → W (no legal move from Jass-player, 114 plies)  Jass +0.0  [76s]
  game 119: Jass=W Scan=B → L (no legal move from Jass-player, 91 plies)  Jass +0.0  [77s]
  game 120: Scan=W Jass=B → W (no legal move from Jass-player, 114 plies)  Jass +0.0  [77s]
  game 121: Jass=W Scan=B → L (no legal move from Jass-player, 103 plies)  Jass +0.0  [78s]
  game 122: Scan=W Jass=B → W (no legal move from Jass-player, 114 plies)  Jass +0.0  [78s]
  game 123: Jass=W Scan=B → L (no legal move from Jass-player, 103 plies)  Jass +0.0  [78s]
  game 124: Scan=W Jass=B → W (no legal move from Jass-player, 114 plies)  Jass +0.0  [79s]
  game 125: Jass=W Scan=B → L (no legal move from Jass-player, 103 plies)  Jass +0.0  [79s]
  game 126: Scan=W Jass=B → W (no legal move from Jass-player, 114 plies)  Jass +0.0  [80s]
  game 127: Jass=W Scan=B → L (no legal move from Jass-player, 103 plies)  Jass +0.0  [81s]
  game 128: Scan=W Jass=B → W (no legal move from Jass-player, 114 plies)  Jass +0.0  [81s]
  game 129: Jass=W Scan=B → L (no legal move from Jass-player, 103 plies)  Jass +0.0  [81s]
  game 130: Scan=W Jass=B → W (no legal move from Jass-player, 114 plies)  Jass +0.0  [82s]
  game 131: Jass=W Scan=B → L (no legal move from Jass-player, 103 plies)  Jass +0.0  [82s]
  game 132: Scan=W Jass=B → W (no legal move from Jass-player, 114 plies)  Jass +0.0  [83s]
  game 133: Jass=W Scan=B → L (no legal move from Jass-player, 103 plies)  Jass +0.0  [83s]
  game 134: Scan=W Jass=B → W (no legal move from Jass-player, 114 plies)  Jass +0.0  [84s]
  game 135: Jass=W Scan=B → L (no legal move from Jass-player, 103 plies)  Jass +0.0  [84s]
  game 136: Scan=W Jass=B → W (no legal move from Jass-player, 114 plies)  Jass +0.0  [85s]
  game 137: Jass=W Scan=B → L (no legal move from Jass-player, 103 plies)  Jass +0.0  [86s]
  game 138: Scan=W Jass=B → W (no legal move from Jass-player, 114 plies)  Jass +0.0  [86s]
  game 139: Jass=W Scan=B → L (no legal move from Jass-player, 103 plies)  Jass +0.0  [87s]
  game 140: Scan=W Jass=B → W (no legal move from Jass-player, 114 plies)  Jass +0.0  [87s]
  game 141: Jass=W Scan=B → L (no legal move from Jass-player, 103 plies)  Jass +0.0  [88s]
  game 142: Scan=W Jass=B → W (no legal move from Jass-player, 114 plies)  Jass +0.0  [88s]
  game 143: Jass=W Scan=B → L (no legal move from Jass-player, 103 plies)  Jass +0.0  [89s]
  game 144: Scan=W Jass=B → W (no legal move from Jass-player, 114 plies)  Jass +0.0  [89s]
  game 145: Jass=W Scan=B → L (no legal move from Jass-player, 103 plies)  Jass +0.0  [90s]
  game 146: Scan=W Jass=B → W (no legal move from Jass-player, 114 plies)  Jass +0.0  [90s]
  game 147: Jass=W Scan=B → L (no legal move from Jass-player, 103 plies)  Jass +0.0  [91s]
  game 148: Scan=W Jass=B → W (no legal move from Jass-player, 114 plies)  Jass +0.0  [91s]
  game 149: Jass=W Scan=B → L (no legal move from Jass-player, 103 plies)  Jass +0.0  [92s]
  game 150: Scan=W Jass=B → W (no legal move from Jass-player, 114 plies)  Jass +0.0  [92s]
  game 151: Jass=W Scan=B → D (ply cap, 160 plies)  Jass +0.5  [93s]
  game 152: Scan=W Jass=B → W (no legal move from Jass-player, 120 plies)  Jass +0.0  [93s]
  game 153: Jass=W Scan=B → D (ply cap, 160 plies)  Jass +0.5  [94s]
  game 154: Scan=W Jass=B → W (no legal move from Jass-player, 120 plies)  Jass +0.0  [95s]
  game 155: Jass=W Scan=B → D (ply cap, 160 plies)  Jass +0.5  [96s]
  game 156: Scan=W Jass=B → W (no legal move from Jass-player, 120 plies)  Jass +0.0  [96s]
  game 157: Jass=W Scan=B → D (ply cap, 160 plies)  Jass +0.5  [97s]
  game 158: Scan=W Jass=B → W (no legal move from Jass-player, 120 plies)  Jass +0.0  [98s]
  game 159: Jass=W Scan=B → D (ply cap, 160 plies)  Jass +0.5  [99s]
  game 160: Scan=W Jass=B → W (no legal move from Jass-player, 120 plies)  Jass +0.0  [99s]
  game 161: Jass=W Scan=B → D (ply cap, 160 plies)  Jass +0.5  [100s]
  game 162: Scan=W Jass=B → W (no legal move from Jass-player, 120 plies)  Jass +0.0  [101s]
  game 163: Jass=W Scan=B → D (ply cap, 160 plies)  Jass +0.5  [102s]
  game 164: Scan=W Jass=B → W (no legal move from Jass-player, 120 plies)  Jass +0.0  [102s]
  game 165: Jass=W Scan=B → D (ply cap, 160 plies)  Jass +0.5  [103s]
  game 166: Scan=W Jass=B → W (no legal move from Jass-player, 120 plies)  Jass +0.0  [104s]
  game 167: Jass=W Scan=B → D (ply cap, 160 plies)  Jass +0.5  [105s]
  game 168: Scan=W Jass=B → W (no legal move from Jass-player, 120 plies)  Jass +0.0  [105s]
  game 169: Jass=W Scan=B → D (ply cap, 160 plies)  Jass +0.5  [106s]
  game 170: Scan=W Jass=B → W (no legal move from Jass-player, 120 plies)  Jass +0.0  [107s]
  game 171: Jass=W Scan=B → D (ply cap, 160 plies)  Jass +0.5  [108s]
  game 172: Scan=W Jass=B → W (no legal move from Jass-player, 120 plies)  Jass +0.0  [108s]
  game 173: Jass=W Scan=B → D (ply cap, 160 plies)  Jass +0.5  [109s]
  game 174: Scan=W Jass=B → W (no legal move from Jass-player, 120 plies)  Jass +0.0  [110s]
  game 175: Jass=W Scan=B → D (ply cap, 160 plies)  Jass +0.5  [111s]
  game 176: Scan=W Jass=B → W (no legal move from Jass-player, 120 plies)  Jass +0.0  [111s]
  game 177: Jass=W Scan=B → D (ply cap, 160 plies)  Jass +0.5  [112s]
  game 178: Scan=W Jass=B → W (no legal move from Jass-player, 120 plies)  Jass +0.0  [112s]
  game 179: Jass=W Scan=B → D (ply cap, 160 plies)  Jass +0.5  [113s]
  game 180: Scan=W Jass=B → W (no legal move from Jass-player, 120 plies)  Jass +0.0  [114s]
  game 181: Jass=W Scan=B → L (no legal move from Jass-player, 131 plies)  Jass +0.0  [115s]
  game 182: Scan=W Jass=B → W (no legal move from Jass-player, 142 plies)  Jass +0.0  [115s]
  game 183: Jass=W Scan=B → L (no legal move from Jass-player, 131 plies)  Jass +0.0  [116s]
  game 184: Scan=W Jass=B → W (no legal move from Jass-player, 142 plies)  Jass +0.0  [117s]
  game 185: Jass=W Scan=B → L (no legal move from Jass-player, 131 plies)  Jass +0.0  [117s]
  game 186: Scan=W Jass=B → W (no legal move from Jass-player, 142 plies)  Jass +0.0  [118s]
  game 187: Jass=W Scan=B → L (no legal move from Jass-player, 131 plies)  Jass +0.0  [119s]
  game 188: Scan=W Jass=B → W (no legal move from Jass-player, 142 plies)  Jass +0.0  [119s]
  game 189: Jass=W Scan=B → L (no legal move from Jass-player, 131 plies)  Jass +0.0  [120s]
  game 190: Scan=W Jass=B → W (no legal move from Jass-player, 142 plies)  Jass +0.0  [121s]
  game 191: Jass=W Scan=B → L (no legal move from Jass-player, 131 plies)  Jass +0.0  [121s]
  game 192: Scan=W Jass=B → W (no legal move from Jass-player, 142 plies)  Jass +0.0  [122s]
  game 193: Jass=W Scan=B → L (no legal move from Jass-player, 131 plies)  Jass +0.0  [123s]
  game 194: Scan=W Jass=B → W (no legal move from Jass-player, 142 plies)  Jass +0.0  [124s]
  game 195: Jass=W Scan=B → L (no legal move from Jass-player, 131 plies)  Jass +0.0  [124s]
  game 196: Scan=W Jass=B → W (no legal move from Jass-player, 142 plies)  Jass +0.0  [125s]
  game 197: Jass=W Scan=B → L (no legal move from Jass-player, 131 plies)  Jass +0.0  [126s]
  game 198: Scan=W Jass=B → W (no legal move from Jass-player, 142 plies)  Jass +0.0  [127s]
  game 199: Jass=W Scan=B → L (no legal move from Jass-player, 131 plies)  Jass +0.0  [127s]
  game 200: Scan=W Jass=B → W (no legal move from Jass-player, 142 plies)  Jass +0.0  [128s]
  game 201: Jass=W Scan=B → L (no legal move from Jass-player, 131 plies)  Jass +0.0  [129s]
  game 202: Scan=W Jass=B → W (no legal move from Jass-player, 142 plies)  Jass +0.0  [130s]
  game 203: Jass=W Scan=B → L (no legal move from Jass-player, 131 plies)  Jass +0.0  [130s]
  game 204: Scan=W Jass=B → W (no legal move from Jass-player, 142 plies)  Jass +0.0  [131s]
  game 205: Jass=W Scan=B → L (no legal move from Jass-player, 131 plies)  Jass +0.0  [132s]
  game 206: Scan=W Jass=B → W (no legal move from Jass-player, 142 plies)  Jass +0.0  [132s]
  game 207: Jass=W Scan=B → L (no legal move from Jass-player, 131 plies)  Jass +0.0  [133s]
  game 208: Scan=W Jass=B → W (no legal move from Jass-player, 142 plies)  Jass +0.0  [134s]
  game 209: Jass=W Scan=B → L (no legal move from Jass-player, 131 plies)  Jass +0.0  [135s]
  game 210: Scan=W Jass=B → W (no legal move from Jass-player, 142 plies)  Jass +0.0  [135s]
  game 211: Jass=W Scan=B → L (no legal move from Jass-player, 121 plies)  Jass +0.0  [136s]
  game 212: Scan=W Jass=B → W (no legal move from Jass-player, 118 plies)  Jass +0.0  [137s]
  game 213: Jass=W Scan=B → L (no legal move from Jass-player, 121 plies)  Jass +0.0  [137s]
  game 214: Scan=W Jass=B → W (no legal move from Jass-player, 118 plies)  Jass +0.0  [138s]
  game 215: Jass=W Scan=B → L (no legal move from Jass-player, 121 plies)  Jass +0.0  [138s]
  game 216: Scan=W Jass=B → W (no legal move from Jass-player, 118 plies)  Jass +0.0  [139s]
  game 217: Jass=W Scan=B → L (no legal move from Jass-player, 121 plies)  Jass +0.0  [139s]
  game 218: Scan=W Jass=B → W (no legal move from Jass-player, 118 plies)  Jass +0.0  [140s]
  game 219: Jass=W Scan=B → L (no legal move from Jass-player, 121 plies)  Jass +0.0  [140s]
  game 220: Scan=W Jass=B → W (no legal move from Jass-player, 118 plies)  Jass +0.0  [141s]
  game 221: Jass=W Scan=B → L (no legal move from Jass-player, 121 plies)  Jass +0.0  [141s]
  game 222: Scan=W Jass=B → W (no legal move from Jass-player, 118 plies)  Jass +0.0  [142s]
  game 223: Jass=W Scan=B → L (no legal move from Jass-player, 121 plies)  Jass +0.0  [143s]
  game 224: Scan=W Jass=B → W (no legal move from Jass-player, 118 plies)  Jass +0.0  [143s]
  game 225: Jass=W Scan=B → L (no legal move from Jass-player, 121 plies)  Jass +0.0  [144s]
  game 226: Scan=W Jass=B → W (no legal move from Jass-player, 118 plies)  Jass +0.0  [144s]
  game 227: Jass=W Scan=B → L (no legal move from Jass-player, 121 plies)  Jass +0.0  [145s]
  game 228: Scan=W Jass=B → W (no legal move from Jass-player, 118 plies)  Jass +0.0  [145s]
  game 229: Jass=W Scan=B → L (no legal move from Jass-player, 121 plies)  Jass +0.0  [146s]
  game 230: Scan=W Jass=B → W (no legal move from Jass-player, 118 plies)  Jass +0.0  [147s]
  game 231: Jass=W Scan=B → L (no legal move from Jass-player, 121 plies)  Jass +0.0  [147s]
  game 232: Scan=W Jass=B → W (no legal move from Jass-player, 118 plies)  Jass +0.0  [148s]
  game 233: Jass=W Scan=B → L (no legal move from Jass-player, 121 plies)  Jass +0.0  [148s]
  game 234: Scan=W Jass=B → W (no legal move from Jass-player, 118 plies)  Jass +0.0  [149s]
  game 235: Jass=W Scan=B → L (no legal move from Jass-player, 121 plies)  Jass +0.0  [149s]
  game 236: Scan=W Jass=B → W (no legal move from Jass-player, 118 plies)  Jass +0.0  [150s]
  game 237: Jass=W Scan=B → L (no legal move from Jass-player, 121 plies)  Jass +0.0  [151s]
  game 238: Scan=W Jass=B → W (no legal move from Jass-player, 118 plies)  Jass +0.0  [151s]
  game 239: Jass=W Scan=B → L (no legal move from Jass-player, 121 plies)  Jass +0.0  [152s]
  game 240: Scan=W Jass=B → W (no legal move from Jass-player, 118 plies)  Jass +0.0  [152s]
  game 241: Jass=W Scan=B → L (no legal move from Jass-player, 115 plies)  Jass +0.0  [153s]
  game 242: Scan=W Jass=B → W (no legal move from Jass-player, 144 plies)  Jass +0.0  [154s]
  game 243: Jass=W Scan=B → L (no legal move from Jass-player, 115 plies)  Jass +0.0  [154s]
  game 244: Scan=W Jass=B → W (no legal move from Jass-player, 144 plies)  Jass +0.0  [155s]
  game 245: Jass=W Scan=B → L (no legal move from Jass-player, 115 plies)  Jass +0.0  [156s]
  game 246: Scan=W Jass=B → W (no legal move from Jass-player, 144 plies)  Jass +0.0  [157s]
  game 247: Jass=W Scan=B → L (no legal move from Jass-player, 115 plies)  Jass +0.0  [157s]
  game 248: Scan=W Jass=B → W (no legal move from Jass-player, 144 plies)  Jass +0.0  [158s]
  game 249: Jass=W Scan=B → L (no legal move from Jass-player, 115 plies)  Jass +0.0  [158s]
  game 250: Scan=W Jass=B → W (no legal move from Jass-player, 144 plies)  Jass +0.0  [159s]
  game 251: Jass=W Scan=B → L (no legal move from Jass-player, 115 plies)  Jass +0.0  [160s]
  game 252: Scan=W Jass=B → W (no legal move from Jass-player, 144 plies)  Jass +0.0  [161s]
  game 253: Jass=W Scan=B → L (no legal move from Jass-player, 115 plies)  Jass +0.0  [161s]
  game 254: Scan=W Jass=B → W (no legal move from Jass-player, 144 plies)  Jass +0.0  [162s]
  game 255: Jass=W Scan=B → L (no legal move from Jass-player, 115 plies)  Jass +0.0  [163s]
  game 256: Scan=W Jass=B → W (no legal move from Jass-player, 144 plies)  Jass +0.0  [163s]
  game 257: Jass=W Scan=B → L (no legal move from Jass-player, 115 plies)  Jass +0.0  [164s]
  game 258: Scan=W Jass=B → W (no legal move from Jass-player, 144 plies)  Jass +0.0  [165s]
  game 259: Jass=W Scan=B → L (no legal move from Jass-player, 115 plies)  Jass +0.0  [165s]
  game 260: Scan=W Jass=B → W (no legal move from Jass-player, 144 plies)  Jass +0.0  [166s]
  game 261: Jass=W Scan=B → L (no legal move from Jass-player, 115 plies)  Jass +0.0  [166s]
  game 262: Scan=W Jass=B → W (no legal move from Jass-player, 144 plies)  Jass +0.0  [167s]
  game 263: Jass=W Scan=B → L (no legal move from Jass-player, 115 plies)  Jass +0.0  [168s]
  game 264: Scan=W Jass=B → W (no legal move from Jass-player, 144 plies)  Jass +0.0  [169s]
  game 265: Jass=W Scan=B → L (no legal move from Jass-player, 115 plies)  Jass +0.0  [169s]
  game 266: Scan=W Jass=B → W (no legal move from Jass-player, 144 plies)  Jass +0.0  [170s]
  game 267: Jass=W Scan=B → L (no legal move from Jass-player, 115 plies)  Jass +0.0  [170s]
  game 268: Scan=W Jass=B → W (no legal move from Jass-player, 144 plies)  Jass +0.0  [171s]
  game 269: Jass=W Scan=B → L (no legal move from Jass-player, 115 plies)  Jass +0.0  [172s]
  game 270: Scan=W Jass=B → W (no legal move from Jass-player, 144 plies)  Jass +0.0  [173s]

=== Jass vs Scan, movetime Nones, 270 games ===
  Jass=15  Scan=240  Draws=15
  Jass score rate: 0.083 (22.5 / 270)
  ELO estimate:    -417 (95% CI ≈ ±49)
