opening pool: 9 positions
jass setup:   nnue=/root/jass/jobs/results/0090-small-arch-sweep-movetime/artefacts.src/arch-128-64/nnue-128-64-q.bin  book=(default/none)
scan setup:   book=off  bb-size=0
  [Scan-player init] init eval
  [Scan-player] bb-size=0 (no bitbases — FAIR comparison)
  game   1: Jass=W Scan=B → L (no legal move from Jass-player, 87 plies)  Jass +0.0  [0s]
  game   2: Scan=W Jass=B → W (no legal move from Jass-player, 114 plies)  Jass +0.0  [1s]
  game   3: Jass=W Scan=B → L (no legal move from Jass-player, 87 plies)  Jass +0.0  [1s]
  game   4: Scan=W Jass=B → W (no legal move from Jass-player, 114 plies)  Jass +0.0  [1s]
  game   5: Jass=W Scan=B → L (no legal move from Jass-player, 87 plies)  Jass +0.0  [2s]
  game   6: Scan=W Jass=B → W (no legal move from Jass-player, 114 plies)  Jass +0.0  [2s]
  game   7: Jass=W Scan=B → L (no legal move from Jass-player, 87 plies)  Jass +0.0  [2s]
  game   8: Scan=W Jass=B → W (no legal move from Jass-player, 114 plies)  Jass +0.0  [3s]
  game   9: Jass=W Scan=B → L (no legal move from Jass-player, 87 plies)  Jass +0.0  [3s]
  game  10: Scan=W Jass=B → W (no legal move from Jass-player, 114 plies)  Jass +0.0  [3s]
  game  11: Jass=W Scan=B → L (no legal move from Jass-player, 87 plies)  Jass +0.0  [3s]
  game  12: Scan=W Jass=B → W (no legal move from Jass-player, 114 plies)  Jass +0.0  [3s]
  game  13: Jass=W Scan=B → L (no legal move from Jass-player, 87 plies)  Jass +0.0  [4s]
  game  14: Scan=W Jass=B → W (no legal move from Jass-player, 114 plies)  Jass +0.0  [4s]
  game  15: Jass=W Scan=B → L (no legal move from Jass-player, 87 plies)  Jass +0.0  [4s]
  game  16: Scan=W Jass=B → W (no legal move from Jass-player, 114 plies)  Jass +0.0  [4s]
  game  17: Jass=W Scan=B → L (no legal move from Jass-player, 101 plies)  Jass +0.0  [5s]
  game  18: Scan=W Jass=B → W (no legal move from Jass-player, 132 plies)  Jass +0.0  [5s]
  game  19: Jass=W Scan=B → L (no legal move from Jass-player, 101 plies)  Jass +0.0  [5s]
  game  20: Scan=W Jass=B → W (no legal move from Jass-player, 132 plies)  Jass +0.0  [5s]
  game  21: Jass=W Scan=B → L (no legal move from Jass-player, 101 plies)  Jass +0.0  [6s]
  game  22: Scan=W Jass=B → W (no legal move from Jass-player, 132 plies)  Jass +0.0  [6s]
  game  23: Jass=W Scan=B → L (no legal move from Jass-player, 101 plies)  Jass +0.0  [6s]
  game  24: Scan=W Jass=B → W (no legal move from Jass-player, 132 plies)  Jass +0.0  [7s]
  game  25: Jass=W Scan=B → L (no legal move from Jass-player, 101 plies)  Jass +0.0  [7s]
  game  26: Scan=W Jass=B → W (no legal move from Jass-player, 132 plies)  Jass +0.0  [7s]
  game  27: Jass=W Scan=B → L (no legal move from Jass-player, 101 plies)  Jass +0.0  [7s]
  game  28: Scan=W Jass=B → W (no legal move from Jass-player, 132 plies)  Jass +0.0  [8s]
  game  29: Jass=W Scan=B → L (no legal move from Jass-player, 101 plies)  Jass +0.0  [8s]
  game  30: Scan=W Jass=B → W (no legal move from Jass-player, 132 plies)  Jass +0.0  [8s]
  game  31: Jass=W Scan=B → L (no legal move from Jass-player, 101 plies)  Jass +0.0  [9s]
  game  32: Scan=W Jass=B → W (no legal move from Jass-player, 132 plies)  Jass +0.0  [9s]
  game  33: Jass=W Scan=B → L (no legal move from Jass-player, 99 plies)  Jass +0.0  [10s]
  game  34: Scan=W Jass=B → W (no legal move from Jass-player, 132 plies)  Jass +0.0  [10s]
  game  35: Jass=W Scan=B → L (no legal move from Jass-player, 99 plies)  Jass +0.0  [10s]
  game  36: Scan=W Jass=B → W (no legal move from Jass-player, 132 plies)  Jass +0.0  [11s]
  game  37: Jass=W Scan=B → L (no legal move from Jass-player, 99 plies)  Jass +0.0  [11s]
  game  38: Scan=W Jass=B → W (no legal move from Jass-player, 132 plies)  Jass +0.0  [11s]
  game  39: Jass=W Scan=B → L (no legal move from Jass-player, 99 plies)  Jass +0.0  [12s]
  game  40: Scan=W Jass=B → W (no legal move from Jass-player, 132 plies)  Jass +0.0  [12s]
  game  41: Jass=W Scan=B → L (no legal move from Jass-player, 99 plies)  Jass +0.0  [12s]
  game  42: Scan=W Jass=B → W (no legal move from Jass-player, 132 plies)  Jass +0.0  [13s]
  game  43: Jass=W Scan=B → L (no legal move from Jass-player, 99 plies)  Jass +0.0  [13s]
  game  44: Scan=W Jass=B → W (no legal move from Jass-player, 132 plies)  Jass +0.0  [13s]
  game  45: Jass=W Scan=B → L (no legal move from Jass-player, 99 plies)  Jass +0.0  [13s]
  game  46: Scan=W Jass=B → W (no legal move from Jass-player, 132 plies)  Jass +0.0  [14s]
  game  47: Jass=W Scan=B → L (no legal move from Jass-player, 99 plies)  Jass +0.0  [14s]
  game  48: Scan=W Jass=B → W (no legal move from Jass-player, 132 plies)  Jass +0.0  [14s]
  game  49: Jass=W Scan=B → L (no legal move from Jass-player, 113 plies)  Jass +0.0  [15s]
  game  50: Scan=W Jass=B → W (no legal move from Jass-player, 122 plies)  Jass +0.0  [15s]
  game  51: Jass=W Scan=B → L (no legal move from Jass-player, 113 plies)  Jass +0.0  [16s]
  game  52: Scan=W Jass=B → W (no legal move from Jass-player, 122 plies)  Jass +0.0  [16s]
  game  53: Jass=W Scan=B → L (no legal move from Jass-player, 113 plies)  Jass +0.0  [16s]
  game  54: Scan=W Jass=B → W (no legal move from Jass-player, 122 plies)  Jass +0.0  [17s]
  game  55: Jass=W Scan=B → L (no legal move from Jass-player, 113 plies)  Jass +0.0  [17s]
  game  56: Scan=W Jass=B → W (no legal move from Jass-player, 122 plies)  Jass +0.0  [17s]
  game  57: Jass=W Scan=B → L (no legal move from Jass-player, 113 plies)  Jass +0.0  [18s]
  game  58: Scan=W Jass=B → W (no legal move from Jass-player, 122 plies)  Jass +0.0  [18s]
  game  59: Jass=W Scan=B → L (no legal move from Jass-player, 113 plies)  Jass +0.0  [19s]
  game  60: Scan=W Jass=B → W (no legal move from Jass-player, 122 plies)  Jass +0.0  [19s]
  game  61: Jass=W Scan=B → L (no legal move from Jass-player, 113 plies)  Jass +0.0  [19s]
  game  62: Scan=W Jass=B → W (no legal move from Jass-player, 122 plies)  Jass +0.0  [20s]
  game  63: Jass=W Scan=B → L (no legal move from Jass-player, 113 plies)  Jass +0.0  [20s]
  game  64: Scan=W Jass=B → W (no legal move from Jass-player, 122 plies)  Jass +0.0  [21s]
  game  65: Jass=W Scan=B → L (no legal move from Jass-player, 117 plies)  Jass +0.0  [21s]
  game  66: Scan=W Jass=B → W (no legal move from Jass-player, 142 plies)  Jass +0.0  [21s]
  game  67: Jass=W Scan=B → L (no legal move from Jass-player, 117 plies)  Jass +0.0  [22s]
  game  68: Scan=W Jass=B → W (no legal move from Jass-player, 142 plies)  Jass +0.0  [22s]
  game  69: Jass=W Scan=B → L (no legal move from Jass-player, 117 plies)  Jass +0.0  [23s]
  game  70: Scan=W Jass=B → W (no legal move from Jass-player, 142 plies)  Jass +0.0  [23s]
  game  71: Jass=W Scan=B → L (no legal move from Jass-player, 117 plies)  Jass +0.0  [24s]
  game  72: Scan=W Jass=B → W (no legal move from Jass-player, 142 plies)  Jass +0.0  [24s]
  game  73: Jass=W Scan=B → L (no legal move from Jass-player, 117 plies)  Jass +0.0  [24s]
  game  74: Scan=W Jass=B → W (no legal move from Jass-player, 142 plies)  Jass +0.0  [25s]
  game  75: Jass=W Scan=B → L (no legal move from Jass-player, 117 plies)  Jass +0.0  [25s]
  game  76: Scan=W Jass=B → W (no legal move from Jass-player, 142 plies)  Jass +0.0  [26s]
  game  77: Jass=W Scan=B → L (no legal move from Jass-player, 117 plies)  Jass +0.0  [26s]
  game  78: Scan=W Jass=B → W (no legal move from Jass-player, 142 plies)  Jass +0.0  [26s]
  game  79: Jass=W Scan=B → L (no legal move from Jass-player, 117 plies)  Jass +0.0  [27s]
  game  80: Scan=W Jass=B → W (no legal move from Jass-player, 142 plies)  Jass +0.0  [27s]
  game  81: Jass=W Scan=B → L (no legal move from Jass-player, 183 plies)  Jass +0.0  [33s]
  game  82: Scan=W Jass=B → W (no legal move from Jass-player, 122 plies)  Jass +0.0  [33s]
  game  83: Jass=W Scan=B → L (no legal move from Jass-player, 183 plies)  Jass +0.0  [34s]
  game  84: Scan=W Jass=B → W (no legal move from Jass-player, 122 plies)  Jass +0.0  [34s]
  game  85: Jass=W Scan=B → L (no legal move from Jass-player, 183 plies)  Jass +0.0  [35s]
  game  86: Scan=W Jass=B → W (no legal move from Jass-player, 122 plies)  Jass +0.0  [35s]
  game  87: Jass=W Scan=B → L (no legal move from Jass-player, 183 plies)  Jass +0.0  [36s]
  game  88: Scan=W Jass=B → W (no legal move from Jass-player, 122 plies)  Jass +0.0  [37s]
  game  89: Jass=W Scan=B → L (no legal move from Jass-player, 183 plies)  Jass +0.0  [37s]
  game  90: Scan=W Jass=B → W (no legal move from Jass-player, 122 plies)  Jass +0.0  [38s]
  game  91: Jass=W Scan=B → L (no legal move from Jass-player, 183 plies)  Jass +0.0  [38s]
  game  92: Scan=W Jass=B → W (no legal move from Jass-player, 122 plies)  Jass +0.0  [39s]
  game  93: Jass=W Scan=B → L (no legal move from Jass-player, 183 plies)  Jass +0.0  [39s]
  game  94: Scan=W Jass=B → W (no legal move from Jass-player, 122 plies)  Jass +0.0  [40s]
  game  95: Jass=W Scan=B → L (no legal move from Jass-player, 183 plies)  Jass +0.0  [40s]
  game  96: Scan=W Jass=B → W (no legal move from Jass-player, 122 plies)  Jass +0.0  [41s]
  game  97: Jass=W Scan=B → L (no legal move from Jass-player, 117 plies)  Jass +0.0  [41s]
  game  98: Scan=W Jass=B → W (no legal move from Jass-player, 114 plies)  Jass +0.0  [41s]
  game  99: Jass=W Scan=B → L (no legal move from Jass-player, 117 plies)  Jass +0.0  [41s]
  game 100: Scan=W Jass=B → W (no legal move from Jass-player, 114 plies)  Jass +0.0  [42s]
  game 101: Jass=W Scan=B → L (no legal move from Jass-player, 117 plies)  Jass +0.0  [42s]
  game 102: Scan=W Jass=B → W (no legal move from Jass-player, 114 plies)  Jass +0.0  [42s]
  game 103: Jass=W Scan=B → L (no legal move from Jass-player, 117 plies)  Jass +0.0  [42s]
  game 104: Scan=W Jass=B → W (no legal move from Jass-player, 114 plies)  Jass +0.0  [43s]
  game 105: Jass=W Scan=B → L (no legal move from Jass-player, 117 plies)  Jass +0.0  [43s]
  game 106: Scan=W Jass=B → W (no legal move from Jass-player, 114 plies)  Jass +0.0  [43s]
  game 107: Jass=W Scan=B → L (no legal move from Jass-player, 117 plies)  Jass +0.0  [44s]
  game 108: Scan=W Jass=B → W (no legal move from Jass-player, 114 plies)  Jass +0.0  [44s]
  game 109: Jass=W Scan=B → L (no legal move from Jass-player, 117 plies)  Jass +0.0  [44s]
  game 110: Scan=W Jass=B → W (no legal move from Jass-player, 114 plies)  Jass +0.0  [45s]
  game 111: Jass=W Scan=B → L (no legal move from Jass-player, 117 plies)  Jass +0.0  [45s]
  game 112: Scan=W Jass=B → W (no legal move from Jass-player, 114 plies)  Jass +0.0  [45s]
  game 113: Jass=W Scan=B → L (no legal move from Jass-player, 103 plies)  Jass +0.0  [45s]
  game 114: Scan=W Jass=B → W (no legal move from Jass-player, 104 plies)  Jass +0.0  [46s]
  game 115: Jass=W Scan=B → L (no legal move from Jass-player, 103 plies)  Jass +0.0  [46s]
  game 116: Scan=W Jass=B → W (no legal move from Jass-player, 104 plies)  Jass +0.0  [46s]
  game 117: Jass=W Scan=B → L (no legal move from Jass-player, 103 plies)  Jass +0.0  [46s]
  game 118: Scan=W Jass=B → W (no legal move from Jass-player, 104 plies)  Jass +0.0  [46s]
  game 119: Jass=W Scan=B → L (no legal move from Jass-player, 103 plies)  Jass +0.0  [47s]
  game 120: Scan=W Jass=B → W (no legal move from Jass-player, 104 plies)  Jass +0.0  [47s]
  game 121: Jass=W Scan=B → L (no legal move from Jass-player, 103 plies)  Jass +0.0  [47s]
  game 122: Scan=W Jass=B → W (no legal move from Jass-player, 104 plies)  Jass +0.0  [48s]
  game 123: Jass=W Scan=B → L (no legal move from Jass-player, 103 plies)  Jass +0.0  [48s]
  game 124: Scan=W Jass=B → W (no legal move from Jass-player, 104 plies)  Jass +0.0  [48s]
  game 125: Jass=W Scan=B → L (no legal move from Jass-player, 103 plies)  Jass +0.0  [49s]
  game 126: Scan=W Jass=B → W (no legal move from Jass-player, 104 plies)  Jass +0.0  [49s]
  game 127: Jass=W Scan=B → L (no legal move from Jass-player, 103 plies)  Jass +0.0  [49s]
  game 128: Scan=W Jass=B → W (no legal move from Jass-player, 104 plies)  Jass +0.0  [49s]
  game 129: Jass=W Scan=B → D (25-move rule, 172 plies)  Jass +0.5  [50s]
  game 130: Scan=W Jass=B → W (no legal move from Jass-player, 116 plies)  Jass +0.0  [50s]
  game 131: Jass=W Scan=B → D (25-move rule, 172 plies)  Jass +0.5  [51s]
  game 132: Scan=W Jass=B → W (no legal move from Jass-player, 116 plies)  Jass +0.0  [51s]
  game 133: Jass=W Scan=B → D (25-move rule, 172 plies)  Jass +0.5  [51s]
  game 134: Scan=W Jass=B → W (no legal move from Jass-player, 116 plies)  Jass +0.0  [52s]
  game 135: Jass=W Scan=B → D (25-move rule, 172 plies)  Jass +0.5  [52s]
  game 136: Scan=W Jass=B → W (no legal move from Jass-player, 116 plies)  Jass +0.0  [52s]
  game 137: Jass=W Scan=B → D (25-move rule, 172 plies)  Jass +0.5  [53s]
  game 138: Scan=W Jass=B → W (no legal move from Jass-player, 116 plies)  Jass +0.0  [53s]
  game 139: Jass=W Scan=B → D (25-move rule, 172 plies)  Jass +0.5  [53s]
  game 140: Scan=W Jass=B → W (no legal move from Jass-player, 116 plies)  Jass +0.0  [54s]
  game 141: Jass=W Scan=B → D (25-move rule, 172 plies)  Jass +0.5  [54s]
  game 142: Scan=W Jass=B → W (no legal move from Jass-player, 116 plies)  Jass +0.0  [54s]
  game 143: Jass=W Scan=B → D (25-move rule, 172 plies)  Jass +0.5  [55s]
  game 144: Scan=W Jass=B → W (no legal move from Jass-player, 116 plies)  Jass +0.0  [55s]

=== Jass vs Scan, depth 7, 144 games ===
  Jass=0  Scan=136  Draws=8
  Jass score rate: 0.028 (4.0 / 144)
  ELO estimate:    -618 (95% CI ≈ ±67)
