opening pool: 9 positions
jass setup:   nnue=/root/jass/jobs/results/0090-small-arch-sweep-movetime/artefacts.src/arch-128-64/nnue-128-64-q.bin  book=(default/none)
scan setup:   book=off  bb-size=0
  [Scan-player init] init eval
  [Scan-player] bb-size=0 (no bitbases — FAIR comparison)
  game   1: Jass=W Scan=B → L (no legal move from Jass-player, 111 plies)  Jass +0.0  [2s]
  game   2: Scan=W Jass=B → W (no legal move from Jass-player, 102 plies)  Jass +0.0  [4s]
  game   3: Jass=W Scan=B → L (no legal move from Jass-player, 111 plies)  Jass +0.0  [6s]
  game   4: Scan=W Jass=B → W (no legal move from Jass-player, 102 plies)  Jass +0.0  [7s]
  game   5: Jass=W Scan=B → L (no legal move from Jass-player, 111 plies)  Jass +0.0  [9s]
  game   6: Scan=W Jass=B → W (no legal move from Jass-player, 102 plies)  Jass +0.0  [11s]
  game   7: Jass=W Scan=B → L (no legal move from Jass-player, 111 plies)  Jass +0.0  [12s]
  game   8: Scan=W Jass=B → W (no legal move from Jass-player, 102 plies)  Jass +0.0  [14s]
  game   9: Jass=W Scan=B → L (no legal move from Jass-player, 111 plies)  Jass +0.0  [16s]
  game  10: Scan=W Jass=B → W (no legal move from Jass-player, 102 plies)  Jass +0.0  [18s]
  game  11: Jass=W Scan=B → L (no legal move from Jass-player, 111 plies)  Jass +0.0  [20s]
  game  12: Scan=W Jass=B → W (no legal move from Jass-player, 102 plies)  Jass +0.0  [21s]
  game  13: Jass=W Scan=B → L (no legal move from Jass-player, 111 plies)  Jass +0.0  [23s]
  game  14: Scan=W Jass=B → W (no legal move from Jass-player, 102 plies)  Jass +0.0  [25s]
  game  15: Jass=W Scan=B → L (no legal move from Jass-player, 111 plies)  Jass +0.0  [26s]
  game  16: Scan=W Jass=B → W (no legal move from Jass-player, 102 plies)  Jass +0.0  [27s]
  game  17: Jass=W Scan=B → L (no legal move from Jass-player, 105 plies)  Jass +0.0  [28s]
  game  18: Scan=W Jass=B → W (no legal move from Jass-player, 100 plies)  Jass +0.0  [31s]
  game  19: Jass=W Scan=B → L (no legal move from Jass-player, 105 plies)  Jass +0.0  [32s]
  game  20: Scan=W Jass=B → W (no legal move from Jass-player, 100 plies)  Jass +0.0  [34s]
  game  21: Jass=W Scan=B → L (no legal move from Jass-player, 105 plies)  Jass +0.0  [36s]
  game  22: Scan=W Jass=B → W (no legal move from Jass-player, 100 plies)  Jass +0.0  [38s]
  game  23: Jass=W Scan=B → L (no legal move from Jass-player, 105 plies)  Jass +0.0  [39s]
  game  24: Scan=W Jass=B → W (no legal move from Jass-player, 100 plies)  Jass +0.0  [41s]
  game  25: Jass=W Scan=B → L (no legal move from Jass-player, 105 plies)  Jass +0.0  [42s]
  game  26: Scan=W Jass=B → W (no legal move from Jass-player, 100 plies)  Jass +0.0  [45s]
  game  27: Jass=W Scan=B → L (no legal move from Jass-player, 105 plies)  Jass +0.0  [46s]
  game  28: Scan=W Jass=B → W (no legal move from Jass-player, 100 plies)  Jass +0.0  [48s]
  game  29: Jass=W Scan=B → L (no legal move from Jass-player, 105 plies)  Jass +0.0  [50s]
  game  30: Scan=W Jass=B → W (no legal move from Jass-player, 100 plies)  Jass +0.0  [52s]
  game  31: Jass=W Scan=B → L (no legal move from Jass-player, 105 plies)  Jass +0.0  [53s]
  game  32: Scan=W Jass=B → W (no legal move from Jass-player, 100 plies)  Jass +0.0  [55s]
  game  33: Jass=W Scan=B → L (no legal move from Jass-player, 107 plies)  Jass +0.0  [57s]
  game  34: Scan=W Jass=B → W (no legal move from Jass-player, 152 plies)  Jass +0.0  [65s]
  game  35: Jass=W Scan=B → L (no legal move from Jass-player, 107 plies)  Jass +0.0  [66s]
  game  36: Scan=W Jass=B → W (no legal move from Jass-player, 152 plies)  Jass +0.0  [69s]
  game  37: Jass=W Scan=B → L (no legal move from Jass-player, 107 plies)  Jass +0.0  [71s]
  game  38: Scan=W Jass=B → W (no legal move from Jass-player, 152 plies)  Jass +0.0  [73s]
  game  39: Jass=W Scan=B → L (no legal move from Jass-player, 107 plies)  Jass +0.0  [75s]
  game  40: Scan=W Jass=B → W (no legal move from Jass-player, 152 plies)  Jass +0.0  [78s]
  game  41: Jass=W Scan=B → L (no legal move from Jass-player, 107 plies)  Jass +0.0  [79s]
  game  42: Scan=W Jass=B → W (no legal move from Jass-player, 152 plies)  Jass +0.0  [82s]
  game  43: Jass=W Scan=B → L (no legal move from Jass-player, 107 plies)  Jass +0.0  [84s]
  game  44: Scan=W Jass=B → W (no legal move from Jass-player, 152 plies)  Jass +0.0  [86s]
  game  45: Jass=W Scan=B → L (no legal move from Jass-player, 107 plies)  Jass +0.0  [88s]
  game  46: Scan=W Jass=B → W (no legal move from Jass-player, 152 plies)  Jass +0.0  [91s]
  game  47: Jass=W Scan=B → L (no legal move from Jass-player, 107 plies)  Jass +0.0  [93s]
  game  48: Scan=W Jass=B → W (no legal move from Jass-player, 152 plies)  Jass +0.0  [95s]
  game  49: Jass=W Scan=B → L (no legal move from Jass-player, 109 plies)  Jass +0.0  [97s]
  game  50: Scan=W Jass=B → W (no legal move from Jass-player, 128 plies)  Jass +0.0  [100s]
  game  51: Jass=W Scan=B → L (no legal move from Jass-player, 109 plies)  Jass +0.0  [102s]
  game  52: Scan=W Jass=B → W (no legal move from Jass-player, 128 plies)  Jass +0.0  [105s]
  game  53: Jass=W Scan=B → L (no legal move from Jass-player, 109 plies)  Jass +0.0  [107s]
  game  54: Scan=W Jass=B → W (no legal move from Jass-player, 128 plies)  Jass +0.0  [110s]
  game  55: Jass=W Scan=B → L (no legal move from Jass-player, 109 plies)  Jass +0.0  [111s]
  game  56: Scan=W Jass=B → W (no legal move from Jass-player, 128 plies)  Jass +0.0  [114s]
  game  57: Jass=W Scan=B → L (no legal move from Jass-player, 109 plies)  Jass +0.0  [116s]
  game  58: Scan=W Jass=B → W (no legal move from Jass-player, 128 plies)  Jass +0.0  [119s]
  game  59: Jass=W Scan=B → L (no legal move from Jass-player, 109 plies)  Jass +0.0  [121s]
  game  60: Scan=W Jass=B → W (no legal move from Jass-player, 128 plies)  Jass +0.0  [124s]
  game  61: Jass=W Scan=B → L (no legal move from Jass-player, 109 plies)  Jass +0.0  [126s]
  game  62: Scan=W Jass=B → W (no legal move from Jass-player, 128 plies)  Jass +0.0  [128s]
  game  63: Jass=W Scan=B → L (no legal move from Jass-player, 109 plies)  Jass +0.0  [130s]
  game  64: Scan=W Jass=B → W (no legal move from Jass-player, 128 plies)  Jass +0.0  [132s]
  game  65: Jass=W Scan=B → L (no legal move from Jass-player, 141 plies)  Jass +0.0  [135s]
  game  66: Scan=W Jass=B → D (25-move rule, 172 plies)  Jass +0.5  [138s]
  game  67: Jass=W Scan=B → L (no legal move from Jass-player, 141 plies)  Jass +0.0  [141s]
  game  68: Scan=W Jass=B → D (25-move rule, 172 plies)  Jass +0.5  [143s]
  game  69: Jass=W Scan=B → L (no legal move from Jass-player, 141 plies)  Jass +0.0  [146s]
  game  70: Scan=W Jass=B → D (25-move rule, 172 plies)  Jass +0.5  [148s]
  game  71: Jass=W Scan=B → L (no legal move from Jass-player, 141 plies)  Jass +0.0  [151s]
  game  72: Scan=W Jass=B → D (25-move rule, 172 plies)  Jass +0.5  [153s]
  game  73: Jass=W Scan=B → L (no legal move from Jass-player, 141 plies)  Jass +0.0  [156s]
  game  74: Scan=W Jass=B → D (25-move rule, 172 plies)  Jass +0.5  [159s]
  game  75: Jass=W Scan=B → L (no legal move from Jass-player, 141 plies)  Jass +0.0  [162s]
  game  76: Scan=W Jass=B → D (25-move rule, 172 plies)  Jass +0.5  [164s]
  game  77: Jass=W Scan=B → L (no legal move from Jass-player, 141 plies)  Jass +0.0  [167s]
  game  78: Scan=W Jass=B → D (25-move rule, 172 plies)  Jass +0.5  [169s]
  game  79: Jass=W Scan=B → L (no legal move from Jass-player, 141 plies)  Jass +0.0  [172s]
  game  80: Scan=W Jass=B → D (25-move rule, 172 plies)  Jass +0.5  [175s]
  game  81: Jass=W Scan=B → L (no legal move from Jass-player, 119 plies)  Jass +0.0  [176s]
  game  82: Scan=W Jass=B → W (no legal move from Jass-player, 148 plies)  Jass +0.0  [179s]
  game  83: Jass=W Scan=B → L (no legal move from Jass-player, 119 plies)  Jass +0.0  [180s]
  game  84: Scan=W Jass=B → W (no legal move from Jass-player, 148 plies)  Jass +0.0  [183s]
  game  85: Jass=W Scan=B → L (no legal move from Jass-player, 119 plies)  Jass +0.0  [184s]
  game  86: Scan=W Jass=B → W (no legal move from Jass-player, 148 plies)  Jass +0.0  [187s]
  game  87: Jass=W Scan=B → L (no legal move from Jass-player, 119 plies)  Jass +0.0  [188s]
  game  88: Scan=W Jass=B → W (no legal move from Jass-player, 148 plies)  Jass +0.0  [191s]
  game  89: Jass=W Scan=B → L (no legal move from Jass-player, 119 plies)  Jass +0.0  [192s]
  game  90: Scan=W Jass=B → W (no legal move from Jass-player, 148 plies)  Jass +0.0  [195s]
  game  91: Jass=W Scan=B → L (no legal move from Jass-player, 119 plies)  Jass +0.0  [196s]
  game  92: Scan=W Jass=B → W (no legal move from Jass-player, 148 plies)  Jass +0.0  [199s]
  game  93: Jass=W Scan=B → L (no legal move from Jass-player, 119 plies)  Jass +0.0  [200s]
  game  94: Scan=W Jass=B → W (no legal move from Jass-player, 148 plies)  Jass +0.0  [203s]
  game  95: Jass=W Scan=B → L (no legal move from Jass-player, 119 plies)  Jass +0.0  [204s]
  game  96: Scan=W Jass=B → W (no legal move from Jass-player, 148 plies)  Jass +0.0  [207s]
  game  97: Jass=W Scan=B → L (no legal move from Jass-player, 117 plies)  Jass +0.0  [209s]
  game  98: Scan=W Jass=B → W (no legal move from Jass-player, 162 plies)  Jass +0.0  [213s]
  game  99: Jass=W Scan=B → L (no legal move from Jass-player, 117 plies)  Jass +0.0  [216s]
  game 100: Scan=W Jass=B → W (no legal move from Jass-player, 162 plies)  Jass +0.0  [220s]
  game 101: Jass=W Scan=B → L (no legal move from Jass-player, 117 plies)  Jass +0.0  [223s]
  game 102: Scan=W Jass=B → W (no legal move from Jass-player, 162 plies)  Jass +0.0  [227s]
  game 103: Jass=W Scan=B → L (no legal move from Jass-player, 117 plies)  Jass +0.0  [230s]
  game 104: Scan=W Jass=B → W (no legal move from Jass-player, 162 plies)  Jass +0.0  [234s]
  game 105: Jass=W Scan=B → L (no legal move from Jass-player, 117 plies)  Jass +0.0  [236s]
  game 106: Scan=W Jass=B → W (no legal move from Jass-player, 162 plies)  Jass +0.0  [241s]
  game 107: Jass=W Scan=B → L (no legal move from Jass-player, 117 plies)  Jass +0.0  [243s]
  game 108: Scan=W Jass=B → W (no legal move from Jass-player, 162 plies)  Jass +0.0  [247s]
  game 109: Jass=W Scan=B → L (no legal move from Jass-player, 117 plies)  Jass +0.0  [250s]
  game 110: Scan=W Jass=B → W (no legal move from Jass-player, 162 plies)  Jass +0.0  [254s]
  game 111: Jass=W Scan=B → L (no legal move from Jass-player, 117 plies)  Jass +0.0  [257s]
  game 112: Scan=W Jass=B → W (no legal move from Jass-player, 162 plies)  Jass +0.0  [261s]
  game 113: Jass=W Scan=B → L (no legal move from Jass-player, 115 plies)  Jass +0.0  [263s]
  game 114: Scan=W Jass=B → W (no legal move from Jass-player, 134 plies)  Jass +0.0  [265s]
  game 115: Jass=W Scan=B → L (no legal move from Jass-player, 115 plies)  Jass +0.0  [267s]
  game 116: Scan=W Jass=B → W (no legal move from Jass-player, 134 plies)  Jass +0.0  [269s]
  game 117: Jass=W Scan=B → L (no legal move from Jass-player, 115 plies)  Jass +0.0  [271s]
  game 118: Scan=W Jass=B → W (no legal move from Jass-player, 134 plies)  Jass +0.0  [273s]
  game 119: Jass=W Scan=B → L (no legal move from Jass-player, 115 plies)  Jass +0.0  [275s]
  game 120: Scan=W Jass=B → W (no legal move from Jass-player, 134 plies)  Jass +0.0  [277s]
  game 121: Jass=W Scan=B → L (no legal move from Jass-player, 115 plies)  Jass +0.0  [279s]
  game 122: Scan=W Jass=B → W (no legal move from Jass-player, 134 plies)  Jass +0.0  [281s]
  game 123: Jass=W Scan=B → L (no legal move from Jass-player, 115 plies)  Jass +0.0  [283s]
  game 124: Scan=W Jass=B → W (no legal move from Jass-player, 134 plies)  Jass +0.0  [285s]
  game 125: Jass=W Scan=B → L (no legal move from Jass-player, 115 plies)  Jass +0.0  [287s]
  game 126: Scan=W Jass=B → W (no legal move from Jass-player, 134 plies)  Jass +0.0  [289s]
  game 127: Jass=W Scan=B → L (no legal move from Jass-player, 115 plies)  Jass +0.0  [291s]
  game 128: Scan=W Jass=B → W (no legal move from Jass-player, 134 plies)  Jass +0.0  [293s]
  game 129: Jass=W Scan=B → L (no legal move from Jass-player, 145 plies)  Jass +0.0  [297s]
  game 130: Scan=W Jass=B → D (25-move rule, 183 plies)  Jass +0.5  [300s]
  game 131: Jass=W Scan=B → L (no legal move from Jass-player, 145 plies)  Jass +0.0  [304s]
  game 132: Scan=W Jass=B → D (25-move rule, 183 plies)  Jass +0.5  [307s]
  game 133: Jass=W Scan=B → L (no legal move from Jass-player, 145 plies)  Jass +0.0  [310s]
  game 134: Scan=W Jass=B → D (25-move rule, 183 plies)  Jass +0.5  [313s]
  game 135: Jass=W Scan=B → L (no legal move from Jass-player, 145 plies)  Jass +0.0  [316s]
  game 136: Scan=W Jass=B → D (25-move rule, 183 plies)  Jass +0.5  [320s]
  game 137: Jass=W Scan=B → L (no legal move from Jass-player, 145 plies)  Jass +0.0  [323s]
  game 138: Scan=W Jass=B → D (25-move rule, 183 plies)  Jass +0.5  [326s]
  game 139: Jass=W Scan=B → L (no legal move from Jass-player, 145 plies)  Jass +0.0  [330s]
  game 140: Scan=W Jass=B → D (25-move rule, 183 plies)  Jass +0.5  [333s]
  game 141: Jass=W Scan=B → L (no legal move from Jass-player, 145 plies)  Jass +0.0  [337s]
  game 142: Scan=W Jass=B → D (25-move rule, 183 plies)  Jass +0.5  [340s]
  game 143: Jass=W Scan=B → L (no legal move from Jass-player, 145 plies)  Jass +0.0  [343s]
  game 144: Scan=W Jass=B → D (25-move rule, 183 plies)  Jass +0.5  [347s]

=== Jass vs Scan, depth 11, 144 games ===
  Jass=0  Scan=128  Draws=16
  Jass score rate: 0.056 (8.0 / 144)
  ELO estimate:    -492 (95% CI ≈ ±67)
