dumping per-game JSONs to: /root/jass/jobs/results/cpx62-0306-gradient-train/artefacts.src/games-base
opening pool: 9 positions
jass setup:   pattern=/root/jass/jobs/results/cpx62-0306-gradient-train/artefacts.src/base.pjtw  book=(default/none)
scan setup:   book=off  bb-size=0
  [Scan-player init] init eval
  [Scan-player] bb-size=0 (no bitbases — FAIR comparison)
  game   1: Jass=W Scan=B → L (no legal move from Jass-player, 145 plies)  Jass +0.0  [60s]
  game   2: Scan=W Jass=B → W (no legal move from Jass-player, 146 plies)  Jass +0.0  [115s]
  game   3: Jass=W Scan=B → D (25-move rule, 200 plies)  Jass +0.5  [196s]
  game   4: Scan=W Jass=B → W (no legal move from Jass-player, 118 plies)  Jass +0.0  [239s]
  game   5: Jass=W Scan=B → L (no legal move from Jass-player, 113 plies)  Jass +0.0  [281s]
  game   6: Scan=W Jass=B → W (no legal move from Jass-player, 130 plies)  Jass +0.0  [332s]
  game   7: Jass=W Scan=B → L (no legal move from Jass-player, 149 plies)  Jass +0.0  [388s]
  game   8: Scan=W Jass=B → W (no legal move from Jass-player, 132 plies)  Jass +0.0  [437s]
  game   9: Jass=W Scan=B → L (no legal move from Jass-player, 127 plies)  Jass +0.0  [484s]
  game  10: Scan=W Jass=B → W (no legal move from Jass-player, 144 plies)  Jass +0.0  [539s]
  game  11: Jass=W Scan=B → L (no legal move from Jass-player, 119 plies)  Jass +0.0  [583s]
  game  12: Scan=W Jass=B → W (no legal move from Jass-player, 128 plies)  Jass +0.0  [628s]
  game  13: Jass=W Scan=B → L (no legal move from Jass-player, 131 plies)  Jass +0.0  [676s]
  game  14: Scan=W Jass=B → W (no legal move from Jass-player, 154 plies)  Jass +0.0  [735s]
  game  15: Jass=W Scan=B → L (no legal move from Jass-player, 135 plies)  Jass +0.0  [785s]
  game  16: Scan=W Jass=B → W (no legal move from Jass-player, 152 plies)  Jass +0.0  [843s]
  game  17: Jass=W Scan=B → L (no legal move from Jass-player, 125 plies)  Jass +0.0  [887s]
  game  18: Scan=W Jass=B → W (no legal move from Jass-player, 142 plies)  Jass +0.0  [941s]
  game  19: Jass=W Scan=B → L (no legal move from Jass-player, 125 plies)  Jass +0.0  [983s]
  game  20: Scan=W Jass=B → W (no legal move from Jass-player, 124 plies)  Jass +0.0  [1029s]
  game  21: Jass=W Scan=B → L (no legal move from Jass-player, 125 plies)  Jass +0.0  [1074s]
  game  22: Scan=W Jass=B → W (no legal move from Jass-player, 120 plies)  Jass +0.0  [1118s]
  game  23: Jass=W Scan=B → L (no legal move from Jass-player, 143 plies)  Jass +0.0  [1173s]
  game  24: Scan=W Jass=B → W (no legal move from Jass-player, 140 plies)  Jass +0.0  [1224s]
  game  25: Jass=W Scan=B → L (no legal move from Jass-player, 117 plies)  Jass +0.0  [1268s]
  game  26: Scan=W Jass=B → W (no legal move from Jass-player, 138 plies)  Jass +0.0  [1321s]
  game  27: Jass=W Scan=B → L (no legal move from Jass-player, 127 plies)  Jass +0.0  [1370s]
  game  28: Scan=W Jass=B → W (no legal move from Jass-player, 118 plies)  Jass +0.0  [1413s]
  game  29: Jass=W Scan=B → L (no legal move from Jass-player, 127 plies)  Jass +0.0  [1463s]
  game  30: Scan=W Jass=B → W (no legal move from Jass-player, 120 plies)  Jass +0.0  [1506s]
  game  31: Jass=W Scan=B → L (no legal move from Jass-player, 127 plies)  Jass +0.0  [1552s]
  game  32: Scan=W Jass=B → W (no legal move from Jass-player, 138 plies)  Jass +0.0  [1603s]
  game  33: Jass=W Scan=B → L (no legal move from Jass-player, 111 plies)  Jass +0.0  [1644s]
  game  34: Scan=W Jass=B → W (no legal move from Jass-player, 144 plies)  Jass +0.0  [1700s]
  game  35: Jass=W Scan=B → L (no legal move from Jass-player, 143 plies)  Jass +0.0  [1756s]
  game  36: Scan=W Jass=B → W (no legal move from Jass-player, 118 plies)  Jass +0.0  [1797s]
  game  37: Jass=W Scan=B → L (no legal move from Jass-player, 115 plies)  Jass +0.0  [1839s]
  game  38: Scan=W Jass=B → W (no legal move from Jass-player, 128 plies)  Jass +0.0  [1889s]
  game  39: Jass=W Scan=B → L (no legal move from Jass-player, 107 plies)  Jass +0.0  [1929s]
  game  40: Scan=W Jass=B → W (no legal move from Jass-player, 158 plies)  Jass +0.0  [1991s]
  game  41: Jass=W Scan=B → L (no legal move from Jass-player, 123 plies)  Jass +0.0  [2037s]
  game  42: Scan=W Jass=B → W (no legal move from Jass-player, 142 plies)  Jass +0.0  [2093s]
  game  43: Jass=W Scan=B → L (no legal move from Jass-player, 133 plies)  Jass +0.0  [2141s]
  game  44: Scan=W Jass=B → W (no legal move from Jass-player, 108 plies)  Jass +0.0  [2181s]
  game  45: Jass=W Scan=B → L (no legal move from Jass-player, 121 plies)  Jass +0.0  [2225s]
  game  46: Scan=W Jass=B → W (no legal move from Jass-player, 126 plies)  Jass +0.0  [2271s]
  game  47: Jass=W Scan=B → L (no legal move from Jass-player, 133 plies)  Jass +0.0  [2322s]
  game  48: Scan=W Jass=B → W (no legal move from Jass-player, 120 plies)  Jass +0.0  [2365s]
  game  49: Jass=W Scan=B → L (no legal move from Jass-player, 129 plies)  Jass +0.0  [2414s]
  game  50: Scan=W Jass=B → W (no legal move from Jass-player, 116 plies)  Jass +0.0  [2456s]
  game  51: Jass=W Scan=B → L (no legal move from Jass-player, 117 plies)  Jass +0.0  [2498s]
  game  52: Scan=W Jass=B → W (no legal move from Jass-player, 148 plies)  Jass +0.0  [2554s]
  game  53: Jass=W Scan=B → L (no legal move from Jass-player, 123 plies)  Jass +0.0  [2599s]
  game  54: Scan=W Jass=B → W (no legal move from Jass-player, 114 plies)  Jass +0.0  [2641s]

=== Jass vs Scan, movetime 0.5s, 54 games ===
  Jass=0  Scan=53  Draws=1
  Jass score rate: 0.009 (0.5 / 54)
  ELO estimate:    -812 (95% CI ≈ ±109)
