Extracting "Kingsrow International MTC database" - setup data version 5.3.10
Opening "/root/egdb_mtc_dl/Kingsrow_International_MTC_Setup-1.bin"
 - "app/db3.cpr_mtc"
 - "app/db3.idx_mtc"
 - "app/db4.cpr_mtc"
 - "app/db4.idx_mtc"
 - "app/db5-0311.cpr_mtc"
 - "app/db5-0311.idx_mtc"
 - "app/db5-0401.cpr_mtc"
 - "app/db5-0401.idx_mtc"
 - "app/db5-1211.cpr_mtc"
 - "app/db5-1211.idx_mtc"
 - "app/db5-1301.cpr_mtc"
 - "app/db5-1301.idx_mtc"
 - "app/db5-2102.cpr_mtc"
 - "app/db5-2102.idx_mtc"
 - "app/db5-2111.cpr_mtc"
 - "app/db5-2111.idx_mtc"
 - "app/db5-2201.cpr_mtc"
 - "app/db5-2201.idx_mtc"
 - "app/db5-3101.cpr_mtc"
 - "app/db5-3101.idx_mtc"
 - "app/db6-0312.cpr_mtc"
 - "app/db6-0312.idx_mtc"
 - "app/db6-0321.cpr_mtc"
 - "app/db6-0321.idx_mtc"
 - "app/db6-0402.cpr_mtc"
 - "app/db6-0402.idx_mtc"
 - "app/db6-0411.cpr_mtc"
 - "app/db6-0411.idx_mtc"
 - "app/db6-1221.cpr_mtc"
 - "app/db6-1221.idx_mtc"
 - "app/db6-1302.cpr_mtc"
 - "app/db6-1302.idx_mtc"
 - "app/db6-1311.cpr_mtc"
 - "app/db6-1311.idx_mtc"
 - "app/db6-1401.cpr_mtc"
 - "app/db6-1401.idx_mtc"
 - "app/db6-2202.cpr_mtc"
 - "app/db6-2202.idx_mtc"
 - "app/db6-2211.cpr_mtc"
 - "app/db6-2211.idx_mtc"
 - "app/db6-2301.cpr_mtc"
 - "app/db6-2301.idx_mtc"
 - "app/db6-3102.cpr_mtc"
 - "app/db6-3102.idx_mtc"
 - "app/db6-3111.cpr_mtc"
 - "app/db6-3111.idx_mtc"
 - "app/db6-3201.cpr_mtc"
 - "app/db6-3201.idx_mtc"
 - "app/db6-4101.cpr_mtc"
 - "app/db6-4101.idx_mtc"
 - "app/db7-0412.cpr_mtc"
 - "app/db7-0412.idx_mtc"
 - "app/db7-0421.cpr_mtc"
 - "app/db7-0421.idx_mtc"
 - "app/db7-0502.cpr_mtc"
 - "app/db7-0502.idx_mtc"
 - "app/db7-0511.cpr_mtc"
 - "app/db7-0511.idx_mtc"
 - "app/db7-1312.cpr_mtc"
 - "app/db7-1312.idx_mtc"
 - "app/db7-1321.cpr_mtc"
 - "app/db7-1321.idx_mtc"
 - "app/db7-1402.cpr_mtc"
 - "app/db7-1402.idx_mtc"
 - "app/db7-1411.cpr_mtc"
 - "app/db7-1411.idx_mtc"
 - "app/db7-2203.cpr_mtc"
 - "app/db7-2203.idx_mtc"
 - "app/db7-2212.cpr_mtc"
 - "app/db7-2212.idx_mtc"
 - "app/db7-2221.cpr_mtc"
 - "app/db7-2221.idx_mtc"
 - "app/db7-2302.cpr_mtc"
 - "app/db7-2302.idx_mtc"
 - "app/db7-2311.cpr_mtc"
 - "app/db7-2311.idx_mtc"
 - "app/db7-3103.cpr_mtc"
 - "app/db7-3103.idx_mtc"
 - "app/db7-3112.cpr_mtc"
 - "app/db7-3112.idx_mtc"
 - "app/db7-3121.cpr_mtc"
 - "app/db7-3121.idx_mtc"
 - "app/db7-3202.cpr_mtc"
 - "app/db7-3202.idx_mtc"
 - "app/db7-3211.cpr_mtc"
 - "app/db7-3211.idx_mtc"
 - "app/db7-4102.cpr_mtc"
 - "app/db7-4102.idx_mtc"
 - "app/db7-4111.cpr_mtc"
 - "app/db7-4111.idx_mtc"
 - "app/db8-0413.cpr_mtc"
 - "app/db8-0413.idx_mtc"
 - "app/db8-0422.cpr_mtc"
 - "app/db8-0422.idx_mtc"
 - "app/db8-0431.cpr_mtc"
 - "app/db8-0431.idx_mtc"
 - "app/db8-0503.cpr_mtc"
 - "app/db8-0503.idx_mtc"
 - "app/db8-0512.cpr_mtc"
Opening "/root/egdb_mtc_dl/Kingsrow_International_MTC_Setup-2.bin"
 - "app/db8-0512.idx_mtc"
 - "app/db8-0521.cpr_mtc"
 - "app/db8-0521.idx_mtc"
 - "app/db8-1313.cpr_mtc"
 - "app/db8-1313.idx_mtc"
 - "app/db8-1322.cpr_mtc"
 - "app/db8-1322.idx_mtc"
 - "app/db8-1331.cpr_mtc"
Opening "/root/egdb_mtc_dl/Kingsrow_International_MTC_Setup-3.bin"
 - "app/db8-1331.idx_mtc"
 - "app/db8-1403.cpr_mtc"
 - "app/db8-1403.idx_mtc"
 - "app/db8-1412.cpr_mtc"
Opening "/root/egdb_mtc_dl/Kingsrow_International_MTC_Setup-4.bin"
Opening "/root/egdb_mtc_dl/Kingsrow_International_MTC_Setup-5.bin"
 - "app/db8-1412.idx_mtc"
 - "app/db8-1421.cpr_mtc"
 - "app/db8-1421.idx_mtc"
 - "app/db8-2222.cpr_mtc"
 - "app/db8-2222.idx_mtc"
 - "app/db8-2231.cpr_mtc"
 - "app/db8-2231.idx_mtc"
 - "app/db8-2303.cpr_mtc"
 - "app/db8-2303.idx_mtc"
 - "app/db8-2312.cpr_mtc"
Opening "/root/egdb_mtc_dl/Kingsrow_International_MTC_Setup-6.bin"
Opening "/root/egdb_mtc_dl/Kingsrow_International_MTC_Setup-7.bin"
 - "app/db8-2312.idx_mtc"
 - "app/db8-2321.cpr_mtc"
 - "app/db8-2321.idx_mtc"
 - "app/db8-3131.cpr_mtc"
 - "app/db8-3131.idx_mtc"
 - "app/db8-3203.cpr_mtc"
 - "app/db8-3203.idx_mtc"
 - "app/db8-3212.cpr_mtc"
 - "app/db8-3212.idx_mtc"
 - "app/db8-3221.cpr_mtc"
 - "app/db8-3221.idx_mtc"
 - "app/db8-4103.cpr_mtc"
 - "app/db8-4103.idx_mtc"
 - "app/db8-4112.cpr_mtc"
 - "app/db8-4112.idx_mtc"
 - "app/db8-4121.cpr_mtc"
 - "app/db8-4121.idx_mtc"
Done.
