  ⚠️  EQUAL fixed-time vs Scan is NOT a fair eval comparison (jass NPS << Scan → fewer plies). Standard = --depth/--jass-depth +--scan-depth, or NPS-compensated --jass-movetime/--scan-movetime. See docs/SCAN_METHODOLOGY_GAP.md.
opening pool: 9 positions
jass setup:   pattern=/root/jass/jobs/results/cpx62-0343-vs-scan-robust/artefacts.src/eval.pjtw  book=(default/none)
scan setup:   book=off  bb-size=0
  [Scan-player init] init eval
  [Scan-player] bb-size=0 (no bitbases — FAIR comparison)
  game   1: Jass=W Scan=B → L (no legal move from Jass-player, 147 plies)  Jass +0.0  [119s]
  game   2: Scan=W Jass=B → D (ply cap, 150 plies)  Jass +0.5  [237s]
  game   3: Jass=W Scan=B → L (no legal move from Jass-player, 139 plies)  Jass +0.0  [344s]
  game   4: Scan=W Jass=B → W (no legal move from Jass-player, 114 plies)  Jass +0.0  [424s]
  game   5: Jass=W Scan=B → L (no legal move from Jass-player, 137 plies)  Jass +0.0  [530s]
  game   6: Scan=W Jass=B → W (no legal move from Jass-player, 140 plies)  Jass +0.0  [634s]
  game   7: Jass=W Scan=B → L (no legal move from Jass-player, 139 plies)  Jass +0.0  [742s]
  game   8: Scan=W Jass=B → W (no legal move from Jass-player, 118 plies)  Jass +0.0  [824s]
  game   9: Jass=W Scan=B → L (no legal move from Jass-player, 135 plies)  Jass +0.0  [922s]
  game  10: Scan=W Jass=B → D (ply cap, 150 plies)  Jass +0.5  [1041s]
  game  11: Jass=W Scan=B → D (ply cap, 150 plies)  Jass +0.5  [1160s]
  game  12: Scan=W Jass=B → W (no legal move from Jass-player, 146 plies)  Jass +0.0  [1270s]
  game  13: Jass=W Scan=B → L (no legal move from Jass-player, 129 plies)  Jass +0.0  [1372s]
  game  14: Scan=W Jass=B → W (no legal move from Jass-player, 134 plies)  Jass +0.0  [1478s]
  game  15: Jass=W Scan=B → L (no legal move from Jass-player, 139 plies)  Jass +0.0  [1580s]
  game  16: Scan=W Jass=B → W (no legal move from Jass-player, 114 plies)  Jass +0.0  [1662s]
  game  17: Jass=W Scan=B → D (ply cap, 150 plies)  Jass +0.5  [1774s]
  game  18: Scan=W Jass=B → W (no legal move from Jass-player, 130 plies)  Jass +0.0  [1874s]
  game  19: Jass=W Scan=B → L (no legal move from Jass-player, 113 plies)  Jass +0.0  [1959s]
  game  20: Scan=W Jass=B → W (no legal move from Jass-player, 146 plies)  Jass +0.0  [2071s]
  game  21: Jass=W Scan=B → L (no legal move from Jass-player, 119 plies)  Jass +0.0  [2161s]
  game  22: Scan=W Jass=B → W (no legal move from Jass-player, 130 plies)  Jass +0.0  [2261s]
  game  23: Jass=W Scan=B → L (no legal move from Jass-player, 147 plies)  Jass +0.0  [2379s]
  game  24: Scan=W Jass=B → W (no legal move from Jass-player, 138 plies)  Jass +0.0  [2478s]
  game  25: Jass=W Scan=B → L (no legal move from Jass-player, 109 plies)  Jass +0.0  [2563s]
  game  26: Scan=W Jass=B → W (no legal move from Jass-player, 126 plies)  Jass +0.0  [2659s]
  game  27: Jass=W Scan=B → D (ply cap, 150 plies)  Jass +0.5  [2775s]
  game  28: Scan=W Jass=B → W (no legal move from Jass-player, 124 plies)  Jass +0.0  [2868s]
  game  29: Jass=W Scan=B → L (no legal move from Jass-player, 131 plies)  Jass +0.0  [2966s]
  game  30: Scan=W Jass=B → W (no legal move from Jass-player, 124 plies)  Jass +0.0  [3060s]
  game  31: Jass=W Scan=B → L (no legal move from Jass-player, 129 plies)  Jass +0.0  [3154s]
  game  32: Scan=W Jass=B → W (no legal move from Jass-player, 120 plies)  Jass +0.0  [3239s]
  game  33: Jass=W Scan=B → D (ply cap, 150 plies)  Jass +0.5  [3361s]
  game  34: Scan=W Jass=B → W (no legal move from Jass-player, 128 plies)  Jass +0.0  [3455s]
  game  35: Jass=W Scan=B → D (ply cap, 150 plies)  Jass +0.5  [3574s]
  game  36: Scan=W Jass=B → W (no legal move from Jass-player, 124 plies)  Jass +0.0  [3665s]
  game  37: Jass=W Scan=B → L (no legal move from Jass-player, 111 plies)  Jass +0.0  [3745s]
  game  38: Scan=W Jass=B → D (ply cap, 150 plies)  Jass +0.5  [3865s]
  game  39: Jass=W Scan=B → L (no legal move from Jass-player, 129 plies)  Jass +0.0  [3960s]
  game  40: Scan=W Jass=B → W (no legal move from Jass-player, 146 plies)  Jass +0.0  [4074s]
  game  41: Jass=W Scan=B → L (no legal move from Jass-player, 133 plies)  Jass +0.0  [4177s]
  game  42: Scan=W Jass=B → D (ply cap, 150 plies)  Jass +0.5  [4297s]
  game  43: Jass=W Scan=B → D (25-move rule, 146 plies)  Jass +0.5  [4414s]
  game  44: Scan=W Jass=B → D (ply cap, 150 plies)  Jass +0.5  [4534s]
  game  45: Jass=W Scan=B → L (no legal move from Jass-player, 113 plies)  Jass +0.0  [4614s]
  game  46: Scan=W Jass=B → W (no legal move from Jass-player, 118 plies)  Jass +0.0  [4704s]
  game  47: Jass=W Scan=B → L (no legal move from Jass-player, 127 plies)  Jass +0.0  [4795s]
  game  48: Scan=W Jass=B → W (no legal move from Jass-player, 140 plies)  Jass +0.0  [4898s]
  game  49: Jass=W Scan=B → L (no legal move from Jass-player, 133 plies)  Jass +0.0  [4997s]
  game  50: Scan=W Jass=B → D (25-move rule, 143 plies)  Jass +0.5  [5112s]
  game  51: Jass=W Scan=B → L (no legal move from Jass-player, 121 plies)  Jass +0.0  [5203s]
  game  52: Scan=W Jass=B → W (no legal move from Jass-player, 136 plies)  Jass +0.0  [5304s]
  game  53: Jass=W Scan=B → L (no legal move from Jass-player, 139 plies)  Jass +0.0  [5412s]
  game  54: Scan=W Jass=B → W (no legal move from Jass-player, 118 plies)  Jass +0.0  [5494s]

=== Jass vs Scan, movetime 1.0s, 54 games ===
  Jass=0  Scan=42  Draws=12
  Jass score rate: 0.111 (6.0 / 54)
  ELO estimate:    -361 (95% CI ≈ ±109)
