opening pool: 9 positions
jass setup:   nnue=/root/jass/jobs/results/0078-scan-distill-1M-mlp-scaleup/artefacts.src/arch-512-256/nnue-512-256-q.bin  book=(default/none)
scan setup:   book=off  bb-size=0
  game   1: Jass=W Scan=B → D (25-move rule, 165 plies)  Jass +0.5  [23s]
  game   2: Scan=W Jass=B → W (no legal move from Jass-player, 122 plies)  Jass +0.0  [27s]
  game   3: Jass=W Scan=B → D (25-move rule, 165 plies)  Jass +0.5  [44s]
  game   4: Scan=W Jass=B → W (no legal move from Jass-player, 122 plies)  Jass +0.0  [48s]
  game   5: Jass=W Scan=B → D (25-move rule, 165 plies)  Jass +0.5  [65s]
  game   6: Scan=W Jass=B → W (no legal move from Jass-player, 122 plies)  Jass +0.0  [69s]
  game   7: Jass=W Scan=B → L (no legal move from Jass-player, 145 plies)  Jass +0.0  [77s]
  game   8: Scan=W Jass=B → W (no legal move from Jass-player, 146 plies)  Jass +0.0  [84s]
  game   9: Jass=W Scan=B → L (no legal move from Jass-player, 145 plies)  Jass +0.0  [91s]
  game  10: Scan=W Jass=B → W (no legal move from Jass-player, 146 plies)  Jass +0.0  [98s]
  game  11: Jass=W Scan=B → L (no legal move from Jass-player, 145 plies)  Jass +0.0  [105s]
  game  12: Scan=W Jass=B → W (no legal move from Jass-player, 146 plies)  Jass +0.0  [112s]
  game  13: Jass=W Scan=B → L (no legal move from Jass-player, 133 plies)  Jass +0.0  [116s]
  game  14: Scan=W Jass=B → W (no legal move from Jass-player, 146 plies)  Jass +0.0  [126s]
  game  15: Jass=W Scan=B → L (no legal move from Jass-player, 133 plies)  Jass +0.0  [130s]
  game  16: Scan=W Jass=B → W (no legal move from Jass-player, 146 plies)  Jass +0.0  [140s]
  game  17: Jass=W Scan=B → L (no legal move from Jass-player, 133 plies)  Jass +0.0  [144s]
  game  18: Scan=W Jass=B → W (no legal move from Jass-player, 146 plies)  Jass +0.0  [153s]
  game  19: Jass=W Scan=B → L (no legal move from Jass-player, 137 plies)  Jass +0.0  [161s]
  game  20: Scan=W Jass=B → W (no legal move from Jass-player, 132 plies)  Jass +0.0  [166s]
  game  21: Jass=W Scan=B → L (no legal move from Jass-player, 137 plies)  Jass +0.0  [174s]
  game  22: Scan=W Jass=B → W (no legal move from Jass-player, 132 plies)  Jass +0.0  [178s]
  game  23: Jass=W Scan=B → L (no legal move from Jass-player, 137 plies)  Jass +0.0  [186s]
  game  24: Scan=W Jass=B → W (no legal move from Jass-player, 132 plies)  Jass +0.0  [191s]
  game  25: Jass=W Scan=B → L (no legal move from Jass-player, 137 plies)  Jass +0.0  [200s]
  game  26: Scan=W Jass=B → W (no legal move from Jass-player, 146 plies)  Jass +0.0  [208s]
  game  27: Jass=W Scan=B → L (no legal move from Jass-player, 137 plies)  Jass +0.0  [217s]
  game  28: Scan=W Jass=B → W (no legal move from Jass-player, 146 plies)  Jass +0.0  [226s]
  game  29: Jass=W Scan=B → L (no legal move from Jass-player, 137 plies)  Jass +0.0  [235s]
  game  30: Scan=W Jass=B → W (no legal move from Jass-player, 146 plies)  Jass +0.0  [244s]
  game  31: Jass=W Scan=B → L (no legal move from Jass-player, 103 plies)  Jass +0.0  [251s]
  game  32: Scan=W Jass=B → W (no legal move from Jass-player, 110 plies)  Jass +0.0  [259s]
  game  33: Jass=W Scan=B → L (no legal move from Jass-player, 103 plies)  Jass +0.0  [266s]
  game  34: Scan=W Jass=B → W (no legal move from Jass-player, 110 plies)  Jass +0.0  [275s]
  game  35: Jass=W Scan=B → L (no legal move from Jass-player, 103 plies)  Jass +0.0  [282s]
  game  36: Scan=W Jass=B → W (no legal move from Jass-player, 110 plies)  Jass +0.0  [291s]
  game  37: Jass=W Scan=B → L (no legal move from Jass-player, 155 plies)  Jass +0.0  [306s]
  game  38: Scan=W Jass=B → W (no legal move from Jass-player, 102 plies)  Jass +0.0  [310s]
  game  39: Jass=W Scan=B → L (no legal move from Jass-player, 155 plies)  Jass +0.0  [325s]
  game  40: Scan=W Jass=B → W (no legal move from Jass-player, 102 plies)  Jass +0.0  [329s]
  game  41: Jass=W Scan=B → L (no legal move from Jass-player, 155 plies)  Jass +0.0  [344s]
  game  42: Scan=W Jass=B → W (no legal move from Jass-player, 102 plies)  Jass +0.0  [348s]
  game  43: Jass=W Scan=B → L (no legal move from Jass-player, 121 plies)  Jass +0.0  [356s]
  game  44: Scan=W Jass=B → D (25-move rule, 152 plies)  Jass +0.5  [380s]
  game  45: Jass=W Scan=B → L (no legal move from Jass-player, 121 plies)  Jass +0.0  [387s]
  game  46: Scan=W Jass=B → D (25-move rule, 152 plies)  Jass +0.5  [412s]
  game  47: Jass=W Scan=B → L (no legal move from Jass-player, 121 plies)  Jass +0.0  [419s]
  game  48: Scan=W Jass=B → D (25-move rule, 152 plies)  Jass +0.5  [443s]
  game  49: Jass=W Scan=B → W (no legal move from Scan-player, 134 plies)  Jass +1.0  [447s]
  game  50: Scan=W Jass=B → W (no legal move from Jass-player, 156 plies)  Jass +0.0  [457s]
  game  51: Jass=W Scan=B → W (no legal move from Scan-player, 134 plies)  Jass +1.0  [461s]
  game  52: Scan=W Jass=B → W (no legal move from Jass-player, 156 plies)  Jass +0.0  [471s]
  game  53: Jass=W Scan=B → W (no legal move from Scan-player, 134 plies)  Jass +1.0  [475s]
  game  54: Scan=W Jass=B → W (no legal move from Jass-player, 156 plies)  Jass +0.0  [485s]

=== Jass vs Scan, depth 10, 54 games ===
  Jass=3  Scan=45  Draws=6
  Jass score rate: 0.111 (6.0 / 54)
  ELO estimate:    -361 (95% CI ≈ ±109)
