===CFG=== iid6 (iid_min_depth=6) vs baseline @ movetime 0.3s, dilf, nshards=16
START 0
START 1
START 2
START 4
START 3
START 5
START 6
START 7
START 10
START 12
START 13
START 8
START 11
START 9
START 14
START 15
RESULT 23 3 12
DONE 10 
RESULT 7 5 26
DONE 7 
RESULT 27 5 6
DONE 2 
RESULT 11 1 26
DONE 11 
RESULT 10 4 24
DONE 3 
RESULT 13 5 20
DONE 5 
RESULT 22 6 10
DONE 4 
RESULT 22 6 10
DONE 14 
RESULT 7 6 26
DONE 1 
RESULT 25 6 7
DONE 6 
RESULT 22 9 8
DONE 0 
RESULT 5 10 23
DONE 15 
RESULT 24 6 8
DONE 8 
RESULT 18 7 13
DONE 12 
RESULT 8 9 21
DONE 13 
RESULT 9 10 19
DONE 9 
===ENDCFG=== iid6
===CFG=== iid8 (iid_min_depth=8) vs baseline @ movetime 0.3s, dilf, nshards=16
START 0
START 3
START 1
START 2
START 4
START 5
START 7
START 6
START 8
START 9
START 10
START 11
START 13
START 12
START 14
START 15
RESULT 8 3 27
DONE 7 
RESULT 28 5 5
DONE 2 
RESULT 10 6 22
DONE 11 
RESULT 9 4 25
DONE 5 
RESULT 21 5 12
DONE 10 
RESULT 28 4 6
DONE 6 
RESULT 25 6 7
DONE 4 
RESULT 10 2 26
DONE 15 
RESULT 27 4 8
DONE 0 
RESULT 11 6 22
DONE 1 
RESULT 20 8 10
DONE 14 
RESULT 11 4 23
DONE 9 
RESULT 13 5 20
DONE 13 
RESULT 6 8 24
DONE 3 
RESULT 19 7 12
DONE 12 
RESULT 21 8 9
DONE 8 
===ENDCFG=== iid8
===CFG=== conthist (use_conthist=1) vs baseline @ movetime 0.3s, dilf, nshards=16
START 0
START 1
START 2
START 3
START 4
START 5
START 6
START 7
START 8
START 9
START 10
START 11
START 12
START 14
START 15
START 13
RESULT 24 3 11
DONE 2 
RESULT 27 3 9
DONE 0 
RESULT 24 5 9
DONE 10 
RESULT 7 5 26
DONE 3 
RESULT 27 6 5
DONE 6 
RESULT 10 6 22
DONE 15 
RESULT 8 5 25
DONE 7 
RESULT 11 3 24
DONE 5 
RESULT 6 6 27
DONE 1 
RESULT 11 6 21
DONE 11 
RESULT 24 3 11
DONE 4 
RESULT 20 8 10
DONE 8 
RESULT 24 6 8
DONE 12 
RESULT 20 11 7
DONE 14 
RESULT 7 5 26
DONE 13 
RESULT 9 4 25
DONE 9 
===ENDCFG=== conthist
=== Agrégation : sommer les lignes RESULT par cfg depuis CE stdout (output.log). Un cfg >=0.55 hors-IC ET EBF baisse
    (0504) => ordering = gain GRATUIT => baker le knob. Si Elo<baseline => le knob baisse l'EBF mais coute (cas conthist?).
