opening pool: 9 positions
jass setup:   pattern=/root/jass/jobs/results/ccx33-0227-fullfold-loop/artefacts.src/gen8.pjtw  book=(default/none)
scan setup:   book=off  bb-size=0
  [Scan-player init] init eval
  [Scan-player] bb-size=0 (no bitbases — FAIR comparison)
  game   1: Jass=W Scan=B → L (no legal move from Jass-player, 115 plies)  Jass +0.0  [0s]
  game   2: Scan=W Jass=B → W (no legal move from Jass-player, 126 plies)  Jass +0.0  [1s]
  game   3: Jass=W Scan=B → L (no legal move from Jass-player, 115 plies)  Jass +0.0  [1s]
  game   4: Scan=W Jass=B → W (no legal move from Jass-player, 126 plies)  Jass +0.0  [2s]
  game   5: Jass=W Scan=B → L (no legal move from Jass-player, 115 plies)  Jass +0.0  [2s]
  game   6: Scan=W Jass=B → W (no legal move from Jass-player, 126 plies)  Jass +0.0  [3s]
  game   7: Jass=W Scan=B → L (no legal move from Jass-player, 115 plies)  Jass +0.0  [3s]
  game   8: Scan=W Jass=B → W (no legal move from Jass-player, 126 plies)  Jass +0.0  [4s]
  game   9: Jass=W Scan=B → L (no legal move from Jass-player, 115 plies)  Jass +0.0  [4s]
  game  10: Scan=W Jass=B → W (no legal move from Jass-player, 126 plies)  Jass +0.0  [5s]
  game  11: Jass=W Scan=B → L (no legal move from Jass-player, 115 plies)  Jass +0.0  [5s]
  game  12: Scan=W Jass=B → W (no legal move from Jass-player, 126 plies)  Jass +0.0  [6s]
  game  13: Jass=W Scan=B → L (no legal move from Jass-player, 115 plies)  Jass +0.0  [6s]
  game  14: Scan=W Jass=B → W (no legal move from Jass-player, 126 plies)  Jass +0.0  [6s]
  game  15: Jass=W Scan=B → L (no legal move from Jass-player, 115 plies)  Jass +0.0  [7s]
  game  16: Scan=W Jass=B → W (no legal move from Jass-player, 126 plies)  Jass +0.0  [7s]
  game  17: Jass=W Scan=B → L (no legal move from Jass-player, 115 plies)  Jass +0.0  [8s]
  game  18: Scan=W Jass=B → W (no legal move from Jass-player, 126 plies)  Jass +0.0  [8s]
  game  19: Jass=W Scan=B → L (no legal move from Jass-player, 115 plies)  Jass +0.0  [9s]
  game  20: Scan=W Jass=B → W (no legal move from Jass-player, 126 plies)  Jass +0.0  [10s]
  game  21: Jass=W Scan=B → L (no legal move from Jass-player, 115 plies)  Jass +0.0  [10s]
  game  22: Scan=W Jass=B → W (no legal move from Jass-player, 126 plies)  Jass +0.0  [11s]
  game  23: Jass=W Scan=B → L (no legal move from Jass-player, 115 plies)  Jass +0.0  [11s]
  game  24: Scan=W Jass=B → W (no legal move from Jass-player, 126 plies)  Jass +0.0  [11s]
  game  25: Jass=W Scan=B → L (no legal move from Jass-player, 115 plies)  Jass +0.0  [12s]
  game  26: Scan=W Jass=B → W (no legal move from Jass-player, 126 plies)  Jass +0.0  [13s]
  game  27: Jass=W Scan=B → L (no legal move from Jass-player, 115 plies)  Jass +0.0  [13s]
  game  28: Scan=W Jass=B → W (no legal move from Jass-player, 126 plies)  Jass +0.0  [14s]
  game  29: Jass=W Scan=B → L (no legal move from Jass-player, 115 plies)  Jass +0.0  [15s]
  game  30: Scan=W Jass=B → W (no legal move from Jass-player, 126 plies)  Jass +0.0  [16s]
  game  31: Jass=W Scan=B → L (no legal move from Jass-player, 115 plies)  Jass +0.0  [16s]
  game  32: Scan=W Jass=B → W (no legal move from Jass-player, 126 plies)  Jass +0.0  [17s]
  game  33: Jass=W Scan=B → L (no legal move from Jass-player, 115 plies)  Jass +0.0  [18s]
  game  34: Scan=W Jass=B → W (no legal move from Jass-player, 126 plies)  Jass +0.0  [18s]
  game  35: Jass=W Scan=B → L (no legal move from Jass-player, 115 plies)  Jass +0.0  [19s]
  game  36: Scan=W Jass=B → W (no legal move from Jass-player, 126 plies)  Jass +0.0  [20s]
  game  37: Jass=W Scan=B → L (no legal move from Jass-player, 115 plies)  Jass +0.0  [21s]
  game  38: Scan=W Jass=B → W (no legal move from Jass-player, 126 plies)  Jass +0.0  [21s]
  game  39: Jass=W Scan=B → L (no legal move from Jass-player, 115 plies)  Jass +0.0  [22s]
  game  40: Scan=W Jass=B → W (no legal move from Jass-player, 126 plies)  Jass +0.0  [23s]
  game  41: Jass=W Scan=B → L (no legal move from Jass-player, 115 plies)  Jass +0.0  [24s]
  game  42: Scan=W Jass=B → W (no legal move from Jass-player, 126 plies)  Jass +0.0  [24s]
  game  43: Jass=W Scan=B → L (no legal move from Jass-player, 115 plies)  Jass +0.0  [25s]
  game  44: Scan=W Jass=B → W (no legal move from Jass-player, 126 plies)  Jass +0.0  [26s]
  game  45: Jass=W Scan=B → L (no legal move from Jass-player, 115 plies)  Jass +0.0  [27s]
  game  46: Scan=W Jass=B → W (no legal move from Jass-player, 126 plies)  Jass +0.0  [27s]
  game  47: Jass=W Scan=B → L (no legal move from Jass-player, 115 plies)  Jass +0.0  [28s]
  game  48: Scan=W Jass=B → W (no legal move from Jass-player, 126 plies)  Jass +0.0  [29s]
  game  49: Jass=W Scan=B → L (no legal move from Jass-player, 109 plies)  Jass +0.0  [30s]
  game  50: Scan=W Jass=B → W (no legal move from Jass-player, 102 plies)  Jass +0.0  [30s]
  game  51: Jass=W Scan=B → L (no legal move from Jass-player, 109 plies)  Jass +0.0  [31s]
  game  52: Scan=W Jass=B → W (no legal move from Jass-player, 102 plies)  Jass +0.0  [32s]
  game  53: Jass=W Scan=B → L (no legal move from Jass-player, 109 plies)  Jass +0.0  [32s]
  game  54: Scan=W Jass=B → W (no legal move from Jass-player, 102 plies)  Jass +0.0  [33s]
  game  55: Jass=W Scan=B → L (no legal move from Jass-player, 109 plies)  Jass +0.0  [34s]
  game  56: Scan=W Jass=B → W (no legal move from Jass-player, 102 plies)  Jass +0.0  [34s]
  game  57: Jass=W Scan=B → L (no legal move from Jass-player, 109 plies)  Jass +0.0  [35s]
  game  58: Scan=W Jass=B → W (no legal move from Jass-player, 102 plies)  Jass +0.0  [36s]
  game  59: Jass=W Scan=B → L (no legal move from Jass-player, 109 plies)  Jass +0.0  [36s]
  game  60: Scan=W Jass=B → W (no legal move from Jass-player, 102 plies)  Jass +0.0  [37s]
  game  61: Jass=W Scan=B → L (no legal move from Jass-player, 109 plies)  Jass +0.0  [37s]
  game  62: Scan=W Jass=B → W (no legal move from Jass-player, 102 plies)  Jass +0.0  [38s]
  game  63: Jass=W Scan=B → L (no legal move from Jass-player, 109 plies)  Jass +0.0  [39s]
  game  64: Scan=W Jass=B → W (no legal move from Jass-player, 102 plies)  Jass +0.0  [40s]
  game  65: Jass=W Scan=B → L (no legal move from Jass-player, 109 plies)  Jass +0.0  [40s]
  game  66: Scan=W Jass=B → W (no legal move from Jass-player, 102 plies)  Jass +0.0  [41s]
  game  67: Jass=W Scan=B → L (no legal move from Jass-player, 109 plies)  Jass +0.0  [42s]
  game  68: Scan=W Jass=B → W (no legal move from Jass-player, 102 plies)  Jass +0.0  [42s]
  game  69: Jass=W Scan=B → L (no legal move from Jass-player, 109 plies)  Jass +0.0  [43s]
  game  70: Scan=W Jass=B → W (no legal move from Jass-player, 102 plies)  Jass +0.0  [44s]
  game  71: Jass=W Scan=B → L (no legal move from Jass-player, 109 plies)  Jass +0.0  [44s]
  game  72: Scan=W Jass=B → W (no legal move from Jass-player, 102 plies)  Jass +0.0  [45s]
  game  73: Jass=W Scan=B → L (no legal move from Jass-player, 109 plies)  Jass +0.0  [46s]
  game  74: Scan=W Jass=B → W (no legal move from Jass-player, 102 plies)  Jass +0.0  [46s]
  game  75: Jass=W Scan=B → L (no legal move from Jass-player, 109 plies)  Jass +0.0  [47s]
  game  76: Scan=W Jass=B → W (no legal move from Jass-player, 102 plies)  Jass +0.0  [48s]
  game  77: Jass=W Scan=B → L (no legal move from Jass-player, 109 plies)  Jass +0.0  [49s]
  game  78: Scan=W Jass=B → W (no legal move from Jass-player, 102 plies)  Jass +0.0  [49s]
  game  79: Jass=W Scan=B → L (no legal move from Jass-player, 109 plies)  Jass +0.0  [50s]
  game  80: Scan=W Jass=B → W (no legal move from Jass-player, 102 plies)  Jass +0.0  [51s]
  game  81: Jass=W Scan=B → L (no legal move from Jass-player, 109 plies)  Jass +0.0  [51s]
  game  82: Scan=W Jass=B → W (no legal move from Jass-player, 102 plies)  Jass +0.0  [52s]
  game  83: Jass=W Scan=B → L (no legal move from Jass-player, 109 plies)  Jass +0.0  [53s]
  game  84: Scan=W Jass=B → W (no legal move from Jass-player, 102 plies)  Jass +0.0  [53s]
  game  85: Jass=W Scan=B → L (no legal move from Jass-player, 109 plies)  Jass +0.0  [54s]
  game  86: Scan=W Jass=B → W (no legal move from Jass-player, 102 plies)  Jass +0.0  [55s]
  game  87: Jass=W Scan=B → L (no legal move from Jass-player, 109 plies)  Jass +0.0  [56s]
  game  88: Scan=W Jass=B → W (no legal move from Jass-player, 102 plies)  Jass +0.0  [56s]
  game  89: Jass=W Scan=B → L (no legal move from Jass-player, 109 plies)  Jass +0.0  [57s]
  game  90: Scan=W Jass=B → W (no legal move from Jass-player, 102 plies)  Jass +0.0  [58s]
  game  91: Jass=W Scan=B → L (no legal move from Jass-player, 109 plies)  Jass +0.0  [58s]
  game  92: Scan=W Jass=B → W (no legal move from Jass-player, 102 plies)  Jass +0.0  [59s]
  game  93: Jass=W Scan=B → L (no legal move from Jass-player, 109 plies)  Jass +0.0  [60s]
  game  94: Scan=W Jass=B → W (no legal move from Jass-player, 102 plies)  Jass +0.0  [60s]
  game  95: Jass=W Scan=B → L (no legal move from Jass-player, 109 plies)  Jass +0.0  [61s]
  game  96: Scan=W Jass=B → W (no legal move from Jass-player, 102 plies)  Jass +0.0  [62s]
  game  97: Jass=W Scan=B → L (no legal move from Jass-player, 111 plies)  Jass +0.0  [62s]
  game  98: Scan=W Jass=B → W (no legal move from Jass-player, 122 plies)  Jass +0.0  [63s]
  game  99: Jass=W Scan=B → L (no legal move from Jass-player, 111 plies)  Jass +0.0  [64s]
  game 100: Scan=W Jass=B → W (no legal move from Jass-player, 122 plies)  Jass +0.0  [65s]
  game 101: Jass=W Scan=B → L (no legal move from Jass-player, 111 plies)  Jass +0.0  [65s]
  game 102: Scan=W Jass=B → W (no legal move from Jass-player, 122 plies)  Jass +0.0  [66s]
  game 103: Jass=W Scan=B → L (no legal move from Jass-player, 111 plies)  Jass +0.0  [67s]
  game 104: Scan=W Jass=B → W (no legal move from Jass-player, 122 plies)  Jass +0.0  [68s]
  game 105: Jass=W Scan=B → L (no legal move from Jass-player, 111 plies)  Jass +0.0  [68s]
  game 106: Scan=W Jass=B → W (no legal move from Jass-player, 122 plies)  Jass +0.0  [69s]
  game 107: Jass=W Scan=B → L (no legal move from Jass-player, 111 plies)  Jass +0.0  [70s]
  game 108: Scan=W Jass=B → W (no legal move from Jass-player, 122 plies)  Jass +0.0  [70s]
  game 109: Jass=W Scan=B → L (no legal move from Jass-player, 111 plies)  Jass +0.0  [71s]
  game 110: Scan=W Jass=B → W (no legal move from Jass-player, 122 plies)  Jass +0.0  [72s]
  game 111: Jass=W Scan=B → L (no legal move from Jass-player, 111 plies)  Jass +0.0  [73s]
  game 112: Scan=W Jass=B → W (no legal move from Jass-player, 122 plies)  Jass +0.0  [73s]
  game 113: Jass=W Scan=B → L (no legal move from Jass-player, 111 plies)  Jass +0.0  [74s]
  game 114: Scan=W Jass=B → W (no legal move from Jass-player, 122 plies)  Jass +0.0  [75s]
  game 115: Jass=W Scan=B → L (no legal move from Jass-player, 111 plies)  Jass +0.0  [76s]
  game 116: Scan=W Jass=B → W (no legal move from Jass-player, 122 plies)  Jass +0.0  [76s]
  game 117: Jass=W Scan=B → L (no legal move from Jass-player, 111 plies)  Jass +0.0  [77s]
  game 118: Scan=W Jass=B → W (no legal move from Jass-player, 122 plies)  Jass +0.0  [78s]
  game 119: Jass=W Scan=B → L (no legal move from Jass-player, 111 plies)  Jass +0.0  [78s]
  game 120: Scan=W Jass=B → W (no legal move from Jass-player, 122 plies)  Jass +0.0  [79s]
  game 121: Jass=W Scan=B → L (no legal move from Jass-player, 111 plies)  Jass +0.0  [80s]
  game 122: Scan=W Jass=B → W (no legal move from Jass-player, 122 plies)  Jass +0.0  [81s]
  game 123: Jass=W Scan=B → L (no legal move from Jass-player, 111 plies)  Jass +0.0  [81s]
  game 124: Scan=W Jass=B → W (no legal move from Jass-player, 122 plies)  Jass +0.0  [82s]
  game 125: Jass=W Scan=B → L (no legal move from Jass-player, 111 plies)  Jass +0.0  [83s]
  game 126: Scan=W Jass=B → W (no legal move from Jass-player, 122 plies)  Jass +0.0  [84s]
  game 127: Jass=W Scan=B → L (no legal move from Jass-player, 111 plies)  Jass +0.0  [84s]
  game 128: Scan=W Jass=B → W (no legal move from Jass-player, 122 plies)  Jass +0.0  [85s]
  game 129: Jass=W Scan=B → L (no legal move from Jass-player, 111 plies)  Jass +0.0  [86s]
  game 130: Scan=W Jass=B → W (no legal move from Jass-player, 122 plies)  Jass +0.0  [87s]
  game 131: Jass=W Scan=B → L (no legal move from Jass-player, 111 plies)  Jass +0.0  [87s]
  game 132: Scan=W Jass=B → W (no legal move from Jass-player, 122 plies)  Jass +0.0  [88s]
  game 133: Jass=W Scan=B → L (no legal move from Jass-player, 111 plies)  Jass +0.0  [89s]
  game 134: Scan=W Jass=B → W (no legal move from Jass-player, 122 plies)  Jass +0.0  [90s]
  game 135: Jass=W Scan=B → L (no legal move from Jass-player, 111 plies)  Jass +0.0  [90s]
  game 136: Scan=W Jass=B → W (no legal move from Jass-player, 122 plies)  Jass +0.0  [91s]
  game 137: Jass=W Scan=B → L (no legal move from Jass-player, 111 plies)  Jass +0.0  [92s]
  game 138: Scan=W Jass=B → W (no legal move from Jass-player, 122 plies)  Jass +0.0  [93s]
  game 139: Jass=W Scan=B → L (no legal move from Jass-player, 111 plies)  Jass +0.0  [93s]
  game 140: Scan=W Jass=B → W (no legal move from Jass-player, 122 plies)  Jass +0.0  [94s]
  game 141: Jass=W Scan=B → L (no legal move from Jass-player, 111 plies)  Jass +0.0  [95s]
  game 142: Scan=W Jass=B → W (no legal move from Jass-player, 122 plies)  Jass +0.0  [96s]
  game 143: Jass=W Scan=B → L (no legal move from Jass-player, 111 plies)  Jass +0.0  [96s]
  game 144: Scan=W Jass=B → W (no legal move from Jass-player, 122 plies)  Jass +0.0  [97s]
  game 145: Jass=W Scan=B → L (no legal move from Jass-player, 111 plies)  Jass +0.0  [98s]
  game 146: Scan=W Jass=B → W (no legal move from Jass-player, 118 plies)  Jass +0.0  [99s]
  game 147: Jass=W Scan=B → L (no legal move from Jass-player, 111 plies)  Jass +0.0  [99s]
  game 148: Scan=W Jass=B → W (no legal move from Jass-player, 118 plies)  Jass +0.0  [100s]
  game 149: Jass=W Scan=B → L (no legal move from Jass-player, 111 plies)  Jass +0.0  [101s]
  game 150: Scan=W Jass=B → W (no legal move from Jass-player, 118 plies)  Jass +0.0  [102s]
  game 151: Jass=W Scan=B → L (no legal move from Jass-player, 111 plies)  Jass +0.0  [103s]
  game 152: Scan=W Jass=B → W (no legal move from Jass-player, 118 plies)  Jass +0.0  [104s]
  game 153: Jass=W Scan=B → L (no legal move from Jass-player, 111 plies)  Jass +0.0  [104s]
  game 154: Scan=W Jass=B → W (no legal move from Jass-player, 118 plies)  Jass +0.0  [105s]
  game 155: Jass=W Scan=B → L (no legal move from Jass-player, 111 plies)  Jass +0.0  [106s]
  game 156: Scan=W Jass=B → W (no legal move from Jass-player, 118 plies)  Jass +0.0  [107s]
  game 157: Jass=W Scan=B → L (no legal move from Jass-player, 111 plies)  Jass +0.0  [108s]
  game 158: Scan=W Jass=B → W (no legal move from Jass-player, 118 plies)  Jass +0.0  [108s]
  game 159: Jass=W Scan=B → L (no legal move from Jass-player, 111 plies)  Jass +0.0  [109s]
  game 160: Scan=W Jass=B → W (no legal move from Jass-player, 118 plies)  Jass +0.0  [110s]
  game 161: Jass=W Scan=B → L (no legal move from Jass-player, 111 plies)  Jass +0.0  [111s]
  game 162: Scan=W Jass=B → W (no legal move from Jass-player, 118 plies)  Jass +0.0  [112s]
  game 163: Jass=W Scan=B → L (no legal move from Jass-player, 111 plies)  Jass +0.0  [112s]
  game 164: Scan=W Jass=B → W (no legal move from Jass-player, 118 plies)  Jass +0.0  [113s]
  game 165: Jass=W Scan=B → L (no legal move from Jass-player, 111 plies)  Jass +0.0  [114s]
  game 166: Scan=W Jass=B → W (no legal move from Jass-player, 118 plies)  Jass +0.0  [115s]
  game 167: Jass=W Scan=B → L (no legal move from Jass-player, 111 plies)  Jass +0.0  [115s]
  game 168: Scan=W Jass=B → W (no legal move from Jass-player, 118 plies)  Jass +0.0  [116s]
  game 169: Jass=W Scan=B → L (no legal move from Jass-player, 111 plies)  Jass +0.0  [117s]
  game 170: Scan=W Jass=B → W (no legal move from Jass-player, 118 plies)  Jass +0.0  [118s]
  game 171: Jass=W Scan=B → L (no legal move from Jass-player, 111 plies)  Jass +0.0  [118s]
  game 172: Scan=W Jass=B → W (no legal move from Jass-player, 118 plies)  Jass +0.0  [119s]
  game 173: Jass=W Scan=B → L (no legal move from Jass-player, 111 plies)  Jass +0.0  [120s]
  game 174: Scan=W Jass=B → W (no legal move from Jass-player, 118 plies)  Jass +0.0  [120s]
  game 175: Jass=W Scan=B → L (no legal move from Jass-player, 111 plies)  Jass +0.0  [121s]
  game 176: Scan=W Jass=B → W (no legal move from Jass-player, 118 plies)  Jass +0.0  [121s]
  game 177: Jass=W Scan=B → L (no legal move from Jass-player, 111 plies)  Jass +0.0  [122s]
  game 178: Scan=W Jass=B → W (no legal move from Jass-player, 118 plies)  Jass +0.0  [122s]
  game 179: Jass=W Scan=B → L (no legal move from Jass-player, 111 plies)  Jass +0.0  [122s]
  game 180: Scan=W Jass=B → W (no legal move from Jass-player, 118 plies)  Jass +0.0  [123s]
  game 181: Jass=W Scan=B → L (no legal move from Jass-player, 111 plies)  Jass +0.0  [124s]
  game 182: Scan=W Jass=B → W (no legal move from Jass-player, 118 plies)  Jass +0.0  [125s]
  game 183: Jass=W Scan=B → L (no legal move from Jass-player, 111 plies)  Jass +0.0  [125s]
  game 184: Scan=W Jass=B → W (no legal move from Jass-player, 118 plies)  Jass +0.0  [126s]
  game 185: Jass=W Scan=B → L (no legal move from Jass-player, 111 plies)  Jass +0.0  [127s]
  game 186: Scan=W Jass=B → W (no legal move from Jass-player, 118 plies)  Jass +0.0  [128s]
  game 187: Jass=W Scan=B → L (no legal move from Jass-player, 111 plies)  Jass +0.0  [128s]
  game 188: Scan=W Jass=B → W (no legal move from Jass-player, 118 plies)  Jass +0.0  [129s]
  game 189: Jass=W Scan=B → L (no legal move from Jass-player, 111 plies)  Jass +0.0  [130s]
  game 190: Scan=W Jass=B → W (no legal move from Jass-player, 118 plies)  Jass +0.0  [131s]
  game 191: Jass=W Scan=B → L (no legal move from Jass-player, 111 plies)  Jass +0.0  [132s]
  game 192: Scan=W Jass=B → W (no legal move from Jass-player, 118 plies)  Jass +0.0  [132s]
  game 193: Jass=W Scan=B → L (no legal move from Jass-player, 123 plies)  Jass +0.0  [133s]
  game 194: Scan=W Jass=B → W (no legal move from Jass-player, 124 plies)  Jass +0.0  [134s]
  game 195: Jass=W Scan=B → L (no legal move from Jass-player, 123 plies)  Jass +0.0  [135s]
  game 196: Scan=W Jass=B → W (no legal move from Jass-player, 124 plies)  Jass +0.0  [135s]
  game 197: Jass=W Scan=B → L (no legal move from Jass-player, 123 plies)  Jass +0.0  [136s]
  game 198: Scan=W Jass=B → W (no legal move from Jass-player, 124 plies)  Jass +0.0  [137s]
  game 199: Jass=W Scan=B → L (no legal move from Jass-player, 123 plies)  Jass +0.0  [138s]
  game 200: Scan=W Jass=B → W (no legal move from Jass-player, 124 plies)  Jass +0.0  [138s]
  game 201: Jass=W Scan=B → L (no legal move from Jass-player, 123 plies)  Jass +0.0  [139s]
  game 202: Scan=W Jass=B → W (no legal move from Jass-player, 124 plies)  Jass +0.0  [140s]
  game 203: Jass=W Scan=B → L (no legal move from Jass-player, 123 plies)  Jass +0.0  [140s]
  game 204: Scan=W Jass=B → W (no legal move from Jass-player, 124 plies)  Jass +0.0  [141s]
  game 205: Jass=W Scan=B → L (no legal move from Jass-player, 123 plies)  Jass +0.0  [142s]
  game 206: Scan=W Jass=B → W (no legal move from Jass-player, 124 plies)  Jass +0.0  [143s]
  game 207: Jass=W Scan=B → L (no legal move from Jass-player, 123 plies)  Jass +0.0  [143s]
  game 208: Scan=W Jass=B → W (no legal move from Jass-player, 124 plies)  Jass +0.0  [144s]
  game 209: Jass=W Scan=B → L (no legal move from Jass-player, 123 plies)  Jass +0.0  [145s]
  game 210: Scan=W Jass=B → W (no legal move from Jass-player, 124 plies)  Jass +0.0  [146s]
  game 211: Jass=W Scan=B → L (no legal move from Jass-player, 123 plies)  Jass +0.0  [146s]
  game 212: Scan=W Jass=B → W (no legal move from Jass-player, 124 plies)  Jass +0.0  [147s]
  game 213: Jass=W Scan=B → L (no legal move from Jass-player, 123 plies)  Jass +0.0  [148s]
  game 214: Scan=W Jass=B → W (no legal move from Jass-player, 124 plies)  Jass +0.0  [149s]
  game 215: Jass=W Scan=B → L (no legal move from Jass-player, 123 plies)  Jass +0.0  [149s]
  game 216: Scan=W Jass=B → W (no legal move from Jass-player, 124 plies)  Jass +0.0  [150s]
  game 217: Jass=W Scan=B → L (no legal move from Jass-player, 123 plies)  Jass +0.0  [151s]
  game 218: Scan=W Jass=B → W (no legal move from Jass-player, 124 plies)  Jass +0.0  [152s]
  game 219: Jass=W Scan=B → L (no legal move from Jass-player, 123 plies)  Jass +0.0  [152s]
  game 220: Scan=W Jass=B → W (no legal move from Jass-player, 124 plies)  Jass +0.0  [153s]
  game 221: Jass=W Scan=B → L (no legal move from Jass-player, 123 plies)  Jass +0.0  [154s]
  game 222: Scan=W Jass=B → W (no legal move from Jass-player, 124 plies)  Jass +0.0  [155s]
  game 223: Jass=W Scan=B → L (no legal move from Jass-player, 123 plies)  Jass +0.0  [155s]
  game 224: Scan=W Jass=B → W (no legal move from Jass-player, 124 plies)  Jass +0.0  [156s]
  game 225: Jass=W Scan=B → L (no legal move from Jass-player, 123 plies)  Jass +0.0  [157s]
  game 226: Scan=W Jass=B → W (no legal move from Jass-player, 124 plies)  Jass +0.0  [157s]
  game 227: Jass=W Scan=B → L (no legal move from Jass-player, 123 plies)  Jass +0.0  [158s]
  game 228: Scan=W Jass=B → W (no legal move from Jass-player, 124 plies)  Jass +0.0  [159s]
  game 229: Jass=W Scan=B → L (no legal move from Jass-player, 123 plies)  Jass +0.0  [160s]
  game 230: Scan=W Jass=B → W (no legal move from Jass-player, 124 plies)  Jass +0.0  [160s]
  game 231: Jass=W Scan=B → L (no legal move from Jass-player, 123 plies)  Jass +0.0  [161s]
  game 232: Scan=W Jass=B → W (no legal move from Jass-player, 124 plies)  Jass +0.0  [162s]
  game 233: Jass=W Scan=B → L (no legal move from Jass-player, 123 plies)  Jass +0.0  [162s]
  game 234: Scan=W Jass=B → W (no legal move from Jass-player, 124 plies)  Jass +0.0  [163s]
  game 235: Jass=W Scan=B → L (no legal move from Jass-player, 123 plies)  Jass +0.0  [164s]
  game 236: Scan=W Jass=B → W (no legal move from Jass-player, 124 plies)  Jass +0.0  [165s]
  game 237: Jass=W Scan=B → L (no legal move from Jass-player, 123 plies)  Jass +0.0  [165s]
  game 238: Scan=W Jass=B → W (no legal move from Jass-player, 124 plies)  Jass +0.0  [166s]
  game 239: Jass=W Scan=B → L (no legal move from Jass-player, 123 plies)  Jass +0.0  [167s]
  game 240: Scan=W Jass=B → W (no legal move from Jass-player, 124 plies)  Jass +0.0  [168s]
  game 241: Jass=W Scan=B → L (no legal move from Jass-player, 113 plies)  Jass +0.0  [168s]
  game 242: Scan=W Jass=B → W (no legal move from Jass-player, 102 plies)  Jass +0.0  [169s]
  game 243: Jass=W Scan=B → L (no legal move from Jass-player, 113 plies)  Jass +0.0  [169s]
  game 244: Scan=W Jass=B → W (no legal move from Jass-player, 102 plies)  Jass +0.0  [170s]
  game 245: Jass=W Scan=B → L (no legal move from Jass-player, 113 plies)  Jass +0.0  [171s]
  game 246: Scan=W Jass=B → W (no legal move from Jass-player, 102 plies)  Jass +0.0  [171s]
  game 247: Jass=W Scan=B → L (no legal move from Jass-player, 113 plies)  Jass +0.0  [172s]
  game 248: Scan=W Jass=B → W (no legal move from Jass-player, 102 plies)  Jass +0.0  [172s]
  game 249: Jass=W Scan=B → L (no legal move from Jass-player, 113 plies)  Jass +0.0  [173s]
  game 250: Scan=W Jass=B → W (no legal move from Jass-player, 102 plies)  Jass +0.0  [174s]
  game 251: Jass=W Scan=B → L (no legal move from Jass-player, 113 plies)  Jass +0.0  [174s]
  game 252: Scan=W Jass=B → W (no legal move from Jass-player, 102 plies)  Jass +0.0  [175s]
  game 253: Jass=W Scan=B → L (no legal move from Jass-player, 113 plies)  Jass +0.0  [175s]
  game 254: Scan=W Jass=B → W (no legal move from Jass-player, 102 plies)  Jass +0.0  [176s]
  game 255: Jass=W Scan=B → L (no legal move from Jass-player, 113 plies)  Jass +0.0  [177s]
  game 256: Scan=W Jass=B → W (no legal move from Jass-player, 102 plies)  Jass +0.0  [177s]
  game 257: Jass=W Scan=B → L (no legal move from Jass-player, 113 plies)  Jass +0.0  [178s]
  game 258: Scan=W Jass=B → W (no legal move from Jass-player, 102 plies)  Jass +0.0  [179s]
  game 259: Jass=W Scan=B → L (no legal move from Jass-player, 113 plies)  Jass +0.0  [179s]
  game 260: Scan=W Jass=B → W (no legal move from Jass-player, 102 plies)  Jass +0.0  [180s]
  game 261: Jass=W Scan=B → L (no legal move from Jass-player, 113 plies)  Jass +0.0  [180s]
  game 262: Scan=W Jass=B → W (no legal move from Jass-player, 102 plies)  Jass +0.0  [181s]
  game 263: Jass=W Scan=B → L (no legal move from Jass-player, 113 plies)  Jass +0.0  [182s]
  game 264: Scan=W Jass=B → W (no legal move from Jass-player, 102 plies)  Jass +0.0  [182s]
  game 265: Jass=W Scan=B → L (no legal move from Jass-player, 113 plies)  Jass +0.0  [183s]
  game 266: Scan=W Jass=B → W (no legal move from Jass-player, 102 plies)  Jass +0.0  [184s]
  game 267: Jass=W Scan=B → L (no legal move from Jass-player, 113 plies)  Jass +0.0  [184s]
  game 268: Scan=W Jass=B → W (no legal move from Jass-player, 102 plies)  Jass +0.0  [185s]
  game 269: Jass=W Scan=B → L (no legal move from Jass-player, 113 plies)  Jass +0.0  [185s]
  game 270: Scan=W Jass=B → W (no legal move from Jass-player, 102 plies)  Jass +0.0  [186s]
  game 271: Jass=W Scan=B → L (no legal move from Jass-player, 113 plies)  Jass +0.0  [187s]
  game 272: Scan=W Jass=B → W (no legal move from Jass-player, 102 plies)  Jass +0.0  [187s]
  game 273: Jass=W Scan=B → L (no legal move from Jass-player, 113 plies)  Jass +0.0  [188s]
  game 274: Scan=W Jass=B → W (no legal move from Jass-player, 102 plies)  Jass +0.0  [188s]
  game 275: Jass=W Scan=B → L (no legal move from Jass-player, 113 plies)  Jass +0.0  [189s]
  game 276: Scan=W Jass=B → W (no legal move from Jass-player, 102 plies)  Jass +0.0  [190s]
  game 277: Jass=W Scan=B → L (no legal move from Jass-player, 113 plies)  Jass +0.0  [190s]
  game 278: Scan=W Jass=B → W (no legal move from Jass-player, 102 plies)  Jass +0.0  [191s]
  game 279: Jass=W Scan=B → L (no legal move from Jass-player, 113 plies)  Jass +0.0  [191s]
  game 280: Scan=W Jass=B → W (no legal move from Jass-player, 102 plies)  Jass +0.0  [192s]
  game 281: Jass=W Scan=B → L (no legal move from Jass-player, 113 plies)  Jass +0.0  [193s]
  game 282: Scan=W Jass=B → W (no legal move from Jass-player, 102 plies)  Jass +0.0  [193s]
  game 283: Jass=W Scan=B → L (no legal move from Jass-player, 113 plies)  Jass +0.0  [194s]
  game 284: Scan=W Jass=B → W (no legal move from Jass-player, 102 plies)  Jass +0.0  [195s]
  game 285: Jass=W Scan=B → L (no legal move from Jass-player, 113 plies)  Jass +0.0  [195s]
  game 286: Scan=W Jass=B → W (no legal move from Jass-player, 102 plies)  Jass +0.0  [196s]
  game 287: Jass=W Scan=B → L (no legal move from Jass-player, 113 plies)  Jass +0.0  [197s]
  game 288: Scan=W Jass=B → W (no legal move from Jass-player, 102 plies)  Jass +0.0  [197s]
  game 289: Jass=W Scan=B → L (no legal move from Jass-player, 109 plies)  Jass +0.0  [198s]
  game 290: Scan=W Jass=B → W (no legal move from Jass-player, 128 plies)  Jass +0.0  [199s]
  game 291: Jass=W Scan=B → L (no legal move from Jass-player, 109 plies)  Jass +0.0  [199s]
  game 292: Scan=W Jass=B → W (no legal move from Jass-player, 128 plies)  Jass +0.0  [200s]
  game 293: Jass=W Scan=B → L (no legal move from Jass-player, 109 plies)  Jass +0.0  [201s]
  game 294: Scan=W Jass=B → W (no legal move from Jass-player, 128 plies)  Jass +0.0  [202s]
  game 295: Jass=W Scan=B → L (no legal move from Jass-player, 109 plies)  Jass +0.0  [202s]
  game 296: Scan=W Jass=B → W (no legal move from Jass-player, 128 plies)  Jass +0.0  [203s]
  game 297: Jass=W Scan=B → L (no legal move from Jass-player, 109 plies)  Jass +0.0  [204s]
  game 298: Scan=W Jass=B → W (no legal move from Jass-player, 128 plies)  Jass +0.0  [205s]
  game 299: Jass=W Scan=B → L (no legal move from Jass-player, 109 plies)  Jass +0.0  [205s]
  game 300: Scan=W Jass=B → W (no legal move from Jass-player, 128 plies)  Jass +0.0  [206s]
  game 301: Jass=W Scan=B → L (no legal move from Jass-player, 109 plies)  Jass +0.0  [207s]
  game 302: Scan=W Jass=B → W (no legal move from Jass-player, 128 plies)  Jass +0.0  [207s]
  game 303: Jass=W Scan=B → L (no legal move from Jass-player, 109 plies)  Jass +0.0  [208s]
  game 304: Scan=W Jass=B → W (no legal move from Jass-player, 128 plies)  Jass +0.0  [209s]
  game 305: Jass=W Scan=B → L (no legal move from Jass-player, 109 plies)  Jass +0.0  [209s]
  game 306: Scan=W Jass=B → W (no legal move from Jass-player, 128 plies)  Jass +0.0  [210s]
  game 307: Jass=W Scan=B → L (no legal move from Jass-player, 109 plies)  Jass +0.0  [211s]
  game 308: Scan=W Jass=B → W (no legal move from Jass-player, 128 plies)  Jass +0.0  [211s]
  game 309: Jass=W Scan=B → L (no legal move from Jass-player, 109 plies)  Jass +0.0  [212s]
  game 310: Scan=W Jass=B → W (no legal move from Jass-player, 128 plies)  Jass +0.0  [213s]
  game 311: Jass=W Scan=B → L (no legal move from Jass-player, 109 plies)  Jass +0.0  [214s]
  game 312: Scan=W Jass=B → W (no legal move from Jass-player, 128 plies)  Jass +0.0  [214s]
  game 313: Jass=W Scan=B → L (no legal move from Jass-player, 109 plies)  Jass +0.0  [215s]
  game 314: Scan=W Jass=B → W (no legal move from Jass-player, 128 plies)  Jass +0.0  [216s]
  game 315: Jass=W Scan=B → L (no legal move from Jass-player, 109 plies)  Jass +0.0  [216s]
  game 316: Scan=W Jass=B → W (no legal move from Jass-player, 128 plies)  Jass +0.0  [217s]
  game 317: Jass=W Scan=B → L (no legal move from Jass-player, 109 plies)  Jass +0.0  [218s]
  game 318: Scan=W Jass=B → W (no legal move from Jass-player, 128 plies)  Jass +0.0  [218s]
  game 319: Jass=W Scan=B → L (no legal move from Jass-player, 109 plies)  Jass +0.0  [219s]
  game 320: Scan=W Jass=B → W (no legal move from Jass-player, 128 plies)  Jass +0.0  [220s]
  game 321: Jass=W Scan=B → L (no legal move from Jass-player, 109 plies)  Jass +0.0  [221s]
  game 322: Scan=W Jass=B → W (no legal move from Jass-player, 128 plies)  Jass +0.0  [221s]
  game 323: Jass=W Scan=B → L (no legal move from Jass-player, 109 plies)  Jass +0.0  [222s]
  game 324: Scan=W Jass=B → W (no legal move from Jass-player, 128 plies)  Jass +0.0  [222s]
  game 325: Jass=W Scan=B → L (no legal move from Jass-player, 109 plies)  Jass +0.0  [223s]
  game 326: Scan=W Jass=B → W (no legal move from Jass-player, 128 plies)  Jass +0.0  [224s]
  game 327: Jass=W Scan=B → L (no legal move from Jass-player, 109 plies)  Jass +0.0  [225s]
  game 328: Scan=W Jass=B → W (no legal move from Jass-player, 128 plies)  Jass +0.0  [225s]
  game 329: Jass=W Scan=B → L (no legal move from Jass-player, 109 plies)  Jass +0.0  [226s]
  game 330: Scan=W Jass=B → W (no legal move from Jass-player, 128 plies)  Jass +0.0  [227s]
  game 331: Jass=W Scan=B → L (no legal move from Jass-player, 109 plies)  Jass +0.0  [227s]
  game 332: Scan=W Jass=B → W (no legal move from Jass-player, 128 plies)  Jass +0.0  [228s]
  game 333: Jass=W Scan=B → L (no legal move from Jass-player, 109 plies)  Jass +0.0  [229s]
  game 334: Scan=W Jass=B → W (no legal move from Jass-player, 128 plies)  Jass +0.0  [229s]
  game 335: Jass=W Scan=B → L (no legal move from Jass-player, 109 plies)  Jass +0.0  [230s]
  game 336: Scan=W Jass=B → W (no legal move from Jass-player, 128 plies)  Jass +0.0  [231s]
  game 337: Jass=W Scan=B → L (no legal move from Jass-player, 117 plies)  Jass +0.0  [232s]
  game 338: Scan=W Jass=B → W (no legal move from Jass-player, 114 plies)  Jass +0.0  [232s]
  game 339: Jass=W Scan=B → L (no legal move from Jass-player, 117 plies)  Jass +0.0  [233s]
  game 340: Scan=W Jass=B → W (no legal move from Jass-player, 114 plies)  Jass +0.0  [234s]
  game 341: Jass=W Scan=B → L (no legal move from Jass-player, 117 plies)  Jass +0.0  [235s]
  game 342: Scan=W Jass=B → W (no legal move from Jass-player, 114 plies)  Jass +0.0  [235s]
  game 343: Jass=W Scan=B → L (no legal move from Jass-player, 117 plies)  Jass +0.0  [236s]
  game 344: Scan=W Jass=B → W (no legal move from Jass-player, 114 plies)  Jass +0.0  [237s]
  game 345: Jass=W Scan=B → L (no legal move from Jass-player, 117 plies)  Jass +0.0  [237s]
  game 346: Scan=W Jass=B → W (no legal move from Jass-player, 114 plies)  Jass +0.0  [238s]
  game 347: Jass=W Scan=B → L (no legal move from Jass-player, 117 plies)  Jass +0.0  [239s]
  game 348: Scan=W Jass=B → W (no legal move from Jass-player, 114 plies)  Jass +0.0  [240s]
  game 349: Jass=W Scan=B → L (no legal move from Jass-player, 117 plies)  Jass +0.0  [241s]
  game 350: Scan=W Jass=B → W (no legal move from Jass-player, 114 plies)  Jass +0.0  [241s]
  game 351: Jass=W Scan=B → L (no legal move from Jass-player, 117 plies)  Jass +0.0  [242s]
  game 352: Scan=W Jass=B → W (no legal move from Jass-player, 114 plies)  Jass +0.0  [243s]
  game 353: Jass=W Scan=B → L (no legal move from Jass-player, 117 plies)  Jass +0.0  [243s]
  game 354: Scan=W Jass=B → W (no legal move from Jass-player, 114 plies)  Jass +0.0  [244s]
  game 355: Jass=W Scan=B → L (no legal move from Jass-player, 117 plies)  Jass +0.0  [245s]
  game 356: Scan=W Jass=B → W (no legal move from Jass-player, 114 plies)  Jass +0.0  [246s]
  game 357: Jass=W Scan=B → L (no legal move from Jass-player, 117 plies)  Jass +0.0  [246s]
  game 358: Scan=W Jass=B → W (no legal move from Jass-player, 114 plies)  Jass +0.0  [247s]
  game 359: Jass=W Scan=B → L (no legal move from Jass-player, 117 plies)  Jass +0.0  [248s]
  game 360: Scan=W Jass=B → W (no legal move from Jass-player, 114 plies)  Jass +0.0  [248s]
  game 361: Jass=W Scan=B → L (no legal move from Jass-player, 117 plies)  Jass +0.0  [249s]
  game 362: Scan=W Jass=B → W (no legal move from Jass-player, 114 plies)  Jass +0.0  [250s]
  game 363: Jass=W Scan=B → L (no legal move from Jass-player, 117 plies)  Jass +0.0  [251s]
  game 364: Scan=W Jass=B → W (no legal move from Jass-player, 114 plies)  Jass +0.0  [251s]
  game 365: Jass=W Scan=B → L (no legal move from Jass-player, 117 plies)  Jass +0.0  [252s]
  game 366: Scan=W Jass=B → W (no legal move from Jass-player, 114 plies)  Jass +0.0  [253s]
  game 367: Jass=W Scan=B → L (no legal move from Jass-player, 117 plies)  Jass +0.0  [254s]
  game 368: Scan=W Jass=B → W (no legal move from Jass-player, 114 plies)  Jass +0.0  [254s]
  game 369: Jass=W Scan=B → L (no legal move from Jass-player, 117 plies)  Jass +0.0  [254s]
  game 370: Scan=W Jass=B → W (no legal move from Jass-player, 114 plies)  Jass +0.0  [255s]
  game 371: Jass=W Scan=B → L (no legal move from Jass-player, 117 plies)  Jass +0.0  [256s]
  game 372: Scan=W Jass=B → W (no legal move from Jass-player, 114 plies)  Jass +0.0  [257s]
  game 373: Jass=W Scan=B → L (no legal move from Jass-player, 117 plies)  Jass +0.0  [257s]
  game 374: Scan=W Jass=B → W (no legal move from Jass-player, 114 plies)  Jass +0.0  [258s]
  game 375: Jass=W Scan=B → L (no legal move from Jass-player, 117 plies)  Jass +0.0  [259s]
  game 376: Scan=W Jass=B → W (no legal move from Jass-player, 114 plies)  Jass +0.0  [260s]
  game 377: Jass=W Scan=B → L (no legal move from Jass-player, 117 plies)  Jass +0.0  [260s]
  game 378: Scan=W Jass=B → W (no legal move from Jass-player, 114 plies)  Jass +0.0  [261s]
  game 379: Jass=W Scan=B → L (no legal move from Jass-player, 117 plies)  Jass +0.0  [262s]
  game 380: Scan=W Jass=B → W (no legal move from Jass-player, 114 plies)  Jass +0.0  [263s]
  game 381: Jass=W Scan=B → L (no legal move from Jass-player, 117 plies)  Jass +0.0  [263s]
  game 382: Scan=W Jass=B → W (no legal move from Jass-player, 114 plies)  Jass +0.0  [264s]
  game 383: Jass=W Scan=B → L (no legal move from Jass-player, 117 plies)  Jass +0.0  [265s]
  game 384: Scan=W Jass=B → W (no legal move from Jass-player, 114 plies)  Jass +0.0  [266s]
  game 385: Jass=W Scan=B → L (no legal move from Jass-player, 107 plies)  Jass +0.0  [266s]
  game 386: Scan=W Jass=B → W (no legal move from Jass-player, 162 plies)  Jass +0.0  [268s]
  game 387: Jass=W Scan=B → L (no legal move from Jass-player, 107 plies)  Jass +0.0  [268s]
  game 388: Scan=W Jass=B → W (no legal move from Jass-player, 162 plies)  Jass +0.0  [270s]
  game 389: Jass=W Scan=B → L (no legal move from Jass-player, 107 plies)  Jass +0.0  [270s]
  game 390: Scan=W Jass=B → W (no legal move from Jass-player, 162 plies)  Jass +0.0  [271s]
  game 391: Jass=W Scan=B → L (no legal move from Jass-player, 107 plies)  Jass +0.0  [272s]
  game 392: Scan=W Jass=B → W (no legal move from Jass-player, 162 plies)  Jass +0.0  [273s]
  game 393: Jass=W Scan=B → L (no legal move from Jass-player, 107 plies)  Jass +0.0  [274s]
  game 394: Scan=W Jass=B → W (no legal move from Jass-player, 162 plies)  Jass +0.0  [275s]
  game 395: Jass=W Scan=B → L (no legal move from Jass-player, 107 plies)  Jass +0.0  [275s]
  game 396: Scan=W Jass=B → W (no legal move from Jass-player, 162 plies)  Jass +0.0  [277s]
  game 397: Jass=W Scan=B → L (no legal move from Jass-player, 107 plies)  Jass +0.0  [277s]
  game 398: Scan=W Jass=B → W (no legal move from Jass-player, 162 plies)  Jass +0.0  [278s]
  game 399: Jass=W Scan=B → L (no legal move from Jass-player, 107 plies)  Jass +0.0  [279s]
  game 400: Scan=W Jass=B → W (no legal move from Jass-player, 162 plies)  Jass +0.0  [280s]
  game 401: Jass=W Scan=B → L (no legal move from Jass-player, 107 plies)  Jass +0.0  [281s]
  game 402: Scan=W Jass=B → W (no legal move from Jass-player, 162 plies)  Jass +0.0  [282s]
  game 403: Jass=W Scan=B → L (no legal move from Jass-player, 107 plies)  Jass +0.0  [282s]
  game 404: Scan=W Jass=B → W (no legal move from Jass-player, 162 plies)  Jass +0.0  [284s]
  game 405: Jass=W Scan=B → L (no legal move from Jass-player, 107 plies)  Jass +0.0  [284s]
  game 406: Scan=W Jass=B → W (no legal move from Jass-player, 162 plies)  Jass +0.0  [285s]
  game 407: Jass=W Scan=B → L (no legal move from Jass-player, 107 plies)  Jass +0.0  [286s]
  game 408: Scan=W Jass=B → W (no legal move from Jass-player, 162 plies)  Jass +0.0  [287s]
  game 409: Jass=W Scan=B → L (no legal move from Jass-player, 107 plies)  Jass +0.0  [288s]
  game 410: Scan=W Jass=B → W (no legal move from Jass-player, 162 plies)  Jass +0.0  [289s]
  game 411: Jass=W Scan=B → L (no legal move from Jass-player, 107 plies)  Jass +0.0  [289s]
  game 412: Scan=W Jass=B → W (no legal move from Jass-player, 162 plies)  Jass +0.0  [291s]
  game 413: Jass=W Scan=B → L (no legal move from Jass-player, 107 plies)  Jass +0.0  [291s]
  game 414: Scan=W Jass=B → W (no legal move from Jass-player, 162 plies)  Jass +0.0  [292s]
  game 415: Jass=W Scan=B → L (no legal move from Jass-player, 107 plies)  Jass +0.0  [293s]
  game 416: Scan=W Jass=B → W (no legal move from Jass-player, 162 plies)  Jass +0.0  [294s]
  game 417: Jass=W Scan=B → L (no legal move from Jass-player, 107 plies)  Jass +0.0  [295s]
  game 418: Scan=W Jass=B → W (no legal move from Jass-player, 162 plies)  Jass +0.0  [296s]
  game 419: Jass=W Scan=B → L (no legal move from Jass-player, 107 plies)  Jass +0.0  [296s]
  game 420: Scan=W Jass=B → W (no legal move from Jass-player, 162 plies)  Jass +0.0  [297s]
  game 421: Jass=W Scan=B → L (no legal move from Jass-player, 107 plies)  Jass +0.0  [297s]
  game 422: Scan=W Jass=B → W (no legal move from Jass-player, 162 plies)  Jass +0.0  [299s]
  game 423: Jass=W Scan=B → L (no legal move from Jass-player, 107 plies)  Jass +0.0  [299s]
  game 424: Scan=W Jass=B → W (no legal move from Jass-player, 162 plies)  Jass +0.0  [300s]
  game 425: Jass=W Scan=B → L (no legal move from Jass-player, 107 plies)  Jass +0.0  [301s]
  game 426: Scan=W Jass=B → W (no legal move from Jass-player, 162 plies)  Jass +0.0  [302s]
  game 427: Jass=W Scan=B → L (no legal move from Jass-player, 107 plies)  Jass +0.0  [302s]
  game 428: Scan=W Jass=B → W (no legal move from Jass-player, 162 plies)  Jass +0.0  [303s]
  game 429: Jass=W Scan=B → L (no legal move from Jass-player, 107 plies)  Jass +0.0  [304s]
  game 430: Scan=W Jass=B → W (no legal move from Jass-player, 162 plies)  Jass +0.0  [305s]
  game 431: Jass=W Scan=B → L (no legal move from Jass-player, 107 plies)  Jass +0.0  [306s]
  game 432: Scan=W Jass=B → W (no legal move from Jass-player, 162 plies)  Jass +0.0  [307s]

=== Jass vs Scan, depth 9, 432 games ===
  Jass=0  Scan=432  Draws=0
  Jass score rate: 0.000 (0.0 / 432)
  ELO estimate:    -800 (95% CI ≈ ±38)
