opening pool: 9 positions
jass setup:   pattern=/root/jass/jobs/results/ccx33-0227-fullfold-loop/artefacts.src/gen8.pjtw  book=(default/none)
scan setup:   book=off  bb-size=0
  [Scan-player init] init eval
  [Scan-player] bb-size=0 (no bitbases — FAIR comparison)
  game   1: Jass=W Scan=B → L (no legal move from Jass-player, 107 plies)  Jass +0.0  [0s]
  game   2: Scan=W Jass=B → W (no legal move from Jass-player, 110 plies)  Jass +0.0  [1s]
  game   3: Jass=W Scan=B → L (no legal move from Jass-player, 107 plies)  Jass +0.0  [1s]
  game   4: Scan=W Jass=B → W (no legal move from Jass-player, 110 plies)  Jass +0.0  [1s]
  game   5: Jass=W Scan=B → L (no legal move from Jass-player, 137 plies)  Jass +0.0  [1s]
  game   6: Scan=W Jass=B → W (no legal move from Jass-player, 110 plies)  Jass +0.0  [2s]
  game   7: Jass=W Scan=B → L (no legal move from Jass-player, 137 plies)  Jass +0.0  [2s]
  game   8: Scan=W Jass=B → W (no legal move from Jass-player, 110 plies)  Jass +0.0  [2s]
  game   9: Jass=W Scan=B → L (no legal move from Jass-player, 111 plies)  Jass +0.0  [3s]
  game  10: Scan=W Jass=B → W (no legal move from Jass-player, 118 plies)  Jass +0.0  [3s]
  game  11: Jass=W Scan=B → L (no legal move from Jass-player, 111 plies)  Jass +0.0  [3s]
  game  12: Scan=W Jass=B → W (no legal move from Jass-player, 118 plies)  Jass +0.0  [4s]
  game  13: Jass=W Scan=B → L (no legal move from Jass-player, 107 plies)  Jass +0.0  [4s]
  game  14: Scan=W Jass=B → W (no legal move from Jass-player, 108 plies)  Jass +0.0  [4s]
  game  15: Jass=W Scan=B → L (no legal move from Jass-player, 107 plies)  Jass +0.0  [4s]
  game  16: Scan=W Jass=B → W (no legal move from Jass-player, 108 plies)  Jass +0.0  [5s]
  game  17: Jass=W Scan=B → L (no legal move from Jass-player, 127 plies)  Jass +0.0  [5s]
  game  18: Scan=W Jass=B → W (no legal move from Jass-player, 122 plies)  Jass +0.0  [5s]
  game  19: Jass=W Scan=B → L (no legal move from Jass-player, 127 plies)  Jass +0.0  [6s]
  game  20: Scan=W Jass=B → W (no legal move from Jass-player, 122 plies)  Jass +0.0  [6s]
  game  21: Jass=W Scan=B → L (no legal move from Jass-player, 105 plies)  Jass +0.0  [6s]
  game  22: Scan=W Jass=B → W (no legal move from Jass-player, 122 plies)  Jass +0.0  [6s]
  game  23: Jass=W Scan=B → L (no legal move from Jass-player, 105 plies)  Jass +0.0  [7s]
  game  24: Scan=W Jass=B → W (no legal move from Jass-player, 122 plies)  Jass +0.0  [7s]
  game  25: Jass=W Scan=B → L (no legal move from Jass-player, 107 plies)  Jass +0.0  [7s]
  game  26: Scan=W Jass=B → W (no legal move from Jass-player, 112 plies)  Jass +0.0  [7s]
  game  27: Jass=W Scan=B → L (no legal move from Jass-player, 107 plies)  Jass +0.0  [8s]
  game  28: Scan=W Jass=B → W (no legal move from Jass-player, 112 plies)  Jass +0.0  [8s]
  game  29: Jass=W Scan=B → L (no legal move from Jass-player, 125 plies)  Jass +0.0  [8s]
  game  30: Scan=W Jass=B → W (no legal move from Jass-player, 108 plies)  Jass +0.0  [9s]
  game  31: Jass=W Scan=B → L (no legal move from Jass-player, 125 plies)  Jass +0.0  [9s]
  game  32: Scan=W Jass=B → W (no legal move from Jass-player, 108 plies)  Jass +0.0  [9s]
  game  33: Jass=W Scan=B → L (no legal move from Jass-player, 91 plies)  Jass +0.0  [9s]
  game  34: Scan=W Jass=B → W (no legal move from Jass-player, 116 plies)  Jass +0.0  [10s]
  game  35: Jass=W Scan=B → L (no legal move from Jass-player, 91 plies)  Jass +0.0  [10s]
  game  36: Scan=W Jass=B → W (no legal move from Jass-player, 116 plies)  Jass +0.0  [10s]

=== Jass vs Scan, depth 6, 36 games ===
  Jass=0  Scan=36  Draws=0
  Jass score rate: 0.000 (0.0 / 36)
  ELO estimate:    -800 (95% CI ≈ ±133)
