[ 92%] Built target jass_lib
[ 96%] Building CXX object CMakeFiles/jass.dir/src/main.cpp.o
/root/jass/src/main.cpp: In function ‘std::array<int, 5> parse_depth_by_phase(const std::string&, const char*)’:
/root/jass/src/main.cpp:167:47: warning: conversion to ‘std::array<int, 5>::size_type’ {aka ‘long unsigned int’} from ‘int’ may change the sign of the result [-Wsign-conversion]
  167 |             if (name == PHASE_NAMES[p]) { out[p] = d; known = true; break; }
      |                                               ^
/root/jass/src/main.cpp: In function ‘int run_gen_data_wdl_mode(int, char**)’:
/root/jass/src/main.cpp:413:29: warning: conversion to ‘std::array<int, 5>::size_type’ {aka ‘long unsigned int’} from ‘int’ may change the sign of the result [-Wsign-conversion]
  413 |             if (label_depth[p] > 0) {
      |                             ^
/root/jass/src/main.cpp:415:67: warning: conversion to ‘std::array<int, 5>::size_type’ {aka ‘long unsigned int’} from ‘int’ may change the sign of the result [-Wsign-conversion]
  415 |                           << PHASE_NAMES[p] << ":" << label_depth[p];
      |                                                                   ^
/root/jass/src/main.cpp:424:37: warning: conversion to ‘std::array<int, 5>::size_type’ {aka ‘long unsigned int’} from ‘int’ may change the sign of the result [-Wsign-conversion]
  424 |             if (play_depth_by_phase[p] > 0) {
      |                                     ^
/root/jass/src/main.cpp:426:75: warning: conversion to ‘std::array<int, 5>::size_type’ {aka ‘long unsigned int’} from ‘int’ may change the sign of the result [-Wsign-conversion]
  426 |                           << PHASE_NAMES[p] << ":" << play_depth_by_phase[p];
      |                                                                           ^
/root/jass/src/main.cpp:603:65: warning: conversion to ‘std::array<int, 5>::size_type’ {aka ‘long unsigned int’} from ‘int’ may change the sign of the result [-Wsign-conversion]
  603 |                 const int phase_ovr = label_depth[phase_index_of(popcount(pos.occupied()))];
      |                                                   ~~~~~~~~~~~~~~^~~~~~~~~~~~~~~~~~~~~~~~~~
/root/jass/src/main.cpp:683:51: warning: conversion to ‘std::array<int, 5>::size_type’ {aka ‘long unsigned int’} from ‘int’ may change the sign of the result [-Wsign-conversion]
  683 |                 play_depth_by_phase[phase_index_of(popcount(e.position().occupied()))];
      |                                     ~~~~~~~~~~~~~~^~~~~~~~~~~~~~~~~~~~~~~~~~~~~~~~~~~
/root/jass/src/main.cpp: In function ‘int run_gen_tdleaf_mode(int, char**)’:
/root/jass/src/main.cpp:753:11: warning: conversion to ‘long long unsigned int’ from ‘uint64_t’ {aka ‘long unsigned int’} may change the sign of the result [-Wsign-conversion]
  753 |         ? static_cast<std::uint64_t>(parse_int_or(argv[7], 1)) : 1ULL;
      |           ^~~~~~~~~~~~~~~~~~~~~~~~~~~~~~~~~~~~~~~~~~~~~~~~~~~~
/root/jass/src/main.cpp:753:9: warning: conversion to ‘uint64_t’ {aka ‘long unsigned int’} from ‘long long unsigned int’ may change the sign of the result [-Wsign-conversion]
  752 |     const std::uint64_t seed = (argc > 7)
      |                                ~~~~~~~~~~
  753 |         ? static_cast<std::uint64_t>(parse_int_or(argv[7], 1)) : 1ULL;
      |         ^~~~~~~~~~~~~~~~~~~~~~~~~~~~~~~~~~~~~~~~~~~~~~~~~~~~~~~~~~~~~
/root/jass/src/main.cpp: In function ‘int run_rewrite_scores_with_search_mode(int, char**)’:
/root/jass/src/main.cpp:1145:61: warning: conversion to ‘std::size_t’ {aka ‘long unsigned int’} from ‘int’ may change the sign of the result [-Wsign-conversion]
 1145 |             std::cerr << "error: short read at record " << (start + i) << "\n";
      |                                                             ^~~~~
/root/jass/src/main.cpp:1155:47: warning: conversion to ‘std::size_t’ {aka ‘long unsigned int’} from ‘int’ may change the sign of the result [-Wsign-conversion]
 1155 |             std::cerr << "error: record " << (start + i) << " has invalid stm byte "
      |                                               ^~~~~
/root/jass/src/main.cpp:1161:47: warning: conversion to ‘std::size_t’ {aka ‘long unsigned int’} from ‘int’ may change the sign of the result [-Wsign-conversion]
 1161 |             std::cerr << "error: record " << (start + i)
      |                                               ^~~~~
/root/jass/src/main.cpp:1167:47: warning: conversion to ‘std::size_t’ {aka ‘long unsigned int’} from ‘int’ may change the sign of the result [-Wsign-conversion]
 1167 |             std::cerr << "error: record " << (start + i)
      |                                               ^~~~~
/root/jass/src/main.cpp: In function ‘int run_perft_mode(int, char**)’:
/root/jass/src/main.cpp:1306:67: warning: conversion from ‘long unsigned int’ to ‘double’ may change value [-Wconversion]
 1306 |                   << "   " << (s > 0 ? static_cast<std::uint64_t>(n / s) : 0)
      |                                                                   ^
/root/jass/src/main.cpp: In lambda function:
/root/jass/src/main.cpp:1346:17: warning: this ‘if’ clause does not guard... [-Wmisleading-indentation]
 1346 |                 if (!first) s += ','; first = false; s += std::to_string(q); }
      |                 ^~
/root/jass/src/main.cpp:1346:39: note: ...this statement, but the latter is misleadingly indented as if it were guarded by the ‘if’
 1346 |                 if (!first) s += ','; first = false; s += std::to_string(q); }
      |                                       ^~~~~
/root/jass/src/main.cpp: In function ‘int run_gen_egdb_wld_mode(int, char**)’:
/root/jass/src/main.cpp:1549:11: warning: conversion to ‘long long unsigned int’ from ‘uint64_t’ {aka ‘long unsigned int’} may change the sign of the result [-Wsign-conversion]
 1549 |         ? static_cast<std::uint64_t>(parse_int_or(argv[7], 0)) : 0xC0FFEEULL;
      |           ^~~~~~~~~~~~~~~~~~~~~~~~~~~~~~~~~~~~~~~~~~~~~~~~~~~~
/root/jass/src/main.cpp:1549:9: warning: conversion to ‘uint64_t’ {aka ‘long unsigned int’} from ‘long long unsigned int’ may change the sign of the result [-Wsign-conversion]
 1548 |     const std::uint64_t seed = (argc > 7)
      |                                ~~~~~~~~~~
 1549 |         ? static_cast<std::uint64_t>(parse_int_or(argv[7], 0)) : 0xC0FFEEULL;
      |         ^~~~~~~~~~~~~~~~~~~~~~~~~~~~~~~~~~~~~~~~~~~~~~~~~~~~~~~~~~~~~~~~~~~~
/root/jass/src/main.cpp: In function ‘int run_egdb_mtc_regret_mode(int, char**)’:
/root/jass/src/main.cpp:1736:11: warning: conversion to ‘long long unsigned int’ from ‘uint64_t’ {aka ‘long unsigned int’} may change the sign of the result [-Wsign-conversion]
 1736 |         ? static_cast<std::uint64_t>(parse_int_or(argv[7], 1)) : 1ULL;
      |           ^~~~~~~~~~~~~~~~~~~~~~~~~~~~~~~~~~~~~~~~~~~~~~~~~~~~
/root/jass/src/main.cpp:1736:9: warning: conversion to ‘uint64_t’ {aka ‘long unsigned int’} from ‘long long unsigned int’ may change the sign of the result [-Wsign-conversion]
 1735 |     const std::uint64_t seed = (argc > 7)
      |                                ~~~~~~~~~~
 1736 |         ? static_cast<std::uint64_t>(parse_int_or(argv[7], 1)) : 1ULL;
      |         ^~~~~~~~~~~~~~~~~~~~~~~~~~~~~~~~~~~~~~~~~~~~~~~~~~~~~~~~~~~~~
/root/jass/src/main.cpp: In function ‘int run_depth_at_movetime_mode(int, char**)’:
/root/jass/src/main.cpp:2623:24: warning: conversion from ‘long long int’ to ‘double’ may change value [-Wconversion]
 2623 |         avg_depth[s] = sum_depth / n;
      |                        ^~~~~~~~~
/root/jass/src/main.cpp: In function ‘int run_book_audit_mode(int, char**)’:
/root/jass/src/main.cpp:2968:75: warning: conversion to ‘std::vector<long int>::size_type’ {aka ‘long unsigned int’} from ‘int’ may change the sign of the result [-Wsign-conversion]
 2968 |         if (ply >= static_cast<int>(ply_hist.size())) ply_hist.resize(ply + 1, 0);
      |                                                                       ~~~~^~~
/root/jass/src/main.cpp:2969:18: warning: conversion to ‘std::vector<long int>::size_type’ {aka ‘long unsigned int’} from ‘int’ may change the sign of the result [-Wsign-conversion]
 2969 |         ply_hist[ply]++;
      |                  ^~~
/root/jass/src/main.cpp:3024:52: warning: conversion from ‘long int’ to ‘double’ may change value [-Wconversion]
 3024 |                   << (static_cast<double>(edges) / internal) << " in-book children/internal\n";
      |                                                    ^~~~~~~~
/root/jass/src/main.cpp:3026:56: warning: conversion from ‘long int’ to ‘double’ may change value [-Wconversion]
 3026 |                   << (static_cast<double>(width_sum) / internal)
      |                                                        ^~~~~~~~
/root/jass/src/main.cpp: In lambda function:
/root/jass/src/main.cpp:3183:61: warning: conversion from ‘long unsigned int’ to ‘int’ may change value [-Wconversion]
 3183 |                                        std::max<std::size_t>(1, fresh.size()));
      |                                        ~~~~~~~~~~~~~~~~~~~~~^~~~~~~~~~~~~~~~~
[100%] Linking CXX executable jass
[100%] Built target jass
