===CFG=== asym_1_3 (lmr_first_full_nonpv=1,lmr_first_full_pv=3) vs baseline @ movetime 0.3s, dilf
START 0
START 1
START 2
START 3
START 4
START 6
START 5
START 7
START 8
START 9
START 10
START 11
START 12
START 13
START 14
START 15
RESULT 8 3 27
DONE 3
RESULT 5 6 27
DONE 7
RESULT 25 4 9
DONE 2
RESULT 6 5 28
DONE 1
RESULT 10 5 23
DONE 5
RESULT 18 5 15
DONE 10
RESULT 13 4 21
DONE 11
RESULT 8 6 24
DONE 15
RESULT 19 4 15
DONE 4
RESULT 22 3 13
DONE 6
RESULT 24 6 8
DONE 14
RESULT 26 7 6
DONE 0
RESULT 25 5 8
DONE 8
RESULT 22 6 10
DONE 12
RESULT 7 8 23
DONE 13
RESULT 10 9 19
DONE 9
===ENDCFG=== asym_1_3
===CFG=== asym_1_4 (lmr_first_full_nonpv=1,lmr_first_full_pv=4) vs baseline @ movetime 0.3s, dilf
START 0
START 1
START 2
START 3
START 4
START 6
START 5
START 8
START 7
START 9
START 10
START 11
START 12
START 13
START 14
START 15
RESULT 19 2 17
DONE 10
RESULT 9 4 25
DONE 7
RESULT 6 4 29
DONE 1
RESULT 8 4 26
DONE 3
RESULT 6 4 28
DONE 15
RESULT 22 8 8
DONE 14
RESULT 10 3 25
DONE 5
RESULT 5 8 25
DONE 11
RESULT 23 8 8
DONE 0
RESULT 18 5 15
DONE 4
RESULT 23 8 7
DONE 6
RESULT 20 13 5
DONE 2
RESULT 11 6 21
DONE 9
RESULT 19 7 12
DONE 8
RESULT 12 6 20
DONE 13
RESULT 17 10 11
DONE 12
===ENDCFG=== asym_1_4
===CFG=== asym_2_4 (lmr_first_full_nonpv=2,lmr_first_full_pv=4) vs baseline @ movetime 0.3s, dilf
START 0
START 1
START 2
START 3
START 4
START 5
START 6
START 7
START 8
START 9
START 10
START 11
START 12
START 13
START 14
START 15
RESULT 6 4 28
DONE 3
RESULT 9 6 23
DONE 7
RESULT 29 4 5
DONE 2
RESULT 11 5 22
DONE 11
RESULT 6 6 26
DONE 5
RESULT 22 6 10
DONE 14
RESULT 8 5 25
DONE 15
RESULT 22 5 11
DONE 4
RESULT 5 6 28
DONE 1
RESULT 25 5 8
DONE 10
RESULT 26 7 5
DONE 6
RESULT 25 3 11
DONE 0
RESULT 9 6 23
DONE 9
RESULT 11 7 20
DONE 13
RESULT 24 7 7
DONE 8
RESULT 17 7 14
DONE 12
===ENDCFG=== asym_2_4
=== Agreger RESULT par cfg depuis output.log. >=parite => -24% EBF gratuit => baker. base ref 0.5 ===
