opening pool: 9 positions
jass setup:   pattern=/root/jass/jobs/results/ccx33-0329-champion-on-corpus/artefacts.src/champ.pjtw  book=(default/none)
scan setup:   book=off  bb-size=0
  [Scan-player init] init eval
  [Scan-player] bb-size=0 (no bitbases — FAIR comparison)
  game   1: Jass=W Scan=B → L (no legal move from Jass-player, 133 plies)  Jass +0.0  [167s]
  game   2: Scan=W Jass=B → W (no legal move from Jass-player, 116 plies)  Jass +0.0  [292s]
  game   3: Jass=W Scan=B → L (no legal move from Jass-player, 119 plies)  Jass +0.0  [420s]
  game   4: Scan=W Jass=B → W (no legal move from Jass-player, 110 plies)  Jass +0.0  [536s]
  game   5: Jass=W Scan=B → D (ply cap, 160 plies)  Jass +0.5  [723s]
  game   6: Scan=W Jass=B → W (no legal move from Jass-player, 106 plies)  Jass +0.0  [838s]
  game   7: Jass=W Scan=B → L (no legal move from Jass-player, 131 plies)  Jass +0.0  [981s]
  game   8: Scan=W Jass=B → W (no legal move from Jass-player, 110 plies)  Jass +0.0  [1100s]
  game   9: Jass=W Scan=B → L (no legal move from Jass-player, 113 plies)  Jass +0.0  [1223s]
  game  10: Scan=W Jass=B → W (no legal move from Jass-player, 122 plies)  Jass +0.0  [1356s]
  game  11: Jass=W Scan=B → D (ply cap, 160 plies)  Jass +0.5  [1542s]
  game  12: Scan=W Jass=B → W (no legal move from Jass-player, 142 plies)  Jass +0.0  [1696s]
  game  13: Jass=W Scan=B → L (no legal move from Jass-player, 117 plies)  Jass +0.0  [1822s]
  game  14: Scan=W Jass=B → W (no legal move from Jass-player, 118 plies)  Jass +0.0  [1950s]
  game  15: Jass=W Scan=B → L (no legal move from Jass-player, 143 plies)  Jass +0.0  [2105s]
  game  16: Scan=W Jass=B → W (no legal move from Jass-player, 132 plies)  Jass +0.0  [2243s]
  game  17: Jass=W Scan=B → L (no legal move from Jass-player, 109 plies)  Jass +0.0  [2359s]
  game  18: Scan=W Jass=B → W (no legal move from Jass-player, 116 plies)  Jass +0.0  [2492s]
  game  19: Jass=W Scan=B → L (no legal move from Jass-player, 111 plies)  Jass +0.0  [2605s]
  game  20: Scan=W Jass=B → D (ply cap, 160 plies)  Jass +0.5  [2789s]
  game  21: Jass=W Scan=B → L (no legal move from Jass-player, 117 plies)  Jass +0.0  [2914s]
  game  22: Scan=W Jass=B → W (no legal move from Jass-player, 104 plies)  Jass +0.0  [3029s]
  game  23: Jass=W Scan=B → L (no legal move from Jass-player, 127 plies)  Jass +0.0  [3171s]
  game  24: Scan=W Jass=B → W (no legal move from Jass-player, 112 plies)  Jass +0.0  [3294s]
  game  25: Jass=W Scan=B → L (no legal move from Jass-player, 115 plies)  Jass +0.0  [3421s]
  game  26: Scan=W Jass=B → W (no legal move from Jass-player, 114 plies)  Jass +0.0  [3537s]
  game  27: Jass=W Scan=B → L (no legal move from Jass-player, 121 plies)  Jass +0.0  [3665s]
  game  28: Scan=W Jass=B → W (no legal move from Jass-player, 122 plies)  Jass +0.0  [3798s]
  game  29: Jass=W Scan=B → L (no legal move from Jass-player, 133 plies)  Jass +0.0  [3942s]
  game  30: Scan=W Jass=B → W (no legal move from Jass-player, 152 plies)  Jass +0.0  [4117s]
  game  31: Jass=W Scan=B → L (no legal move from Jass-player, 157 plies)  Jass +0.0  [4291s]
  game  32: Scan=W Jass=B → W (no legal move from Jass-player, 138 plies)  Jass +0.0  [4438s]
  game  33: Jass=W Scan=B → L (no legal move from Jass-player, 127 plies)  Jass +0.0  [4577s]
  game  34: Scan=W Jass=B → W (no legal move from Jass-player, 112 plies)  Jass +0.0  [4700s]
  game  35: Jass=W Scan=B → L (no legal move from Jass-player, 115 plies)  Jass +0.0  [4815s]
  game  36: Scan=W Jass=B → W (no legal move from Jass-player, 120 plies)  Jass +0.0  [4938s]

=== Jass vs Scan, movetime 1.5s, 36 games ===
  Jass=0  Scan=33  Draws=3
  Jass score rate: 0.042 (1.5 / 36)
  ELO estimate:    -545 (95% CI ≈ ±133)
