tests OK

=== (re)train champion ===
wrote 1420193 × 106 Scan-style extras to /root/jass/jobs/results/0179-spsa-highdepth-regime/artefacts.src/feat
score-drop : keep |score|<=4900cp → 1393362/1420193 (98.1%)
val   : mse=1.731596  sign_acc=0.0012

=== SPSA à MOVETIME 300ms (self-play du champion, 70 iters) ===
  iter  67: θ+ rate=0.389  spec=rfp_margin=99,nmp_r_base=1,nmp_r_div=4,singular_margin=2,lmr_depth_div=6,lmr_idx_div=9,lmp_d1=4,lmp_d2=8,lmp_d3=14,aspiration_initial=50,razor_max_depth=0,razor_margin=200,probcut_min_depth=0,probcut_margin=150,ext_promotion=1,use_improving=0,use_conthist=0,iid_min_depth=0,multicut_min_depth=0
  iter  68: θ+ rate=0.417  spec=rfp_margin=99,nmp_r_base=1,nmp_r_div=4,singular_margin=2,lmr_depth_div=6,lmr_idx_div=9,lmp_d1=4,lmp_d2=8,lmp_d3=14,aspiration_initial=50,razor_max_depth=0,razor_margin=200,probcut_min_depth=0,probcut_margin=150,ext_promotion=1,use_improving=0,use_conthist=0,iid_min_depth=0,multicut_min_depth=0
  iter  69: θ+ rate=0.729  spec=rfp_margin=99,nmp_r_base=1,nmp_r_div=4,singular_margin=2,lmr_depth_div=6,lmr_idx_div=9,lmp_d1=4,lmp_d2=8,lmp_d3=14,aspiration_initial=50,razor_max_depth=0,razor_margin=200,probcut_min_depth=0,probcut_margin=150,ext_promotion=1,use_improving=0,use_conthist=0,iid_min_depth=0,multicut_min_depth=0
  iter  70: θ+ rate=0.278  spec=rfp_margin=99,nmp_r_base=1,nmp_r_div=4,singular_margin=2,lmr_depth_div=6,lmr_idx_div=9,lmp_d1=4,lmp_d2=8,lmp_d3=14,aspiration_initial=50,razor_max_depth=0,razor_margin=200,probcut_min_depth=0,probcut_margin=150,ext_promotion=1,use_improving=0,use_conthist=0,iid_min_depth=0,multicut_min_depth=0

Best spec (validate against default before shipping):
  rfp_margin=99,nmp_r_base=1,nmp_r_div=4,singular_margin=2,lmr_depth_div=6,lmr_idx_div=9,lmp_d1=4,lmp_d2=8,lmp_d3=14,aspiration_initial=50,razor_max_depth=0,razor_margin=200,probcut_min_depth=0,probcut_margin=150,ext_promotion=1,use_improving=0,use_conthist=0,iid_min_depth=0,multicut_min_depth=0,use_pvs=1
written to /root/jass/jobs/results/0179-spsa-highdepth-regime/artefacts.src/spsa-best.json
  best spec : rfp_margin=99,nmp_r_base=1,nmp_r_div=4,singular_margin=2,lmr_depth_div=6,lmr_idx_div=9,lmp_d1=4,lmp_d2=8,lmp_d3=14,aspiration_initial=50,razor_max_depth=0,razor_margin=200,probcut_min_depth=0,probcut_margin=150,ext_promotion=1,use_improving=0,use_conthist=0,iid_min_depth=0,multicut_min_depth=0,use_pvs=1

=== validation : spec tuné vs défaut (movetime 300ms, fiable) ===
Benchmark: search-params A=[rfp_margin=99,nmp_r_base=1,nmp_r_div=4,singular_margin=2,lmr_depth_div=6,lmr_idx_div=9,lmp_d1=4,lmp_d2=8,lmp_d3=14,aspiration_initial=50,razor_max_depth=0,razor_margin=200,probcut_min_depth=0,probcut_margin=150,ext_promotion=1,use_improving=0,use_conthist=0,iid_min_depth=0,multicut_min_depth=0,use_pvs=1] vs B=[] on /root/jass/jobs/results/0179-spsa-highdepth-regime/artefacts.src/champ.pjtw, depth 64, threads 1, movetime_ms 300, 144 games
Result: A=68 B=69 Draws=7 (total 144)
A score rate: 0.496528

=== le champion TUNÉ vs v15 (movetime 72 + depth d9 144) ===

==========================================================
        0179 SPSA HAUTE-PROFONDEUR — VERDICT
  best spec : rfp_margin=99,nmp_r_base=1,nmp_r_div=4,singular_margin=2,lmr_depth_div=6,lmr_idx_div=9,lmp_d1=4,lmp_d2=8,lmp_d3=14,aspiration_initial=50,razor_max_depth=0,razor_margin=200,probcut_min_depth=0,probcut_margin=150,ext_promotion=1,use_improving=0,use_conthist=0,iid_min_depth=0,multicut_min_depth=0,use_pvs=1
  tuné vs défaut (movetime)        : 0.496528  (>0.5 = le tuning aide)
  champion tuné vs v15 movetime    : 0.423611
  champion tuné vs v15 d9          : 0.638889
  réf champion DÉFAUT : v15 movetime=0.382  d9=0.472
  → movetime vs v15 > 0.382 = le search réglé convertit la connaissance.
==========================================================
