=== gen0 : seed (200k self-play embarqué depth4, l2=3e-2) --trans-fold ===
cumulative 200000
wrote 200000 × 106 Scan-style extras to /root/jass/jobs/results/ccx33-0223-transfold-loop/artefacts.src/feat0
  gen0 proxy=0.4142  Elo_vs_hc=138-2-130 elo=+10.3
=== gen1 : +300000 self-play depth4 avec gen0 → cumulé → logistic(--prune --trans-fold) ===
cumulative 500000
wrote 500000 × 106 Scan-style extras to /root/jass/jobs/results/ccx33-0223-transfold-loop/artefacts.src/feat1
  gen1 proxy=0.4643  Elo_vs_hc=183-7-80 elo=+139.6
=== gen2 : +300000 self-play depth4 avec gen1 → cumulé → logistic(--prune --trans-fold) ===
cumulative 800000
wrote 800000 × 106 Scan-style extras to /root/jass/jobs/results/ccx33-0223-transfold-loop/artefacts.src/feat2
  gen2 proxy=0.4689  Elo_vs_hc=186-10-74 elo=+153.4
=== gen3 : +300000 self-play depth4 avec gen2 → cumulé → logistic(--prune --trans-fold) ===
cumulative 1100000
wrote 1100000 × 106 Scan-style extras to /root/jass/jobs/results/ccx33-0223-transfold-loop/artefacts.src/feat3
  gen3 proxy=0.4558  Elo_vs_hc=187-7-76 elo=+151.8
=== gen4 : +300000 self-play depth4 avec gen3 → cumulé → logistic(--prune --trans-fold) ===
cumulative 1400000
wrote 1400000 × 106 Scan-style extras to /root/jass/jobs/results/ccx33-0223-transfold-loop/artefacts.src/feat4
  gen4 proxy=0.4645  Elo_vs_hc=191-10-69 elo=+169.2
=== gen5 : +300000 self-play depth4 avec gen4 → cumulé → logistic(--prune --trans-fold) ===
cumulative 1700000
wrote 1700000 × 106 Scan-style extras to /root/jass/jobs/results/ccx33-0223-transfold-loop/artefacts.src/feat5
  gen5 proxy=0.4717  Elo_vs_hc=204-4-62 elo=+203.1
=== gen6 : +300000 self-play depth4 avec gen5 → cumulé → logistic(--prune --trans-fold) ===
cumulative 2000000
wrote 2000000 × 106 Scan-style extras to /root/jass/jobs/results/ccx33-0223-transfold-loop/artefacts.src/feat6
  gen6 proxy=0.4685  Elo_vs_hc=192-6-72 elo=+166.0
=== gen7 : +300000 self-play depth4 avec gen6 → cumulé → logistic(--prune --trans-fold) ===
cumulative 2300000
wrote 2300000 × 106 Scan-style extras to /root/jass/jobs/results/ccx33-0223-transfold-loop/artefacts.src/feat7
  gen7 proxy=0.4730  Elo_vs_hc=187-2-81 elo=+144.1
=== gen8 : +300000 self-play depth4 avec gen7 → cumulé → logistic(--prune --trans-fold) ===
cumulative 2600000
wrote 2600000 × 106 Scan-style extras to /root/jass/jobs/results/ccx33-0223-transfold-loop/artefacts.src/feat8
  gen8 proxy=0.4757  Elo_vs_hc=192-6-72 elo=+166.0
=== gen8 vs hc précis (60 paires) ===
  788-12-280 elo=+177.4

==========================================================
   cpx62-0219 — PHASE 3 TRANS-FOLD — TRAJECTOIRE Elo
  gen :  Elo_vs_hc  |  proxy
   0 : 138-2-130 elo=+10.3   |  0.4142
   1 : 183-7-80 elo=+139.6   |  0.4643
   2 : 186-10-74 elo=+153.4   |  0.4689
   3 : 187-7-76 elo=+151.8   |  0.4558
   4 : 191-10-69 elo=+169.2   |  0.4645
   5 : 204-4-62 elo=+203.1   |  0.4717
   6 : 192-6-72 elo=+166.0   |  0.4685
   7 : 187-2-81 elo=+144.1   |  0.4730
   8 : 192-6-72 elo=+166.0   |  0.4757
  → compare ccx33-0220 (men-only) : COLOR-FOLD monte-t-il PLUS HAUT en Elo ?
    si oui → la 1re brique de symétrie aide → Phase 2 (rotation 180°).
==========================================================
