  [preflight] build ×2 ≈ 8 min
  [preflight] train: 2 × 29000000 lignes @ 4min/M ≈ 232.0 min
  [preflight] assemble 29M + dump feat + 4 fits train_stream + 4 juges: ≈ 200 min
  [preflight] TOTAL estimé ≈ 440.0 min  (cap 720 min)
  [preflight] OK — sous le cap, lancement.
=== build 32-pat (defaut) ===
=== emit 8-pat (drop 24) -> build 8-pat IMMEDIAT -> snapshot hors-tree ===
# build OK : 32-pat (/root/cw-gate/build-32/jass) + 8-pat (/root/cw-gate/build-8/jass)
=== assemble le corpus 29M depuis les 17 shards committes ===
écrit /root/cw-gate/big.jnnw : 29010792 records, 1102410104 octets
# corpus assemble : 29010792 positions
=== sous-echantillon seede 2000000 (MEME corpus) ===
sous-ech 2000000 / 29010792
=== dump FEAT (extras, arch-independant) pour 29M et 2M ===
# --- FITS ---
  [fit 32cf@2M] train_stream color-fold logistic maxit=25 (/root/cw-gate/big2M.jnnw)
      train_loss=0.610618  iters=25  (235.5s)
    wrote /root/cw-gate/w32_2m.pjtw  (v3, 34,012,464 weights, 136,049,876 bytes)  [total 242.2s]
  [fit 8cf@2M] train_stream color-fold logistic maxit=25 (/root/cw-gate/big2M.jnnw)
      train_loss=0.611333  iters=25  (122.0s)
    wrote /root/cw-gate/w8_2m.pjtw  (v3, 8,503,296 weights, 34,013,204 bytes)  [total 123.5s]
  [fit 32cf@29M] train_stream color-fold logistic maxit=25 (/root/cw-gate/big.jnnw)
      train_loss=0.609405  iters=25  (3381.2s)
    wrote /root/cw-gate/w32_full.pjtw  (v3, 34,012,464 weights, 136,049,876 bytes)  [total 3453.2s]
  [fit 8cf@29M] train_stream color-fold logistic maxit=25 (/root/cw-gate/big.jnnw)
      train_loss=0.611364  iters=25  (1849.7s)
    wrote /root/cw-gate/w8_full.pjtw  (v3, 8,503,296 weights, 34,013,204 bytes)  [total 1864.7s]
# fits OK (poids 29M gzippes en artefacts)
# --- JUGES (score = A vs B, >0.5 => A gagne) ---
V32  32cf@29M vs 32cf@2M = 0.6944 (N=252)   [effet VOLUME, archi riche]
V8    8cf@29M vs  8cf@2M = 0.4722 (N=252)    [effet VOLUME, archi Scan-exacte]
A29  32cf@29M vs  8cf@29M = 0.5833 (N=252)  [GATE 1 : archi au SCALE]
A2   32cf@2M  vs  8cf@2M  = 0.3056 (N=252)     [ancien regime affame]

================= LECTURE =================
  V32/V8 > 0.55  => le VOLUME paie (fit-volume CONFIRME ; la fenetre 2M etait le mur).
  A29 > A2       => l'archi riche s'INVERSE au scale (riche perdait par famine, gagne nourrie).
  archi gagnante de A29 = candidate pour la boucle de production a archi figee.
===========================================
