opening pool: 9 positions
jass setup:   pattern=/root/jass/jobs/results/cpx62-0350-coevo-d14-conclusive/artefacts.src/eval1.pjtw  book=(default/none)
scan setup:   book=off  bb-size=0
  [Scan-player init] init eval
  [Scan-player] bb-size=0 (no bitbases — FAIR comparison)
  game   1: Jass=W Scan=B → L (no legal move from Jass-player, 113 plies)  Jass +0.0  [1s]
  game   2: Scan=W Jass=B → W (no legal move from Jass-player, 138 plies)  Jass +0.0  [5s]
  game   3: Jass=W Scan=B → L (no legal move from Jass-player, 113 plies)  Jass +0.0  [6s]
  game   4: Scan=W Jass=B → W (no legal move from Jass-player, 138 plies)  Jass +0.0  [6s]
  game   5: Jass=W Scan=B → L (no legal move from Jass-player, 113 plies)  Jass +0.0  [7s]
  game   6: Scan=W Jass=B → W (no legal move from Jass-player, 138 plies)  Jass +0.0  [7s]
  game   7: Jass=W Scan=B → L (no legal move from Jass-player, 113 plies)  Jass +0.0  [8s]
  game   8: Scan=W Jass=B → W (no legal move from Jass-player, 138 plies)  Jass +0.0  [8s]
  game   9: Jass=W Scan=B → L (no legal move from Jass-player, 113 plies)  Jass +0.0  [9s]
  game  10: Scan=W Jass=B → W (no legal move from Jass-player, 138 plies)  Jass +0.0  [10s]
  game  11: Jass=W Scan=B → L (no legal move from Jass-player, 113 plies)  Jass +0.0  [10s]
  game  12: Scan=W Jass=B → W (no legal move from Jass-player, 138 plies)  Jass +0.0  [11s]
  game  13: Jass=W Scan=B → L (no legal move from Jass-player, 127 plies)  Jass +0.0  [11s]
  game  14: Scan=W Jass=B → W (no legal move from Jass-player, 130 plies)  Jass +0.0  [12s]
  game  15: Jass=W Scan=B → L (no legal move from Jass-player, 127 plies)  Jass +0.0  [13s]
  game  16: Scan=W Jass=B → W (no legal move from Jass-player, 130 plies)  Jass +0.0  [14s]
  game  17: Jass=W Scan=B → L (no legal move from Jass-player, 127 plies)  Jass +0.0  [14s]
  game  18: Scan=W Jass=B → W (no legal move from Jass-player, 130 plies)  Jass +0.0  [15s]
  game  19: Jass=W Scan=B → L (no legal move from Jass-player, 127 plies)  Jass +0.0  [16s]
  game  20: Scan=W Jass=B → W (no legal move from Jass-player, 130 plies)  Jass +0.0  [17s]
  game  21: Jass=W Scan=B → L (no legal move from Jass-player, 127 plies)  Jass +0.0  [17s]
  game  22: Scan=W Jass=B → W (no legal move from Jass-player, 130 plies)  Jass +0.0  [18s]
  game  23: Jass=W Scan=B → L (no legal move from Jass-player, 127 plies)  Jass +0.0  [19s]
  game  24: Scan=W Jass=B → W (no legal move from Jass-player, 130 plies)  Jass +0.0  [20s]
  game  25: Jass=W Scan=B → L (no legal move from Jass-player, 123 plies)  Jass +0.0  [20s]
  game  26: Scan=W Jass=B → W (no legal move from Jass-player, 128 plies)  Jass +0.0  [21s]
  game  27: Jass=W Scan=B → L (no legal move from Jass-player, 123 plies)  Jass +0.0  [22s]
  game  28: Scan=W Jass=B → W (no legal move from Jass-player, 128 plies)  Jass +0.0  [22s]
  game  29: Jass=W Scan=B → L (no legal move from Jass-player, 123 plies)  Jass +0.0  [23s]
  game  30: Scan=W Jass=B → W (no legal move from Jass-player, 128 plies)  Jass +0.0  [24s]
  game  31: Jass=W Scan=B → L (no legal move from Jass-player, 123 plies)  Jass +0.0  [24s]
  game  32: Scan=W Jass=B → W (no legal move from Jass-player, 128 plies)  Jass +0.0  [25s]
  game  33: Jass=W Scan=B → L (no legal move from Jass-player, 123 plies)  Jass +0.0  [26s]
  game  34: Scan=W Jass=B → W (no legal move from Jass-player, 128 plies)  Jass +0.0  [26s]
  game  35: Jass=W Scan=B → L (no legal move from Jass-player, 123 plies)  Jass +0.0  [27s]
  game  36: Scan=W Jass=B → W (no legal move from Jass-player, 128 plies)  Jass +0.0  [27s]
  game  37: Jass=W Scan=B → L (no legal move from Jass-player, 111 plies)  Jass +0.0  [28s]
  game  38: Scan=W Jass=B → W (no legal move from Jass-player, 116 plies)  Jass +0.0  [29s]
  game  39: Jass=W Scan=B → L (no legal move from Jass-player, 111 plies)  Jass +0.0  [29s]
  game  40: Scan=W Jass=B → W (no legal move from Jass-player, 116 plies)  Jass +0.0  [30s]
  game  41: Jass=W Scan=B → L (no legal move from Jass-player, 111 plies)  Jass +0.0  [31s]
  game  42: Scan=W Jass=B → W (no legal move from Jass-player, 116 plies)  Jass +0.0  [31s]
  game  43: Jass=W Scan=B → L (no legal move from Jass-player, 111 plies)  Jass +0.0  [32s]
  game  44: Scan=W Jass=B → W (no legal move from Jass-player, 116 plies)  Jass +0.0  [32s]
  game  45: Jass=W Scan=B → L (no legal move from Jass-player, 111 plies)  Jass +0.0  [33s]
  game  46: Scan=W Jass=B → W (no legal move from Jass-player, 116 plies)  Jass +0.0  [34s]
  game  47: Jass=W Scan=B → L (no legal move from Jass-player, 111 plies)  Jass +0.0  [34s]
  game  48: Scan=W Jass=B → W (no legal move from Jass-player, 116 plies)  Jass +0.0  [35s]
  game  49: Jass=W Scan=B → L (no legal move from Jass-player, 121 plies)  Jass +0.0  [35s]
  game  50: Scan=W Jass=B → W (no legal move from Jass-player, 102 plies)  Jass +0.0  [36s]
  game  51: Jass=W Scan=B → L (no legal move from Jass-player, 121 plies)  Jass +0.0  [36s]
  game  52: Scan=W Jass=B → W (no legal move from Jass-player, 102 plies)  Jass +0.0  [37s]
  game  53: Jass=W Scan=B → L (no legal move from Jass-player, 121 plies)  Jass +0.0  [38s]
  game  54: Scan=W Jass=B → W (no legal move from Jass-player, 102 plies)  Jass +0.0  [38s]
  game  55: Jass=W Scan=B → L (no legal move from Jass-player, 121 plies)  Jass +0.0  [39s]
  game  56: Scan=W Jass=B → W (no legal move from Jass-player, 102 plies)  Jass +0.0  [40s]
  game  57: Jass=W Scan=B → L (no legal move from Jass-player, 121 plies)  Jass +0.0  [40s]
  game  58: Scan=W Jass=B → W (no legal move from Jass-player, 102 plies)  Jass +0.0  [41s]
  game  59: Jass=W Scan=B → L (no legal move from Jass-player, 121 plies)  Jass +0.0  [41s]
  game  60: Scan=W Jass=B → W (no legal move from Jass-player, 102 plies)  Jass +0.0  [42s]
  game  61: Jass=W Scan=B → D (25-move rule, 149 plies)  Jass +0.5  [43s]
  game  62: Scan=W Jass=B → W (no legal move from Jass-player, 114 plies)  Jass +0.0  [44s]
  game  63: Jass=W Scan=B → D (25-move rule, 149 plies)  Jass +0.5  [44s]
  game  64: Scan=W Jass=B → W (no legal move from Jass-player, 114 plies)  Jass +0.0  [45s]
  game  65: Jass=W Scan=B → D (25-move rule, 149 plies)  Jass +0.5  [46s]
  game  66: Scan=W Jass=B → W (no legal move from Jass-player, 114 plies)  Jass +0.0  [47s]
  game  67: Jass=W Scan=B → D (25-move rule, 149 plies)  Jass +0.5  [48s]
  game  68: Scan=W Jass=B → W (no legal move from Jass-player, 114 plies)  Jass +0.0  [48s]
  game  69: Jass=W Scan=B → D (25-move rule, 149 plies)  Jass +0.5  [50s]
  game  70: Scan=W Jass=B → W (no legal move from Jass-player, 114 plies)  Jass +0.0  [50s]
  game  71: Jass=W Scan=B → D (25-move rule, 149 plies)  Jass +0.5  [51s]
  game  72: Scan=W Jass=B → W (no legal move from Jass-player, 114 plies)  Jass +0.0  [52s]
  game  73: Jass=W Scan=B → L (no legal move from Jass-player, 105 plies)  Jass +0.0  [52s]
  game  74: Scan=W Jass=B → W (no legal move from Jass-player, 114 plies)  Jass +0.0  [53s]
  game  75: Jass=W Scan=B → L (no legal move from Jass-player, 105 plies)  Jass +0.0  [53s]
  game  76: Scan=W Jass=B → W (no legal move from Jass-player, 114 plies)  Jass +0.0  [54s]
  game  77: Jass=W Scan=B → L (no legal move from Jass-player, 105 plies)  Jass +0.0  [54s]
  game  78: Scan=W Jass=B → W (no legal move from Jass-player, 114 plies)  Jass +0.0  [55s]
  game  79: Jass=W Scan=B → L (no legal move from Jass-player, 105 plies)  Jass +0.0  [55s]
  game  80: Scan=W Jass=B → W (no legal move from Jass-player, 114 plies)  Jass +0.0  [56s]
  game  81: Jass=W Scan=B → L (no legal move from Jass-player, 105 plies)  Jass +0.0  [57s]
  game  82: Scan=W Jass=B → W (no legal move from Jass-player, 114 plies)  Jass +0.0  [57s]
  game  83: Jass=W Scan=B → L (no legal move from Jass-player, 105 plies)  Jass +0.0  [57s]
  game  84: Scan=W Jass=B → W (no legal move from Jass-player, 114 plies)  Jass +0.0  [58s]
  game  85: Jass=W Scan=B → L (no legal move from Jass-player, 119 plies)  Jass +0.0  [59s]
  game  86: Scan=W Jass=B → D (ply cap, 160 plies)  Jass +0.5  [59s]
  game  87: Jass=W Scan=B → L (no legal move from Jass-player, 119 plies)  Jass +0.0  [60s]
  game  88: Scan=W Jass=B → D (ply cap, 160 plies)  Jass +0.5  [61s]
  game  89: Jass=W Scan=B → L (no legal move from Jass-player, 119 plies)  Jass +0.0  [62s]
  game  90: Scan=W Jass=B → D (ply cap, 160 plies)  Jass +0.5  [62s]
  game  91: Jass=W Scan=B → L (no legal move from Jass-player, 119 plies)  Jass +0.0  [63s]
  game  92: Scan=W Jass=B → D (ply cap, 160 plies)  Jass +0.5  [64s]
  game  93: Jass=W Scan=B → L (no legal move from Jass-player, 119 plies)  Jass +0.0  [65s]
  game  94: Scan=W Jass=B → D (ply cap, 160 plies)  Jass +0.5  [65s]
  game  95: Jass=W Scan=B → L (no legal move from Jass-player, 119 plies)  Jass +0.0  [66s]
  game  96: Scan=W Jass=B → D (ply cap, 160 plies)  Jass +0.5  [67s]
  game  97: Jass=W Scan=B → L (no legal move from Jass-player, 95 plies)  Jass +0.0  [67s]
  game  98: Scan=W Jass=B → W (no legal move from Jass-player, 122 plies)  Jass +0.0  [68s]
  game  99: Jass=W Scan=B → L (no legal move from Jass-player, 95 plies)  Jass +0.0  [69s]
  game 100: Scan=W Jass=B → W (no legal move from Jass-player, 122 plies)  Jass +0.0  [69s]
  game 101: Jass=W Scan=B → L (no legal move from Jass-player, 95 plies)  Jass +0.0  [70s]
  game 102: Scan=W Jass=B → W (no legal move from Jass-player, 122 plies)  Jass +0.0  [70s]
  game 103: Jass=W Scan=B → L (no legal move from Jass-player, 95 plies)  Jass +0.0  [71s]
  game 104: Scan=W Jass=B → W (no legal move from Jass-player, 122 plies)  Jass +0.0  [72s]
  game 105: Jass=W Scan=B → L (no legal move from Jass-player, 95 plies)  Jass +0.0  [72s]
  game 106: Scan=W Jass=B → W (no legal move from Jass-player, 122 plies)  Jass +0.0  [73s]
  game 107: Jass=W Scan=B → L (no legal move from Jass-player, 95 plies)  Jass +0.0  [74s]
  game 108: Scan=W Jass=B → W (no legal move from Jass-player, 122 plies)  Jass +0.0  [74s]

=== Jass vs Scan, movetime Nones, 108 games ===
  Jass=0  Scan=96  Draws=12
  Jass score rate: 0.056 (6.0 / 108)
  ELO estimate:    -492 (95% CI ≈ ±77)
