binaire = NMP OFF
PARAMS: play_depth=8 UNIFORME (= 0266) + ENDGAME FEATURES (110) + --lowmem  600000/gen ×8
=== gen0 : seed (300k, play depth-8, l2=3e-2) ===
cumulative 300000
wrote 300000 × 110 Scan-style extras to /root/jass/jobs/results/ccx33-0276-selfplay-features/artefacts.src/feat0
trainer a adapté à 110 features
  gen0 val_endgame=1.5665 Elo=188-14-68 elo=+166.0
=== gen1 : +600000 (play depth-8) avec gen0 → cumulé → logistic (features+lowmem) ===
cumulative 900000
wrote 900000 × 110 Scan-style extras to /root/jass/jobs/results/ccx33-0276-selfplay-features/artefacts.src/feat1
  gen1 val_endgame=2.7678 Elo=199-6-65 elo=+189.1
=== gen2 : +600000 (play depth-8) avec gen1 → cumulé → logistic (features+lowmem) ===
cumulative 1500000
wrote 1500000 × 110 Scan-style extras to /root/jass/jobs/results/ccx33-0276-selfplay-features/artefacts.src/feat2
  gen2 val_endgame=2.8720 Elo=224-11-35 elo=+301.3
=== gen3 : +600000 (play depth-8) avec gen2 → cumulé → logistic (features+lowmem) ===
cumulative 2100000
wrote 2100000 × 110 Scan-style extras to /root/jass/jobs/results/ccx33-0276-selfplay-features/artefacts.src/feat3
  gen3 val_endgame=2.7720 Elo=203-2-65 elo=+196.0
=== gen4 : +600000 (play depth-8) avec gen3 → cumulé → logistic (features+lowmem) ===
cumulative 2700000
wrote 2700000 × 110 Scan-style extras to /root/jass/jobs/results/ccx33-0276-selfplay-features/artefacts.src/feat4
  gen4 val_endgame=2.9647 Elo=209-7-54 elo=+227.1
=== gen5 : +600000 (play depth-8) avec gen4 → cumulé → logistic (features+lowmem) ===
cumulative 3300000
wrote 3300000 × 110 Scan-style extras to /root/jass/jobs/results/ccx33-0276-selfplay-features/artefacts.src/feat5
  gen5 val_endgame=3.0110 Elo=212-5-53 elo=+234.9
=== gen6 : +600000 (play depth-8) avec gen5 → cumulé → logistic (features+lowmem) ===
cumulative 3900000
wrote 3900000 × 110 Scan-style extras to /root/jass/jobs/results/ccx33-0276-selfplay-features/artefacts.src/feat6
  gen6 val_endgame=2.9974 Elo=204-6-60 elo=+206.7
=== gen7 : +600000 (play depth-8) avec gen6 → cumulé → logistic (features+lowmem) ===
cumulative 4500000
wrote 4500000 × 110 Scan-style extras to /root/jass/jobs/results/ccx33-0276-selfplay-features/artefacts.src/feat7
  gen7 val_endgame=2.8572 Elo=215-6-49 elo=+249.0
=== gen8 : +600000 (play depth-8) avec gen7 → cumulé → logistic (features+lowmem) ===
cumulative 5100000
wrote 5100000 × 110 Scan-style extras to /root/jass/jobs/results/ccx33-0276-selfplay-features/artefacts.src/feat8
  gen8 val_endgame=2.9771 Elo=210-6-54 elo=+229.0
=== gen8 vs hc précis (60p) ===
  844-18-218 elo=+230.0
  [Scan-oracle init] init eval
  [Scan-oracle] bb-size=0 (no bitbases — FAIR comparison)
================================================================
  AUTOPSIE vs SCAN — où et combien on perd (oracle depth 11, 36 parties)
================================================================
  GLOBAL           n= 2244  accord=0.573  perte_moy=   0.75

-- par PHASE --
  opening          n=  663  accord=0.548  perte_moy=   0.03
  midgame          n=  517  accord=0.544  perte_moy=   0.06
  late-mid         n=  328  accord=0.607  perte_moy=   0.13
  endgame          n=  450  accord=0.598  perte_moy=   1.62
  deep-eg          n=  286  accord=0.608  perte_moy=   3.04

-- par ROIS (global — CONFONDU avec la phase) --
  no-kings         n= 1724  accord=0.565  perte_moy=   0.08
  kings            n=  520  accord=0.600  perte_moy=   3.00

-- PHASE × ROIS (isole la VRAIE part rois : comparer dans la MÊME phase) --
  phase         no-king perte (n)       king perte (n)   ratio
  opening              0.03 (663)                    —       —
  midgame              0.06 (517)                    —       —
  late-mid             0.14 (315)            0.12 (13)    ×0.9
  endgame              0.17 (224)           3.06 (226)   ×18.4
  deep-eg                0.01 (5)           3.09 (281)  ×515.5
  → si le ratio king/no-king reste GRAND dans une même phase = effet ROI réel ;
    s'il tombe ~1 = le ×14 global était surtout l'effet PHASE (finale dure), pas les rois.

-- par TACTIQUE --
  quiet            n= 1713  accord=0.451  perte_moy=   0.69
  capture-avail    n=  531  accord=0.966  perte_moy=   0.95

-- par RÉSULTAT --
  lost             n= 2244  accord=0.573  perte_moy=   0.75

-- 10 PIRES BÉVUES (FEN · notre coup → coup de Scan · phase · rois · perte) --
  g36 [lost ] endgame  K perte= 95.9      40-44 → 22-27      B:W32,49,50,K20:B18,22,26,40
  g17 [lost ] deep-eg  K perte= 92.4      33-28 → 42-37      W:W33,42:B20,35,K45
  g29 [lost ] deep-eg  K perte= 91.5      50-44 → 50-45      W:W26,50:B7,22,23,K41
  g23 [lost ] endgame  K perte= 91.2      34-29 → 34-30      W:W16,22,34,35:B6,12,14,K46,K47
  g28 [lost ] endgame  K perte= 89.9      12-18 → 23-29      B:W10,27,30,37,K22:B12,16,23,26
  g25 [lost ] deep-eg  K perte= 89.1       10-5 → 10-23      W:WK10:B36,K47,K49,K50
  g15 [lost ] deep-eg  K perte= 89.1      45-18 → 45-29      W:WK45:B27,K26,K28,K50
  g18 [lost ] endgame  K perte= 88.5       9-13 → 31-37      B:W15,47,48,K2,K23:B9,21,26,31
  g26 [lost ] deep-eg  K perte= 88.2      32-14 → 32-27      B:W7,18,36,K2,K17:BK32
  g1  [lost ] endgame  K perte=  3.7      27-22 → 45-40      W:W7,21,27,45:B16,24,35,K25

==========================================================
   ccx33-0276 — DIRECTION B PRODUCTION : self-play AVEC features de finale (king-aware, NMP-off, depth-8)
----------------------------------------------------------
  gen0  Elo_vs_hc=188-14-68 elo=+166.0   val_endgame_mse=1.5665
  gen1  Elo_vs_hc=199-6-65 elo=+189.1   val_endgame_mse=2.7678
  gen2  Elo_vs_hc=224-11-35 elo=+301.3   val_endgame_mse=2.8720
  gen3  Elo_vs_hc=203-2-65 elo=+196.0   val_endgame_mse=2.7720
  gen4  Elo_vs_hc=209-7-54 elo=+227.1   val_endgame_mse=2.9647
  gen5  Elo_vs_hc=212-5-53 elo=+234.9   val_endgame_mse=3.0110
  gen6  Elo_vs_hc=204-6-60 elo=+206.7   val_endgame_mse=2.9974
  gen7  Elo_vs_hc=215-6-49 elo=+249.0   val_endgame_mse=2.8572
  gen8  Elo_vs_hc=210-6-54 elo=+229.0   val_endgame_mse=2.9771
  gen8 (60p) vs hc : 844-18-218 elo=+230.0   [0266 SANS features même setup = +201.7]
  gen8 vs Scan mt0.5 :   Jass score rate: 0.000 (0.0 / 36)   ELO estimate:    -800 (95% CI ≈ ±133) 
----------------------------------------------------------
  AUTOPSIE FINALE (perte par phase × rois vs Scan ; comparer 0266 SANS features ~3.x, 0275 distill+features=3.22) :
-- PHASE × ROIS (isole la VRAIE part rois : comparer dans la MÊME phase) --
  phase         no-king perte (n)       king perte (n)   ratio
  opening              0.03 (663)                    —       —
  midgame              0.06 (517)                    —       —
  late-mid             0.14 (315)            0.12 (13)    ×0.9
  endgame              0.17 (224)           3.06 (226)   ×18.4
  deep-eg                0.01 (5)           3.09 (281)  ×515.5
  → si le ratio king/no-king reste GRAND dans une même phase = effet ROI réel ;
    s'il tombe ~1 = le ×14 global était surtout l'effet PHASE (finale dure), pas les rois.

-- par TACTIQUE --
----------------------------------------------------------
  Elo ≥ +201.7 ET endgame-rois < 0266 → les features densifient AUSSI en self-play (production)
     → INTÉGRER en défaut (JASS_ENDGAME_FEATURES gated→ON) + re-baseline vs Scan.
  Elo ~0266 mais endgame-rois PAS meilleur → l'effet distill (3.22) ne transfère pas au self-play
     → le verrou self-play reste la COUVERTURE (cf 0274) plus que la représentation.
==========================================================
