opening pool: 9 positions
jass setup:   nnue=/root/jass/jobs/results/0090-small-arch-sweep-movetime/artefacts.src/arch-128-64/nnue-128-64-q.bin  book=(default/none)
scan setup:   book=off  bb-size=0
  game   1: Jass=W Scan=B → L (no legal move from Jass-player, 99 plies)  Jass +0.0  [40s]
  game   2: Scan=W Jass=B → W (no legal move from Jass-player, 114 plies)  Jass +0.0  [80s]
  game   3: Jass=W Scan=B → L (no legal move from Jass-player, 155 plies)  Jass +0.0  [140s]
  game   4: Scan=W Jass=B → W (no legal move from Jass-player, 140 plies)  Jass +0.0  [194s]
  game   5: Jass=W Scan=B → L (no legal move from Jass-player, 147 plies)  Jass +0.0  [254s]
  game   6: Scan=W Jass=B → W (no legal move from Jass-player, 140 plies)  Jass +0.0  [309s]
  game   7: Jass=W Scan=B → L (no legal move from Jass-player, 105 plies)  Jass +0.0  [347s]
  game   8: Scan=W Jass=B → W (no legal move from Jass-player, 98 plies)  Jass +0.0  [381s]
  game   9: Jass=W Scan=B → L (no legal move from Jass-player, 145 plies)  Jass +0.0  [436s]
  game  10: Scan=W Jass=B → W (no legal move from Jass-player, 134 plies)  Jass +0.0  [488s]
  game  11: Jass=W Scan=B → L (no legal move from Jass-player, 137 plies)  Jass +0.0  [540s]
  game  12: Scan=W Jass=B → W (no legal move from Jass-player, 124 plies)  Jass +0.0  [587s]
  game  13: Jass=W Scan=B → L (no legal move from Jass-player, 161 plies)  Jass +0.0  [651s]
  game  14: Scan=W Jass=B → W (no legal move from Jass-player, 110 plies)  Jass +0.0  [693s]
  game  15: Jass=W Scan=B → L (no legal move from Jass-player, 129 plies)  Jass +0.0  [741s]
  game  16: Scan=W Jass=B → W (no legal move from Jass-player, 102 plies)  Jass +0.0  [778s]
  game  17: Jass=W Scan=B → L (no legal move from Jass-player, 115 plies)  Jass +0.0  [820s]
  game  18: Scan=W Jass=B → W (no legal move from Jass-player, 132 plies)  Jass +0.0  [870s]
  game  19: Jass=W Scan=B → L (no legal move from Jass-player, 109 plies)  Jass +0.0  [911s]
  game  20: Scan=W Jass=B → W (no legal move from Jass-player, 100 plies)  Jass +0.0  [949s]
  game  21: Jass=W Scan=B → L (no legal move from Jass-player, 99 plies)  Jass +0.0  [986s]
  game  22: Scan=W Jass=B → W (no legal move from Jass-player, 142 plies)  Jass +0.0  [1038s]
  game  23: Jass=W Scan=B → L (no legal move from Jass-player, 139 plies)  Jass +0.0  [1096s]
  game  24: Scan=W Jass=B → W (no legal move from Jass-player, 100 plies)  Jass +0.0  [1134s]
  game  25: Jass=W Scan=B → L (no legal move from Jass-player, 105 plies)  Jass +0.0  [1171s]
  game  26: Scan=W Jass=B → W (no legal move from Jass-player, 112 plies)  Jass +0.0  [1214s]
  game  27: Jass=W Scan=B → L (no legal move from Jass-player, 111 plies)  Jass +0.0  [1254s]
  game  28: Scan=W Jass=B → W (no legal move from Jass-player, 96 plies)  Jass +0.0  [1288s]
  game  29: Jass=W Scan=B → L (no legal move from Jass-player, 121 plies)  Jass +0.0  [1331s]
  game  30: Scan=W Jass=B → W (no legal move from Jass-player, 140 plies)  Jass +0.0  [1387s]
  game  31: Jass=W Scan=B → L (no legal move from Jass-player, 117 plies)  Jass +0.0  [1432s]
  game  32: Scan=W Jass=B → W (no legal move from Jass-player, 102 plies)  Jass +0.0  [1468s]
  game  33: Jass=W Scan=B → L (no legal move from Jass-player, 123 plies)  Jass +0.0  [1517s]
  game  34: Scan=W Jass=B → W (no legal move from Jass-player, 118 plies)  Jass +0.0  [1559s]
  game  35: Jass=W Scan=B → L (no legal move from Jass-player, 123 plies)  Jass +0.0  [1606s]
  game  36: Scan=W Jass=B → D (25-move rule, 176 plies)  Jass +0.5  [1677s]
  game  37: Jass=W Scan=B → L (no legal move from Jass-player, 153 plies)  Jass +0.0  [1737s]
  game  38: Scan=W Jass=B → W (no legal move from Jass-player, 106 plies)  Jass +0.0  [1775s]
  game  39: Jass=W Scan=B → L (no legal move from Jass-player, 103 plies)  Jass +0.0  [1814s]
  game  40: Scan=W Jass=B → W (no legal move from Jass-player, 100 plies)  Jass +0.0  [1849s]
  game  41: Jass=W Scan=B → L (no legal move from Jass-player, 117 plies)  Jass +0.0  [1894s]
  game  42: Scan=W Jass=B → W (no legal move from Jass-player, 150 plies)  Jass +0.0  [1951s]
  game  43: Jass=W Scan=B → L (no legal move from Jass-player, 93 plies)  Jass +0.0  [1984s]
  game  44: Scan=W Jass=B → D (25-move rule, 170 plies)  Jass +0.5  [2052s]
  game  45: Jass=W Scan=B → L (no legal move from Jass-player, 147 plies)  Jass +0.0  [2107s]
  game  46: Scan=W Jass=B → W (no legal move from Jass-player, 124 plies)  Jass +0.0  [2153s]
  game  47: Jass=W Scan=B → L (no legal move from Jass-player, 109 plies)  Jass +0.0  [2189s]
  game  48: Scan=W Jass=B → W (no legal move from Jass-player, 118 plies)  Jass +0.0  [2234s]
  game  49: Jass=W Scan=B → L (no legal move from Jass-player, 115 plies)  Jass +0.0  [2277s]
  game  50: Scan=W Jass=B → W (no legal move from Jass-player, 102 plies)  Jass +0.0  [2314s]
  game  51: Jass=W Scan=B → L (no legal move from Jass-player, 95 plies)  Jass +0.0  [2349s]
  game  52: Scan=W Jass=B → W (no legal move from Jass-player, 114 plies)  Jass +0.0  [2389s]
  game  53: Jass=W Scan=B → L (no legal move from Jass-player, 97 plies)  Jass +0.0  [2424s]
  game  54: Scan=W Jass=B → W (no legal move from Jass-player, 124 plies)  Jass +0.0  [2473s]

=== Jass vs Scan, movetime 0.5s, 54 games ===
  Jass=0  Scan=52  Draws=2
  Jass score rate: 0.019 (1.0 / 54)
  ELO estimate:    -690 (95% CI ≈ ±109)
