opening pool: 9 positions
jass setup:   pattern=/root/jass/jobs/results/cpx62-0327-scan-selfplay-distill/artefacts.src/new.pjtw  book=(default/none)
scan setup:   book=off  bb-size=0
  [Scan-player init] init eval
  [Scan-player] bb-size=0 (no bitbases — FAIR comparison)
  game   1: Jass=W Scan=B → L (no legal move from Jass-player, 145 plies)  Jass +0.0  [174s]
  game   2: Scan=W Jass=B → W (no legal move from Jass-player, 114 plies)  Jass +0.0  [297s]
  game   3: Jass=W Scan=B → L (no legal move from Jass-player, 145 plies)  Jass +0.0  [469s]
  game   4: Scan=W Jass=B → W (no legal move from Jass-player, 148 plies)  Jass +0.0  [647s]
  game   5: Jass=W Scan=B → L (no legal move from Jass-player, 135 plies)  Jass +0.0  [795s]
  game   6: Scan=W Jass=B → W (no legal move from Jass-player, 102 plies)  Jass +0.0  [910s]
  game   7: Jass=W Scan=B → L (no legal move from Jass-player, 121 plies)  Jass +0.0  [1041s]
  game   8: Scan=W Jass=B → W (no legal move from Jass-player, 128 plies)  Jass +0.0  [1186s]
  game   9: Jass=W Scan=B → L (no legal move from Jass-player, 121 plies)  Jass +0.0  [1312s]
  game  10: Scan=W Jass=B → W (no legal move from Jass-player, 138 plies)  Jass +0.0  [1466s]
  game  11: Jass=W Scan=B → L (no legal move from Jass-player, 111 plies)  Jass +0.0  [1574s]
  game  12: Scan=W Jass=B → W (no legal move from Jass-player, 130 plies)  Jass +0.0  [1708s]
  game  13: Jass=W Scan=B → L (no legal move from Jass-player, 115 plies)  Jass +0.0  [1840s]
  game  14: Scan=W Jass=B → W (no legal move from Jass-player, 152 plies)  Jass +0.0  [2009s]
  game  15: Jass=W Scan=B → L (no legal move from Jass-player, 135 plies)  Jass +0.0  [2164s]
  game  16: Scan=W Jass=B → W (no legal move from Jass-player, 118 plies)  Jass +0.0  [2285s]
  game  17: Jass=W Scan=B → L (no legal move from Jass-player, 127 plies)  Jass +0.0  [2429s]
  game  18: Scan=W Jass=B → W (no legal move from Jass-player, 124 plies)  Jass +0.0  [2562s]
  game  19: Jass=W Scan=B → L (no legal move from Jass-player, 113 plies)  Jass +0.0  [2692s]
  game  20: Scan=W Jass=B → D (ply cap, 160 plies)  Jass +0.5  [2890s]
  game  21: Jass=W Scan=B → D (25-move rule, 159 plies)  Jass +0.5  [3083s]
  game  22: Scan=W Jass=B → W (no legal move from Jass-player, 124 plies)  Jass +0.0  [3213s]
  game  23: Jass=W Scan=B → L (no legal move from Jass-player, 141 plies)  Jass +0.0  [3374s]
  game  24: Scan=W Jass=B → W (no legal move from Jass-player, 130 plies)  Jass +0.0  [3519s]
  game  25: Jass=W Scan=B → L (no legal move from Jass-player, 135 plies)  Jass +0.0  [3672s]
  game  26: Scan=W Jass=B → W (no legal move from Jass-player, 104 plies)  Jass +0.0  [3786s]
  game  27: Jass=W Scan=B → L (no legal move from Jass-player, 133 plies)  Jass +0.0  [3934s]
  game  28: Scan=W Jass=B → W (no legal move from Jass-player, 104 plies)  Jass +0.0  [4042s]
  game  29: Jass=W Scan=B → L (no legal move from Jass-player, 119 plies)  Jass +0.0  [4167s]
  game  30: Scan=W Jass=B → W (no legal move from Jass-player, 118 plies)  Jass +0.0  [4294s]
  game  31: Jass=W Scan=B → L (no legal move from Jass-player, 149 plies)  Jass +0.0  [4466s]
  game  32: Scan=W Jass=B → W (no legal move from Jass-player, 112 plies)  Jass +0.0  [4587s]
  game  33: Jass=W Scan=B → L (no legal move from Jass-player, 123 plies)  Jass +0.0  [4718s]
  game  34: Scan=W Jass=B → D (ply cap, 160 plies)  Jass +0.5  [4905s]
  game  35: Jass=W Scan=B → L (no legal move from Jass-player, 111 plies)  Jass +0.0  [5016s]
  game  36: Scan=W Jass=B → W (no legal move from Jass-player, 116 plies)  Jass +0.0  [5139s]

=== Jass vs Scan, movetime 1.5s, 36 games ===
  Jass=0  Scan=33  Draws=3
  Jass score rate: 0.042 (1.5 / 36)
  ELO estimate:    -545 (95% CI ≈ ±133)
