=== gen0 : seed (200k self-play embarqué depth4, l2=3e-2) --full-fold ===
cumulative 200000
wrote 200000 × 106 Scan-style extras to /root/jass/jobs/results/ccx33-0229-lrclosed-fullfold-d4/artefacts.src/feat0
  gen0 proxy=0.4096  Elo_vs_hc=120-5-145 elo=-32.3
=== gen1 : +300000 self-play depth4 avec gen0 → cumulé → logistic(--prune --full-fold) ===
cumulative 500000
wrote 500000 × 106 Scan-style extras to /root/jass/jobs/results/ccx33-0229-lrclosed-fullfold-d4/artefacts.src/feat1
  gen1 proxy=0.4348  Elo_vs_hc=171-5-94 elo=+101.9
=== gen2 : +300000 self-play depth4 avec gen1 → cumulé → logistic(--prune --full-fold) ===
cumulative 800000
wrote 800000 × 106 Scan-style extras to /root/jass/jobs/results/ccx33-0229-lrclosed-fullfold-d4/artefacts.src/feat2
  gen2 proxy=0.4431  Elo_vs_hc=177-5-88 elo=+119.0
=== gen3 : +300000 self-play depth4 avec gen2 → cumulé → logistic(--prune --full-fold) ===
cumulative 1100000
wrote 1100000 × 106 Scan-style extras to /root/jass/jobs/results/ccx33-0229-lrclosed-fullfold-d4/artefacts.src/feat3
  gen3 proxy=0.4422  Elo_vs_hc=179-3-88 elo=+121.9
=== gen4 : +300000 self-play depth4 avec gen3 → cumulé → logistic(--prune --full-fold) ===
cumulative 1400000
wrote 1400000 × 106 Scan-style extras to /root/jass/jobs/results/ccx33-0229-lrclosed-fullfold-d4/artefacts.src/feat4
  gen4 proxy=0.4579  Elo_vs_hc=199-1-70 elo=+180.7
=== gen5 : +300000 self-play depth4 avec gen4 → cumulé → logistic(--prune --full-fold) ===
cumulative 1700000
wrote 1700000 × 106 Scan-style extras to /root/jass/jobs/results/ccx33-0229-lrclosed-fullfold-d4/artefacts.src/feat5
  gen5 proxy=0.4572  Elo_vs_hc=189-3-78 elo=+151.8
=== gen6 : +300000 self-play depth4 avec gen5 → cumulé → logistic(--prune --full-fold) ===
cumulative 2000000
wrote 2000000 × 106 Scan-style extras to /root/jass/jobs/results/ccx33-0229-lrclosed-fullfold-d4/artefacts.src/feat6
  gen6 proxy=0.4696  Elo_vs_hc=188-7-75 elo=+154.9
=== gen7 : +300000 self-play depth4 avec gen6 → cumulé → logistic(--prune --full-fold) ===
cumulative 2300000
wrote 2300000 × 106 Scan-style extras to /root/jass/jobs/results/ccx33-0229-lrclosed-fullfold-d4/artefacts.src/feat7
  gen7 proxy=0.4702  Elo_vs_hc=177-9-84 elo=+124.8
=== gen8 : +300000 self-play depth4 avec gen7 → cumulé → logistic(--prune --full-fold) ===
cumulative 2600000
wrote 2600000 × 106 Scan-style extras to /root/jass/jobs/results/ccx33-0229-lrclosed-fullfold-d4/artefacts.src/feat8
  gen8 proxy=0.4693  Elo_vs_hc=190-4-76 elo=+156.5
=== gen8 vs hc précis (60 paires) ===
  728-21-331 elo=+134.0

==========================================================
   cpx62-0219 — SYM FULL-FOLD — TRAJECTOIRE Elo
  gen :  Elo_vs_hc  |  proxy
   0 : 120-5-145 elo=-32.3   |  0.4096
   1 : 171-5-94 elo=+101.9   |  0.4348
   2 : 177-5-88 elo=+119.0   |  0.4431
   3 : 179-3-88 elo=+121.9   |  0.4422
   4 : 199-1-70 elo=+180.7   |  0.4579
   5 : 189-3-78 elo=+151.8   |  0.4572
   6 : 188-7-75 elo=+154.9   |  0.4696
   7 : 177-9-84 elo=+124.8   |  0.4702
   8 : 190-4-76 elo=+156.5   |  0.4693
  → compare ccx33-0220 (men-only) : COLOR-FOLD monte-t-il PLUS HAUT en Elo ?
    si oui → la 1re brique de symétrie aide → Phase 2 (rotation 180°).
==========================================================
