note: --weight-decay=1e-05 applied as manual L2 inside the LBFGS closure (PyTorch LBFGS doesn't support weight_decay natively)
loading /root/jass/jobs/results/0010-gen-data-depth20-1M-smallbox/artefacts.src/depth20-1M.bin...
  1000000 records loaded
augmenting with horizontal mirror (×2)...
  augmented dataset: 2000000 records
encoding pattern indices (16 patterns, base=3)...
  done, shape=(16, 2000000)
=== run 1/3 (seed 42) ===
[seed 42] iter  0: train_loss=  23045.57  val_mse=88960560.00  man=  37.9  king=  40.6 *
[seed 42] iter  1: train_loss=  20021.87  val_mse=88091080.00  man=   5.3  king= -36.9 *
[seed 42] iter  2: train_loss=  19458.58  val_mse=87825000.00  man=  -3.1  king=  -1.6 *
[seed 42] iter  3: train_loss=  19272.18  val_mse=87727864.00  man=  -0.6  king=   2.1 *
[seed 42] iter  4: train_loss=  19222.09  val_mse=87717920.00  man=   0.1  king= -12.8 *
[seed 42] iter  5: train_loss=  19209.77  val_mse=87718656.00  man=  -1.0  king= -10.7
[seed 42] iter  6: train_loss=  19206.32  val_mse=87732248.00  man=   0.4  king= -10.0
[seed 42] iter  7: train_loss=  19205.15  val_mse=87738488.00  man=  -0.4  king=  -9.9
[seed 42] iter  8: train_loss=  19204.80  val_mse=87738872.00  man=  -0.3  king= -10.9
[seed 42] iter  9: train_loss=  19204.68  val_mse=87738872.00  man=  -0.3  king= -10.9
[seed 42] early stop: no val improvement for 5 iters (best val_mse=87717920.00)
=== run 2/3 (seed 43) ===
[seed 43] iter  0: train_loss=  23045.57  val_mse=88960560.00  man=  37.9  king=  40.6 *
[seed 43] iter  1: train_loss=  20021.87  val_mse=88091080.00  man=   5.3  king= -36.9 *
[seed 43] iter  2: train_loss=  19458.58  val_mse=87825000.00  man=  -3.1  king=  -1.6 *
[seed 43] iter  3: train_loss=  19272.18  val_mse=87727864.00  man=  -0.6  king=   2.1 *
[seed 43] iter  4: train_loss=  19222.09  val_mse=87717920.00  man=   0.1  king= -12.8 *
[seed 43] iter  5: train_loss=  19209.77  val_mse=87718656.00  man=  -1.0  king= -10.7
[seed 43] iter  6: train_loss=  19206.32  val_mse=87732248.00  man=   0.4  king= -10.0
[seed 43] iter  7: train_loss=  19205.15  val_mse=87738488.00  man=  -0.4  king=  -9.9
[seed 43] iter  8: train_loss=  19204.80  val_mse=87738872.00  man=  -0.3  king= -10.9
[seed 43] iter  9: train_loss=  19204.68  val_mse=87738872.00  man=  -0.3  king= -10.9
[seed 43] early stop: no val improvement for 5 iters (best val_mse=87717920.00)
=== run 3/3 (seed 44) ===
[seed 44] iter  0: train_loss=  23045.57  val_mse=88960560.00  man=  37.9  king=  40.6 *
[seed 44] iter  1: train_loss=  20021.87  val_mse=88091080.00  man=   5.3  king= -36.9 *
[seed 44] iter  2: train_loss=  19458.58  val_mse=87825000.00  man=  -3.1  king=  -1.6 *
[seed 44] iter  3: train_loss=  19272.18  val_mse=87727864.00  man=  -0.6  king=   2.1 *
[seed 44] iter  4: train_loss=  19222.09  val_mse=87717920.00  man=   0.1  king= -12.8 *
[seed 44] iter  5: train_loss=  19209.77  val_mse=87718656.00  man=  -1.0  king= -10.7
[seed 44] iter  6: train_loss=  19206.32  val_mse=87732248.00  man=   0.4  king= -10.0
[seed 44] iter  7: train_loss=  19205.15  val_mse=87738488.00  man=  -0.4  king=  -9.9
[seed 44] iter  8: train_loss=  19204.80  val_mse=87738872.00  man=  -0.3  king= -10.9
[seed 44] iter  9: train_loss=  19204.68  val_mse=87738872.00  man=  -0.3  king= -10.9
[seed 44] early stop: no val improvement for 5 iters (best val_mse=87717920.00)
averaging 3 models...
final (saved) val_mse=87865584.00  man=0.1  king=-12.8
wrote /root/jass/jobs/results/0054-g3b-phase-split-skeleton/artefacts.src/pattern-v2-g3b.jpat (420493 bytes)
