  [preflight] build ×1 ≈ 4 min
  [preflight] EBF #0 : build+tests+smoke log + nps_vs_scan 40 pos x d9/12/15 (x2 moteurs): ≈ 150 min
  [preflight] TOTAL estimé ≈ 154 min  (cap 200 min)
  [preflight] OK — sous le cap, lancement.
=== build jass FULL Scan-alignee (VALIDE le src log-LMR commite gated-OFF) ===
  build OK -> le src log-LMR compile.
=== jass_tests (le defaut lmr_formula=0 doit etre byte-identique) ===
  ⚠️ jass_tests ECHEC/indispo :     [FAIL] /root/jass/tests/test_scan_book.cpp:132: e.load_book(path)
    [FAIL] /root/jass/tests/test_scan_book.cpp:133: expected e.book_size() == b.size()
    10 / 6486 assertions FAILED.
=== eval-pur : champion egdbmix decompresse ===
=== mesure NPS jass(eval-pur champion) vs Scan, d9/12/15, 40 pos ===
nps: 40 positions (>= 14p), depths [9, 12, 15]
  [Scan init] init eval
  [Scan] bb-size=0 (no bitbases — FAIR comparison)
depth  jass_s/pos  scan_s/pos  jass/scan
    9      0.0059      0.0149       0.40
   12      0.0340      0.0237       1.44
   15      0.1377      0.0573       2.40

jass/scan ratio = movetime-compensation factor (give jass that x more time = fair).
=== EBF back-out (EBF = (t_dB/t_dA)^(1/(B-A))) ===
=== CHANTIER EBF #0 — re-mesure post-combo (cible Scan = 1,28) ===
depth  jass_s/pos  scan_s/pos  jass/scan
    9      0.0059      0.0149       0.40
   12      0.0340      0.0237       1.44
   15      0.1377      0.0573       2.40

EBF_jass (d9->d15, depuis sa croissance temporelle) = 1.690
EBF_scan (d9->d15)                                = 1.252   [ref memo Scan~1,28]
=> gap EBF a combler : 1.690 -> 1,28 ; ratio nodes a depth egale grossit comme (EBF_jass/EBF_scan)^d

LECTURE : EBF_jass >> 1,28 (memo : ~1,9) => marge pour le levier LMR-log (#1). EBF_jass deja ~1,3-1,4 =>
          le combo a fait plus que prevu, le levier LMR rapporte peu (re-prioriser). Decideur de #1.
==========================================================
  ccx33-0495 EBF #0 fini. Prochain : #1 LMR-log A/B a temps fixe (gate : EBF baisse & 0 reg Elo vs 0264/0268).
