  subsample fit : 600000 pos (corpus 2000000, step 3)
=== DOE FEATURE-GROUP 2^(4-1) Res IV — reponse = score-rate vs Scan @ d9 (qualite eval) ===
  facteurs : A=ENDGAME B=KING_MOB C=SCAN_PARITY D=TEMPO (D=ABC)

--- config A0B0C0D0 : ENDGAME=OFF KING_MOB=OFF SCAN_PARITY=OFF TEMPO=OFF ---
/root/jass/jobs/queue/ccx33-0569-doe-featuregroup.sh: line 63: /root/cw-doefeat/b_A0B0C0D0/cmake.log: No such file or directory
/root/jass/jobs/queue/ccx33-0569-doe-featuregroup.sh: line 66: /root/cw-doefeat/b_A0B0C0D0/build.log: No such file or directory
tail: cannot open '/root/cw-doefeat/b_A0B0C0D0/build.log' for reading: No such file or directory
  BUILD FAIL (config invalide ?) : 

--- config A1B0C0D1 : ENDGAME=ON KING_MOB=OFF SCAN_PARITY=OFF TEMPO=ON ---
/root/jass/jobs/queue/ccx33-0569-doe-featuregroup.sh: line 63: /root/cw-doefeat/b_A1B0C0D1/cmake.log: No such file or directory
/root/jass/jobs/queue/ccx33-0569-doe-featuregroup.sh: line 66: /root/cw-doefeat/b_A1B0C0D1/build.log: No such file or directory
tail: cannot open '/root/cw-doefeat/b_A1B0C0D1/build.log' for reading: No such file or directory
  BUILD FAIL (config invalide ?) : 

--- config A0B1C0D1 : ENDGAME=OFF KING_MOB=ON SCAN_PARITY=OFF TEMPO=ON ---
/root/jass/jobs/queue/ccx33-0569-doe-featuregroup.sh: line 63: /root/cw-doefeat/b_A0B1C0D1/cmake.log: No such file or directory
/root/jass/jobs/queue/ccx33-0569-doe-featuregroup.sh: line 66: /root/cw-doefeat/b_A0B1C0D1/build.log: No such file or directory
tail: cannot open '/root/cw-doefeat/b_A0B1C0D1/build.log' for reading: No such file or directory
  BUILD FAIL (config invalide ?) : 

--- config A1B1C0D0 : ENDGAME=ON KING_MOB=ON SCAN_PARITY=OFF TEMPO=OFF ---
/root/jass/jobs/queue/ccx33-0569-doe-featuregroup.sh: line 63: /root/cw-doefeat/b_A1B1C0D0/cmake.log: No such file or directory
/root/jass/jobs/queue/ccx33-0569-doe-featuregroup.sh: line 66: /root/cw-doefeat/b_A1B1C0D0/build.log: No such file or directory
tail: cannot open '/root/cw-doefeat/b_A1B1C0D0/build.log' for reading: No such file or directory
  BUILD FAIL (config invalide ?) : 

--- config A0B0C1D1 : ENDGAME=OFF KING_MOB=OFF SCAN_PARITY=ON TEMPO=ON ---
/root/jass/jobs/queue/ccx33-0569-doe-featuregroup.sh: line 63: /root/cw-doefeat/b_A0B0C1D1/cmake.log: No such file or directory
/root/jass/jobs/queue/ccx33-0569-doe-featuregroup.sh: line 66: /root/cw-doefeat/b_A0B0C1D1/build.log: No such file or directory
tail: cannot open '/root/cw-doefeat/b_A0B0C1D1/build.log' for reading: No such file or directory
  BUILD FAIL (config invalide ?) : 

--- config A1B0C1D0 : ENDGAME=ON KING_MOB=OFF SCAN_PARITY=ON TEMPO=OFF ---
/root/jass/jobs/queue/ccx33-0569-doe-featuregroup.sh: line 63: /root/cw-doefeat/b_A1B0C1D0/cmake.log: No such file or directory
/root/jass/jobs/queue/ccx33-0569-doe-featuregroup.sh: line 66: /root/cw-doefeat/b_A1B0C1D0/build.log: No such file or directory
tail: cannot open '/root/cw-doefeat/b_A1B0C1D0/build.log' for reading: No such file or directory
  BUILD FAIL (config invalide ?) : 

--- config A0B1C1D0 : ENDGAME=OFF KING_MOB=ON SCAN_PARITY=ON TEMPO=OFF ---
/root/jass/jobs/queue/ccx33-0569-doe-featuregroup.sh: line 63: /root/cw-doefeat/b_A0B1C1D0/cmake.log: No such file or directory
/root/jass/jobs/queue/ccx33-0569-doe-featuregroup.sh: line 66: /root/cw-doefeat/b_A0B1C1D0/build.log: No such file or directory
tail: cannot open '/root/cw-doefeat/b_A0B1C1D0/build.log' for reading: No such file or directory
  BUILD FAIL (config invalide ?) : 

--- config A1B1C1D1 : ENDGAME=ON KING_MOB=ON SCAN_PARITY=ON TEMPO=ON ---
/root/jass/jobs/queue/ccx33-0569-doe-featuregroup.sh: line 63: /root/cw-doefeat/b_A1B1C1D1/cmake.log: No such file or directory
/root/jass/jobs/queue/ccx33-0569-doe-featuregroup.sh: line 66: /root/cw-doefeat/b_A1B1C1D1/build.log: No such file or directory
tail: cannot open '/root/cw-doefeat/b_A1B1C1D1/build.log' for reading: No such file or directory
  BUILD FAIL (config invalide ?) : 

=== ANALYSE DOE (effets principaux sur score-rate vs Scan) ===
  trop peu de configs valides (0/8) — DOE non concluant
  RESULTS committe job-side ✓
=== fin DOE feature-group ===
