dumping per-game JSONs to: /root/jass/jobs/results/cpx62-0293-depthramp-ab/artefacts.src/games-A8
opening pool: 9 positions
jass setup:   pattern=/root/jass/jobs/results/cpx62-0293-depthramp-ab/artefacts.src/A8.pjtw  book=(default/none)
scan setup:   book=off  bb-size=0
  [Scan-player init] init eval
  [Scan-player] bb-size=0 (no bitbases — FAIR comparison)
  game   1: Jass=W Scan=B → L (no legal move from Jass-player, 153 plies)  Jass +0.0  [62s]
  game   2: Scan=W Jass=B → W (no legal move from Jass-player, 110 plies)  Jass +0.0  [103s]
  game   3: Jass=W Scan=B → L (no legal move from Jass-player, 151 plies)  Jass +0.0  [160s]
  game   4: Scan=W Jass=B → W (no legal move from Jass-player, 114 plies)  Jass +0.0  [200s]
  game   5: Jass=W Scan=B → L (no legal move from Jass-player, 113 plies)  Jass +0.0  [242s]
  game   6: Scan=W Jass=B → W (no legal move from Jass-player, 124 plies)  Jass +0.0  [289s]
  game   7: Jass=W Scan=B → L (no legal move from Jass-player, 119 plies)  Jass +0.0  [333s]
  game   8: Scan=W Jass=B → W (no legal move from Jass-player, 128 plies)  Jass +0.0  [382s]
  game   9: Jass=W Scan=B → L (no legal move from Jass-player, 131 plies)  Jass +0.0  [432s]
  game  10: Scan=W Jass=B → W (no legal move from Jass-player, 112 plies)  Jass +0.0  [474s]
  game  11: Jass=W Scan=B → L (no legal move from Jass-player, 113 plies)  Jass +0.0  [518s]
  game  12: Scan=W Jass=B → W (no legal move from Jass-player, 126 plies)  Jass +0.0  [566s]
  game  13: Jass=W Scan=B → L (no legal move from Jass-player, 121 plies)  Jass +0.0  [612s]
  game  14: Scan=W Jass=B → W (no legal move from Jass-player, 110 plies)  Jass +0.0  [653s]
  game  15: Jass=W Scan=B → L (no legal move from Jass-player, 141 plies)  Jass +0.0  [708s]
  game  16: Scan=W Jass=B → W (no legal move from Jass-player, 152 plies)  Jass +0.0  [765s]
  game  17: Jass=W Scan=B → L (no legal move from Jass-player, 97 plies)  Jass +0.0  [799s]
  game  18: Scan=W Jass=B → W (no legal move from Jass-player, 118 plies)  Jass +0.0  [842s]
  game  19: Jass=W Scan=B → L (no legal move from Jass-player, 117 plies)  Jass +0.0  [885s]
  game  20: Scan=W Jass=B → W (no legal move from Jass-player, 122 plies)  Jass +0.0  [927s]
  game  21: Jass=W Scan=B → L (no legal move from Jass-player, 123 plies)  Jass +0.0  [972s]
  game  22: Scan=W Jass=B → W (no legal move from Jass-player, 128 plies)  Jass +0.0  [1019s]
  game  23: Jass=W Scan=B → L (no legal move from Jass-player, 149 plies)  Jass +0.0  [1075s]
  game  24: Scan=W Jass=B → W (no legal move from Jass-player, 118 plies)  Jass +0.0  [1116s]
  game  25: Jass=W Scan=B → L (no legal move from Jass-player, 117 plies)  Jass +0.0  [1160s]
  game  26: Scan=W Jass=B → W (no legal move from Jass-player, 120 plies)  Jass +0.0  [1206s]
  game  27: Jass=W Scan=B → L (no legal move from Jass-player, 131 plies)  Jass +0.0  [1254s]
  game  28: Scan=W Jass=B → W (no legal move from Jass-player, 118 plies)  Jass +0.0  [1297s]
  game  29: Jass=W Scan=B → L (no legal move from Jass-player, 121 plies)  Jass +0.0  [1342s]
  game  30: Scan=W Jass=B → W (no legal move from Jass-player, 134 plies)  Jass +0.0  [1390s]
  game  31: Jass=W Scan=B → L (no legal move from Jass-player, 119 plies)  Jass +0.0  [1436s]
  game  32: Scan=W Jass=B → W (no legal move from Jass-player, 126 plies)  Jass +0.0  [1483s]
  game  33: Jass=W Scan=B → L (no legal move from Jass-player, 121 plies)  Jass +0.0  [1529s]
  game  34: Scan=W Jass=B → W (no legal move from Jass-player, 122 plies)  Jass +0.0  [1573s]
  game  35: Jass=W Scan=B → L (no legal move from Jass-player, 131 plies)  Jass +0.0  [1620s]
  game  36: Scan=W Jass=B → W (no legal move from Jass-player, 146 plies)  Jass +0.0  [1673s]

=== Jass vs Scan, movetime 0.5s, 36 games ===
  Jass=0  Scan=36  Draws=0
  Jass score rate: 0.000 (0.0 / 36)
  ELO estimate:    -800 (95% CI ≈ ±133)
