=== émettre la géométrie v6 (diagonale dense, 40 patterns) ===
constexpr std::size_t NUM_PATTERNS  = 40;   // v4 enriched (gen_patterns.py)

=== PATTERN_HASH=531441 ===
constexpr std::uint32_t PATTERN_HASH        = 531441;   // = POW3[12] → no hashing
BUILD FAIL 531441
search.cpp:(.text+0x50d): undefined reference to `pattern_jass::update_all(unsigned long, unsigned long, unsigned long, unsigned long, std::array<unsigned int, 32ul>&)'
/usr/bin/ld: libjass_lib.a(search.cpp.o): in function `jass::(anonymous namespace)::Searcher::negamax(jass::Position const&, int, int, int, int)':
search.cpp:(.text+0x1506): undefined reference to `pattern_jass::update_all(unsigned long, unsigned long, unsigned long, unsigned long, std::array<unsigned int, 32ul>&)'
/usr/bin/ld: search.cpp:(.text+0x1c9f): undefined reference to `pattern_jass::update_all(unsigned long, unsigned long, unsigned long, unsigned long, std::array<unsigned int, 32ul>&)'
/usr/bin/ld: search.cpp:(.text+0x2906): undefined reference to `pattern_jass::update_all(unsigned long, unsigned long, unsigned long, unsigned long, std::array<unsigned int, 32ul>&)'
/usr/bin/ld: libjass_lib.a(search.cpp.o): in function `jass::search(jass::Position const&, jass::SearchLimits const&, jass::TranspositionTable&, std::vector<unsigned long, std::allocator<unsigned long> > const&)':
search.cpp:(.text+0x3c71): undefined reference to `pattern_jass::extract_all(unsigned long, unsigned long, std::array<unsigned int, 32ul>&)'
/usr/bin/ld: search.cpp:(.text+0x405f): undefined reference to `pattern_jass::update_all(unsigned long, unsigned long, unsigned long, unsigned long, std::array<unsigned int, 32ul>&)'
/usr/bin/ld: libjass_lib.a(search.cpp.o): in function `jass::(anonymous namespace)::Searcher::push_accumulator(int, jass::Position const&, jass::Move const&, jass::Position const&)':
search.cpp:(.text+0x1b1): undefined reference to `pattern_jass::update_all(unsigned long, unsigned long, unsigned long, unsigned long, std::array<unsigned int, 32ul>&)'
collect2: error: ld returned 1 exit status
gmake[3]: *** [CMakeFiles/jass.dir/build.make:98: jass] Error 1
gmake[2]: *** [CMakeFiles/Makefile2:113: CMakeFiles/jass.dir/all] Error 2
gmake[1]: *** [CMakeFiles/Makefile2:120: CMakeFiles/jass.dir/rule] Error 2
gmake: *** [Makefile:147: jass] Error 2

=== PATTERN_HASH=16384 ===
constexpr std::uint32_t PATTERN_HASH        = 16384;   // = POW3[12] → no hashing
  tests OK
wrote 1420193 × 106 Scan-style extras to /root/jass/jobs/results/0190-bucket-hash-stability/artefacts.src/feat-16384
  H=16384 : d9=0.25  d13=0.222222  mt=0.270833

=== PATTERN_HASH=4096 ===
constexpr std::uint32_t PATTERN_HASH        = 4096;   // = POW3[12] → no hashing
  tests OK
wrote 1420193 × 106 Scan-style extras to /root/jass/jobs/results/0190-bucket-hash-stability/artefacts.src/feat-4096
  H=4096 : d9=0.277778  d13=0.333333  mt=0.3125

==========================================================
        0190 HASHING DE BUCKETS (piste 3) — VERDICT (sur v6)
  H=531441 : d9=  d13=  mt=
  H=16384 : d9=0.25  d13=0.222222  mt=0.270833
  H=4096 : d9=0.277778  d13=0.333333  mt=0.3125
  réf v6 plein (0188) : d9=0.556 → d13=0.389 (dégrade)
  → d13 remonte/tient sous hashing = famine corrigée → connaissance stable
    en profondeur → reste à la convertir (vitesse / movegen).
  → d13 chute encore = autre cause (calibration/échelle), pas la famine.
==========================================================
