dumping per-game JSONs to: /root/jass/jobs/results/cpx62-0297-saturate-loop/artefacts.src/games
opening pool: 9 positions
jass setup:   pattern=/root/jass/jobs/results/cpx62-0297-saturate-loop/artefacts.src/gen6.pjtw  book=(default/none)
scan setup:   book=off  bb-size=0
  [Scan-player init] init eval
  [Scan-player] bb-size=0 (no bitbases — FAIR comparison)
  game   1: Jass=W Scan=B → L (no legal move from Jass-player, 117 plies)  Jass +0.0  [48s]
  game   2: Scan=W Jass=B → W (no legal move from Jass-player, 124 plies)  Jass +0.0  [91s]
  game   3: Jass=W Scan=B → L (no legal move from Jass-player, 161 plies)  Jass +0.0  [153s]
  game   4: Scan=W Jass=B → W (no legal move from Jass-player, 144 plies)  Jass +0.0  [208s]
  game   5: Jass=W Scan=B → L (no legal move from Jass-player, 129 plies)  Jass +0.0  [256s]
  game   6: Scan=W Jass=B → W (no legal move from Jass-player, 120 plies)  Jass +0.0  [302s]
  game   7: Jass=W Scan=B → L (no legal move from Jass-player, 125 plies)  Jass +0.0  [347s]
  game   8: Scan=W Jass=B → W (no legal move from Jass-player, 124 plies)  Jass +0.0  [393s]
  game   9: Jass=W Scan=B → L (no legal move from Jass-player, 129 plies)  Jass +0.0  [441s]
  game  10: Scan=W Jass=B → W (no legal move from Jass-player, 124 plies)  Jass +0.0  [487s]
  game  11: Jass=W Scan=B → L (no legal move from Jass-player, 109 plies)  Jass +0.0  [525s]
  game  12: Scan=W Jass=B → W (no legal move from Jass-player, 146 plies)  Jass +0.0  [579s]
  game  13: Jass=W Scan=B → L (no legal move from Jass-player, 123 plies)  Jass +0.0  [624s]
  game  14: Scan=W Jass=B → W (no legal move from Jass-player, 122 plies)  Jass +0.0  [669s]
  game  15: Jass=W Scan=B → L (no legal move from Jass-player, 135 plies)  Jass +0.0  [720s]
  game  16: Scan=W Jass=B → W (no legal move from Jass-player, 132 plies)  Jass +0.0  [768s]
  game  17: Jass=W Scan=B → L (no legal move from Jass-player, 137 plies)  Jass +0.0  [819s]
  game  18: Scan=W Jass=B → W (no legal move from Jass-player, 132 plies)  Jass +0.0  [866s]
  game  19: Jass=W Scan=B → L (no legal move from Jass-player, 125 plies)  Jass +0.0  [910s]
  game  20: Scan=W Jass=B → W (no legal move from Jass-player, 136 plies)  Jass +0.0  [959s]
  game  21: Jass=W Scan=B → L (no legal move from Jass-player, 121 plies)  Jass +0.0  [1001s]
  game  22: Scan=W Jass=B → W (no legal move from Jass-player, 134 plies)  Jass +0.0  [1052s]
  game  23: Jass=W Scan=B → L (no legal move from Jass-player, 125 plies)  Jass +0.0  [1096s]
  game  24: Scan=W Jass=B → W (no legal move from Jass-player, 134 plies)  Jass +0.0  [1144s]
  game  25: Jass=W Scan=B → L (no legal move from Jass-player, 131 plies)  Jass +0.0  [1193s]
  game  26: Scan=W Jass=B → W (no legal move from Jass-player, 126 plies)  Jass +0.0  [1238s]
  game  27: Jass=W Scan=B → L (no legal move from Jass-player, 123 plies)  Jass +0.0  [1283s]
  game  28: Scan=W Jass=B → W (no legal move from Jass-player, 132 plies)  Jass +0.0  [1331s]
  game  29: Jass=W Scan=B → L (no legal move from Jass-player, 151 plies)  Jass +0.0  [1389s]
  game  30: Scan=W Jass=B → W (no legal move from Jass-player, 146 plies)  Jass +0.0  [1443s]
  game  31: Jass=W Scan=B → L (no legal move from Jass-player, 137 plies)  Jass +0.0  [1494s]
  game  32: Scan=W Jass=B → W (no legal move from Jass-player, 136 plies)  Jass +0.0  [1548s]
  game  33: Jass=W Scan=B → L (no legal move from Jass-player, 125 plies)  Jass +0.0  [1595s]
  game  34: Scan=W Jass=B → W (no legal move from Jass-player, 118 plies)  Jass +0.0  [1639s]
  game  35: Jass=W Scan=B → L (no legal move from Jass-player, 117 plies)  Jass +0.0  [1682s]
  game  36: Scan=W Jass=B → W (no legal move from Jass-player, 144 plies)  Jass +0.0  [1739s]
  game  37: Jass=W Scan=B → L (no legal move from Jass-player, 115 plies)  Jass +0.0  [1784s]
  game  38: Scan=W Jass=B → W (no legal move from Jass-player, 114 plies)  Jass +0.0  [1826s]
  game  39: Jass=W Scan=B → L (no legal move from Jass-player, 147 plies)  Jass +0.0  [1885s]
  game  40: Scan=W Jass=B → W (no legal move from Jass-player, 118 plies)  Jass +0.0  [1928s]
  game  41: Jass=W Scan=B → L (no legal move from Jass-player, 135 plies)  Jass +0.0  [1981s]
  game  42: Scan=W Jass=B → W (no legal move from Jass-player, 120 plies)  Jass +0.0  [2025s]
  game  43: Jass=W Scan=B → L (no legal move from Jass-player, 115 plies)  Jass +0.0  [2066s]
  game  44: Scan=W Jass=B → W (no legal move from Jass-player, 116 plies)  Jass +0.0  [2110s]
  game  45: Jass=W Scan=B → L (no legal move from Jass-player, 125 plies)  Jass +0.0  [2155s]
  game  46: Scan=W Jass=B → W (no legal move from Jass-player, 158 plies)  Jass +0.0  [2214s]
  game  47: Jass=W Scan=B → L (no legal move from Jass-player, 135 plies)  Jass +0.0  [2265s]
  game  48: Scan=W Jass=B → W (no legal move from Jass-player, 124 plies)  Jass +0.0  [2309s]
  game  49: Jass=W Scan=B → L (no legal move from Jass-player, 109 plies)  Jass +0.0  [2349s]
  game  50: Scan=W Jass=B → W (no legal move from Jass-player, 142 plies)  Jass +0.0  [2402s]
  game  51: Jass=W Scan=B → L (no legal move from Jass-player, 121 plies)  Jass +0.0  [2445s]
  game  52: Scan=W Jass=B → W (no legal move from Jass-player, 158 plies)  Jass +0.0  [2505s]
  game  53: Jass=W Scan=B → L (no legal move from Jass-player, 123 plies)  Jass +0.0  [2550s]
  game  54: Scan=W Jass=B → W (no legal move from Jass-player, 120 plies)  Jass +0.0  [2592s]

=== Jass vs Scan, movetime 0.5s, 54 games ===
  Jass=0  Scan=54  Draws=0
  Jass score rate: 0.000 (0.0 / 54)
  ELO estimate:    -800 (95% CI ≈ ±109)
