=== build jass depuis main (qs_sacs baké ON) + JASS_TIME_BREAKDOWN (search-profile) ===
  HEAD main : 7d8ff9739 runner: start ccx33-0559-doe-ebf
design=16 runs ; sample=900 combos across tempi bins [3, 5, 7, 9, 11]
  
  echantillon : 900 combos, profondeur fixe D=13 (deterministe)

=== 16 runs en parallele (1 config/coeur, profondeur fixe, deterministe) ===
DONE run 15
DONE run 13
DONE run 14
DONE run 12
DONE run 11
DONE run 10
DONE run 9
DONE run 8
DONE run 7
DONE run 5
DONE run 3
DONE run 6
DONE run 4
DONE run 1
DONE run 2
DONE run 0
  runs termines : 16/16

=== ANALYSE : estimateur apparie position-par-position (effets principaux + 10 interactions 2FI) ===
  BASELINE (defauts, run 0) : detection=0.607  nodes~198,644  (M=900 positions)
  Niveaux +1 = pruning PLUS agressif (NMP ON, lmr_asym, probcut ON, multicut bas, rfp profond).
  PAYOFF EBF = REDUIRE log(nodes) (moins de noeuds/prof = plus profond a temps fixe). GUARDE = detection (ne pas perdre les combos).
  Bonferroni 15 tests : |t|>2.94 ; * = |t|>1.96.

  --- classe par PAYOFF (|t_noeuds|) ---
  terme                   eff logN     t_N    d_detect   t_det
  [MAIN] nmp                    -0.3818   -49.3***   -0.0307    -3.9!!
  [MAIN] lmr_asym               -0.1577   -35.0***   +0.0049    +0.9  
  [MAIN] multicut               -0.0880   -22.5***   -0.0024    -0.5  
  [2FI ] nmp*multicut           +0.0658   +17.9***   +0.0035    +0.7  
  [MAIN] probcut                -0.0665   -15.8***   -0.0040    -0.9  
  [2FI ] lmr_asym*probcut       +0.0164    +4.7***   +0.0018    +0.4  
  [2FI ] lmr_asym*multicut      +0.0091    +2.5  *   +0.0029    +0.6  
  [2FI ] probcut*rfp            +0.0077    +2.1  *   +0.0035    +0.7  
  [MAIN] rfp                    +0.0045    +1.3      -0.0029    -0.7  
  [2FI ] nmp*probcut            +0.0036    +1.0      +0.0040    +0.9  
  [2FI ] nmp*lmr_asym           -0.0037    -0.9      -0.0015    -0.3  
  [2FI ] multicut*rfp           -0.0024    -0.7      +0.0035    +0.8  
  [2FI ] lmr_asym*rfp           +0.0017    +0.5      -0.0054    -1.2  
  [2FI ] probcut*multicut       -0.0013    -0.4      +0.0018    +0.4  
  [2FI ] nmp*rfp                -0.0010    -0.3      -0.0004    -0.1  

  === coin optimal EBF (min nodes SOUS GUARDE detection ; modele mains + 2FI signif.) ===
  leviers ACTIVES : ['lmr_asym', 'probcut', 'multicut']
  reduction noeuds predite au coin (vs grand-mean) ~ x1.010 ; detection predite 0.598 (baseline 0.607)
  SPEC coin EBF : eg_no_nmp=1,lmr_first_full_nonpv=2,probcut_min_depth=5,multicut_min_depth=4,rfp_max_depth=5
  => job suivant : CONFIRMER ce coin en Elo TEMPS FIXE (movetime) vs defauts — la reduction EBF doit se
     payer en FORCE (plus profond a temps fixe), pas juste en noeuds. + verif node-EBF exact du coin.
=== fin DOE Res V ===
