opening pool: 9 positions
jass setup:   pattern=/root/jass/jobs/results/cpx62-0261-endgame-distill-v2/artefacts.src/noPW-l21e-4.pjtw  book=(default/none)
scan setup:   book=off  bb-size=0
  [Scan-player init] init eval
  [Scan-player] bb-size=0 (no bitbases — FAIR comparison)
  game   1: Jass=W Scan=B → L (no legal move from Jass-player, 103 plies)  Jass +0.0  [42s]
  game   2: Scan=W Jass=B → W (no legal move from Jass-player, 142 plies)  Jass +0.0  [94s]
  game   3: Jass=W Scan=B → L (no legal move from Jass-player, 105 plies)  Jass +0.0  [134s]
  game   4: Scan=W Jass=B → W (no legal move from Jass-player, 114 plies)  Jass +0.0  [176s]
  game   5: Jass=W Scan=B → L (no legal move from Jass-player, 113 plies)  Jass +0.0  [217s]
  game   6: Scan=W Jass=B → W (no legal move from Jass-player, 110 plies)  Jass +0.0  [256s]
  game   7: Jass=W Scan=B → L (no legal move from Jass-player, 87 plies)  Jass +0.0  [289s]
  game   8: Scan=W Jass=B → W (no legal move from Jass-player, 114 plies)  Jass +0.0  [330s]
  game   9: Jass=W Scan=B → L (no legal move from Jass-player, 103 plies)  Jass +0.0  [367s]
  game  10: Scan=W Jass=B → W (no legal move from Jass-player, 92 plies)  Jass +0.0  [397s]
  game  11: Jass=W Scan=B → L (no legal move from Jass-player, 109 plies)  Jass +0.0  [438s]
  game  12: Scan=W Jass=B → W (no legal move from Jass-player, 116 plies)  Jass +0.0  [480s]
  game  13: Jass=W Scan=B → L (no legal move from Jass-player, 91 plies)  Jass +0.0  [514s]
  game  14: Scan=W Jass=B → W (no legal move from Jass-player, 86 plies)  Jass +0.0  [545s]
  game  15: Jass=W Scan=B → L (no legal move from Jass-player, 95 plies)  Jass +0.0  [580s]
  game  16: Scan=W Jass=B → W (no legal move from Jass-player, 120 plies)  Jass +0.0  [623s]
  game  17: Jass=W Scan=B → L (no legal move from Jass-player, 85 plies)  Jass +0.0  [653s]
  game  18: Scan=W Jass=B → W (no legal move from Jass-player, 120 plies)  Jass +0.0  [698s]
  game  19: Jass=W Scan=B → L (no legal move from Jass-player, 79 plies)  Jass +0.0  [725s]
  game  20: Scan=W Jass=B → W (no legal move from Jass-player, 110 plies)  Jass +0.0  [764s]
  game  21: Jass=W Scan=B → L (no legal move from Jass-player, 105 plies)  Jass +0.0  [802s]
  game  22: Scan=W Jass=B → W (no legal move from Jass-player, 114 plies)  Jass +0.0  [844s]
  game  23: Jass=W Scan=B → L (no legal move from Jass-player, 109 plies)  Jass +0.0  [885s]
  game  24: Scan=W Jass=B → W (no legal move from Jass-player, 122 plies)  Jass +0.0  [931s]
  game  25: Jass=W Scan=B → L (no legal move from Jass-player, 113 plies)  Jass +0.0  [971s]
  game  26: Scan=W Jass=B → W (no legal move from Jass-player, 110 plies)  Jass +0.0  [1012s]
  game  27: Jass=W Scan=B → L (no legal move from Jass-player, 135 plies)  Jass +0.0  [1063s]
  game  28: Scan=W Jass=B → W (no legal move from Jass-player, 106 plies)  Jass +0.0  [1099s]
  game  29: Jass=W Scan=B → L (no legal move from Jass-player, 117 plies)  Jass +0.0  [1143s]
  game  30: Scan=W Jass=B → W (no legal move from Jass-player, 118 plies)  Jass +0.0  [1186s]
  game  31: Jass=W Scan=B → L (no legal move from Jass-player, 113 plies)  Jass +0.0  [1225s]
  game  32: Scan=W Jass=B → W (no legal move from Jass-player, 88 plies)  Jass +0.0  [1257s]
  game  33: Jass=W Scan=B → L (no legal move from Jass-player, 119 plies)  Jass +0.0  [1301s]
  game  34: Scan=W Jass=B → W (no legal move from Jass-player, 106 plies)  Jass +0.0  [1338s]
  game  35: Jass=W Scan=B → L (no legal move from Jass-player, 139 plies)  Jass +0.0  [1391s]
  game  36: Scan=W Jass=B → W (no legal move from Jass-player, 108 plies)  Jass +0.0  [1431s]
  game  37: Jass=W Scan=B → L (no legal move from Jass-player, 117 plies)  Jass +0.0  [1475s]
  game  38: Scan=W Jass=B → W (no legal move from Jass-player, 116 plies)  Jass +0.0  [1516s]
  game  39: Jass=W Scan=B → L (no legal move from Jass-player, 123 plies)  Jass +0.0  [1561s]
  game  40: Scan=W Jass=B → W (no legal move from Jass-player, 160 plies)  Jass +0.0  [1624s]
  game  41: Jass=W Scan=B → L (no legal move from Jass-player, 115 plies)  Jass +0.0  [1666s]
  game  42: Scan=W Jass=B → W (no legal move from Jass-player, 118 plies)  Jass +0.0  [1710s]
  game  43: Jass=W Scan=B → L (no legal move from Jass-player, 157 plies)  Jass +0.0  [1773s]
  game  44: Scan=W Jass=B → W (no legal move from Jass-player, 104 plies)  Jass +0.0  [1810s]
  game  45: Jass=W Scan=B → L (no legal move from Jass-player, 153 plies)  Jass +0.0  [1870s]
  game  46: Scan=W Jass=B → W (no legal move from Jass-player, 120 plies)  Jass +0.0  [1914s]
  game  47: Jass=W Scan=B → L (no legal move from Jass-player, 93 plies)  Jass +0.0  [1948s]
  game  48: Scan=W Jass=B → W (no legal move from Jass-player, 124 plies)  Jass +0.0  [1995s]
  game  49: Jass=W Scan=B → L (no legal move from Jass-player, 143 plies)  Jass +0.0  [2050s]
  game  50: Scan=W Jass=B → W (no legal move from Jass-player, 118 plies)  Jass +0.0  [2095s]
  game  51: Jass=W Scan=B → L (no legal move from Jass-player, 101 plies)  Jass +0.0  [2132s]
  game  52: Scan=W Jass=B → W (no legal move from Jass-player, 92 plies)  Jass +0.0  [2164s]
  game  53: Jass=W Scan=B → L (no legal move from Jass-player, 109 plies)  Jass +0.0  [2207s]
  game  54: Scan=W Jass=B → W (no legal move from Jass-player, 108 plies)  Jass +0.0  [2245s]

=== Jass vs Scan, movetime 0.5s, 54 games ===
  Jass=0  Scan=54  Draws=0
  Jass score rate: 0.000 (0.0 / 54)
  ELO estimate:    -800 (95% CI ≈ ±109)
