Using distilled dataset : /root/jass/jobs/results/0076-scan-distill-256-128-pure/artefacts.src/v10-distilled-100K.bin
=== host facts ===
host: ubuntu-16gb-hel1-2  nproc: 8  mem: 30Gi
[ 57%] Built target jass_lib
[ 62%] Built target jass
[100%] Built target jass_tests

==========================================================
=== train pattern V3 base-3 LBFGS pure MSE sur distilled ===
==========================================================
note: --weight-decay=1e-05 applied as manual L2 inside the LBFGS closure (PyTorch LBFGS doesn't support weight_decay natively)
loading /root/jass/jobs/results/0077-scan-distill-pattern-v3/artefacts.src/v10-distilled-100K.bin...
  100000 records loaded
augmenting with horizontal mirror (×2)...
  augmented dataset: 200000 records
encoding pattern indices (8 patterns, base=3)...
  done, shape=(8, 200000)
iter  0: train_loss=    735.80  val_mse=7492004.00  man=  61.1  king=  11.0 *
iter  1: train_loss=    721.68  val_mse=7491921.50  man=  61.1  king=  11.2 *
iter  2: train_loss=    721.68  val_mse=7491921.50  man=  61.1  king=  11.2
iter  3: train_loss=    721.68  val_mse=7491921.50  man=  61.1  king=  11.2
iter  4: train_loss=    721.68  val_mse=7491921.50  man=  61.1  king=  11.2
iter  5: train_loss=    721.68  val_mse=7491921.50  man=  61.1  king=  11.2
iter  6: train_loss=    721.68  val_mse=7491921.50  man=  61.1  king=  11.2
early stop: no val improvement for 5 iters (best val_mse=7491921.50)
final (saved) val_mse=7491921.50  man=61.1  king=11.2
wrote /root/jass/jobs/results/0077-scan-distill-pattern-v3/artefacts.src/pattern-v3-scan-distilled.jpat (17006241 bytes)
-rw-r--r-- 1 root root 17M Jun  1 12:06 /root/jass/jobs/results/0077-scan-distill-pattern-v3/artefacts.src/pattern-v3-scan-distilled.jpat

==========================================================
=== bench pattern v3 distilled vs Scan / v6 / v7 / v8 d10 ===
==========================================================
opening pool: 9 positions
jass setup:   nnue=/root/jass/jobs/results/0077-scan-distill-pattern-v3/artefacts.src/pattern-v3-scan-distilled.jpat  book=(default/none)
scan setup:   book=off  bb-size=0
  game   1: Jass=W Scan=B → L (no legal move from Jass-player, 93 plies)  Jass +0.0  [1s]
  game   2: Scan=W Jass=B → W (no legal move from Jass-player, 110 plies)  Jass +0.0  [3s]
  game   3: Jass=W Scan=B → L (no legal move from Jass-player, 93 plies)  Jass +0.0  [4s]
  game   4: Scan=W Jass=B → W (no legal move from Jass-player, 110 plies)  Jass +0.0  [5s]
  game   5: Jass=W Scan=B → L (no legal move from Jass-player, 93 plies)  Jass +0.0  [6s]
  game   6: Scan=W Jass=B → W (no legal move from Jass-player, 110 plies)  Jass +0.0  [8s]
  game   7: Jass=W Scan=B → L (no legal move from Jass-player, 101 plies)  Jass +0.0  [9s]
  game   8: Scan=W Jass=B → W (no legal move from Jass-player, 116 plies)  Jass +0.0  [11s]
  game   9: Jass=W Scan=B → L (no legal move from Jass-player, 101 plies)  Jass +0.0  [11s]
  game  10: Scan=W Jass=B → W (no legal move from Jass-player, 116 plies)  Jass +0.0  [14s]
  game  11: Jass=W Scan=B → L (no legal move from Jass-player, 101 plies)  Jass +0.0  [14s]
  game  12: Scan=W Jass=B → W (no legal move from Jass-player, 116 plies)  Jass +0.0  [17s]
  game  13: Jass=W Scan=B → L (no legal move from Jass-player, 109 plies)  Jass +0.0  [17s]
  game  14: Scan=W Jass=B → W (no legal move from Jass-player, 102 plies)  Jass +0.0  [18s]
  game  15: Jass=W Scan=B → L (no legal move from Jass-player, 109 plies)  Jass +0.0  [19s]
  game  16: Scan=W Jass=B → W (no legal move from Jass-player, 102 plies)  Jass +0.0  [20s]
  game  17: Jass=W Scan=B → L (no legal move from Jass-player, 109 plies)  Jass +0.0  [21s]
  game  18: Scan=W Jass=B → W (no legal move from Jass-player, 102 plies)  Jass +0.0  [22s]
  game  19: Jass=W Scan=B → L (no legal move from Jass-player, 111 plies)  Jass +0.0  [23s]
  game  20: Scan=W Jass=B → W (no legal move from Jass-player, 100 plies)  Jass +0.0  [24s]
  game  21: Jass=W Scan=B → L (no legal move from Jass-player, 111 plies)  Jass +0.0  [25s]
  game  22: Scan=W Jass=B → W (no legal move from Jass-player, 100 plies)  Jass +0.0  [27s]
  game  23: Jass=W Scan=B → L (no legal move from Jass-player, 111 plies)  Jass +0.0  [28s]
  game  24: Scan=W Jass=B → W (no legal move from Jass-player, 100 plies)  Jass +0.0  [30s]
  game  25: Jass=W Scan=B → L (no legal move from Jass-player, 95 plies)  Jass +0.0  [31s]
  game  26: Scan=W Jass=B → W (no legal move from Jass-player, 102 plies)  Jass +0.0  [32s]
  game  27: Jass=W Scan=B → L (no legal move from Jass-player, 95 plies)  Jass +0.0  [33s]
  game  28: Scan=W Jass=B → W (no legal move from Jass-player, 102 plies)  Jass +0.0  [33s]
  game  29: Jass=W Scan=B → L (no legal move from Jass-player, 95 plies)  Jass +0.0  [35s]
  game  30: Scan=W Jass=B → W (no legal move from Jass-player, 102 plies)  Jass +0.0  [35s]
  game  31: Jass=W Scan=B → L (no legal move from Jass-player, 105 plies)  Jass +0.0  [37s]
  game  32: Scan=W Jass=B → W (no legal move from Jass-player, 82 plies)  Jass +0.0  [38s]
  game  33: Jass=W Scan=B → L (no legal move from Jass-player, 105 plies)  Jass +0.0  [39s]
  game  34: Scan=W Jass=B → W (no legal move from Jass-player, 82 plies)  Jass +0.0  [40s]
  game  35: Jass=W Scan=B → L (no legal move from Jass-player, 105 plies)  Jass +0.0  [41s]
  game  36: Scan=W Jass=B → W (no legal move from Jass-player, 82 plies)  Jass +0.0  [43s]
  game  37: Jass=W Scan=B → L (no legal move from Jass-player, 113 plies)  Jass +0.0  [44s]
  game  38: Scan=W Jass=B → W (no legal move from Jass-player, 104 plies)  Jass +0.0  [45s]
  game  39: Jass=W Scan=B → L (no legal move from Jass-player, 113 plies)  Jass +0.0  [46s]
  game  40: Scan=W Jass=B → W (no legal move from Jass-player, 104 plies)  Jass +0.0  [47s]
  game  41: Jass=W Scan=B → L (no legal move from Jass-player, 113 plies)  Jass +0.0  [49s]
  game  42: Scan=W Jass=B → W (no legal move from Jass-player, 104 plies)  Jass +0.0  [50s]
  game  43: Jass=W Scan=B → L (no legal move from Jass-player, 119 plies)  Jass +0.0  [51s]
  game  44: Scan=W Jass=B → W (no legal move from Jass-player, 116 plies)  Jass +0.0  [52s]
  game  45: Jass=W Scan=B → L (no legal move from Jass-player, 119 plies)  Jass +0.0  [53s]
  game  46: Scan=W Jass=B → W (no legal move from Jass-player, 116 plies)  Jass +0.0  [54s]
  game  47: Jass=W Scan=B → L (no legal move from Jass-player, 119 plies)  Jass +0.0  [55s]
  game  48: Scan=W Jass=B → W (no legal move from Jass-player, 116 plies)  Jass +0.0  [57s]
  game  49: Jass=W Scan=B → L (no legal move from Jass-player, 101 plies)  Jass +0.0  [58s]
  game  50: Scan=W Jass=B → W (no legal move from Jass-player, 106 plies)  Jass +0.0  [59s]
  game  51: Jass=W Scan=B → L (no legal move from Jass-player, 101 plies)  Jass +0.0  [60s]
  game  52: Scan=W Jass=B → W (no legal move from Jass-player, 106 plies)  Jass +0.0  [62s]
  game  53: Jass=W Scan=B → L (no legal move from Jass-player, 101 plies)  Jass +0.0  [63s]
  game  54: Scan=W Jass=B → W (no legal move from Jass-player, 106 plies)  Jass +0.0  [64s]

=== Jass vs Scan, depth 10, 54 games ===
  Jass=0  Scan=54  Draws=0
  Jass score rate: 0.000 (0.0 / 54)
  ELO estimate:    -800 (95% CI ≈ ±109)
Benchmark: A=NNUE(/root/jass/jobs/results/0077-scan-distill-pattern-v3/artefacts.src/pattern-v3-scan-distilled.jpat) vs B=NNUE(/root/jass/jobs/results/0045-quiet-pv-extract-scaleup/artefacts.src/nnue-256-128-q.bin), depth 10, threads 1, movetime_ms 0, 54 games (9 openings × 3 pairs × 2 colours)
Result: A=0 B=54 Draws=0 (total 54)
A score rate: 0 (0 / 54)
Benchmark: A=NNUE(/root/jass/jobs/results/0077-scan-distill-pattern-v3/artefacts.src/pattern-v3-scan-distilled.jpat) vs B=NNUE(/root/jass/jobs/results/0050-v7-quiet-pv-extract-1M/artefacts.src/nnue-256-128-q.bin), depth 10, threads 1, movetime_ms 0, 54 games (9 openings × 3 pairs × 2 colours)
Result: A=0 B=54 Draws=0 (total 54)
A score rate: 0 (0 / 54)
Benchmark: A=NNUE(/root/jass/jobs/results/0077-scan-distill-pattern-v3/artefacts.src/pattern-v3-scan-distilled.jpat) vs B=NNUE(/root/jass/jobs/results/0056-v8-quiet-pv-1M-v7-labeller/artefacts.src/nnue-512-256-q.bin), depth 10, threads 1, movetime_ms 0, 54 games (9 openings × 3 pairs × 2 colours)
Result: A=0 B=54 Draws=0 (total 54)
A score rate: 0 (0 / 54)
subsampled 1000 records from /root/jass/jobs/results/0014-fetch-master-games/artefacts.src/master-1600.jnnw
pearson_r = +0.3931  (n=1000)
pattern : range=[-848, 685]  mean=-12.7  std=156.9
ref     : range=[-2153, 1821]  mean=-39.5  std=425.4

==========================================================
       0077 SCAN DISTILL → PATTERN V3 VERDICT
==========================================================
  train wall : 12s
  vs Scan d10 : 0.000
  vs v6 d10   : 0
  vs v7 d10   : 0
  vs v8 d10   : 0
  pearson v10p vs v7 (master) : +0.3931

  Comparaison cross-archi (même 100K distilled) :
    0075 MLP 512-256 pure  : vs Scan 0.000  vs v8 0.111
    0076 MLP 256-128 pure  : (à comparer post-0076 finalize)
    0077 PATTERN v3 base-3 : vs Scan 0.000  vs v8 0

  Decision :
    * v10p vs v8 > 0.50 → PATTERN distill unlock — scale-up 1M (0078)
    * vs Scan > 0.10    → signal qualitatif vs MLP flat
    * tout < seuil + 0076 MLP aussi flat → infra alpha-beta jass ne
      peut pas exploiter Scan-quality eval. Pivot (D) ou drop.
==========================================================
