=== host facts ===
host: ubuntu-16gb-hel1-2  nproc: 8  mem: 30Gi
v8 dataset: /root/jass/jobs/results/0056-v8-quiet-pv-1M-v7-labeller/artefacts.src/v8-quiet-pv-1M.bin (38000008 bytes)
      |                                                                    ~~^~~~
[ 68%] Linking CXX executable jass_tests
[100%] Built target jass_tests

=== train pattern v3 kitchen sink on v8 dataset (TD-leaf labels) ===
note: --weight-decay=1e-05 applied as manual L2 inside the LBFGS closure (PyTorch LBFGS doesn't support weight_decay natively)
loading /root/jass/jobs/results/0056-v8-quiet-pv-1M-v7-labeller/artefacts.src/v8-quiet-pv-1M.bin...
  1000000 records loaded
augmenting with horizontal mirror (×2)...
  augmented dataset: 2000000 records
encoding pattern indices (8 patterns, base=3)...
  done, shape=(8, 2000000)
=== run 1/3 (seed 42) ===
[seed 42] iter  0: train_loss=  13995.95  val_mse=42492056.00  man= -26.0  king=  50.6 *
[seed 42] iter  1: train_loss=  12973.81  val_mse=42284148.00  man=  16.5  king= -45.9 *
[seed 42] iter  2: train_loss=  12758.79  val_mse=42356228.00  man=  -0.4  king= -36.8
[seed 42] iter  3: train_loss=  12709.73  val_mse=42302220.00  man=   3.7  king= -21.6
[seed 42] iter  4: train_loss=  12697.64  val_mse=42299228.00  man=   3.0  king= -17.7
[seed 42] iter  5: train_loss=  12694.70  val_mse=42304784.00  man=   3.0  king= -15.3
[seed 42] iter  6: train_loss=  12693.92  val_mse=42304884.00  man=   3.9  king= -17.1
[seed 42] early stop: no val improvement for 5 iters (best val_mse=42284148.00)
=== run 2/3 (seed 43) ===
[seed 43] iter  0: train_loss=  13995.95  val_mse=42492056.00  man= -26.0  king=  50.6 *
[seed 43] iter  1: train_loss=  12973.81  val_mse=42284148.00  man=  16.5  king= -45.9 *
[seed 43] iter  2: train_loss=  12758.79  val_mse=42356228.00  man=  -0.4  king= -36.8
[seed 43] iter  3: train_loss=  12709.73  val_mse=42302220.00  man=   3.7  king= -21.6
[seed 43] iter  4: train_loss=  12697.64  val_mse=42299228.00  man=   3.0  king= -17.7
[seed 43] iter  5: train_loss=  12694.70  val_mse=42304784.00  man=   3.0  king= -15.3
[seed 43] iter  6: train_loss=  12693.92  val_mse=42304884.00  man=   3.9  king= -17.1
[seed 43] early stop: no val improvement for 5 iters (best val_mse=42284148.00)
=== run 3/3 (seed 44) ===
[seed 44] iter  0: train_loss=  13995.95  val_mse=42492056.00  man= -26.0  king=  50.6 *
[seed 44] iter  1: train_loss=  12973.81  val_mse=42284148.00  man=  16.5  king= -45.9 *
[seed 44] iter  2: train_loss=  12758.79  val_mse=42356228.00  man=  -0.4  king= -36.8
[seed 44] iter  3: train_loss=  12709.73  val_mse=42302220.00  man=   3.7  king= -21.6
[seed 44] iter  4: train_loss=  12697.64  val_mse=42299228.00  man=   3.0  king= -17.7
[seed 44] iter  5: train_loss=  12694.70  val_mse=42304784.00  man=   3.0  king= -15.3
[seed 44] iter  6: train_loss=  12693.92  val_mse=42304884.00  man=   3.9  king= -17.1
[seed 44] early stop: no val improvement for 5 iters (best val_mse=42284148.00)
averaging 3 models...
final (saved) val_mse=42352188.00  man=16.5  king=-45.9
wrote /root/jass/jobs/results/0065-pattern-train-on-v8-dataset/artefacts.src/pattern-v3-on-v8.jpat (17006669 bytes)
-rw-r--r-- 1 root root 17M May 30 23:17 /root/jass/jobs/results/0065-pattern-train-on-v8-dataset/artefacts.src/pattern-v3-on-v8.jpat

=== bench vs handcrafted / v5 / v6 / v7 ===
Benchmark: NNUE (/root/jass/jobs/results/0065-pattern-train-on-v8-dataset/artefacts.src/pattern-v3-on-v8.jpat) vs handcrafted, depth 6, 18 games (9 openings × 1 pairs × 2 colours)
Result: NNUE=0 Handcrafted=18 Draws=0 (total 18)
NNUE score rate: 0 (0 / 18)
Benchmark: A=NNUE(/root/jass/jobs/results/0065-pattern-train-on-v8-dataset/artefacts.src/pattern-v3-on-v8.jpat) vs B=NNUE(/root/jass/jobs/results/0018-train-with-master-bce/artefacts.src/nnue-256-128-q.bin), depth 6, 54 games (9 openings × 3 pairs × 2 colours)
Result: A=0 B=54 Draws=0 (total 54)
A score rate: 0 (0 / 54)
Benchmark: A=NNUE(/root/jass/jobs/results/0065-pattern-train-on-v8-dataset/artefacts.src/pattern-v3-on-v8.jpat) vs B=NNUE(/root/jass/jobs/results/0018-train-with-master-bce/artefacts.src/nnue-256-128-q.bin), depth 10, 54 games (9 openings × 3 pairs × 2 colours)
Result: A=0 B=54 Draws=0 (total 54)
A score rate: 0 (0 / 54)
Benchmark: A=NNUE(/root/jass/jobs/results/0065-pattern-train-on-v8-dataset/artefacts.src/pattern-v3-on-v8.jpat) vs B=NNUE(/root/jass/jobs/results/0045-quiet-pv-extract-scaleup/artefacts.src/nnue-256-128-q.bin), depth 10, 54 games (9 openings × 3 pairs × 2 colours)
Result: A=0 B=54 Draws=0 (total 54)
A score rate: 0 (0 / 54)
Benchmark: A=NNUE(/root/jass/jobs/results/0065-pattern-train-on-v8-dataset/artefacts.src/pattern-v3-on-v8.jpat) vs B=NNUE(/root/jass/jobs/results/0050-v7-quiet-pv-extract-1M/artefacts.src/nnue-256-128-q.bin), depth 10, 54 games (9 openings × 3 pairs × 2 colours)
Result: A=0 B=54 Draws=0 (total 54)
A score rate: 0 (0 / 54)
=== pearson vs v7 (n=1000) on master sample (neutral) ===
subsampled 1000 records from /root/jass/jobs/results/0014-fetch-master-games/artefacts.src/master-1600.jnnw
pearson_r = +0.2797  (n=1000)
pattern : range=[-679, 638]  mean=-2.3  std=176.8
ref     : range=[-2153, 1821]  mean=-39.5  std=425.4

==========================================================
       0065 PATTERN ON V8 DATASET (TD-leaf labels) VERDICT
==========================================================
  train wall:        995s (16.6 min)
  vs handcrafted:    0
  vs v5 d6 / d10:    0 / 0
  vs v6 d10:         0
  vs v7 d10:         0
  pearson vs v7 (master positions): +0.2797

  Comparaison pearson (neutral master positions) :
    0061 bootstrap master WDL : 0.34
    0065 v8 search-depth-16   : +0.2797

    FLAT — même avec labels search-quality d16, pattern v3
    n'arrive pas à représenter une eval compétitive.
==========================================================
