opening pool: 9 positions
jass setup:   nnue=/root/jass/jobs/results/0090-small-arch-sweep-movetime/artefacts.src/arch-256-128/nnue-256-128-q.bin  book=(default/none)
scan setup:   book=off  bb-size=0
  game   1: Jass=W Scan=B → D (25-move rule, 144 plies)  Jass +0.5  [17s]
  game   2: Scan=W Jass=B → W (no legal move from Jass-player, 90 plies)  Jass +0.0  [18s]
  game   3: Jass=W Scan=B → D (25-move rule, 144 plies)  Jass +0.5  [29s]
  game   4: Scan=W Jass=B → W (no legal move from Jass-player, 90 plies)  Jass +0.0  [30s]
  game   5: Jass=W Scan=B → D (25-move rule, 144 plies)  Jass +0.5  [41s]
  game   6: Scan=W Jass=B → W (no legal move from Jass-player, 90 plies)  Jass +0.0  [42s]
  game   7: Jass=W Scan=B → L (no legal move from Jass-player, 125 plies)  Jass +0.0  [45s]
  game   8: Scan=W Jass=B → W (no legal move from Jass-player, 102 plies)  Jass +0.0  [47s]
  game   9: Jass=W Scan=B → L (no legal move from Jass-player, 125 plies)  Jass +0.0  [49s]
  game  10: Scan=W Jass=B → W (no legal move from Jass-player, 102 plies)  Jass +0.0  [52s]
  game  11: Jass=W Scan=B → L (no legal move from Jass-player, 125 plies)  Jass +0.0  [54s]
  game  12: Scan=W Jass=B → W (no legal move from Jass-player, 102 plies)  Jass +0.0  [56s]
  game  13: Jass=W Scan=B → L (no legal move from Jass-player, 101 plies)  Jass +0.0  [59s]
  game  14: Scan=W Jass=B → W (no legal move from Jass-player, 102 plies)  Jass +0.0  [61s]
  game  15: Jass=W Scan=B → L (no legal move from Jass-player, 101 plies)  Jass +0.0  [64s]
  game  16: Scan=W Jass=B → W (no legal move from Jass-player, 102 plies)  Jass +0.0  [66s]
  game  17: Jass=W Scan=B → L (no legal move from Jass-player, 101 plies)  Jass +0.0  [69s]
  game  18: Scan=W Jass=B → W (no legal move from Jass-player, 102 plies)  Jass +0.0  [71s]
  game  19: Jass=W Scan=B → L (no legal move from Jass-player, 109 plies)  Jass +0.0  [74s]
  game  20: Scan=W Jass=B → W (no legal move from Jass-player, 132 plies)  Jass +0.0  [76s]
  game  21: Jass=W Scan=B → L (no legal move from Jass-player, 109 plies)  Jass +0.0  [79s]
  game  22: Scan=W Jass=B → W (no legal move from Jass-player, 132 plies)  Jass +0.0  [81s]
  game  23: Jass=W Scan=B → L (no legal move from Jass-player, 109 plies)  Jass +0.0  [84s]
  game  24: Scan=W Jass=B → W (no legal move from Jass-player, 132 plies)  Jass +0.0  [86s]
  game  25: Jass=W Scan=B → L (no legal move from Jass-player, 107 plies)  Jass +0.0  [89s]
  game  26: Scan=W Jass=B → W (no legal move from Jass-player, 106 plies)  Jass +0.0  [90s]
  game  27: Jass=W Scan=B → L (no legal move from Jass-player, 107 plies)  Jass +0.0  [93s]
  game  28: Scan=W Jass=B → W (no legal move from Jass-player, 106 plies)  Jass +0.0  [95s]
  game  29: Jass=W Scan=B → L (no legal move from Jass-player, 107 plies)  Jass +0.0  [98s]
  game  30: Scan=W Jass=B → W (no legal move from Jass-player, 106 plies)  Jass +0.0  [99s]
  game  31: Jass=W Scan=B → D (25-move rule, 147 plies)  Jass +0.5  [102s]
  game  32: Scan=W Jass=B → W (no legal move from Jass-player, 148 plies)  Jass +0.0  [106s]
  game  33: Jass=W Scan=B → D (25-move rule, 147 plies)  Jass +0.5  [109s]
  game  34: Scan=W Jass=B → W (no legal move from Jass-player, 148 plies)  Jass +0.0  [113s]
  game  35: Jass=W Scan=B → D (25-move rule, 147 plies)  Jass +0.5  [116s]
  game  36: Scan=W Jass=B → W (no legal move from Jass-player, 148 plies)  Jass +0.0  [120s]
  game  37: Jass=W Scan=B → L (no legal move from Jass-player, 145 plies)  Jass +0.0  [122s]
  game  38: Scan=W Jass=B → W (no legal move from Jass-player, 144 plies)  Jass +0.0  [127s]
  game  39: Jass=W Scan=B → L (no legal move from Jass-player, 145 plies)  Jass +0.0  [129s]
  game  40: Scan=W Jass=B → W (no legal move from Jass-player, 144 plies)  Jass +0.0  [133s]
  game  41: Jass=W Scan=B → L (no legal move from Jass-player, 145 plies)  Jass +0.0  [136s]
  game  42: Scan=W Jass=B → W (no legal move from Jass-player, 144 plies)  Jass +0.0  [140s]
  game  43: Jass=W Scan=B → L (no legal move from Jass-player, 135 plies)  Jass +0.0  [143s]
  game  44: Scan=W Jass=B → D (25-move rule, 173 plies)  Jass +0.5  [148s]
  game  45: Jass=W Scan=B → L (no legal move from Jass-player, 135 plies)  Jass +0.0  [151s]
  game  46: Scan=W Jass=B → D (25-move rule, 173 plies)  Jass +0.5  [156s]
  game  47: Jass=W Scan=B → L (no legal move from Jass-player, 135 plies)  Jass +0.0  [160s]
  game  48: Scan=W Jass=B → D (25-move rule, 173 plies)  Jass +0.5  [164s]
  game  49: Jass=W Scan=B → L (no legal move from Jass-player, 99 plies)  Jass +0.0  [166s]
  game  50: Scan=W Jass=B → W (no legal move from Jass-player, 154 plies)  Jass +0.0  [172s]
  game  51: Jass=W Scan=B → L (no legal move from Jass-player, 99 plies)  Jass +0.0  [173s]
  game  52: Scan=W Jass=B → W (no legal move from Jass-player, 154 plies)  Jass +0.0  [180s]
  game  53: Jass=W Scan=B → L (no legal move from Jass-player, 99 plies)  Jass +0.0  [181s]
  game  54: Scan=W Jass=B → W (no legal move from Jass-player, 154 plies)  Jass +0.0  [187s]

=== Jass vs Scan, depth 10, 54 games ===
  Jass=0  Scan=45  Draws=9
  Jass score rate: 0.083 (4.5 / 54)
  ELO estimate:    -417 (95% CI ≈ ±109)
