opening pool: 9 positions
jass setup:   nnue=/root/jass/jobs/results/0090-small-arch-sweep-movetime/artefacts.src/arch-192-96/nnue-192-96-q.bin  book=(default/none)
scan setup:   book=off  bb-size=0
  game   1: Jass=W Scan=B → L (no legal move from Jass-player, 113 plies)  Jass +0.0  [1s]
  game   2: Scan=W Jass=B → W (no legal move from Jass-player, 126 plies)  Jass +0.0  [10s]
  game   3: Jass=W Scan=B → L (no legal move from Jass-player, 113 plies)  Jass +0.0  [12s]
  game   4: Scan=W Jass=B → W (no legal move from Jass-player, 126 plies)  Jass +0.0  [15s]
  game   5: Jass=W Scan=B → L (no legal move from Jass-player, 113 plies)  Jass +0.0  [16s]
  game   6: Scan=W Jass=B → W (no legal move from Jass-player, 126 plies)  Jass +0.0  [19s]
  game   7: Jass=W Scan=B → L (no legal move from Jass-player, 115 plies)  Jass +0.0  [20s]
  game   8: Scan=W Jass=B → W (no legal move from Jass-player, 88 plies)  Jass +0.0  [22s]
  game   9: Jass=W Scan=B → L (no legal move from Jass-player, 115 plies)  Jass +0.0  [23s]
  game  10: Scan=W Jass=B → W (no legal move from Jass-player, 88 plies)  Jass +0.0  [24s]
  game  11: Jass=W Scan=B → L (no legal move from Jass-player, 115 plies)  Jass +0.0  [26s]
  game  12: Scan=W Jass=B → W (no legal move from Jass-player, 88 plies)  Jass +0.0  [27s]
  game  13: Jass=W Scan=B → D (25-move rule, 177 plies)  Jass +0.5  [34s]
  game  14: Scan=W Jass=B → D (25-move rule, 166 plies)  Jass +0.5  [41s]
  game  15: Jass=W Scan=B → D (25-move rule, 177 plies)  Jass +0.5  [48s]
  game  16: Scan=W Jass=B → D (25-move rule, 166 plies)  Jass +0.5  [55s]
  game  17: Jass=W Scan=B → D (25-move rule, 177 plies)  Jass +0.5  [62s]
  game  18: Scan=W Jass=B → D (25-move rule, 166 plies)  Jass +0.5  [69s]
  game  19: Jass=W Scan=B → L (no legal move from Jass-player, 117 plies)  Jass +0.0  [72s]
  game  20: Scan=W Jass=B → W (no legal move from Jass-player, 122 plies)  Jass +0.0  [73s]
  game  21: Jass=W Scan=B → L (no legal move from Jass-player, 117 plies)  Jass +0.0  [76s]
  game  22: Scan=W Jass=B → W (no legal move from Jass-player, 122 plies)  Jass +0.0  [77s]
  game  23: Jass=W Scan=B → L (no legal move from Jass-player, 117 plies)  Jass +0.0  [79s]
  game  24: Scan=W Jass=B → W (no legal move from Jass-player, 122 plies)  Jass +0.0  [81s]
  game  25: Jass=W Scan=B → L (no legal move from Jass-player, 121 plies)  Jass +0.0  [83s]
  game  26: Scan=W Jass=B → W (no legal move from Jass-player, 106 plies)  Jass +0.0  [84s]
  game  27: Jass=W Scan=B → L (no legal move from Jass-player, 121 plies)  Jass +0.0  [86s]
  game  28: Scan=W Jass=B → W (no legal move from Jass-player, 106 plies)  Jass +0.0  [88s]
  game  29: Jass=W Scan=B → L (no legal move from Jass-player, 121 plies)  Jass +0.0  [90s]
  game  30: Scan=W Jass=B → W (no legal move from Jass-player, 106 plies)  Jass +0.0  [91s]
  game  31: Jass=W Scan=B → L (no legal move from Jass-player, 109 plies)  Jass +0.0  [93s]
  game  32: Scan=W Jass=B → W (no legal move from Jass-player, 110 plies)  Jass +0.0  [95s]
  game  33: Jass=W Scan=B → L (no legal move from Jass-player, 109 plies)  Jass +0.0  [97s]
  game  34: Scan=W Jass=B → W (no legal move from Jass-player, 110 plies)  Jass +0.0  [99s]
  game  35: Jass=W Scan=B → L (no legal move from Jass-player, 109 plies)  Jass +0.0  [101s]
  game  36: Scan=W Jass=B → W (no legal move from Jass-player, 110 plies)  Jass +0.0  [103s]
  game  37: Jass=W Scan=B → L (no legal move from Jass-player, 133 plies)  Jass +0.0  [107s]
  game  38: Scan=W Jass=B → W (no legal move from Jass-player, 110 plies)  Jass +0.0  [109s]
  game  39: Jass=W Scan=B → L (no legal move from Jass-player, 133 plies)  Jass +0.0  [113s]
  game  40: Scan=W Jass=B → W (no legal move from Jass-player, 110 plies)  Jass +0.0  [115s]
  game  41: Jass=W Scan=B → L (no legal move from Jass-player, 133 plies)  Jass +0.0  [119s]
  game  42: Scan=W Jass=B → W (no legal move from Jass-player, 110 plies)  Jass +0.0  [121s]
  game  43: Jass=W Scan=B → L (no legal move from Jass-player, 107 plies)  Jass +0.0  [124s]
  game  44: Scan=W Jass=B → D (25-move rule, 173 plies)  Jass +0.5  [134s]
  game  45: Jass=W Scan=B → L (no legal move from Jass-player, 107 plies)  Jass +0.0  [136s]
  game  46: Scan=W Jass=B → D (25-move rule, 173 plies)  Jass +0.5  [146s]
  game  47: Jass=W Scan=B → L (no legal move from Jass-player, 107 plies)  Jass +0.0  [148s]
  game  48: Scan=W Jass=B → D (25-move rule, 173 plies)  Jass +0.5  [159s]
  game  49: Jass=W Scan=B → D (25-move rule, 165 plies)  Jass +0.5  [163s]
  game  50: Scan=W Jass=B → W (no legal move from Jass-player, 164 plies)  Jass +0.0  [168s]
  game  51: Jass=W Scan=B → D (25-move rule, 165 plies)  Jass +0.5  [172s]
  game  52: Scan=W Jass=B → W (no legal move from Jass-player, 164 plies)  Jass +0.0  [176s]
  game  53: Jass=W Scan=B → D (25-move rule, 165 plies)  Jass +0.5  [181s]
  game  54: Scan=W Jass=B → W (no legal move from Jass-player, 164 plies)  Jass +0.0  [185s]

=== Jass vs Scan, depth 10, 54 games ===
  Jass=0  Scan=42  Draws=12
  Jass score rate: 0.111 (6.0 / 54)
  ELO estimate:    -361 (95% CI ≈ ±109)
