=== A/B quiescence forçante (qs_forcing_depth) ===
=== (1) DÉTECTION par tempi (move-match, baseline vs qs=2 vs qs=3) ===
  200 combos (≤40/bin)
  tempi   n | mt3s:  qs0  qs2  qs3 | d12:  qs0  qs2  qs3
      3  40 | mt3s: 0.90 0.93 0.85 | d12: 0.75 0.85 0.82
      5  40 | mt3s: 0.70 0.70 0.70 | d12: 0.68 0.57 0.70
      7  40 | mt3s: 0.70 0.80 0.75 | d12: 0.57 0.62 0.57
      9  40 | mt3s: 0.60 0.53 0.55 | d12: 0.55 0.42 0.45
     11  40 | mt3s: 0.55 0.53 0.50 | d12: 0.33 0.45 0.50

=== (2) CONVERSION 0440 vs Scan (baseline vs qs=2, d11) ===
  0440 base : JASS-au-trait=0.318 (n=305)
  0440 qsF : JASS-au-trait=0.425 (n=305)

=== (3) COÛT-NŒUDS (search-profile fixe d10, OFF vs ON sur 5 combos) ===
  nodes OFF=10741 ON=64027  ratio=5.96
  nodes OFF=7567 ON=44947  ratio=5.94
  nodes OFF=35718 ON=188689  ratio=5.28
  nodes OFF=15367 ON=151458  ratio=9.86
  nodes OFF=33273 ON=216846  ratio=6.52

================= LECTURE =================
  détection ↑ par tempi (qs2/qs3 > qs0) à mt3s + 0440 ↑ (qsF > base) à ratio-nœuds raisonnable => BAKER + relancer la boucle.
  détection ↑ mais 0440 ~ / coût-nœuds explose => l'extra-qsearch mange la profondeur => tuner qs_forcing_depth / cap.
  rien ne bouge à movetime => comme ext_forcing, gain de profondeur-fixe non transférable => clore.
===========================================
