=== host ===
host: ubuntu-16gb-hel1-2  nproc: 8
input : /root/jass/jobs/results/0014-fetch-master-games/artefacts.src/master-1600.jnnw (172M)
nnue  : /root/jass/jobs/results/0090-small-arch-sweep-movetime/artefacts.src/arch-128-64/nnue-128-64-q.bin

=== Phase 1 : build prod ===
BUILD FAIL
/root/jass/src/pattern_network.cpp: In member function ‘bool jass::PatternNetwork::save(std::string_view, uint32_t) const’:
/root/jass/src/pattern_network.cpp:846:31: warning: declaration of ‘n’ shadows a previous local [-Wshadow]
  846 |             const std::size_t n = patterns_.size();
      |                               ^
/root/jass/src/pattern_network.cpp:814:25: note: shadowed declaration is here
  814 |     const std::uint32_t n = static_cast<std::uint32_t>(patterns_.size());
      |                         ^
[ 52%] Building CXX object CMakeFiles/jass_lib.dir/src/search.cpp.o
[ 56%] Building CXX object CMakeFiles/jass_lib.dir/src/zobrist.cpp.o
[ 60%] Building CXX object CMakeFiles/jass_lib.dir/src/tt.cpp.o
[ 64%] Building CXX object CMakeFiles/jass_lib.dir/src/engine.cpp.o
[ 68%] Building CXX object CMakeFiles/jass_lib.dir/src/endgame.cpp.o
[ 72%] Building CXX object CMakeFiles/jass_lib.dir/src/bitbase.cpp.o
[ 76%] Building CXX object CMakeFiles/jass_lib.dir/src/book.cpp.o
[ 80%] Building CXX object CMakeFiles/jass_lib.dir/src/timemgr.cpp.o
[ 84%] Building CXX object CMakeFiles/jass_lib.dir/src/tournament.cpp.o
[ 88%] Building CXX object CMakeFiles/jass_lib.dir/src/hub.cpp.o
/root/jass/src/search.cpp: In member function ‘int jass::{anonymous}::Searcher::eval_leaf(const jass::Position&, int) const’:
/root/jass/src/search.cpp:193:32: warning: conversion to ‘std::array<jass::AccumulatorPair, 66>::size_type’ {aka ‘long unsigned int’} from ‘int’ may change the sign of the result [-Wsign-conversion]
  193 |                 ? accumulators[ply].white
      |                                ^~~
/root/jass/src/search.cpp:194:32: warning: conversion to ‘std::array<jass::AccumulatorPair, 66>::size_type’ {aka ‘long unsigned int’} from ‘int’ may change the sign of the result [-Wsign-conversion]
  194 |                 : accumulators[ply].black;
      |                                ^~~
Assembler messages:
Error: can't open /tmp/ccHIc2dN.s for reading: No such file or directory
gmake[3]: *** [CMakeFiles/jass_lib.dir/build.make:314: CMakeFiles/jass_lib.dir/src/bitbase.cpp.o] Error 1
gmake[2]: *** [CMakeFiles/Makefile2:87: CMakeFiles/jass_lib.dir/all] Error 2
gmake[1]: *** [CMakeFiles/Makefile2:120: CMakeFiles/jass.dir/rule] Error 2
gmake: *** [Makefile:147: jass] Error 2
