
init book
init eval
done

  *   *   *   *   *     01  02  03  04  05
*   *   *   *   *     06  07  08  09  10  
  *   *   *   *   *     11  12  13  14  15
*   *   *   *   *     16  17  18  19  20  
  -   -   -   -   -     21  22  23  24  25
-   -   -   -   -     26  27  28  29  30  
  O   O   O   O   O     31  32  33  34  35
O   O   O   O   O     36  37  38  39  40  
  O   O   O   O   O     41  42  43  44  45
O   O   O   O   O     46  47  48  49  50  

white to play

> 
???

> 
???

> 
???

> 
???

> 
???

> 