=== host facts ===
host: ubuntu-16gb-hel1-2  nproc: 8  mem: 30Gi
v11 NNUE   : /root/jass/jobs/results/0083-scan-distill-v11-capacity-bump/artefacts.src/arch-1024-512/nnue-1024-512-q.bin
config     : NSHARDS=8  PER_SHARD=62500  EVAL_DEPTH=4  PLAY_DEPTH=4
[ 57%] Built target jass_lib
[ 94%] Built target jass_tests
[100%] Built target jass

==========================================================
=== Phase 1 : gen-data 500K via v11 self-play ===
==========================================================
  shard 1 launched as pid 137674 (seed 86001)
  shard 2 launched as pid 137676 (seed 86002)
  shard 3 launched as pid 137678 (seed 86003)
  shard 4 launched as pid 137680 (seed 86004)
  shard 5 launched as pid 137681 (seed 86005)
  shard 6 launched as pid 137683 (seed 86006)
  shard 7 launched as pid 137686 (seed 86007)
  shard 8 launched as pid 137688 (seed 86008)
gen-data wall : 2413s (40.2 min)
merged 8 shards → /root/jass/jobs/results/0086-v11-selfplay-scan-distill-pilot/artefacts.src/v11-selfplay-raw.bin (500000 records)

==========================================================
=== Phase 2 : Scan-relabel 500K @ d12 × 8 procs ===
==========================================================
Relabelling 500000 records × 8 workers × 62501 positions
merged distilled → /root/jass/jobs/results/0086-v11-selfplay-scan-distill-pilot/artefacts.src/v11-selfplay-scan-distilled.bin (500000 records)
relabel wall : 1140s

==========================================================
=== Phase 3 : train v13 1024-512 sur 500K v11-selfplay-Scan ===
==========================================================
loading /root/jass/jobs/results/0086-v11-selfplay-scan-distill-pilot/artefacts.src/v11-selfplay-scan-distilled.bin (encoding=halfmen, input_dim=450) …
  500000 self-play records  (2.1s to encode)
  WDL distribution: W=31.2% D=35.7% L=33.1%
  score range: [-29998, 29995]  mean=-121.8  std=2896.5

=== arch 1024-512 ===
  params: 987,137
  epoch   1: train=  91658.0  val=  90234.9 *
  epoch   2: train=  70424.4  val=  78444.0 *
  epoch   3: train=  61219.3  val=  65713.2 *
  epoch   4: train=  53723.5  val=  59782.8 *
  epoch   5: train=  47394.5  val=  55048.1 *
  epoch   6: train=  41784.5  val=  52604.9 *
  epoch   7: train=  37125.5  val=  48386.3 *
  epoch   8: train=  33189.7  val=  46793.2 *
  epoch   9: train=  30137.0  val=  44980.1 *
  epoch  10: train=  27676.9  val=  43579.5 *
  epoch  11: train=  25375.8  val=  42878.6 *
  epoch  12: train=  23852.0  val=  43895.7
  epoch  13: train=  21933.5  val=  41557.5 *
  epoch  14: train=  20642.6  val=  41104.5 *
  epoch  15: train=  19477.5  val=  40850.2 *
  epoch  16: train=  18420.0  val=  39413.4 *
  epoch  17: train=  17367.5  val=  38947.3 *
  epoch  18: train=  16621.5  val=  38766.8 *
  epoch  19: train=  15875.9  val=  37855.7 *
  epoch  20: train=  15193.1  val=  37776.0 *
  epoch  21: train=  14560.8  val=  38005.2
  epoch  22: train=  13928.0  val=  38417.6
  epoch  23: train=  13417.6  val=  38418.0
  epoch  24: train=  12988.0  val=  38352.9
  epoch  25: train=  12544.5  val=  38205.0
  epoch  26: train=  12093.1  val=  38633.8
  epoch  27: train=  11671.2  val=  36916.2 *
  epoch  28: train=  11462.8  val=  37490.3
  epoch  29: train=  11113.5  val=  37913.5
  epoch  30: train=  10747.8  val=  37499.3
  wrote /root/jass/jobs/results/0086-v11-selfplay-scan-distill-pilot/artefacts.src/arch-1024-512/nnue-1024-512.bin (3948572 bytes)

=== Summary (sorted by val MSE) ===
  arch                params     val MSE   val RMSE     time
  1024-512           987,137     36916.2      192.1     524s

summary → /root/jass/jobs/results/0086-v11-selfplay-scan-distill-pilot/artefacts.src/arch-1024-512/summary.json
loading float reference /root/jass/jobs/results/0086-v11-selfplay-scan-distill-pilot/artefacts.src/arch-1024-512/nnue-1024-512.bin …
  topology: 450 → 1024 → 512 → 1  (encoding=halfmen)
loading 2000 calibration positions from /root/jass/jobs/results/0086-v11-selfplay-scan-distill-pilot/artefacts.src/v11-selfplay-scan-distilled.bin …
  2000 positions, feature dim 450
quantising …
  scales: sw1=0.014426 sw2=0.029173 sw3=0.054281 sh1=0.029365 sh2=0.31516
  multipliers: mul1=0.49125 mul2=0.0027182 mul_out=0.017107
  reference range: float [-1753.9, 1867.2], quantised [-2264.6, 1843.8]
  diff: mean=+14.48  std=50.80  |max|=584.27  RMSE=52.83
wrote /root/jass/jobs/results/0086-v11-selfplay-scan-distill-pilot/artefacts.src/arch-1024-512/nnue-1024-512-q.bin (991784 bytes)

==========================================================
=== bench v13 vs Scan / v6 / v7 / v8 / v11 d10 ===
==========================================================
opening pool: 9 positions
jass setup:   nnue=/root/jass/jobs/results/0086-v11-selfplay-scan-distill-pilot/artefacts.src/arch-1024-512/nnue-1024-512-q.bin  book=(default/none)
scan setup:   book=off  bb-size=0
  game   1: Jass=W Scan=B → L (no legal move from Jass-player, 115 plies)  Jass +0.0  [21s]
  game   2: Scan=W Jass=B → W (no legal move from Jass-player, 98 plies)  Jass +0.0  [40s]
  game   3: Jass=W Scan=B → L (no legal move from Jass-player, 115 plies)  Jass +0.0  [62s]
  game   4: Scan=W Jass=B → W (no legal move from Jass-player, 98 plies)  Jass +0.0  [81s]
  game   5: Jass=W Scan=B → L (no legal move from Jass-player, 115 plies)  Jass +0.0  [102s]
  game   6: Scan=W Jass=B → W (no legal move from Jass-player, 98 plies)  Jass +0.0  [121s]
  game   7: Jass=W Scan=B → L (no legal move from Jass-player, 119 plies)  Jass +0.0  [140s]
  game   8: Scan=W Jass=B → W (no legal move from Jass-player, 102 plies)  Jass +0.0  [159s]
  game   9: Jass=W Scan=B → L (no legal move from Jass-player, 119 plies)  Jass +0.0  [178s]
  game  10: Scan=W Jass=B → W (no legal move from Jass-player, 102 plies)  Jass +0.0  [198s]
  game  11: Jass=W Scan=B → L (no legal move from Jass-player, 119 plies)  Jass +0.0  [217s]
  game  12: Scan=W Jass=B → W (no legal move from Jass-player, 102 plies)  Jass +0.0  [236s]
  game  13: Jass=W Scan=B → L (no legal move from Jass-player, 119 plies)  Jass +0.0  [257s]
  game  14: Scan=W Jass=B → W (no legal move from Jass-player, 114 plies)  Jass +0.0  [271s]
  game  15: Jass=W Scan=B → L (no legal move from Jass-player, 119 plies)  Jass +0.0  [292s]
  game  16: Scan=W Jass=B → W (no legal move from Jass-player, 114 plies)  Jass +0.0  [306s]
  game  17: Jass=W Scan=B → L (no legal move from Jass-player, 119 plies)  Jass +0.0  [326s]
  game  18: Scan=W Jass=B → W (no legal move from Jass-player, 114 plies)  Jass +0.0  [341s]
  game  19: Jass=W Scan=B → L (no legal move from Jass-player, 115 plies)  Jass +0.0  [359s]
  game  20: Scan=W Jass=B → W (no legal move from Jass-player, 140 plies)  Jass +0.0  [420s]
  game  21: Jass=W Scan=B → L (no legal move from Jass-player, 115 plies)  Jass +0.0  [438s]
  game  22: Scan=W Jass=B → W (no legal move from Jass-player, 140 plies)  Jass +0.0  [493s]
  game  23: Jass=W Scan=B → L (no legal move from Jass-player, 115 plies)  Jass +0.0  [511s]
  game  24: Scan=W Jass=B → W (no legal move from Jass-player, 140 plies)  Jass +0.0  [565s]
  game  25: Jass=W Scan=B → L (no legal move from Jass-player, 117 plies)  Jass +0.0  [580s]
  game  26: Scan=W Jass=B → W (no legal move from Jass-player, 114 plies)  Jass +0.0  [598s]
  game  27: Jass=W Scan=B → L (no legal move from Jass-player, 117 plies)  Jass +0.0  [613s]
  game  28: Scan=W Jass=B → W (no legal move from Jass-player, 114 plies)  Jass +0.0  [632s]
  game  29: Jass=W Scan=B → L (no legal move from Jass-player, 117 plies)  Jass +0.0  [647s]
  game  30: Scan=W Jass=B → W (no legal move from Jass-player, 114 plies)  Jass +0.0  [665s]
  game  31: Jass=W Scan=B → L (no legal move from Jass-player, 123 plies)  Jass +0.0  [677s]
  game  32: Scan=W Jass=B → W (no legal move from Jass-player, 118 plies)  Jass +0.0  [696s]
  game  33: Jass=W Scan=B → L (no legal move from Jass-player, 123 plies)  Jass +0.0  [708s]
  game  34: Scan=W Jass=B → W (no legal move from Jass-player, 118 plies)  Jass +0.0  [727s]
  game  35: Jass=W Scan=B → L (no legal move from Jass-player, 123 plies)  Jass +0.0  [739s]
  game  36: Scan=W Jass=B → W (no legal move from Jass-player, 118 plies)  Jass +0.0  [758s]
  game  37: Jass=W Scan=B → L (no legal move from Jass-player, 139 plies)  Jass +0.0  [798s]
  game  38: Scan=W Jass=B → W (no legal move from Jass-player, 92 plies)  Jass +0.0  [819s]
  game  39: Jass=W Scan=B → L (no legal move from Jass-player, 139 plies)  Jass +0.0  [856s]
  game  40: Scan=W Jass=B → W (no legal move from Jass-player, 92 plies)  Jass +0.0  [877s]
  game  41: Jass=W Scan=B → L (no legal move from Jass-player, 139 plies)  Jass +0.0  [914s]
  game  42: Scan=W Jass=B → W (no legal move from Jass-player, 92 plies)  Jass +0.0  [935s]
  game  43: Jass=W Scan=B → L (no legal move from Jass-player, 99 plies)  Jass +0.0  [956s]
  game  44: Scan=W Jass=B → D (25-move rule, 179 plies)  Jass +0.5  [992s]
  game  45: Jass=W Scan=B → L (no legal move from Jass-player, 99 plies)  Jass +0.0  [1014s]
  game  46: Scan=W Jass=B → D (25-move rule, 179 plies)  Jass +0.5  [1050s]
  game  47: Jass=W Scan=B → L (no legal move from Jass-player, 99 plies)  Jass +0.0  [1072s]
  game  48: Scan=W Jass=B → D (25-move rule, 179 plies)  Jass +0.5  [1108s]
  game  49: Jass=W Scan=B → L (no legal move from Jass-player, 99 plies)  Jass +0.0  [1123s]
  game  50: Scan=W Jass=B → W (no legal move from Jass-player, 122 plies)  Jass +0.0  [1139s]
  game  51: Jass=W Scan=B → L (no legal move from Jass-player, 99 plies)  Jass +0.0  [1155s]
  game  52: Scan=W Jass=B → W (no legal move from Jass-player, 122 plies)  Jass +0.0  [1170s]
  game  53: Jass=W Scan=B → L (no legal move from Jass-player, 99 plies)  Jass +0.0  [1186s]
  game  54: Scan=W Jass=B → W (no legal move from Jass-player, 122 plies)  Jass +0.0  [1202s]

=== Jass vs Scan, depth 10, 54 games ===
  Jass=0  Scan=51  Draws=3
  Jass score rate: 0.028 (1.5 / 54)
  ELO estimate:    -618 (95% CI ≈ ±109)
Benchmark: A=NNUE(/root/jass/jobs/results/0086-v11-selfplay-scan-distill-pilot/artefacts.src/arch-1024-512/nnue-1024-512-q.bin) vs B=NNUE(/root/jass/jobs/results/0045-quiet-pv-extract-scaleup/artefacts.src/nnue-256-128-q.bin), depth 10, threads 1, movetime_ms 0, 54 games (9 openings × 3 pairs × 2 colours)
Result: A=9 B=45 Draws=0 (total 54)
A score rate: 0.166667 (9 / 54)
Benchmark: A=NNUE(/root/jass/jobs/results/0086-v11-selfplay-scan-distill-pilot/artefacts.src/arch-1024-512/nnue-1024-512-q.bin) vs B=NNUE(/root/jass/jobs/results/0050-v7-quiet-pv-extract-1M/artefacts.src/nnue-256-128-q.bin), depth 10, threads 1, movetime_ms 0, 54 games (9 openings × 3 pairs × 2 colours)
Result: A=9 B=42 Draws=3 (total 54)
A score rate: 0.194444 (10.5 / 54)
Benchmark: A=NNUE(/root/jass/jobs/results/0086-v11-selfplay-scan-distill-pilot/artefacts.src/arch-1024-512/nnue-1024-512-q.bin) vs B=NNUE(/root/jass/jobs/results/0056-v8-quiet-pv-1M-v7-labeller/artefacts.src/nnue-512-256-q.bin), depth 10, threads 1, movetime_ms 0, 54 games (9 openings × 3 pairs × 2 colours)
Result: A=12 B=42 Draws=0 (total 54)
A score rate: 0.222222 (12 / 54)
Benchmark: A=NNUE(/root/jass/jobs/results/0086-v11-selfplay-scan-distill-pilot/artefacts.src/arch-1024-512/nnue-1024-512-q.bin) vs B=NNUE(/root/jass/jobs/results/0083-scan-distill-v11-capacity-bump/artefacts.src/arch-1024-512/nnue-1024-512-q.bin), depth 10, threads 1, movetime_ms 0, 54 games (9 openings × 3 pairs × 2 colours)
Result: A=6 B=48 Draws=0 (total 54)
A score rate: 0.111111 (6 / 54)

==========================================================
       0086 v13 V11-SELFPLAY-DISTILL PILOT VERDICT
==========================================================
  gen-data wall : 2413s (40.2 min)
  relabel wall  : 1140s
  train wall    : 528s
  vs Scan d10 : 0.028
  vs v6 d10   : 0.166667
  vs v7 d10   : 0.194444
  vs v8 d10   : 0.222222
  vs v11 (1024-512 / 1M v8 Scan-distilled) : 0.111111

  Reference :
    v11 1024-512 (1M v8, 0083) : vs Scan 0.194  vs v8 0.639

  Decision :
    * v13 vs v11 > 0.55 → cascading marche, scale 2M (0087)
    * v13 vs Scan > 0.25 → vrai unlock additionnel
    * v13 < v11 → cascading dégrade, ship v11 comme baseline final
==========================================================
