opening pool: 9 positions
jass setup:   nnue=/root/jass/jobs/results/0084-scan-distill-1024-512-scale-2M/artefacts.src/arch-1024-512/nnue-1024-512-q.bin  book=(default/none)
scan setup:   book=off  bb-size=0
  game   1: Jass=W Scan=B → L (no legal move from Jass-player, 111 plies)  Jass +0.0  [17s]
  game   2: Scan=W Jass=B → W (no legal move from Jass-player, 54 plies)  Jass +0.0  [26s]
  game   3: Jass=W Scan=B → L (no legal move from Jass-player, 111 plies)  Jass +0.0  [43s]
  game   4: Scan=W Jass=B → W (no legal move from Jass-player, 54 plies)  Jass +0.0  [51s]
  game   5: Jass=W Scan=B → L (no legal move from Jass-player, 111 plies)  Jass +0.0  [68s]
  game   6: Scan=W Jass=B → W (no legal move from Jass-player, 54 plies)  Jass +0.0  [77s]
  game   7: Jass=W Scan=B → D (25-move rule, 167 plies)  Jass +0.5  [187s]
  game   8: Scan=W Jass=B → W (no legal move from Jass-player, 110 plies)  Jass +0.0  [209s]
  game   9: Jass=W Scan=B → D (25-move rule, 167 plies)  Jass +0.5  [313s]
  game  10: Scan=W Jass=B → W (no legal move from Jass-player, 110 plies)  Jass +0.0  [335s]
  game  11: Jass=W Scan=B → D (25-move rule, 167 plies)  Jass +0.5  [439s]
  game  12: Scan=W Jass=B → W (no legal move from Jass-player, 110 plies)  Jass +0.0  [461s]
  game  13: Jass=W Scan=B → D (25-move rule, 176 plies)  Jass +0.5  [486s]
  game  14: Scan=W Jass=B → W (no legal move from Jass-player, 114 plies)  Jass +0.0  [504s]
  game  15: Jass=W Scan=B → D (25-move rule, 176 plies)  Jass +0.5  [529s]
  game  16: Scan=W Jass=B → W (no legal move from Jass-player, 114 plies)  Jass +0.0  [546s]
  game  17: Jass=W Scan=B → D (25-move rule, 176 plies)  Jass +0.5  [572s]
  game  18: Scan=W Jass=B → W (no legal move from Jass-player, 114 plies)  Jass +0.0  [589s]
  game  19: Jass=W Scan=B → L (no legal move from Jass-player, 101 plies)  Jass +0.0  [604s]
  game  20: Scan=W Jass=B → W (no legal move from Jass-player, 104 plies)  Jass +0.0  [617s]
  game  21: Jass=W Scan=B → L (no legal move from Jass-player, 101 plies)  Jass +0.0  [632s]
  game  22: Scan=W Jass=B → W (no legal move from Jass-player, 104 plies)  Jass +0.0  [645s]
  game  23: Jass=W Scan=B → L (no legal move from Jass-player, 101 plies)  Jass +0.0  [660s]
  game  24: Scan=W Jass=B → W (no legal move from Jass-player, 104 plies)  Jass +0.0  [673s]
  game  25: Jass=W Scan=B → L (no legal move from Jass-player, 121 plies)  Jass +0.0  [689s]
  game  26: Scan=W Jass=B → W (no legal move from Jass-player, 104 plies)  Jass +0.0  [698s]
  game  27: Jass=W Scan=B → L (no legal move from Jass-player, 121 plies)  Jass +0.0  [714s]
  game  28: Scan=W Jass=B → W (no legal move from Jass-player, 104 plies)  Jass +0.0  [723s]
  game  29: Jass=W Scan=B → L (no legal move from Jass-player, 121 plies)  Jass +0.0  [740s]
  game  30: Scan=W Jass=B → W (no legal move from Jass-player, 104 plies)  Jass +0.0  [749s]
  game  31: Jass=W Scan=B → L (no legal move from Jass-player, 61 plies)  Jass +0.0  [754s]
  game  32: Scan=W Jass=B → W (no legal move from Jass-player, 124 plies)  Jass +0.0  [762s]
  game  33: Jass=W Scan=B → L (no legal move from Jass-player, 61 plies)  Jass +0.0  [767s]
  game  34: Scan=W Jass=B → W (no legal move from Jass-player, 124 plies)  Jass +0.0  [775s]
  game  35: Jass=W Scan=B → L (no legal move from Jass-player, 61 plies)  Jass +0.0  [781s]
  game  36: Scan=W Jass=B → W (no legal move from Jass-player, 124 plies)  Jass +0.0  [788s]
  game  37: Jass=W Scan=B → L (no legal move from Jass-player, 101 plies)  Jass +0.0  [800s]
  game  38: Scan=W Jass=B → W (no legal move from Jass-player, 94 plies)  Jass +0.0  [810s]
  game  39: Jass=W Scan=B → L (no legal move from Jass-player, 101 plies)  Jass +0.0  [821s]
  game  40: Scan=W Jass=B → W (no legal move from Jass-player, 94 plies)  Jass +0.0  [831s]
  game  41: Jass=W Scan=B → L (no legal move from Jass-player, 101 plies)  Jass +0.0  [843s]
  game  42: Scan=W Jass=B → W (no legal move from Jass-player, 94 plies)  Jass +0.0  [853s]
  game  43: Jass=W Scan=B → L (no legal move from Jass-player, 137 plies)  Jass +0.0  [880s]
  game  44: Scan=W Jass=B → W (no legal move from Jass-player, 138 plies)  Jass +0.0  [908s]
  game  45: Jass=W Scan=B → L (no legal move from Jass-player, 137 plies)  Jass +0.0  [935s]
  game  46: Scan=W Jass=B → W (no legal move from Jass-player, 138 plies)  Jass +0.0  [963s]
  game  47: Jass=W Scan=B → L (no legal move from Jass-player, 137 plies)  Jass +0.0  [990s]
  game  48: Scan=W Jass=B → W (no legal move from Jass-player, 138 plies)  Jass +0.0  [1017s]
  game  49: Jass=W Scan=B → L (no legal move from Jass-player, 81 plies)  Jass +0.0  [1025s]
  game  50: Scan=W Jass=B → L (no legal move from Scan-player, 107 plies)  Jass +1.0  [1037s]
  game  51: Jass=W Scan=B → L (no legal move from Jass-player, 81 plies)  Jass +0.0  [1045s]
  game  52: Scan=W Jass=B → L (no legal move from Scan-player, 107 plies)  Jass +1.0  [1056s]
  game  53: Jass=W Scan=B → L (no legal move from Jass-player, 81 plies)  Jass +0.0  [1064s]
  game  54: Scan=W Jass=B → L (no legal move from Scan-player, 107 plies)  Jass +1.0  [1076s]

=== Jass vs Scan, depth 10, 54 games ===
  Jass=3  Scan=45  Draws=6
  Jass score rate: 0.111 (6.0 / 54)
  ELO estimate:    -361 (95% CI ≈ ±109)
