v4 enriched set : 40 patterns  {'diag': 7, 'anti': 8, 'db': 10, 'ab': 11, 'horiz': 3, 'sq': 1}
TOTAL_BUCKETS = 40 * 531441 = 21257640
  diag_0       [1, 2, 7, 8, 12, 13, 18, 19, 23, 24, 29, 30]
  diag_1       [6, 7, 11, 12, 17, 18, 22, 23, 28, 29, 33, 34]
  diag_2       [7, 8, 12, 13, 18, 19, 23, 24, 29, 30, 34, 35]
  diag_3       [11, 12, 17, 18, 22, 23, 28, 29, 33, 34, 39, 40]
  diag_4       [16, 17, 21, 22, 27, 28, 32, 33, 38, 39, 43, 44]
  diag_5       [17, 18, 22, 23, 28, 29, 33, 34, 39, 40, 44, 45]
  diag_6       [21, 22, 27, 28, 32, 33, 38, 39, 43, 44, 49, 50]
  anti_0       [3, 4, 8, 9, 12, 13, 17, 18, 21, 22, 26, 27]
  anti_1       [4, 5, 9, 10, 13, 14, 18, 19, 22, 23, 27, 28]
  anti_2       [9, 10, 13, 14, 18, 19, 22, 23, 27, 28, 31, 32]
  anti_3       [13, 14, 18, 19, 22, 23, 27, 28, 31, 32, 36, 37]
  anti_4       [14, 15, 19, 20, 23, 24, 28, 29, 32, 33, 37, 38]
  anti_5       [19, 20, 23, 24, 28, 29, 32, 33, 37, 38, 41, 42]
  anti_6       [23, 24, 28, 29, 32, 33, 37, 38, 41, 42, 46, 47]
  anti_7       [24, 25, 29, 30, 33, 34, 38, 39, 42, 43, 47, 48]
  db_0         [1, 2, 3, 7, 8, 9, 12, 13, 14, 18, 19, 20]
  db_1         [6, 7, 8, 11, 12, 13, 17, 18, 19, 22, 23, 24]
  db_2         [7, 8, 9, 12, 13, 14, 18, 19, 20, 23, 24, 25]
  db_3         [11, 12, 13, 17, 18, 19, 22, 23, 24, 28, 29, 30]
  db_4         [16, 17, 18, 21, 22, 23, 27, 28, 29, 32, 33, 34]
  db_5         [17, 18, 19, 22, 23, 24, 28, 29, 30, 33, 34, 35]
  db_6         [21, 22, 23, 27, 28, 29, 32, 33, 34, 38, 39, 40]
  db_7         [26, 27, 28, 31, 32, 33, 37, 38, 39, 42, 43, 44]
  db_8         [27, 28, 29, 32, 33, 34, 38, 39, 40, 43, 44, 45]
  db_9         [31, 32, 33, 37, 38, 39, 42, 43, 44, 48, 49, 50]
  ab_0         [2, 3, 4, 7, 8, 9, 11, 12, 13, 16, 17, 18]
  ab_1         [3, 4, 5, 8, 9, 10, 12, 13, 14, 17, 18, 19]
  ab_2         [8, 9, 10, 12, 13, 14, 17, 18, 19, 21, 22, 23]
  ab_3         [12, 13, 14, 17, 18, 19, 21, 22, 23, 26, 27, 28]
  ab_4         [13, 14, 15, 18, 19, 20, 22, 23, 24, 27, 28, 29]
  ab_5         [18, 19, 20, 22, 23, 24, 27, 28, 29, 31, 32, 33]
  ab_6         [22, 23, 24, 27, 28, 29, 31, 32, 33, 36, 37, 38]
  ab_7         [23, 24, 25, 28, 29, 30, 32, 33, 34, 37, 38, 39]
  ab_8         [28, 29, 30, 32, 33, 34, 37, 38, 39, 41, 42, 43]
  ab_9         [32, 33, 34, 37, 38, 39, 41, 42, 43, 46, 47, 48]
  ab_10        [33, 34, 35, 38, 39, 40, 42, 43, 44, 47, 48, 49]
  horiz_0      [1, 2, 3, 4, 6, 7, 8, 9, 11, 12, 13, 14]
  horiz_1      [22, 23, 24, 25, 27, 28, 29, 30, 32, 33, 34, 35]
  horiz_2      [36, 37, 38, 39, 41, 42, 43, 44, 46, 47, 48, 49]
  sq_0         [16, 17, 18, 21, 22, 23, 26, 27, 28, 31, 32, 33]
rewrote /root/jass/pattern_jass/src/pattern.hpp
rewrote /root/jass/pattern_jass/tools/patterns.py
rewrote /root/jass/pattern_jass/tools/patterns.py

NUM_PATTERNS set to 40 (v6); TOTAL_BUCKETS=21257640.
